[2026-01-08 19:47:07.839] [19:47:07] 🗑 CANDIDATE: ID=1270723, Cat=Generic Models, Fam=CircularOpeningOnWall, MepCat='' (Source=Param), Target=Duct Accessories

[2026-01-08 19:47:07.842] [19:47:07] 🗑 CANDIDATE: ID=1270798, Cat=Generic Models, Fam=CircularOpeningOnWall, MepCat='' (Source=Param), Target=Duct Accessories

[2026-01-08 19:47:07.844] [19:47:07] 🗑 CANDIDATE: ID=1270908, Cat=Generic Models, Fam=CircularOpeningOnWall, MepCat='' (Source=Param), Target=Duct Accessories

[2026-01-08 19:47:07.846] [19:47:07] 🗑 CANDIDATE: ID=1270923, Cat=Generic Models, Fam=CircularOpeningOnWall, MepCat='' (Source=Param), Target=Duct Accessories

[2026-01-08 19:47:07.853] [19:47:07] 🗑 CANDIDATE: ID=1270953, Cat=Generic Models, Fam=CircularOpeningOnWall, MepCat='' (Source=Param), Target=Duct Accessories

[2026-01-08 19:47:07.854] [19:47:07] 🗑 CANDIDATE: ID=1270958, Cat=Generic Models, Fam=CircularOpeningOnWall, MepCat='' (Source=Param), Target=Duct Accessories

[2026-01-08 19:47:07.857] [19:47:07] 🗑 CANDIDATE: ID=1270963, Cat=Generic Models, Fam=CircularOpeningOnWall, MepCat='' (Source=Param), Target=Duct Accessories

[2026-01-08 19:47:07.859] [19:47:07] 🗑 CANDIDATE: ID=1270968, Cat=Generic Models, Fam=CircularOpeningOnWall, MepCat='' (Source=Param), Target=Duct Accessories

[2026-01-08 19:47:07.861] [19:47:07] 🗑 CANDIDATE: ID=1270973, Cat=Generic Models, Fam=CircularOpeningOnWall, MepCat='' (Source=Param), Target=Duct Accessories

[2026-01-08 19:47:07.863] [19:47:07] 🗑 CANDIDATE: ID=1270978, Cat=Generic Models, Fam=CircularOpeningOnWall, MepCat='' (Source=Param), Target=Duct Accessories

[2026-01-08 19:47:07.865] [19:47:07] 🗑 CANDIDATE: ID=1270983, Cat=Generic Models, Fam=CircularOpeningOnWall, MepCat='' (Source=Param), Target=Duct Accessories

[2026-01-08 19:47:07.867] [19:47:07] 🗑 CANDIDATE: ID=1270988, Cat=Generic Models, Fam=CircularOpeningOnWall, MepCat='' (Source=Param), Target=Duct Accessories

[2026-01-08 19:47:07.869] [19:47:07] 🗑 CANDIDATE: ID=1270993, Cat=Generic Models, Fam=CircularOpeningOnWall, MepCat='' (Source=Param), Target=Duct Accessories

[2026-01-08 19:47:07.871] [19:47:07] 🗑 CANDIDATE: ID=1270998, Cat=Generic Models, Fam=CircularOpeningOnWall, MepCat='' (Source=Param), Target=Duct Accessories

[2026-01-08 19:47:07.874] [19:47:07] 🗑 CANDIDATE: ID=1271013, Cat=Generic Models, Fam=CircularOpeningOnWall, MepCat='' (Source=Param), Target=Duct Accessories

[2026-01-08 19:47:07.876] [19:47:07] 🗑 CANDIDATE: ID=1271018, Cat=Generic Models, Fam=CircularOpeningOnWall, MepCat='' (Source=Param), Target=Duct Accessories

[2026-01-08 19:47:07.877] [19:47:07] 🗑 CANDIDATE: ID=1271023, Cat=Generic Models, Fam=CircularOpeningOnWall, MepCat='' (Source=Param), Target=Duct Accessories

[2026-01-08 19:47:07.879] [19:47:07] 🗑 CANDIDATE: ID=1271028, Cat=Generic Models, Fam=CircularOpeningOnWall, MepCat='' (Source=Param), Target=Duct Accessories

[2026-01-08 19:47:07.881] [19:47:07] 🗑 CANDIDATE: ID=1271033, Cat=Generic Models, Fam=CircularOpeningOnWall, MepCat='' (Source=Param), Target=Duct Accessories

[2026-01-08 19:47:07.883] [19:47:07] 🗑 CANDIDATE: ID=1271038, Cat=Generic Models, Fam=CircularOpeningOnWall, MepCat='' (Source=Param), Target=Duct Accessories

[2026-01-08 19:47:07.885] [19:47:07] 🗑 CANDIDATE: ID=1271043, Cat=Generic Models, Fam=CircularOpeningOnWall, MepCat='' (Source=Param), Target=Duct Accessories

[2026-01-08 19:47:07.886] [19:47:07] 🗑 CANDIDATE: ID=1271048, Cat=Generic Models, Fam=CircularOpeningOnWall, MepCat='' (Source=Param), Target=Duct Accessories

[2026-01-08 19:47:07.888] [19:47:07] 🗑 CANDIDATE: ID=1271053, Cat=Generic Models, Fam=CircularOpeningOnWall, MepCat='' (Source=Param), Target=Duct Accessories

[2026-01-08 19:47:07.890] [19:47:07] 🗑 CANDIDATE: ID=1271058, Cat=Generic Models, Fam=CircularOpeningOnWall, MepCat='' (Source=Param), Target=Duct Accessories

[2026-01-08 19:47:07.892] [19:47:07] 🗑 CANDIDATE: ID=1271063, Cat=Generic Models, Fam=CircularOpeningOnWall, MepCat='' (Source=Param), Target=Duct Accessories

[2026-01-08 19:47:07.894] [19:47:07] 🗑 CANDIDATE: ID=1271448, Cat=Generic Models, Fam=RectangularOpeningOnSlab, MepCat='' (Source=Param), Target=Duct Accessories

[2026-01-08 19:47:07.895] [19:47:07] 🗑 CANDIDATE: ID=1271456, Cat=Generic Models, Fam=RectangularOpeningOnSlab, MepCat='' (Source=Param), Target=Duct Accessories

[2026-01-08 19:47:07.897] [19:47:07] 🗑 CANDIDATE: ID=1271463, Cat=Generic Models, Fam=RectangularOpeningOnSlab, MepCat='' (Source=Param), Target=Duct Accessories

[2026-01-08 19:47:07.899] [19:47:07] 🗑 CANDIDATE: ID=1271470, Cat=Generic Models, Fam=RectangularOpeningOnSlab, MepCat='' (Source=Param), Target=Duct Accessories

[2026-01-08 19:47:07.901] [19:47:07] 🗑 CANDIDATE: ID=1271477, Cat=Generic Models, Fam=RectangularOpeningOnSlab, MepCat='' (Source=Param), Target=Duct Accessories

[2026-01-08 19:47:07.902] [19:47:07] 🗑 CANDIDATE: ID=1271494, Cat=Generic Models, Fam=CircularOpeningOnSlab, MepCat='' (Source=Param), Target=Duct Accessories

[2026-01-08 19:47:07.904] [19:47:07] 🗑 CANDIDATE: ID=1271499, Cat=Generic Models, Fam=CircularOpeningOnSlab, MepCat='' (Source=Param), Target=Duct Accessories

[2026-01-08 19:47:07.906] [19:47:07] 🗑 CANDIDATE: ID=1271509, Cat=Generic Models, Fam=CircularOpeningOnSlab, MepCat='' (Source=Param), Target=Duct Accessories

[2026-01-08 19:47:07.908] [19:47:07] 🗑 CANDIDATE: ID=1271514, Cat=Generic Models, Fam=CircularOpeningOnSlab, MepCat='' (Source=Param), Target=Duct Accessories

[2026-01-08 19:47:07.909] [19:47:07] 🗑 CANDIDATE: ID=1271519, Cat=Generic Models, Fam=CircularOpeningOnSlab, MepCat='' (Source=Param), Target=Duct Accessories

[2026-01-08 19:47:07.911] [19:47:07] 🗑 CANDIDATE: ID=1271524, Cat=Generic Models, Fam=CircularOpeningOnSlab, MepCat='' (Source=Param), Target=Duct Accessories

[2026-01-08 19:47:07.913] [19:47:07] 🗑 CANDIDATE: ID=1271529, Cat=Generic Models, Fam=RectangularOpeningOnSlab, MepCat='' (Source=Param), Target=Duct Accessories

[2026-01-08 19:47:07.915] [19:47:07] 🗑 CANDIDATE: ID=1271536, Cat=Generic Models, Fam=RectangularOpeningOnSlab, MepCat='' (Source=Param), Target=Duct Accessories

[2026-01-08 19:47:07.916] [19:47:07] 🗑 CANDIDATE: ID=1271543, Cat=Generic Models, Fam=RectangularOpeningOnSlab, MepCat='' (Source=Param), Target=Duct Accessories

[2026-01-08 19:47:07.918] [19:47:07] 🛡 PROTECTED: ID=1271575, Cat=Generic Models, Fam=RectangularOpeningOnSlab, MepCat='Pipes' (Source=DB) (Cross-Category with Duct Accessories)

[2026-01-08 19:47:07.919] [19:47:07] 🛡 PROTECTED: ID=1271583, Cat=Generic Models, Fam=RectangularOpeningOnSlab, MepCat='Pipes' (Source=DB) (Cross-Category with Duct Accessories)

[2026-01-08 19:47:07.921] [19:47:07] 🛡 PROTECTED: ID=1271590, Cat=Generic Models, Fam=RectangularOpeningOnSlab, MepCat='Pipes' (Source=DB) (Cross-Category with Duct Accessories)

[2026-01-08 19:47:07.923] [19:47:07] 🛡 PROTECTED: ID=1271597, Cat=Generic Models, Fam=RectangularOpeningOnSlab, MepCat='Pipes' (Source=DB) (Cross-Category with Duct Accessories)

[2026-01-08 19:47:07.924] [19:47:07] 🛡 PROTECTED: ID=1271604, Cat=Generic Models, Fam=RectangularOpeningOnSlab, MepCat='Pipes' (Source=DB) (Cross-Category with Duct Accessories)

[2026-01-08 19:47:07.926] [19:47:07] 🛡 PROTECTED: ID=1271621, Cat=Generic Models, Fam=CircularOpeningOnSlab, MepCat='Pipes' (Source=DB) (Cross-Category with Duct Accessories)

[2026-01-08 19:47:07.927] [19:47:07] 🛡 PROTECTED: ID=1271626, Cat=Generic Models, Fam=CircularOpeningOnSlab, MepCat='Pipes' (Source=DB) (Cross-Category with Duct Accessories)

[2026-01-08 19:47:07.929] [19:47:07] 🛡 PROTECTED: ID=1271636, Cat=Generic Models, Fam=CircularOpeningOnSlab, MepCat='Pipes' (Source=DB) (Cross-Category with Duct Accessories)

[2026-01-08 19:47:07.931] [19:47:07] 🛡 PROTECTED: ID=1271641, Cat=Generic Models, Fam=CircularOpeningOnSlab, MepCat='Pipes' (Source=DB) (Cross-Category with Duct Accessories)

[2026-01-08 19:47:07.933] [19:47:07] 🛡 PROTECTED: ID=1271646, Cat=Generic Models, Fam=CircularOpeningOnSlab, MepCat='Pipes' (Source=DB) (Cross-Category with Duct Accessories)

[2026-01-08 19:47:07.934] [19:47:07] 🛡 PROTECTED: ID=1271651, Cat=Generic Models, Fam=CircularOpeningOnSlab, MepCat='Pipes' (Source=DB) (Cross-Category with Duct Accessories)

[2026-01-08 19:47:07.936] [19:47:07] 🛡 PROTECTED: ID=1271656, Cat=Generic Models, Fam=RectangularOpeningOnSlab, MepCat='Pipes' (Source=DB) (Cross-Category with Duct Accessories)

[2026-01-08 19:47:07.938] [19:47:07] 🛡 PROTECTED: ID=1271663, Cat=Generic Models, Fam=RectangularOpeningOnSlab, MepCat='Pipes' (Source=DB) (Cross-Category with Duct Accessories)

[2026-01-08 19:47:07.939] [19:47:07] 🛡 PROTECTED: ID=1271670, Cat=Generic Models, Fam=RectangularOpeningOnSlab, MepCat='Pipes' (Source=DB) (Cross-Category with Duct Accessories)

[2026-01-08 19:47:07.941] [19:47:07] 🗑 CANDIDATE: ID=1272258, Cat=Generic Models, Fam=RectangularOpeningOnWall, MepCat='Duct Accessories' (Source=DB), Target=Duct Accessories

[2026-01-08 19:47:07.942] [19:47:07] 🗑 CANDIDATE: ID=1272266, Cat=Generic Models, Fam=RectangularOpeningOnWall, MepCat='Duct Accessories' (Source=DB), Target=Duct Accessories

[2026-01-08 19:47:07.944] [19:47:07] 🗑 CANDIDATE: ID=1272273, Cat=Generic Models, Fam=RectangularOpeningOnWall, MepCat='Duct Accessories' (Source=DB), Target=Duct Accessories

[2026-01-08 19:47:07.946] [19:47:07] 🗑 CANDIDATE: ID=1272280, Cat=Generic Models, Fam=RectangularOpeningOnWall, MepCat='Duct Accessories' (Source=DB), Target=Duct Accessories

[2026-01-08 19:47:07.947] [19:47:07] 🗑 CANDIDATE: ID=1272294, Cat=Generic Models, Fam=RectangularOpeningOnWall, MepCat='Duct Accessories' (Source=DB), Target=Duct Accessories

[2026-01-08 19:47:07.949] [19:47:07] 🗑 CANDIDATE: ID=1272301, Cat=Generic Models, Fam=RectangularOpeningOnWall, MepCat='Duct Accessories' (Source=DB), Target=Duct Accessories

[2026-01-08 19:47:07.951] [19:47:07] 🗑 CANDIDATE: ID=1272308, Cat=Generic Models, Fam=RectangularOpeningOnWall, MepCat='Duct Accessories' (Source=DB), Target=Duct Accessories

[2026-01-08 19:47:07.952] [19:47:07] 🗑 CANDIDATE: ID=1272315, Cat=Generic Models, Fam=RectangularOpeningOnWall, MepCat='Duct Accessories' (Source=DB), Target=Duct Accessories

[2026-01-08 19:47:07.954] [19:47:07] 🗑 CANDIDATE: ID=1272322, Cat=Generic Models, Fam=RectangularOpeningOnWall, MepCat='Duct Accessories' (Source=DB), Target=Duct Accessories

[2026-01-08 19:47:07.955] [19:47:07] 🗑 CANDIDATE: ID=1272350, Cat=Generic Models, Fam=RectangularOpeningOnWall, MepCat='Duct Accessories' (Source=DB), Target=Duct Accessories

[2026-01-08 19:47:07.957] [19:47:07] 🗑 CANDIDATE: ID=1272392, Cat=Generic Models, Fam=RectangularOpeningOnWall, MepCat='Duct Accessories' (Source=DB), Target=Duct Accessories

[2026-01-08 19:47:07.959] [19:47:07] 🗑 CANDIDATE: ID=1272422, Cat=Generic Models, Fam=RectangularOpeningOnWall, MepCat='' (Source=Param), Target=Duct Accessories

[2026-01-08 19:47:07.960] [19:47:07] 🗑 CANDIDATE: ID=1272431, Cat=Generic Models, Fam=RectangularOpeningOnWall, MepCat='' (Source=Param), Target=Duct Accessories

[2026-01-08 19:47:07.962] [19:47:07] 🗑 CANDIDATE: ID=1272438, Cat=Generic Models, Fam=RectangularOpeningOnWall, MepCat='' (Source=Param), Target=Duct Accessories

[2026-01-08 19:47:07.963] [19:47:07] 🗑 CANDIDATE: ID=1272445, Cat=Generic Models, Fam=RectangularOpeningOnWall, MepCat='' (Source=Param), Target=Duct Accessories

