[2026-01-02 20:35:42.402] [20:35:42] [ORCHESTRATOR] ⚙️ Corner Extraction block ENTERED for category Ducts

[2026-01-02 20:35:42.498] [20:35:42] [INFO] Found 23 zones with SleeveInstanceId > 0 for category 'Ducts'

[2026-01-02 20:35:42.504] [20:35:42] [START] BATCH EXTRACTION: Processing 23 zones...

[2026-01-02 20:35:42.512] [20:35:42] [SUCCESS] Extracted corners using SleeveCornerCalculationService for 1210632
   -> C1=(48.533,1.050,7.454), C2=(50.502,1.050,7.454)
   -> C3=(48.533,1.050,8.438), C4=(50.502,1.050,8.438)

[2026-01-02 20:35:42.514] [20:35:42] [SUCCESS] Extracted corners for 1210632

[2026-01-02 20:35:42.517] [20:35:42] [SUCCESS] Extracted corners using SleeveCornerCalculationService for 1210534
   -> C1=(4.542,1.050,3.937), C2=(6.510,1.050,3.937)
   -> C3=(4.542,1.050,5.906), C4=(6.510,1.050,5.906)

[2026-01-02 20:35:42.519] [20:35:42] [SUCCESS] Extracted corners for 1210534

[2026-01-02 20:35:42.521] [20:35:42] [SUCCESS] Extracted corners using SleeveCornerCalculationService for 1210513
   -> C1=(50.557,1.050,9.886), C2=(52.526,1.050,9.886)
   -> C3=(50.557,1.050,11.199), C4=(52.526,1.050,11.199)

[2026-01-02 20:35:42.523] [20:35:42] [SUCCESS] Extracted corners for 1210513

[2026-01-02 20:35:42.525] [20:35:42] [SUCCESS] Extracted corners using SleeveCornerCalculationService for 1210485
   -> C1=(34.678,1.050,4.265), C2=(35.827,1.050,4.265)
   -> C3=(34.678,1.050,5.413), C4=(35.827,1.050,5.413)

[2026-01-02 20:35:42.526] [20:35:42] [SUCCESS] Extracted corners for 1210485

[2026-01-02 20:35:42.528] [20:35:42] [SUCCESS] Extracted corners using SleeveCornerCalculationService for 1210583
   -> C1=(22.252,1.050,3.196), C2=(25.697,1.050,3.196)
   -> C3=(22.252,1.050,5.164), C4=(25.697,1.050,5.164)

[2026-01-02 20:35:42.530] [20:35:42] [SUCCESS] Extracted corners for 1210583

[2026-01-02 20:35:42.532] [20:35:42] [SUCCESS] Extracted corners using SleeveCornerCalculationService for 1210548
   -> C1=(10.139,1.050,1.457), C2=(12.108,1.050,1.457)
   -> C3=(10.139,1.050,3.426), C4=(12.108,1.050,3.426)

[2026-01-02 20:35:42.534] [20:35:42] [SUCCESS] Extracted corners using SleeveCornerCalculationService for 1210520
   -> C1=(52.725,1.050,4.552), C2=(54.694,1.050,4.552)
   -> C3=(52.725,1.050,5.864), C4=(54.694,1.050,5.864)

[2026-01-02 20:35:42.537] [20:35:42] [SUCCESS] Extracted corners using SleeveCornerCalculationService for 1210576
   -> C1=(24.518,1.050,9.830), C2=(26.323,1.050,9.830)
   -> C3=(24.518,1.050,10.815), C4=(26.323,1.050,10.815)

[2026-01-02 20:35:42.539] [20:35:42] [SUCCESS] Extracted corners using SleeveCornerCalculationService for 1210618
   -> C1=(5.929,1.050,7.437), C2=(7.898,1.050,7.437)
   -> C3=(5.929,1.050,9.406), C4=(7.898,1.050,9.406)

[2026-01-02 20:35:42.541] [20:35:42] [SUCCESS] Extracted corners using SleeveCornerCalculationService for 1210492
   -> C1=(34.678,1.050,9.843), C2=(35.827,1.050,9.843)
   -> C3=(34.678,1.050,10.991), C4=(35.827,1.050,10.991)

[2026-01-02 20:35:42.543] [20:35:42] [SUCCESS] Extracted corners using SleeveCornerCalculationService for 1210541
   -> C1=(2.198,1.050,1.230), C2=(4.167,1.050,1.230)
   -> C3=(2.198,1.050,3.199), C4=(4.167,1.050,3.199)

[2026-01-02 20:35:42.545] [20:35:42] [SUCCESS] Extracted corners using SleeveCornerCalculationService for 1210569
   -> C1=(48.728,1.050,10.070), C2=(50.696,1.050,10.070)
   -> C3=(48.728,1.050,11.054), C4=(50.696,1.050,11.054)

[2026-01-02 20:35:42.547] [20:35:42] [SUCCESS] Extracted corners using SleeveCornerCalculationService for 1210590
   -> C1=(28.518,1.050,3.233), C2=(31.963,1.050,3.233)
   -> C3=(28.518,1.050,5.201), C4=(31.963,1.050,5.201)

[2026-01-02 20:35:42.549] [20:35:42] [SUCCESS] Extracted corners using SleeveCornerCalculationService for 1210506
   -> C1=(15.568,1.050,3.527), C2=(17.536,1.050,3.527)
   -> C3=(15.568,1.050,5.495), C4=(17.536,1.050,5.495)

[2026-01-02 20:35:42.551] [20:35:42] [SUCCESS] Extracted corners using SleeveCornerCalculationService for 1210625
   -> C1=(50.363,1.050,7.270), C2=(52.332,1.050,7.270)
   -> C3=(50.363,1.050,8.582), C4=(52.332,1.050,8.582)

[2026-01-02 20:35:42.552] [20:35:42] [SUCCESS] Extracted corners using SleeveCornerCalculationService for 1210527
   -> C1=(8.005,1.050,1.457), C2=(9.973,1.050,1.457)
   -> C3=(8.005,1.050,3.425), C4=(9.973,1.050,3.425)

[2026-01-02 20:35:42.555] [20:35:42] [SUCCESS] Extracted corners using SleeveCornerCalculationService for 1210476
   -> C1=(23.602,1.050,9.843), C2=(24.751,1.050,9.843)
   -> C3=(23.602,1.050,10.991), C4=(24.751,1.050,10.991)

[2026-01-02 20:35:42.557] [20:35:42] [SUCCESS] Extracted corners using SleeveCornerCalculationService for 1210555
   -> C1=(12.188,1.050,1.457), C2=(14.157,1.050,1.457)
   -> C3=(12.188,1.050,3.426), C4=(14.157,1.050,3.426)

[2026-01-02 20:35:42.559] [20:35:42] [SUCCESS] Extracted corners using SleeveCornerCalculationService for 1210611
   -> C1=(1.050,3.758,6.192), C2=(1.050,6.218,6.192)
   -> C3=(1.050,3.758,7.504), C4=(1.050,6.218,7.504)

[2026-01-02 20:35:42.561] [20:35:42] [SUCCESS] Extracted corners using SleeveCornerCalculationService for 1210499
   -> C1=(1.050,9.253,9.810), C2=(1.050,11.221,9.810)
   -> C3=(1.050,9.253,11.122), C4=(1.050,11.221,11.122)

[2026-01-02 20:35:42.563] [20:35:42] [SUCCESS] Extracted corners using SleeveCornerCalculationService for 1210562
   -> C1=(47.951,1.050,4.716), C2=(49.920,1.050,4.716)
   -> C3=(47.951,1.050,5.700), C4=(49.920,1.050,5.700)

[2026-01-02 20:35:42.565] [20:35:42] [SUCCESS] Extracted corners using SleeveCornerCalculationService for 1210597
   -> C1=(49.643,1.050,4.263), C2=(52.924,1.050,4.263)
   -> C3=(49.643,1.050,6.068), C4=(52.924,1.050,6.068)

[2026-01-02 20:35:42.567] [20:35:42] [SUCCESS] Extracted corners using SleeveCornerCalculationService for 1210604
   -> C1=(1.050,9.007,7.546), C2=(1.050,12.124,7.546)
   -> C3=(1.050,9.007,9.186), C4=(1.050,12.124,9.186)

[2026-01-02 20:35:42.569] [20:35:42] [SUCCESS] BATCH EXTRACTION FINISHED: 23 extracted, 0 failed

[2026-01-02 20:35:42.570] [20:35:42] [SAVE] 📝 Calling BatchUpdateSleeveCorners with 23 results...

[2026-01-02 20:35:42.576] [20:35:42] [SAVE] ✅ BatchUpdateSleeveCorners completed.

