[2026-01-02 20:35:33.375] === REFRESH PERFORMANCE REPORT ===
Generated: 2026-01-02 20:35:33
🔨 Build Timestamp: 2026-01-02 20:34:50 | Assembly: JSE_RevitAddin_MEP_OPENINGS.dll
Total Time: 2817ms (00:02)
Total Clash Zones: 23

=== MEMORY USAGE ===
Start: 176.10 MB
End: 166.13 MB
Delta: -9.97 MB
Memory per Zone: -443.83 KB (target: <5 KB)

=== OPERATION BREAKDOWN ===
Operation                         Calls      Total        Avg        Min        Max      Items
----------------------------------------------------------------------------------------------------
6. Intersection Processing            1       1817ms    1817.0ms      1817ms      1817ms        13/s
6d. Clash Zone Creation               1       1342ms    1342.0ms      1342ms      1342ms         0/s
9. Save                               1        416ms     416.0ms       416ms       416ms        55/s
9a. Database/XML Save                 1        282ms     282.0ms       282ms       282ms        82/s
6c. Intersection Detection (Ray Casting)        1        208ms     208.0ms       208ms       208ms         0/s
8. Parameter Capture                  1        150ms     150.0ms       150ms       150ms       153/s
9a8. Repo Bulk Save                   1        145ms     145.0ms       145ms       145ms       159/s
9a7. Group File Combos                1         59ms      59.0ms        59ms        59ms         0/s
6b. Host Element Collection           1         57ms      57.0ms        57ms        57ms        53/s
6a. MEP Element Collection            1         54ms      54.0ms        54ms        54ms      1000/s
9b. Set ReadyForPlacement Flags        1         37ms      37.0ms        37ms        37ms       622/s
PrepareExistingZones                  1         35ms      35.0ms        35ms        35ms         0/s
3. Hierarchical Flag Reset            1         24ms      24.0ms        24ms        24ms         0/s
3. Load Existing Zones                1         19ms      19.0ms        19ms        19ms         0/s
6a1. Section Box Outline              1          8ms       8.0ms         8ms         8ms         0/s
PostProcess                           1          7ms       7.0ms         7ms         7ms         0/s
3B. Legacy Flag Sync                  1          4ms       4.0ms         4ms         4ms         0/s
1. UI Validation                      1          2ms       2.0ms         2ms         2ms         0/s
2. XML Loading                        1          2ms       2.0ms         2ms         2ms         0/s
4. Flag Sync                          1          2ms       2.0ms         2ms         2ms         0/s
9a1. Deduplicate Storage              1          1ms       1.0ms         1ms         1ms         0/s
9a7. Enrich Orientation               1          1ms       1.0ms         1ms         1ms         0/s
9a6. Filter Valid Zones               1          1ms       1.0ms         1ms         1ms         0/s
9a7b. Loop Overhead                   1          1ms       1.0ms         1ms         1ms         0/s
10. Cleanup                           1          1ms       1.0ms         1ms         1ms         0/s
5. Validation                         1          0ms       0.0ms         0ms         0ms         0/s
9a01. Group By Cat                    1          0ms       0.0ms         0ms         0ms         0/s

=== PERFORMANCE TARGETS ===
Clash Zones/Second: 8 (target: 500+)
Status: ⚠️ BELOW TARGET

