[2026-01-02 20:13:04.636] === PLACEMENT PERFORMANCE MONITOR STARTED ===
Timestamp: 2026-01-02 20:13:04
Log File: Placement_Ventilation_Ducts_2026-01-02_20-13-04.log
Start Memory: 152.78 MB


[2026-01-02 20:13:11.662] [20:13:11.661] Individual Sleeve Placement: 7023ms, Memory: 3102.15 KB, Items: 23

[2026-01-02 20:13:15.824] [20:13:15.823] Cluster Sleeve Placement: 3976ms, Memory: -865.28 KB, Items: 5

[2026-01-02 20:13:15.841] === PLACEMENT PERFORMANCE REPORT ===
Generated: 2026-01-02 20:13:15
Total Time: 11204ms (00:11)
Total Individual Sleeves: 23
Total Clusters: 5

=== MEMORY USAGE ===
Start: 152.78 MB
End: 153.45 MB
Delta: 0.67 MB
Memory per Item: 24.52 KB

=== OPERATION BREAKDOWN ===
Operation                                   Calls        Total        Avg        Min        Max      Items    Items/s
--------------------------------------------------------------------------------------------------------------
Individual Sleeve Placement                     1         7023ms    7023.0ms      7023ms      7023ms         23         3/s
Cluster Sleeve Placement                        1         3976ms    3976.0ms      3976ms      3976ms          5         1/s

=== PERFORMANCE TARGETS ===
Individual Sleeves/Second: 2 (target: 50+)
Status: ⚠️ BELOW TARGET
Clusters/Second: 0 (target: 10+)
Status: ⚠️ BELOW TARGET

=== END OF REPORT ===

