[2026-01-02 16:12:21.346] [2026-01-02 16:12:21] Performance report written to: C:\Users\jse2084\AppData\Roaming\JSE_MEP_Openings\Logs\R2023\performance_NewSleevePlacer_2026-01-02_16-12-20.log

[2026-01-02 16:12:25.116] [2026-01-02 16:12:25] Performance report written to: C:\Users\jse2084\AppData\Roaming\JSE_MEP_Openings\Logs\R2023\performance_ClusterPlacement_Ducts_2026-01-02_16-12-24.log

[2026-01-02 16:12:25.139] [2026-01-02 16:12:25] Performance report written to: C:\Users\jse2084\AppData\Roaming\JSE_MEP_Openings\Logs\R2023\performance_Placement_Ventilation_Ducts_2026-01-02_16-12-20.log

[2026-01-02 16:43:01.582] [2026-01-02 16:43:01] Performance report written to: C:\Users\jse2084\AppData\Roaming\JSE_MEP_Openings\Logs\R2023\performance_Placement_Ventilation_DuctAccessories_2026-01-02_16-42-59.log

[2026-01-02 16:45:51.479] [2026-01-02 16:45:51] Performance report written to: C:\Users\jse2084\AppData\Roaming\JSE_MEP_Openings\Logs\R2023\performance_NewSleevePlacer_2026-01-02_16-45-50.log

[2026-01-02 16:45:53.870] [2026-01-02 16:45:53] Performance report written to: C:\Users\jse2084\AppData\Roaming\JSE_MEP_Openings\Logs\R2023\performance_ClusterPlacement_Duct Accessories_2026-01-02_16-45-53.log

[2026-01-02 16:45:53.894] [2026-01-02 16:45:53] Performance report written to: C:\Users\jse2084\AppData\Roaming\JSE_MEP_Openings\Logs\R2023\performance_Placement_Ventilation_DuctAccessories_2026-01-02_16-45-50.log

[2026-01-02 17:17:56.522] [2026-01-02 17:17:56] Performance report written to: C:\Users\jse2084\AppData\Roaming\JSE_MEP_Openings\Logs\R2023\performance_NewSleevePlacer_2026-01-02_17-17-50.log

[2026-01-02 17:18:04.890] [2026-01-02 17:18:04] Performance report written to: C:\Users\jse2084\AppData\Roaming\JSE_MEP_Openings\Logs\R2023\performance_ClusterPlacement_Ducts_2026-01-02_17-17-59.log

[2026-01-02 17:18:05.401] [2026-01-02 17:18:05] Performance report written to: C:\Users\jse2084\AppData\Roaming\JSE_MEP_Openings\Logs\R2023\performance_Placement_Ventilation_Ducts_2026-01-02_17-17-50.log

[2026-01-02 17:29:40.159] [2026-01-02 17:29:40] Performance report written to: C:\Users\jse2084\AppData\Roaming\JSE_MEP_Openings\Logs\R2023\performance_NewSleevePlacer_2026-01-02_17-29-39.log

[2026-01-02 17:29:44.350] [2026-01-02 17:29:44] Performance report written to: C:\Users\jse2084\AppData\Roaming\JSE_MEP_Openings\Logs\R2023\performance_ClusterPlacement_Ducts_2026-01-02_17-29-43.log

[2026-01-02 17:29:44.374] [2026-01-02 17:29:44] Performance report written to: C:\Users\jse2084\AppData\Roaming\JSE_MEP_Openings\Logs\R2023\performance_Placement_Ventilation_Ducts_2026-01-02_17-29-38.log

[2026-01-02 17:46:46.572] [2026-01-02 17:46:46] Performance report written to: C:\Users\jse2084\AppData\Roaming\JSE_MEP_Openings\Logs\R2023\performance_NewSleevePlacer_2026-01-02_17-46-41.log

[2026-01-02 17:46:54.774] [2026-01-02 17:46:54] Performance report written to: C:\Users\jse2084\AppData\Roaming\JSE_MEP_Openings\Logs\R2023\performance_ClusterPlacement_Ducts_2026-01-02_17-46-49.log

[2026-01-02 17:46:55.289] [2026-01-02 17:46:55] Performance report written to: C:\Users\jse2084\AppData\Roaming\JSE_MEP_Openings\Logs\R2023\performance_Placement_Ventilation_Ducts_2026-01-02_17-46-40.log

[2026-01-02 17:57:50.805] [2026-01-02 17:57:50] Performance report written to: C:\Users\jse2084\AppData\Roaming\JSE_MEP_Openings\Logs\R2023\performance_NewSleevePlacer_2026-01-02_17-57-46.log

[2026-01-02 17:57:57.866] [2026-01-02 17:57:57] Performance report written to: C:\Users\jse2084\AppData\Roaming\JSE_MEP_Openings\Logs\R2023\performance_ClusterPlacement_Ducts_2026-01-02_17-57-54.log

[2026-01-02 17:57:58.326] [2026-01-02 17:57:58] Performance report written to: C:\Users\jse2084\AppData\Roaming\JSE_MEP_Openings\Logs\R2023\performance_Placement_Ventilation_Ducts_2026-01-02_17-57-45.log

[2026-01-02 17:58:01.918] [2026-01-02 17:58:01] Performance report written to: C:\Users\jse2084\AppData\Roaming\JSE_MEP_Openings\Logs\R2023\performance_NewSleevePlacer_2026-01-02_17-57-58.log

[2026-01-02 17:58:08.709] [2026-01-02 17:58:08] Performance report written to: C:\Users\jse2084\AppData\Roaming\JSE_MEP_Openings\Logs\R2023\performance_ClusterPlacement_Duct Accessories_2026-01-02_17-58-05.log

[2026-01-02 17:58:09.105] [2026-01-02 17:58:09] Performance report written to: C:\Users\jse2084\AppData\Roaming\JSE_MEP_Openings\Logs\R2023\performance_Placement_Ventilation_DuctAccessories_2026-01-02_17-57-58.log

[2026-01-02 19:00:38.098] [2026-01-02 19:00:38] Performance report written to: C:\Users\jse2084\AppData\Roaming\JSE_MEP_Openings\Logs\R2023\performance_NewSleevePlacer_2026-01-02_19-00-34.log

[2026-01-02 19:00:45.252] [2026-01-02 19:00:45] Performance report written to: C:\Users\jse2084\AppData\Roaming\JSE_MEP_Openings\Logs\R2023\performance_ClusterPlacement_Ducts_2026-01-02_19-00-41.log

[2026-01-02 19:00:45.690] [2026-01-02 19:00:45] Performance report written to: C:\Users\jse2084\AppData\Roaming\JSE_MEP_Openings\Logs\R2023\performance_Placement_Ventilation_Ducts_2026-01-02_19-00-34.log

[2026-01-02 19:06:59.151] [2026-01-02 19:06:59] Performance report written to: C:\Users\jse2084\AppData\Roaming\JSE_MEP_Openings\Logs\R2023\performance_NewSleevePlacer_2026-01-02_19-06-55.log

[2026-01-02 19:07:06.627] [2026-01-02 19:07:06] Performance report written to: C:\Users\jse2084\AppData\Roaming\JSE_MEP_Openings\Logs\R2023\performance_ClusterPlacement_Ducts_2026-01-02_19-07-02.log

[2026-01-02 19:07:06.993] [2026-01-02 19:07:06] Performance report written to: C:\Users\jse2084\AppData\Roaming\JSE_MEP_Openings\Logs\R2023\performance_Placement_Ventilation_Ducts_2026-01-02_19-06-55.log

[2026-01-02 19:08:51.924] [2026-01-02 19:08:51] Performance report written to: C:\Users\jse2084\AppData\Roaming\JSE_MEP_Openings\Logs\R2023\performance_NewSleevePlacer_2026-01-02_19-08-48.log

[2026-01-02 19:09:01.283] [2026-01-02 19:09:01] Performance report written to: C:\Users\jse2084\AppData\Roaming\JSE_MEP_Openings\Logs\R2023\performance_ClusterPlacement_Ducts_2026-01-02_19-08-57.log

[2026-01-02 19:09:01.642] [2026-01-02 19:09:01] Performance report written to: C:\Users\jse2084\AppData\Roaming\JSE_MEP_Openings\Logs\R2023\performance_Placement_Ventilation_Ducts_2026-01-02_19-08-48.log

[2026-01-02 19:10:46.218] [2026-01-02 19:10:46] Performance report written to: C:\Users\jse2084\AppData\Roaming\JSE_MEP_Openings\Logs\R2023\performance_NewSleevePlacer_2026-01-02_19-10-42.log

[2026-01-02 19:10:56.584] [2026-01-02 19:10:56] Performance report written to: C:\Users\jse2084\AppData\Roaming\JSE_MEP_Openings\Logs\R2023\performance_ClusterPlacement_Ducts_2026-01-02_19-10-53.log

[2026-01-02 19:10:56.980] [2026-01-02 19:10:56] Performance report written to: C:\Users\jse2084\AppData\Roaming\JSE_MEP_Openings\Logs\R2023\performance_Placement_Ventilation_Ducts_2026-01-02_19-10-42.log

[2026-01-02 19:13:55.074] [2026-01-02 19:13:55] Performance report written to: C:\Users\jse2084\AppData\Roaming\JSE_MEP_Openings\Logs\R2023\performance_NewSleevePlacer_2026-01-02_19-13-51.log

[2026-01-02 19:14:06.743] [2026-01-02 19:14:06] Performance report written to: C:\Users\jse2084\AppData\Roaming\JSE_MEP_Openings\Logs\R2023\performance_ClusterPlacement_Ducts_2026-01-02_19-14-03.log

[2026-01-02 19:14:07.141] [2026-01-02 19:14:07] Performance report written to: C:\Users\jse2084\AppData\Roaming\JSE_MEP_Openings\Logs\R2023\performance_Placement_Ventilation_Ducts_2026-01-02_19-13-51.log

[2026-01-02 19:18:54.554] [2026-01-02 19:18:54] Performance report written to: C:\Users\jse2084\AppData\Roaming\JSE_MEP_Openings\Logs\R2023\performance_NewSleevePlacer_2026-01-02_19-18-51.log

[2026-01-02 19:19:04.474] [2026-01-02 19:19:04] Performance report written to: C:\Users\jse2084\AppData\Roaming\JSE_MEP_Openings\Logs\R2023\performance_ClusterPlacement_Ducts_2026-01-02_19-19-00.log

[2026-01-02 19:19:04.855] [2026-01-02 19:19:04] Performance report written to: C:\Users\jse2084\AppData\Roaming\JSE_MEP_Openings\Logs\R2023\performance_Placement_Ventilation_Ducts_2026-01-02_19-18-50.log

[2026-01-02 19:33:57.650] [2026-01-02 19:33:57] Performance report written to: C:\Users\jse2084\AppData\Roaming\JSE_MEP_Openings\Logs\R2023\performance_NewSleevePlacer_2026-01-02_19-33-50.log

[2026-01-02 19:34:19.138] [2026-01-02 19:34:19] Performance report written to: C:\Users\jse2084\AppData\Roaming\JSE_MEP_Openings\Logs\R2023\performance_ClusterPlacement_Ducts_2026-01-02_19-34-07.log

[2026-01-02 19:34:20.134] [2026-01-02 19:34:20] Performance report written to: C:\Users\jse2084\AppData\Roaming\JSE_MEP_Openings\Logs\R2023\performance_Placement_Ventilation_Ducts_2026-01-02_19-33-50.log

[2026-01-02 19:42:55.936] [2026-01-02 19:42:55] Performance report written to: C:\Users\jse2084\AppData\Roaming\JSE_MEP_Openings\Logs\R2023\performance_NewSleevePlacer_2026-01-02_19-42-52.log

[2026-01-02 19:43:02.449] [2026-01-02 19:43:02] Performance report written to: C:\Users\jse2084\AppData\Roaming\JSE_MEP_Openings\Logs\R2023\performance_ClusterPlacement_Ducts_2026-01-02_19-42-58.log

[2026-01-02 19:43:02.830] [2026-01-02 19:43:02] Performance report written to: C:\Users\jse2084\AppData\Roaming\JSE_MEP_Openings\Logs\R2023\performance_Placement_Ventilation_Ducts_2026-01-02_19-42-52.log

[2026-01-02 19:57:36.781] [2026-01-02 19:57:36] Performance report written to: C:\Users\jse2084\AppData\Roaming\JSE_MEP_Openings\Logs\R2023\performance_NewSleevePlacer_2026-01-02_19-57-33.log

[2026-01-02 19:57:45.133] [2026-01-02 19:57:45] Performance report written to: C:\Users\jse2084\AppData\Roaming\JSE_MEP_Openings\Logs\R2023\performance_ClusterPlacement_Ducts_2026-01-02_19-57-41.log

[2026-01-02 19:57:45.516] [2026-01-02 19:57:45] Performance report written to: C:\Users\jse2084\AppData\Roaming\JSE_MEP_Openings\Logs\R2023\performance_Placement_Ventilation_Ducts_2026-01-02_19-57-32.log

[2026-01-02 20:12:09.491] [2026-01-02 20:12:09] Performance report written to: C:\Users\jse2084\AppData\Roaming\JSE_MEP_Openings\Logs\R2023\performance_NewSleevePlacer_2026-01-02_20-12-06.log

[2026-01-02 20:12:17.737] [2026-01-02 20:12:17] Performance report written to: C:\Users\jse2084\AppData\Roaming\JSE_MEP_Openings\Logs\R2023\performance_ClusterPlacement_Ducts_2026-01-02_20-12-13.log

[2026-01-02 20:12:18.136] [2026-01-02 20:12:18] Performance report written to: C:\Users\jse2084\AppData\Roaming\JSE_MEP_Openings\Logs\R2023\performance_Placement_Ventilation_Ducts_2026-01-02_20-12-05.log

[2026-01-02 20:13:08.236] [2026-01-02 20:13:08] Performance report written to: C:\Users\jse2084\AppData\Roaming\JSE_MEP_Openings\Logs\R2023\performance_NewSleevePlacer_2026-01-02_20-13-04.log

[2026-01-02 20:13:15.466] [2026-01-02 20:13:15] Performance report written to: C:\Users\jse2084\AppData\Roaming\JSE_MEP_Openings\Logs\R2023\performance_ClusterPlacement_Ducts_2026-01-02_20-13-11.log

[2026-01-02 20:13:15.843] [2026-01-02 20:13:15] Performance report written to: C:\Users\jse2084\AppData\Roaming\JSE_MEP_Openings\Logs\R2023\performance_Placement_Ventilation_Ducts_2026-01-02_20-13-04.log

[2026-01-02 20:35:38.496] [2026-01-02 20:35:38] Performance report written to: C:\Users\jse2084\AppData\Roaming\JSE_MEP_Openings\Logs\R2023\performance_NewSleevePlacer_2026-01-02_20-35-35.log

[2026-01-02 20:35:46.389] [2026-01-02 20:35:46] Performance report written to: C:\Users\jse2084\AppData\Roaming\JSE_MEP_Openings\Logs\R2023\performance_ClusterPlacement_Ducts_2026-01-02_20-35-42.log

[2026-01-02 20:35:46.765] [2026-01-02 20:35:46] Performance report written to: C:\Users\jse2084\AppData\Roaming\JSE_MEP_Openings\Logs\R2023\performance_Placement_Ventilation_Ducts_2026-01-02_20-35-34.log

