[2026-01-02 16:12:19.726] [16:12:19] CLICK_OK: handler entered

[2026-01-02 16:12:19.814] [16:12:19] CLICK_OK: raising external event

[2026-01-02 16:12:19.845] [16:12:19] CLICK_OK: external event raised

[16:12:20] 🔥🔥🔥 EXECUTE METHOD CALLED - BUILD TIMESTAMP: 2026-01-02 16:12:20 🔥🔥🔥
[16:12:20] STEP 1: Execute method started
[16:12:20] STEP 2: Categories null=False, Count=1
[16:12:20] STEP 3: MarkPrefixes null=False
[16:12:20] STEP 9: ✅ Document is not linked, continuing
[16:12:20] STEP 9.5: Categories count: 1, Categories: Ducts
[16:12:20] STEP 10: About to create orchestrator
[16:12:20] STEP 10.5: Clearance settings count: 4
[16:12:20] STEP 11: Orchestrator created successfully
[16:12:20] STEP 12.5: About to convert 1 categories to filters
[16:12:20] STEP 13: Converted to 1 filters
[16:12:20] STEP 13.5: Filter names: Ventilation
[16:12:20] 🔥 BEFORE orchestrator.ExecuteMultipleFilters() - filters count: 1
[16:12:20] CLICK_OK: Begin placement for category=Ducts, filter=Ventilation
[16:12:20] LOAD_XML: zones=37
[16:12:20] COMMAND_CREATED: category=Ducts, xml=C:\Users\jse2084\AppData\Roaming\JSE_MEP_Openings\Projects\Shared Test Model -00001\Filters\Ventilation_ducts.xml
[16:12:23] COMMAND_EXECUTED: Placed=1, Skipped=0, Errors=0
[16:12:23] ENTERING_UPDATE_COORD_BLOCK
[16:12:23] BEFORE_UpdateSleeveCoordinatesInXml
[16:12:23] SleeveCoordinateService_CREATED
[16:12:23] CALLING_UpdateSleeveCoordinatesInXml: category=Ducts (database-only)
[16:12:24] AFTER_UpdateSleeveCoordinatesInXml
[16:12:24] UPDATE_COORD_SUCCESS
[16:12:25] 🔥 AFTER orchestrator.ExecuteMultipleFilters() - returned successfully
[2026-01-02 16:42:58.565] [16:42:58] CLICK_OK: handler entered

[2026-01-02 16:42:58.629] [16:42:58] CLICK_OK: raising external event

[2026-01-02 16:42:58.663] [16:42:58] CLICK_OK: external event raised

[16:42:59] 🔥🔥🔥 EXECUTE METHOD CALLED - BUILD TIMESTAMP: 2026-01-02 16:42:59 🔥🔥🔥
[16:42:59] STEP 1: Execute method started
[16:42:59] STEP 2: Categories null=False, Count=1
[16:42:59] STEP 3: MarkPrefixes null=False
[16:42:59] STEP 9: ✅ Document is not linked, continuing
[16:42:59] STEP 9.5: Categories count: 1, Categories: Duct Accessories
[16:42:59] STEP 10: About to create orchestrator
[16:42:59] STEP 10.5: Clearance settings count: 6
[16:42:59] STEP 11: Orchestrator created successfully
[16:42:59] STEP 12.5: About to convert 1 categories to filters
[16:42:59] STEP 13: Converted to 1 filters
[16:42:59] STEP 13.5: Filter names: Ventilation
[16:42:59] 🔥 BEFORE orchestrator.ExecuteMultipleFilters() - filters count: 1
[16:42:59] CLICK_OK: Begin placement for category=DuctAccessories, filter=Ventilation
[16:42:59] LOAD_XML: zones=1
[16:42:59] COMMAND_CREATED: category=Duct Accessories, xml=C:\Users\jse2084\AppData\Roaming\JSE_MEP_Openings\Projects\Shared Test Model COMO_aakashvP9A2H\Filters\Ventilation_duct_accessories.xml
[16:43:01] COMMAND_EXECUTED: Placed=0, Skipped=0, Errors=0
[16:43:01] ENTERING_UPDATE_COORD_BLOCK
[16:43:01] BEFORE_UpdateSleeveCoordinatesInXml
[16:43:01] SleeveCoordinateService_CREATED
[16:43:01] CALLING_UpdateSleeveCoordinatesInXml: category=Duct Accessories (database-only)
[16:43:01] AFTER_UpdateSleeveCoordinatesInXml
[16:43:01] UPDATE_COORD_SUCCESS
[16:43:02] 🔥 AFTER orchestrator.ExecuteMultipleFilters() - returned successfully
[2026-01-02 16:45:49.884] [16:45:49] CLICK_OK: handler entered

[2026-01-02 16:45:49.981] [16:45:49] CLICK_OK: raising external event

[2026-01-02 16:45:50.015] [16:45:50] CLICK_OK: external event raised

[16:45:50] 🔥🔥🔥 EXECUTE METHOD CALLED - BUILD TIMESTAMP: 2026-01-02 16:45:50 🔥🔥🔥
[16:45:50] STEP 1: Execute method started
[16:45:50] STEP 2: Categories null=False, Count=1
[16:45:50] STEP 3: MarkPrefixes null=False
[16:45:50] STEP 9: ✅ Document is not linked, continuing
[16:45:50] STEP 9.5: Categories count: 1, Categories: Duct Accessories
[16:45:50] STEP 10: About to create orchestrator
[16:45:50] STEP 10.5: Clearance settings count: 6
[16:45:50] STEP 11: Orchestrator created successfully
[16:45:50] STEP 12.5: About to convert 1 categories to filters
[16:45:50] STEP 13: Converted to 1 filters
[16:45:50] STEP 13.5: Filter names: Ventilation
[16:45:50] 🔥 BEFORE orchestrator.ExecuteMultipleFilters() - filters count: 1
[16:45:50] CLICK_OK: Begin placement for category=DuctAccessories, filter=Ventilation
[16:45:50] LOAD_XML: zones=1
[16:45:50] COMMAND_CREATED: category=Duct Accessories, xml=C:\Users\jse2084\AppData\Roaming\JSE_MEP_Openings\Projects\Shared Test Model COMO_aakashvP9A2H\Filters\Ventilation_duct_accessories.xml
[16:45:53] COMMAND_EXECUTED: Placed=1, Skipped=0, Errors=0
[16:45:53] ENTERING_UPDATE_COORD_BLOCK
[16:45:53] BEFORE_UpdateSleeveCoordinatesInXml
[16:45:53] SleeveCoordinateService_CREATED
[16:45:53] CALLING_UpdateSleeveCoordinatesInXml: category=Duct Accessories (database-only)
[16:45:53] AFTER_UpdateSleeveCoordinatesInXml
[16:45:53] UPDATE_COORD_SUCCESS
[16:45:54] 🔥 AFTER orchestrator.ExecuteMultipleFilters() - returned successfully
[2026-01-02 17:17:49.503] [17:17:49] CLICK_OK: handler entered

[2026-01-02 17:17:49.586] [17:17:49] CLICK_OK: raising external event

[2026-01-02 17:17:49.622] [17:17:49] CLICK_OK: external event raised

[17:17:49] 🔥🔥🔥 EXECUTE METHOD CALLED - BUILD TIMESTAMP: 2026-01-02 17:17:49 🔥🔥🔥
[17:17:49] STEP 1: Execute method started
[17:17:49] STEP 2: Categories null=False, Count=1
[17:17:49] STEP 3: MarkPrefixes null=False
[17:17:49] STEP 9: ✅ Document is not linked, continuing
[17:17:49] STEP 9.5: Categories count: 1, Categories: Ducts
[17:17:49] STEP 10: About to create orchestrator
[17:17:49] STEP 10.5: Clearance settings count: 4
[17:17:49] STEP 11: Orchestrator created successfully
[17:17:49] STEP 12.5: About to convert 1 categories to filters
[17:17:50] STEP 13: Converted to 1 filters
[17:17:50] STEP 13.5: Filter names: Ventilation
[17:17:50] 🔥 BEFORE orchestrator.ExecuteMultipleFilters() - filters count: 1
[17:17:50] CLICK_OK: Begin placement for category=Ducts, filter=Ventilation
[17:17:50] LOAD_XML: zones=37
[17:17:50] COMMAND_CREATED: category=Ducts, xml=C:\Users\jse2084\AppData\Roaming\JSE_MEP_Openings\Projects\Shared Test Model -00001\Filters\Ventilation_ducts.xml
[17:17:59] COMMAND_EXECUTED: Placed=37, Skipped=0, Errors=0
[17:17:59] ENTERING_UPDATE_COORD_BLOCK
[17:17:59] BEFORE_UpdateSleeveCoordinatesInXml
[17:17:59] SleeveCoordinateService_CREATED
[17:17:59] CALLING_UpdateSleeveCoordinatesInXml: category=Ducts (database-only)
[17:17:59] AFTER_UpdateSleeveCoordinatesInXml
[17:17:59] UPDATE_COORD_SUCCESS
[17:18:05] 🔥 AFTER orchestrator.ExecuteMultipleFilters() - returned successfully
[2026-01-02 17:29:38.057] [17:29:38] CLICK_OK: handler entered

[2026-01-02 17:29:38.142] [17:29:38] CLICK_OK: raising external event

[2026-01-02 17:29:38.161] [17:29:38] CLICK_OK: external event raised

[17:29:38] 🔥🔥🔥 EXECUTE METHOD CALLED - BUILD TIMESTAMP: 2026-01-02 17:29:38 🔥🔥🔥
[17:29:38] STEP 1: Execute method started
[17:29:38] STEP 2: Categories null=False, Count=1
[17:29:38] STEP 3: MarkPrefixes null=False
[17:29:38] STEP 9: ✅ Document is not linked, continuing
[17:29:38] STEP 9.5: Categories count: 1, Categories: Ducts
[17:29:38] STEP 10: About to create orchestrator
[17:29:38] STEP 10.5: Clearance settings count: 4
[17:29:38] STEP 11: Orchestrator created successfully
[17:29:38] STEP 12.5: About to convert 1 categories to filters
[17:29:38] STEP 13: Converted to 1 filters
[17:29:38] STEP 13.5: Filter names: Ventilation
[17:29:38] 🔥 BEFORE orchestrator.ExecuteMultipleFilters() - filters count: 1
[17:29:38] CLICK_OK: Begin placement for category=Ducts, filter=Ventilation
[17:29:38] LOAD_XML: zones=37
[17:29:38] COMMAND_CREATED: category=Ducts, xml=C:\Users\jse2084\AppData\Roaming\JSE_MEP_Openings\Projects\Shared Test Model -00001\Filters\Ventilation_ducts.xml
[17:29:43] COMMAND_EXECUTED: Placed=5, Skipped=0, Errors=0
[17:29:43] ENTERING_UPDATE_COORD_BLOCK
[17:29:43] BEFORE_UpdateSleeveCoordinatesInXml
[17:29:43] SleeveCoordinateService_CREATED
[17:29:43] CALLING_UpdateSleeveCoordinatesInXml: category=Ducts (database-only)
[17:29:43] AFTER_UpdateSleeveCoordinatesInXml
[17:29:43] UPDATE_COORD_SUCCESS
[17:29:44] 🔥 AFTER orchestrator.ExecuteMultipleFilters() - returned successfully
[2026-01-02 17:46:40.284] [17:46:40] CLICK_OK: handler entered

[2026-01-02 17:46:40.365] [17:46:40] CLICK_OK: raising external event

[2026-01-02 17:46:40.396] [17:46:40] CLICK_OK: external event raised

[17:46:40] 🔥🔥🔥 EXECUTE METHOD CALLED - BUILD TIMESTAMP: 2026-01-02 17:46:40 🔥🔥🔥
[17:46:40] STEP 1: Execute method started
[17:46:40] STEP 2: Categories null=False, Count=1
[17:46:40] STEP 3: MarkPrefixes null=False
[17:46:40] STEP 9: ✅ Document is not linked, continuing
[17:46:40] STEP 9.5: Categories count: 1, Categories: Ducts
[17:46:40] STEP 10: About to create orchestrator
[17:46:40] STEP 10.5: Clearance settings count: 4
[17:46:40] STEP 11: Orchestrator created successfully
[17:46:40] STEP 12.5: About to convert 1 categories to filters
[17:46:40] STEP 13: Converted to 1 filters
[17:46:40] STEP 13.5: Filter names: Ventilation
[17:46:40] 🔥 BEFORE orchestrator.ExecuteMultipleFilters() - filters count: 1
[17:46:40] CLICK_OK: Begin placement for category=Ducts, filter=Ventilation
[17:46:41] LOAD_XML: zones=37
[17:46:41] COMMAND_CREATED: category=Ducts, xml=C:\Users\jse2084\AppData\Roaming\JSE_MEP_Openings\Projects\Shared Test Model -00001\Filters\Ventilation_ducts.xml
[17:46:49] COMMAND_EXECUTED: Placed=37, Skipped=0, Errors=0
[17:46:49] ENTERING_UPDATE_COORD_BLOCK
[17:46:49] BEFORE_UpdateSleeveCoordinatesInXml
[17:46:49] SleeveCoordinateService_CREATED
[17:46:49] CALLING_UpdateSleeveCoordinatesInXml: category=Ducts (database-only)
[17:46:49] AFTER_UpdateSleeveCoordinatesInXml
[17:46:49] UPDATE_COORD_SUCCESS
[17:46:55] 🔥 AFTER orchestrator.ExecuteMultipleFilters() - returned successfully
[2026-01-02 17:57:45.188] [17:57:45] CLICK_OK: handler entered

[2026-01-02 17:57:45.280] [17:57:45] CLICK_OK: raising external event

[2026-01-02 17:57:45.311] [17:57:45] CLICK_OK: external event raised

[17:57:45] 🔥🔥🔥 EXECUTE METHOD CALLED - BUILD TIMESTAMP: 2026-01-02 17:57:45 🔥🔥🔥
[17:57:45] STEP 1: Execute method started
[17:57:45] STEP 2: Categories null=False, Count=2
[17:57:45] STEP 3: MarkPrefixes null=False
[17:57:45] STEP 9: ✅ Document is not linked, continuing
[17:57:45] STEP 9.5: Categories count: 2, Categories: Ducts, Duct Accessories
[17:57:45] STEP 10: About to create orchestrator
[17:57:45] STEP 10.5: Clearance settings count: 8
[17:57:45] STEP 11: Orchestrator created successfully
[17:57:45] STEP 12.5: About to convert 2 categories to filters
[17:57:45] STEP 13: Converted to 2 filters
[17:57:45] STEP 13.5: Filter names: Ventilation, Ventilation
[17:57:45] 🔥 BEFORE orchestrator.ExecuteMultipleFilters() - filters count: 2
[17:57:45] CLICK_OK: Begin placement for category=Ducts, filter=Ventilation
[17:57:46] LOAD_XML: zones=32
[17:57:46] COMMAND_CREATED: category=Ducts, xml=C:\Users\jse2084\AppData\Roaming\JSE_MEP_Openings\Projects\Shared Test Model -00001\Filters\Ventilation_ducts.xml
[17:57:53] COMMAND_EXECUTED: Placed=32, Skipped=0, Errors=0
[17:57:53] ENTERING_UPDATE_COORD_BLOCK
[17:57:53] BEFORE_UpdateSleeveCoordinatesInXml
[17:57:53] SleeveCoordinateService_CREATED
[17:57:53] CALLING_UpdateSleeveCoordinatesInXml: category=Ducts (database-only)
[17:57:53] AFTER_UpdateSleeveCoordinatesInXml
[17:57:53] UPDATE_COORD_SUCCESS
[17:57:58] CLICK_OK: Begin placement for category=DuctAccessories, filter=Ventilation
[17:57:58] LOAD_XML: zones=21
[17:57:58] COMMAND_CREATED: category=Duct Accessories, xml=C:\Users\jse2084\AppData\Roaming\JSE_MEP_Openings\Projects\Shared Test Model -00001\Filters\Ventilation_duct_accessories.xml
[17:58:05] COMMAND_EXECUTED: Placed=21, Skipped=0, Errors=0
[17:58:05] ENTERING_UPDATE_COORD_BLOCK
[17:58:05] BEFORE_UpdateSleeveCoordinatesInXml
[17:58:05] SleeveCoordinateService_CREATED
[17:58:05] CALLING_UpdateSleeveCoordinatesInXml: category=Duct Accessories (database-only)
[17:58:05] AFTER_UpdateSleeveCoordinatesInXml
[17:58:05] UPDATE_COORD_SUCCESS
[17:58:09] 🔥 AFTER orchestrator.ExecuteMultipleFilters() - returned successfully
[2026-01-02 19:00:33.803] [19:00:33] CLICK_OK: handler entered

[2026-01-02 19:00:33.884] [19:00:33] CLICK_OK: raising external event

[2026-01-02 19:00:33.915] [19:00:33] CLICK_OK: external event raised

[19:00:34] 🔥🔥🔥 EXECUTE METHOD CALLED - BUILD TIMESTAMP: 2026-01-02 19:00:34 🔥🔥🔥
[19:00:34] STEP 1: Execute method started
[19:00:34] STEP 2: Categories null=False, Count=1
[19:00:34] STEP 3: MarkPrefixes null=False
[19:00:34] STEP 9: ✅ Document is not linked, continuing
[19:00:34] STEP 9.5: Categories count: 1, Categories: Ducts
[19:00:34] STEP 10: About to create orchestrator
[19:00:34] STEP 10.5: Clearance settings count: 4
[19:00:34] STEP 11: Orchestrator created successfully
[19:00:34] STEP 12.5: About to convert 1 categories to filters
[19:00:34] STEP 13: Converted to 1 filters
[19:00:34] STEP 13.5: Filter names: Ventilation
[19:00:34] 🔥 BEFORE orchestrator.ExecuteMultipleFilters() - filters count: 1
[19:00:34] CLICK_OK: Begin placement for category=Ducts, filter=Ventilation
[19:00:34] LOAD_XML: zones=32
[19:00:34] COMMAND_CREATED: category=Ducts, xml=C:\Users\jse2084\AppData\Roaming\JSE_MEP_Openings\Projects\Shared Test Model -00001\Filters\Ventilation_ducts.xml
[19:00:40] COMMAND_EXECUTED: Placed=21, Skipped=0, Errors=0
[19:00:40] ENTERING_UPDATE_COORD_BLOCK
[19:00:40] BEFORE_UpdateSleeveCoordinatesInXml
[19:00:40] SleeveCoordinateService_CREATED
[19:00:41] CALLING_UpdateSleeveCoordinatesInXml: category=Ducts (database-only)
[19:00:41] AFTER_UpdateSleeveCoordinatesInXml
[19:00:41] UPDATE_COORD_SUCCESS
[19:00:45] 🔥 AFTER orchestrator.ExecuteMultipleFilters() - returned successfully
[2026-01-02 19:06:54.806] [19:06:54] CLICK_OK: handler entered

[2026-01-02 19:06:54.908] [19:06:54] CLICK_OK: raising external event

[2026-01-02 19:06:54.933] [19:06:54] CLICK_OK: external event raised

[19:06:55] 🔥🔥🔥 EXECUTE METHOD CALLED - BUILD TIMESTAMP: 2026-01-02 19:06:55 🔥🔥🔥
[19:06:55] STEP 1: Execute method started
[19:06:55] STEP 2: Categories null=False, Count=1
[19:06:55] STEP 3: MarkPrefixes null=False
[19:06:55] STEP 9: ✅ Document is not linked, continuing
[19:06:55] STEP 9.5: Categories count: 1, Categories: Ducts
[19:06:55] STEP 10: About to create orchestrator
[19:06:55] STEP 10.5: Clearance settings count: 4
[19:06:55] STEP 11: Orchestrator created successfully
[19:06:55] STEP 12.5: About to convert 1 categories to filters
[19:06:55] STEP 13: Converted to 1 filters
[19:06:55] STEP 13.5: Filter names: Ventilation
[19:06:55] 🔥 BEFORE orchestrator.ExecuteMultipleFilters() - filters count: 1
[19:06:55] CLICK_OK: Begin placement for category=Ducts, filter=Ventilation
[19:06:55] LOAD_XML: zones=21
[19:06:55] COMMAND_CREATED: category=Ducts, xml=C:\Users\jse2084\AppData\Roaming\JSE_MEP_Openings\Projects\Shared Test Model -00001\Filters\Ventilation_ducts.xml
[19:07:02] COMMAND_EXECUTED: Placed=21, Skipped=0, Errors=0
[19:07:02] ENTERING_UPDATE_COORD_BLOCK
[19:07:02] BEFORE_UpdateSleeveCoordinatesInXml
[19:07:02] SleeveCoordinateService_CREATED
[19:07:02] CALLING_UpdateSleeveCoordinatesInXml: category=Ducts (database-only)
[19:07:02] AFTER_UpdateSleeveCoordinatesInXml
[19:07:02] UPDATE_COORD_SUCCESS
[19:07:07] 🔥 AFTER orchestrator.ExecuteMultipleFilters() - returned successfully
[2026-01-02 19:08:48.028] [19:08:48] CLICK_OK: handler entered

[2026-01-02 19:08:48.104] [19:08:48] CLICK_OK: raising external event

[2026-01-02 19:08:48.123] [19:08:48] CLICK_OK: external event raised

[19:08:48] 🔥🔥🔥 EXECUTE METHOD CALLED - BUILD TIMESTAMP: 2026-01-02 19:08:48 🔥🔥🔥
[19:08:48] STEP 1: Execute method started
[19:08:48] STEP 2: Categories null=False, Count=1
[19:08:48] STEP 3: MarkPrefixes null=False
[19:08:48] STEP 9: ✅ Document is not linked, continuing
[19:08:48] STEP 9.5: Categories count: 1, Categories: Ducts
[19:08:48] STEP 10: About to create orchestrator
[19:08:48] STEP 10.5: Clearance settings count: 4
[19:08:48] STEP 11: Orchestrator created successfully
[19:08:48] STEP 12.5: About to convert 1 categories to filters
[19:08:48] STEP 13: Converted to 1 filters
[19:08:48] STEP 13.5: Filter names: Ventilation
[19:08:48] 🔥 BEFORE orchestrator.ExecuteMultipleFilters() - filters count: 1
[19:08:48] CLICK_OK: Begin placement for category=Ducts, filter=Ventilation
[19:08:48] LOAD_XML: zones=20
[19:08:48] COMMAND_CREATED: category=Ducts, xml=C:\Users\jse2084\AppData\Roaming\JSE_MEP_Openings\Projects\Shared Test Model -00001\Filters\Ventilation_ducts.xml
[19:08:57] COMMAND_EXECUTED: Placed=20, Skipped=0, Errors=0
[19:08:57] ENTERING_UPDATE_COORD_BLOCK
[19:08:57] BEFORE_UpdateSleeveCoordinatesInXml
[19:08:57] SleeveCoordinateService_CREATED
[19:08:57] CALLING_UpdateSleeveCoordinatesInXml: category=Ducts (database-only)
[19:08:57] AFTER_UpdateSleeveCoordinatesInXml
[19:08:57] UPDATE_COORD_SUCCESS
[19:09:01] 🔥 AFTER orchestrator.ExecuteMultipleFilters() - returned successfully
[2026-01-02 19:10:41.813] [19:10:41] CLICK_OK: handler entered

[2026-01-02 19:10:41.894] [19:10:41] CLICK_OK: raising external event

[2026-01-02 19:10:41.934] [19:10:41] CLICK_OK: external event raised

[19:10:42] 🔥🔥🔥 EXECUTE METHOD CALLED - BUILD TIMESTAMP: 2026-01-02 19:10:42 🔥🔥🔥
[19:10:42] STEP 1: Execute method started
[19:10:42] STEP 2: Categories null=False, Count=1
[19:10:42] STEP 3: MarkPrefixes null=False
[19:10:42] STEP 9: ✅ Document is not linked, continuing
[19:10:42] STEP 9.5: Categories count: 1, Categories: Ducts
[19:10:42] STEP 10: About to create orchestrator
[19:10:42] STEP 10.5: Clearance settings count: 4
[19:10:42] STEP 11: Orchestrator created successfully
[19:10:42] STEP 12.5: About to convert 1 categories to filters
[19:10:42] STEP 13: Converted to 1 filters
[19:10:42] STEP 13.5: Filter names: Ventilation
[19:10:42] 🔥 BEFORE orchestrator.ExecuteMultipleFilters() - filters count: 1
[19:10:42] CLICK_OK: Begin placement for category=Ducts, filter=Ventilation
[19:10:42] LOAD_XML: zones=23
[19:10:42] COMMAND_CREATED: category=Ducts, xml=C:\Users\jse2084\AppData\Roaming\JSE_MEP_Openings\Projects\Shared Test Model -00001\Filters\Ventilation_ducts.xml
[19:10:52] COMMAND_EXECUTED: Placed=23, Skipped=0, Errors=0
[19:10:52] ENTERING_UPDATE_COORD_BLOCK
[19:10:52] BEFORE_UpdateSleeveCoordinatesInXml
[19:10:52] SleeveCoordinateService_CREATED
[19:10:52] CALLING_UpdateSleeveCoordinatesInXml: category=Ducts (database-only)
[19:10:52] AFTER_UpdateSleeveCoordinatesInXml
[19:10:52] UPDATE_COORD_SUCCESS
[19:10:57] 🔥 AFTER orchestrator.ExecuteMultipleFilters() - returned successfully
[2026-01-02 19:13:50.703] [19:13:50] CLICK_OK: handler entered

[2026-01-02 19:13:50.785] [19:13:50] CLICK_OK: raising external event

[2026-01-02 19:13:50.805] [19:13:50] CLICK_OK: external event raised

[19:13:51] 🔥🔥🔥 EXECUTE METHOD CALLED - BUILD TIMESTAMP: 2026-01-02 19:13:51 🔥🔥🔥
[19:13:51] STEP 1: Execute method started
[19:13:51] STEP 2: Categories null=False, Count=1
[19:13:51] STEP 3: MarkPrefixes null=False
[19:13:51] STEP 9: ✅ Document is not linked, continuing
[19:13:51] STEP 9.5: Categories count: 1, Categories: Ducts
[19:13:51] STEP 10: About to create orchestrator
[19:13:51] STEP 10.5: Clearance settings count: 4
[19:13:51] STEP 11: Orchestrator created successfully
[19:13:51] STEP 12.5: About to convert 1 categories to filters
[19:13:51] STEP 13: Converted to 1 filters
[19:13:51] STEP 13.5: Filter names: Ventilation
[19:13:51] 🔥 BEFORE orchestrator.ExecuteMultipleFilters() - filters count: 1
[19:13:51] CLICK_OK: Begin placement for category=Ducts, filter=Ventilation
[19:13:51] LOAD_XML: zones=23
[19:13:51] COMMAND_CREATED: category=Ducts, xml=C:\Users\jse2084\AppData\Roaming\JSE_MEP_Openings\Projects\Shared Test Model -00001\Filters\Ventilation_ducts.xml
[19:14:02] COMMAND_EXECUTED: Placed=23, Skipped=0, Errors=0
[19:14:02] ENTERING_UPDATE_COORD_BLOCK
[19:14:02] BEFORE_UpdateSleeveCoordinatesInXml
[19:14:02] SleeveCoordinateService_CREATED
[19:14:02] CALLING_UpdateSleeveCoordinatesInXml: category=Ducts (database-only)
[19:14:02] AFTER_UpdateSleeveCoordinatesInXml
[19:14:02] UPDATE_COORD_SUCCESS
[19:14:07] 🔥 AFTER orchestrator.ExecuteMultipleFilters() - returned successfully
[2026-01-02 19:18:50.058] [19:18:50] CLICK_OK: handler entered

[2026-01-02 19:18:50.149] [19:18:50] CLICK_OK: raising external event

[2026-01-02 19:18:50.187] [19:18:50] CLICK_OK: external event raised

[19:18:50] 🔥🔥🔥 EXECUTE METHOD CALLED - BUILD TIMESTAMP: 2026-01-02 19:18:50 🔥🔥🔥
[19:18:50] STEP 1: Execute method started
[19:18:50] STEP 2: Categories null=False, Count=1
[19:18:50] STEP 3: MarkPrefixes null=False
[19:18:50] STEP 9: ✅ Document is not linked, continuing
[19:18:50] STEP 9.5: Categories count: 1, Categories: Ducts
[19:18:50] STEP 10: About to create orchestrator
[19:18:50] STEP 10.5: Clearance settings count: 4
[19:18:50] STEP 11: Orchestrator created successfully
[19:18:50] STEP 12.5: About to convert 1 categories to filters
[19:18:50] STEP 13: Converted to 1 filters
[19:18:50] STEP 13.5: Filter names: Ventilation
[19:18:50] 🔥 BEFORE orchestrator.ExecuteMultipleFilters() - filters count: 1
[19:18:50] CLICK_OK: Begin placement for category=Ducts, filter=Ventilation
[19:18:50] LOAD_XML: zones=23
[19:18:50] COMMAND_CREATED: category=Ducts, xml=C:\Users\jse2084\AppData\Roaming\JSE_MEP_Openings\Projects\Shared Test Model -00001\Filters\Ventilation_ducts.xml
[19:19:00] COMMAND_EXECUTED: Placed=23, Skipped=0, Errors=0
[19:19:00] ENTERING_UPDATE_COORD_BLOCK
[19:19:00] BEFORE_UpdateSleeveCoordinatesInXml
[19:19:00] SleeveCoordinateService_CREATED
[19:19:00] CALLING_UpdateSleeveCoordinatesInXml: category=Ducts (database-only)
[19:19:00] AFTER_UpdateSleeveCoordinatesInXml
[19:19:00] UPDATE_COORD_SUCCESS
[19:19:05] 🔥 AFTER orchestrator.ExecuteMultipleFilters() - returned successfully
[2026-01-02 19:33:49.577] [19:33:49] CLICK_OK: handler entered

[2026-01-02 19:33:49.663] [19:33:49] CLICK_OK: raising external event

[2026-01-02 19:33:49.701] [19:33:49] CLICK_OK: external event raised

[19:33:50] 🔥🔥🔥 EXECUTE METHOD CALLED - BUILD TIMESTAMP: 2026-01-02 19:33:50 🔥🔥🔥
[19:33:50] STEP 1: Execute method started
[19:33:50] STEP 2: Categories null=False, Count=1
[19:33:50] STEP 3: MarkPrefixes null=False
[19:33:50] STEP 9: ✅ Document is not linked, continuing
[19:33:50] STEP 9.5: Categories count: 1, Categories: Ducts
[19:33:50] STEP 10: About to create orchestrator
[19:33:50] STEP 10.5: Clearance settings count: 4
[19:33:50] STEP 11: Orchestrator created successfully
[19:33:50] STEP 12.5: About to convert 1 categories to filters
[19:33:50] STEP 13: Converted to 1 filters
[19:33:50] STEP 13.5: Filter names: Ventilation
[19:33:50] 🔥 BEFORE orchestrator.ExecuteMultipleFilters() - filters count: 1
[19:33:50] CLICK_OK: Begin placement for category=Ducts, filter=Ventilation
[19:33:50] LOAD_XML: zones=46
[19:33:50] COMMAND_CREATED: category=Ducts, xml=C:\Users\jse2084\AppData\Roaming\JSE_MEP_Openings\Projects\Shared Test Model -00001\Filters\Ventilation_ducts.xml
[19:34:05] COMMAND_EXECUTED: Placed=46, Skipped=0, Errors=0
[19:34:05] ENTERING_UPDATE_COORD_BLOCK
[19:34:05] BEFORE_UpdateSleeveCoordinatesInXml
[19:34:05] SleeveCoordinateService_CREATED
[19:34:05] CALLING_UpdateSleeveCoordinatesInXml: category=Ducts (database-only)
[19:34:05] AFTER_UpdateSleeveCoordinatesInXml
[19:34:05] UPDATE_COORD_SUCCESS
[19:34:20] 🔥 AFTER orchestrator.ExecuteMultipleFilters() - returned successfully
[2026-01-02 19:42:51.508] [19:42:51] CLICK_OK: handler entered

[2026-01-02 19:42:51.587] [19:42:51] CLICK_OK: raising external event

[2026-01-02 19:42:51.608] [19:42:51] CLICK_OK: external event raised

[19:42:51] 🔥🔥🔥 EXECUTE METHOD CALLED - BUILD TIMESTAMP: 2026-01-02 19:42:51 🔥🔥🔥
[19:42:51] STEP 1: Execute method started
[19:42:51] STEP 2: Categories null=False, Count=1
[19:42:51] STEP 3: MarkPrefixes null=False
[19:42:51] STEP 9: ✅ Document is not linked, continuing
[19:42:51] STEP 9.5: Categories count: 1, Categories: Ducts
[19:42:51] STEP 10: About to create orchestrator
[19:42:51] STEP 10.5: Clearance settings count: 4
[19:42:51] STEP 11: Orchestrator created successfully
[19:42:51] STEP 12.5: About to convert 1 categories to filters
[19:42:52] STEP 13: Converted to 1 filters
[19:42:52] STEP 13.5: Filter names: Ventilation
[19:42:52] 🔥 BEFORE orchestrator.ExecuteMultipleFilters() - filters count: 1
[19:42:52] CLICK_OK: Begin placement for category=Ducts, filter=Ventilation
[19:42:52] LOAD_XML: zones=23
[19:42:52] COMMAND_CREATED: category=Ducts, xml=C:\Users\jse2084\AppData\Roaming\JSE_MEP_Openings\Projects\Shared Test Model -00001\Filters\Ventilation_ducts.xml
[19:42:58] COMMAND_EXECUTED: Placed=23, Skipped=0, Errors=0
[19:42:58] ENTERING_UPDATE_COORD_BLOCK
[19:42:58] BEFORE_UpdateSleeveCoordinatesInXml
[19:42:58] SleeveCoordinateService_CREATED
[19:42:58] CALLING_UpdateSleeveCoordinatesInXml: category=Ducts (database-only)
[19:42:58] AFTER_UpdateSleeveCoordinatesInXml
[19:42:58] UPDATE_COORD_SUCCESS
[19:43:03] 🔥 AFTER orchestrator.ExecuteMultipleFilters() - returned successfully
[2026-01-02 19:57:32.215] [19:57:32] CLICK_OK: handler entered

[2026-01-02 19:57:32.291] [19:57:32] CLICK_OK: raising external event

[2026-01-02 19:57:32.317] [19:57:32] CLICK_OK: external event raised

[19:57:32] 🔥🔥🔥 EXECUTE METHOD CALLED - BUILD TIMESTAMP: 2026-01-02 19:57:32 🔥🔥🔥
[19:57:32] STEP 1: Execute method started
[19:57:32] STEP 2: Categories null=False, Count=1
[19:57:32] STEP 3: MarkPrefixes null=False
[19:57:32] STEP 9: ✅ Document is not linked, continuing
[19:57:32] STEP 9.5: Categories count: 1, Categories: Ducts
[19:57:32] STEP 10: About to create orchestrator
[19:57:32] STEP 10.5: Clearance settings count: 4
[19:57:32] STEP 11: Orchestrator created successfully
[19:57:32] STEP 12.5: About to convert 1 categories to filters
[19:57:32] STEP 13: Converted to 1 filters
[19:57:32] STEP 13.5: Filter names: Ventilation
[19:57:32] 🔥 BEFORE orchestrator.ExecuteMultipleFilters() - filters count: 1
[19:57:32] CLICK_OK: Begin placement for category=Ducts, filter=Ventilation
[19:57:32] LOAD_XML: zones=23
[19:57:33] COMMAND_CREATED: category=Ducts, xml=C:\Users\jse2084\AppData\Roaming\JSE_MEP_Openings\Projects\Shared Test Model -00001\Filters\Ventilation_ducts.xml
[19:57:40] COMMAND_EXECUTED: Placed=23, Skipped=0, Errors=0
[19:57:40] ENTERING_UPDATE_COORD_BLOCK
[19:57:40] BEFORE_UpdateSleeveCoordinatesInXml
[19:57:40] SleeveCoordinateService_CREATED
[19:57:40] CALLING_UpdateSleeveCoordinatesInXml: category=Ducts (database-only)
[19:57:41] AFTER_UpdateSleeveCoordinatesInXml
[19:57:41] UPDATE_COORD_SUCCESS
[19:57:45] 🔥 AFTER orchestrator.ExecuteMultipleFilters() - returned successfully
[2026-01-02 20:12:05.283] [20:12:05] CLICK_OK: handler entered

[2026-01-02 20:12:05.367] [20:12:05] CLICK_OK: raising external event

[2026-01-02 20:12:05.392] [20:12:05] CLICK_OK: external event raised

[20:12:05] 🔥🔥🔥 EXECUTE METHOD CALLED - BUILD TIMESTAMP: 2026-01-02 20:12:05 🔥🔥🔥
[20:12:05] STEP 1: Execute method started
[20:12:05] STEP 2: Categories null=False, Count=1
[20:12:05] STEP 3: MarkPrefixes null=False
[20:12:05] STEP 9: ✅ Document is not linked, continuing
[20:12:05] STEP 9.5: Categories count: 1, Categories: Ducts
[20:12:05] STEP 10: About to create orchestrator
[20:12:05] STEP 10.5: Clearance settings count: 4
[20:12:05] STEP 11: Orchestrator created successfully
[20:12:05] STEP 12.5: About to convert 1 categories to filters
[20:12:05] STEP 13: Converted to 1 filters
[20:12:05] STEP 13.5: Filter names: Ventilation
[20:12:05] 🔥 BEFORE orchestrator.ExecuteMultipleFilters() - filters count: 1
[20:12:05] CLICK_OK: Begin placement for category=Ducts, filter=Ventilation
[20:12:06] LOAD_XML: zones=23
[20:12:06] COMMAND_CREATED: category=Ducts, xml=C:\Users\jse2084\AppData\Roaming\JSE_MEP_Openings\Projects\Shared Test Model -00001\Filters\Ventilation_ducts.xml
[20:12:13] COMMAND_EXECUTED: Placed=23, Skipped=0, Errors=0
[20:12:13] ENTERING_UPDATE_COORD_BLOCK
[20:12:13] BEFORE_UpdateSleeveCoordinatesInXml
[20:12:13] SleeveCoordinateService_CREATED
[20:12:13] CALLING_UpdateSleeveCoordinatesInXml: category=Ducts (database-only)
[20:12:13] AFTER_UpdateSleeveCoordinatesInXml
[20:12:13] UPDATE_COORD_SUCCESS
[20:12:18] 🔥 AFTER orchestrator.ExecuteMultipleFilters() - returned successfully
[2026-01-02 20:13:03.955] [20:13:03] CLICK_OK: handler entered

[2026-01-02 20:13:04.030] [20:13:04] CLICK_OK: raising external event

[2026-01-02 20:13:04.063] [20:13:04] CLICK_OK: external event raised

[20:13:04] 🔥🔥🔥 EXECUTE METHOD CALLED - BUILD TIMESTAMP: 2026-01-02 20:13:04 🔥🔥🔥
[20:13:04] STEP 1: Execute method started
[20:13:04] STEP 2: Categories null=False, Count=1
[20:13:04] STEP 3: MarkPrefixes null=False
[20:13:04] STEP 9: ✅ Document is not linked, continuing
[20:13:04] STEP 9.5: Categories count: 1, Categories: Ducts
[20:13:04] STEP 10: About to create orchestrator
[20:13:04] STEP 10.5: Clearance settings count: 4
[20:13:04] STEP 11: Orchestrator created successfully
[20:13:04] STEP 12.5: About to convert 1 categories to filters
[20:13:04] STEP 13: Converted to 1 filters
[20:13:04] STEP 13.5: Filter names: Ventilation
[20:13:04] 🔥 BEFORE orchestrator.ExecuteMultipleFilters() - filters count: 1
[20:13:04] CLICK_OK: Begin placement for category=Ducts, filter=Ventilation
[20:13:04] LOAD_XML: zones=23
[20:13:04] COMMAND_CREATED: category=Ducts, xml=C:\Users\jse2084\AppData\Roaming\JSE_MEP_Openings\Projects\Shared Test Model -00001\Filters\Ventilation_ducts.xml
[20:13:11] COMMAND_EXECUTED: Placed=23, Skipped=0, Errors=0
[20:13:11] ENTERING_UPDATE_COORD_BLOCK
[20:13:11] BEFORE_UpdateSleeveCoordinatesInXml
[20:13:11] SleeveCoordinateService_CREATED
[20:13:11] CALLING_UpdateSleeveCoordinatesInXml: category=Ducts (database-only)
[20:13:11] AFTER_UpdateSleeveCoordinatesInXml
[20:13:11] UPDATE_COORD_SUCCESS
[20:13:16] 🔥 AFTER orchestrator.ExecuteMultipleFilters() - returned successfully
[2026-01-02 20:35:34.247] [20:35:34] CLICK_OK: handler entered

[2026-01-02 20:35:34.322] [20:35:34] CLICK_OK: raising external event

[2026-01-02 20:35:34.355] [20:35:34] CLICK_OK: external event raised

[20:35:34] 🔥🔥🔥 EXECUTE METHOD CALLED - BUILD TIMESTAMP: 2026-01-02 20:35:34 🔥🔥🔥
[20:35:34] STEP 1: Execute method started
[20:35:34] STEP 2: Categories null=False, Count=1
[20:35:34] STEP 3: MarkPrefixes null=False
[20:35:34] STEP 9: ✅ Document is not linked, continuing
[20:35:34] STEP 9.5: Categories count: 1, Categories: Ducts
[20:35:34] STEP 10: About to create orchestrator
[20:35:34] STEP 10.5: Clearance settings count: 4
[20:35:34] STEP 11: Orchestrator created successfully
[20:35:34] STEP 12.5: About to convert 1 categories to filters
[20:35:34] STEP 13: Converted to 1 filters
[20:35:34] STEP 13.5: Filter names: Ventilation
[20:35:34] 🔥 BEFORE orchestrator.ExecuteMultipleFilters() - filters count: 1
[20:35:34] CLICK_OK: Begin placement for category=Ducts, filter=Ventilation
[20:35:35] LOAD_XML: zones=23
[20:35:35] COMMAND_CREATED: category=Ducts, xml=C:\Users\jse2084\AppData\Roaming\JSE_MEP_Openings\Projects\Shared Test Model -00001\Filters\Ventilation_ducts.xml
[20:35:42] COMMAND_EXECUTED: Placed=23, Skipped=0, Errors=0
[20:35:42] ENTERING_UPDATE_COORD_BLOCK
[20:35:42] BEFORE_UpdateSleeveCoordinatesInXml
[20:35:42] SleeveCoordinateService_CREATED
[20:35:42] CALLING_UpdateSleeveCoordinatesInXml: category=Ducts (database-only)
[20:35:42] AFTER_UpdateSleeveCoordinatesInXml
[20:35:42] UPDATE_COORD_SUCCESS
[20:35:47] 🔥 AFTER orchestrator.ExecuteMultipleFilters() - returned successfully
