[08-01-2026 18:27:33] Checking project-specific profiles
[08-01-2026 18:27:33] ProfileService.ProfileFilePath: C:\Users\jse2084\Desktop\Ram _ Working Folder\Scripts\13-10-2025 ( 2023 Sample file for Testing)\JSE_MEP_Profiles\profiles_Project_3862C05C.xml
[08-01-2026 18:27:33] Available profiles count: 1
[08-01-2026 18:27:33] Current profile: mepf
[08-01-2026 18:27:33] Has profiles: True
[08-01-2026 18:27:33] Available profiles count: 1
[08-01-2026 18:27:33] Current profile: mepf
[08-01-2026 18:27:33] IsProfileSetupRequired: False
[08-01-2026 18:27:33] Checking project-specific profiles
[08-01-2026 18:27:33] ProfileService.ProfileFilePath: C:\Users\jse2084\Desktop\Ram _ Working Folder\Scripts\13-10-2025 ( 2023 Sample file for Testing)\JSE_MEP_Profiles\profiles_Project_3862C05C.xml
[08-01-2026 18:27:33] Available profiles count: 1
[08-01-2026 18:27:33] Current profile: mepf
[08-01-2026 18:27:33] Has profiles: True
[08-01-2026 18:27:33] Available profiles count: 1
[08-01-2026 18:27:33] Current profile: mepf
[08-01-2026 18:27:33] IsProfileSetupRequired: False
[08-01-2026 18:34:01] Checking project-specific profiles
[08-01-2026 18:34:01] ProfileService.ProfileFilePath: C:\Users\jse2084\Desktop\Ram _ Working Folder\Scripts\13-10-2025 ( 2023 Sample file for Testing)\JSE_MEP_Profiles\profiles_Project_3862C05C.xml
[08-01-2026 18:34:01] Available profiles count: 1
[08-01-2026 18:34:01] Current profile: mepf
[08-01-2026 18:34:01] Has profiles: True
[08-01-2026 18:34:01] Available profiles count: 1
[08-01-2026 18:34:01] Current profile: mepf
[08-01-2026 18:34:01] IsProfileSetupRequired: False
[08-01-2026 18:34:01] Checking project-specific profiles
[08-01-2026 18:34:01] ProfileService.ProfileFilePath: C:\Users\jse2084\Desktop\Ram _ Working Folder\Scripts\13-10-2025 ( 2023 Sample file for Testing)\JSE_MEP_Profiles\profiles_Project_3862C05C.xml
[08-01-2026 18:34:01] Available profiles count: 1
[08-01-2026 18:34:01] Current profile: mepf
[08-01-2026 18:34:01] Has profiles: True
[08-01-2026 18:34:01] Available profiles count: 1
[08-01-2026 18:34:01] Current profile: mepf
[08-01-2026 18:34:01] IsProfileSetupRequired: False
[08-01-2026 18:38:21] Checking project-specific profiles
[08-01-2026 18:38:21] ProfileService.ProfileFilePath: C:\Users\jse2084\Desktop\Ram _ Working Folder\Scripts\13-10-2025 ( 2023 Sample file for Testing)\JSE_MEP_Profiles\profiles_Project_3862C05C.xml
[08-01-2026 18:38:21] Available profiles count: 1
[08-01-2026 18:38:21] Current profile: mepf
[08-01-2026 18:38:21] Has profiles: True
[08-01-2026 18:38:21] Available profiles count: 1
[08-01-2026 18:38:21] Current profile: mepf
[08-01-2026 18:38:21] IsProfileSetupRequired: False
[08-01-2026 18:38:21] Checking project-specific profiles
[08-01-2026 18:38:21] ProfileService.ProfileFilePath: C:\Users\jse2084\Desktop\Ram _ Working Folder\Scripts\13-10-2025 ( 2023 Sample file for Testing)\JSE_MEP_Profiles\profiles_Project_3862C05C.xml
[08-01-2026 18:38:21] Available profiles count: 1
[08-01-2026 18:38:21] Current profile: mepf
[08-01-2026 18:38:21] Has profiles: True
[08-01-2026 18:38:21] Available profiles count: 1
[08-01-2026 18:38:21] Current profile: mepf
[08-01-2026 18:38:21] IsProfileSetupRequired: False
[08-01-2026 18:41:23] Checking project-specific profiles
[08-01-2026 18:41:23] ProfileService.ProfileFilePath: C:\Users\jse2084\Desktop\Ram _ Working Folder\Scripts\13-10-2025 ( 2023 Sample file for Testing)\JSE_MEP_Profiles\profiles_Project_3862C05C.xml
[08-01-2026 18:41:23] Available profiles count: 1
[08-01-2026 18:41:23] Current profile: mepf
[08-01-2026 18:41:23] Has profiles: True
[08-01-2026 18:41:23] Available profiles count: 1
[08-01-2026 18:41:23] Current profile: mepf
[08-01-2026 18:41:23] IsProfileSetupRequired: False
[08-01-2026 18:41:23] Checking project-specific profiles
[08-01-2026 18:41:23] ProfileService.ProfileFilePath: C:\Users\jse2084\Desktop\Ram _ Working Folder\Scripts\13-10-2025 ( 2023 Sample file for Testing)\JSE_MEP_Profiles\profiles_Project_3862C05C.xml
[08-01-2026 18:41:23] Available profiles count: 1
[08-01-2026 18:41:23] Current profile: mepf
[08-01-2026 18:41:23] Has profiles: True
[08-01-2026 18:41:23] Available profiles count: 1
[08-01-2026 18:41:23] Current profile: mepf
[08-01-2026 18:41:23] IsProfileSetupRequired: False
[08-01-2026 18:48:16] Checking project-specific profiles
[08-01-2026 18:48:16] ProfileService.ProfileFilePath: C:\Users\jse2084\Desktop\Ram _ Working Folder\Scripts\13-10-2025 ( 2023 Sample file for Testing)\JSE_MEP_Profiles\profiles_Project_3862C05C.xml
[08-01-2026 18:48:16] Available profiles count: 1
[08-01-2026 18:48:16] Current profile: mepf
[08-01-2026 18:48:16] Has profiles: True
[08-01-2026 18:48:16] Available profiles count: 1
[08-01-2026 18:48:16] Current profile: mepf
[08-01-2026 18:48:16] IsProfileSetupRequired: False
[08-01-2026 18:48:16] Checking project-specific profiles
[08-01-2026 18:48:16] ProfileService.ProfileFilePath: C:\Users\jse2084\Desktop\Ram _ Working Folder\Scripts\13-10-2025 ( 2023 Sample file for Testing)\JSE_MEP_Profiles\profiles_Project_3862C05C.xml
[08-01-2026 18:48:16] Available profiles count: 1
[08-01-2026 18:48:16] Current profile: mepf
[08-01-2026 18:48:16] Has profiles: True
[08-01-2026 18:48:16] Available profiles count: 1
[08-01-2026 18:48:16] Current profile: mepf
[08-01-2026 18:48:16] IsProfileSetupRequired: False
[08-01-2026 18:51:27] Checking project-specific profiles
[08-01-2026 18:51:27] ProfileService.ProfileFilePath: C:\Users\jse2084\Desktop\Ram _ Working Folder\Scripts\13-10-2025 ( 2023 Sample file for Testing)\JSE_MEP_Profiles\profiles_Project_3862C05C.xml
[08-01-2026 18:51:27] Available profiles count: 1
[08-01-2026 18:51:27] Current profile: mepf
[08-01-2026 18:51:27] Has profiles: True
[08-01-2026 18:51:27] Available profiles count: 1
[08-01-2026 18:51:27] Current profile: mepf
[08-01-2026 18:51:27] IsProfileSetupRequired: False
[08-01-2026 18:51:27] Checking project-specific profiles
[08-01-2026 18:51:27] ProfileService.ProfileFilePath: C:\Users\jse2084\Desktop\Ram _ Working Folder\Scripts\13-10-2025 ( 2023 Sample file for Testing)\JSE_MEP_Profiles\profiles_Project_3862C05C.xml
[08-01-2026 18:51:27] Available profiles count: 1
[08-01-2026 18:51:27] Current profile: mepf
[08-01-2026 18:51:27] Has profiles: True
[08-01-2026 18:51:27] Available profiles count: 1
[08-01-2026 18:51:27] Current profile: mepf
[08-01-2026 18:51:27] IsProfileSetupRequired: False
[08-01-2026 18:55:34] Checking project-specific profiles
[08-01-2026 18:55:34] ProfileService.ProfileFilePath: C:\Users\jse2084\Desktop\Ram _ Working Folder\Scripts\13-10-2025 ( 2023 Sample file for Testing)\JSE_MEP_Profiles\profiles_Project_3862C05C.xml
[08-01-2026 18:55:34] Available profiles count: 1
[08-01-2026 18:55:34] Current profile: mepf
[08-01-2026 18:55:34] Has profiles: True
[08-01-2026 18:55:34] Available profiles count: 1
[08-01-2026 18:55:34] Current profile: mepf
[08-01-2026 18:55:34] IsProfileSetupRequired: False
[08-01-2026 18:55:34] Checking project-specific profiles
[08-01-2026 18:55:34] ProfileService.ProfileFilePath: C:\Users\jse2084\Desktop\Ram _ Working Folder\Scripts\13-10-2025 ( 2023 Sample file for Testing)\JSE_MEP_Profiles\profiles_Project_3862C05C.xml
[08-01-2026 18:55:34] Available profiles count: 1
[08-01-2026 18:55:34] Current profile: mepf
[08-01-2026 18:55:34] Has profiles: True
[08-01-2026 18:55:34] Available profiles count: 1
[08-01-2026 18:55:34] Current profile: mepf
[08-01-2026 18:55:34] IsProfileSetupRequired: False
[08-01-2026 19:02:14] Checking project-specific profiles
[08-01-2026 19:02:14] ProfileService.ProfileFilePath: C:\Users\jse2084\Desktop\Ram _ Working Folder\Scripts\13-10-2025 ( 2023 Sample file for Testing)\JSE_MEP_Profiles\profiles_Project_3862C05C.xml
[08-01-2026 19:02:14] Available profiles count: 1
[08-01-2026 19:02:14] Current profile: mepf
[08-01-2026 19:02:14] Has profiles: True
[08-01-2026 19:02:14] Available profiles count: 1
[08-01-2026 19:02:14] Current profile: mepf
[08-01-2026 19:02:14] IsProfileSetupRequired: False
[08-01-2026 19:02:14] Checking project-specific profiles
[08-01-2026 19:02:14] ProfileService.ProfileFilePath: C:\Users\jse2084\Desktop\Ram _ Working Folder\Scripts\13-10-2025 ( 2023 Sample file for Testing)\JSE_MEP_Profiles\profiles_Project_3862C05C.xml
[08-01-2026 19:02:14] Available profiles count: 1
[08-01-2026 19:02:14] Current profile: mepf
[08-01-2026 19:02:14] Has profiles: True
[08-01-2026 19:02:14] Available profiles count: 1
[08-01-2026 19:02:14] Current profile: mepf
[08-01-2026 19:02:14] IsProfileSetupRequired: False
[08-01-2026 19:33:47] Checking project-specific profiles
[08-01-2026 19:33:47] ProfileService.ProfileFilePath: C:\Users\jse2084\Desktop\Ram _ Working Folder\Scripts\13-10-2025 ( 2023 Sample file for Testing)\JSE_MEP_Profiles\profiles_Project_3862C05C.xml
[08-01-2026 19:33:47] Available profiles count: 1
[08-01-2026 19:33:47] Current profile: mepf
[08-01-2026 19:33:47] Has profiles: True
[08-01-2026 19:33:47] Available profiles count: 1
[08-01-2026 19:33:47] Current profile: mepf
[08-01-2026 19:33:47] IsProfileSetupRequired: False
[08-01-2026 19:33:47] Checking project-specific profiles
[08-01-2026 19:33:47] ProfileService.ProfileFilePath: C:\Users\jse2084\Desktop\Ram _ Working Folder\Scripts\13-10-2025 ( 2023 Sample file for Testing)\JSE_MEP_Profiles\profiles_Project_3862C05C.xml
[08-01-2026 19:33:47] Available profiles count: 1
[08-01-2026 19:33:47] Current profile: mepf
[08-01-2026 19:33:47] Has profiles: True
[08-01-2026 19:33:47] Available profiles count: 1
[08-01-2026 19:33:47] Current profile: mepf
[08-01-2026 19:33:47] IsProfileSetupRequired: False
[08-01-2026 19:40:09] Checking project-specific profiles
[08-01-2026 19:40:09] ProfileService.ProfileFilePath: C:\Users\jse2084\Desktop\Ram _ Working Folder\Scripts\13-10-2025 ( 2023 Sample file for Testing)\JSE_MEP_Profiles\profiles_Project_3862C05C.xml
[08-01-2026 19:40:09] Available profiles count: 1
[08-01-2026 19:40:09] Current profile: mepf
[08-01-2026 19:40:09] Has profiles: True
[08-01-2026 19:40:09] Available profiles count: 1
[08-01-2026 19:40:09] Current profile: mepf
[08-01-2026 19:40:09] IsProfileSetupRequired: False
[08-01-2026 19:40:09] Checking project-specific profiles
[08-01-2026 19:40:09] ProfileService.ProfileFilePath: C:\Users\jse2084\Desktop\Ram _ Working Folder\Scripts\13-10-2025 ( 2023 Sample file for Testing)\JSE_MEP_Profiles\profiles_Project_3862C05C.xml
[08-01-2026 19:40:09] Available profiles count: 1
[08-01-2026 19:40:09] Current profile: mepf
[08-01-2026 19:40:09] Has profiles: True
[08-01-2026 19:40:09] Available profiles count: 1
[08-01-2026 19:40:09] Current profile: mepf
[08-01-2026 19:40:09] IsProfileSetupRequired: False
[08-01-2026 19:45:58] Checking project-specific profiles
[08-01-2026 19:45:58] ProfileService.ProfileFilePath: C:\Users\jse2084\Desktop\Ram _ Working Folder\Scripts\13-10-2025 ( 2023 Sample file for Testing)\JSE_MEP_Profiles\profiles_Project_3862C05C.xml
[08-01-2026 19:45:58] Available profiles count: 1
[08-01-2026 19:45:58] Current profile: mepf
[08-01-2026 19:45:58] Has profiles: True
[08-01-2026 19:45:58] Available profiles count: 1
[08-01-2026 19:45:58] Current profile: mepf
[08-01-2026 19:45:58] IsProfileSetupRequired: False
[08-01-2026 19:45:58] Checking project-specific profiles
[08-01-2026 19:45:58] ProfileService.ProfileFilePath: C:\Users\jse2084\Desktop\Ram _ Working Folder\Scripts\13-10-2025 ( 2023 Sample file for Testing)\JSE_MEP_Profiles\profiles_Project_3862C05C.xml
[08-01-2026 19:45:58] Available profiles count: 1
[08-01-2026 19:45:58] Current profile: mepf
[08-01-2026 19:45:58] Has profiles: True
[08-01-2026 19:45:58] Available profiles count: 1
[08-01-2026 19:45:58] Current profile: mepf
[08-01-2026 19:45:58] IsProfileSetupRequired: False
