[02-01-2026 10:41:26] LoadProfileData: Checking project-specific file: C:\Users\jse2084\Desktop\Ram _ Working Folder\Scripts\13-10-2025 ( 2023 Sample file for Testing)\JSE_MEP_Profiles\profiles_Project_3862C05C.xml
[02-01-2026 10:41:26] File exists: True
[02-01-2026 10:41:26] File content length: 951679
[02-01-2026 10:41:26] Found profile name: mepf
[02-01-2026 10:41:26] Found profile name: Mechanical
[02-01-2026 10:41:26] Found profile name: Electrical
[02-01-2026 10:41:26] Found profile name: Plumbing
[02-01-2026 10:41:26] Found profile name: Fire Fighting
[02-01-2026 10:41:26] Failed to load profile: mepf
[02-01-2026 10:41:26] Failed to load profile: Mechanical
[02-01-2026 10:41:26] Failed to load profile: Electrical
[02-01-2026 10:41:26] Failed to load profile: Plumbing
[02-01-2026 10:41:26] Failed to load profile: Fire Fighting
[02-01-2026 10:41:26] Total profiles added: 5
[02-01-2026 11:54:55] LoadProfileData: Checking project-specific file: C:\Users\jse2084\Documents\JSE_MEP_Profiles\profiles_Project_A263D173.xml
[02-01-2026 11:54:55] File exists: True
[02-01-2026 11:54:55] File content length: 1546
[02-01-2026 11:54:55] Found profile name: mpef
[02-01-2026 11:54:55] Found profile name: Mechanical
[02-01-2026 11:54:55] Found profile name: Electrical
[02-01-2026 11:54:55] Found profile name: Plumbing
[02-01-2026 11:54:55] Found profile name: Fire Fighting
[02-01-2026 11:54:55] Failed to load profile: mpef
[02-01-2026 11:54:55] Failed to load profile: Mechanical
[02-01-2026 11:54:55] Failed to load profile: Electrical
[02-01-2026 11:54:55] Failed to load profile: Plumbing
[02-01-2026 11:54:55] Failed to load profile: Fire Fighting
[02-01-2026 11:54:55] Total profiles added: 5
[02-01-2026 12:38:53] LoadProfileData: Checking project-specific file: C:\Users\jse2084\Desktop\Ram _ Working Folder\Scripts\13-10-2025 ( 2023 Sample file for Testing)\JSE_MEP_Profiles\profiles_Project_3862C05C.xml
[02-01-2026 12:38:53] File exists: True
[02-01-2026 12:38:53] File content length: 951679
[02-01-2026 12:38:53] Found profile name: mepf
[02-01-2026 12:38:53] Found profile name: Mechanical
[02-01-2026 12:38:53] Found profile name: Electrical
[02-01-2026 12:38:53] Found profile name: Plumbing
[02-01-2026 12:38:53] Found profile name: Fire Fighting
[02-01-2026 12:38:53] Failed to load profile: mepf
[02-01-2026 12:38:53] Failed to load profile: Mechanical
[02-01-2026 12:38:53] Failed to load profile: Electrical
[02-01-2026 12:38:53] Failed to load profile: Plumbing
[02-01-2026 12:38:53] Failed to load profile: Fire Fighting
[02-01-2026 12:38:53] Total profiles added: 5
[02-01-2026 12:48:17] LoadProfileData: Checking project-specific file: C:\Users\jse2084\Documents\JSE_MEP_Profiles\profiles_Project_A263D173.xml
[02-01-2026 12:48:17] File exists: True
[02-01-2026 12:48:17] File content length: 1546
[02-01-2026 12:48:17] Found profile name: mpef
[02-01-2026 12:48:17] Found profile name: Mechanical
[02-01-2026 12:48:17] Found profile name: Electrical
[02-01-2026 12:48:17] Found profile name: Plumbing
[02-01-2026 12:48:17] Found profile name: Fire Fighting
[02-01-2026 12:48:17] Failed to load profile: mpef
[02-01-2026 12:48:17] Failed to load profile: Mechanical
[02-01-2026 12:48:17] Failed to load profile: Electrical
[02-01-2026 12:48:17] Failed to load profile: Plumbing
[02-01-2026 12:48:17] Failed to load profile: Fire Fighting
[02-01-2026 12:48:17] Total profiles added: 5
[02-01-2026 13:17:10] LoadProfileData: Checking project-specific file: C:\Users\jse2084\Desktop\Ram _ Working Folder\Scripts\13-10-2025 ( 2023 Sample file for Testing)\JSE_MEP_Profiles\profiles_Project_3862C05C.xml
[02-01-2026 13:17:10] File exists: True
[02-01-2026 13:17:10] File content length: 951679
[02-01-2026 13:17:10] Found profile name: mepf
[02-01-2026 13:17:10] Found profile name: Mechanical
[02-01-2026 13:17:10] Found profile name: Electrical
[02-01-2026 13:17:10] Found profile name: Plumbing
[02-01-2026 13:17:10] Found profile name: Fire Fighting
[02-01-2026 13:17:10] Failed to load profile: mepf
[02-01-2026 13:17:10] Failed to load profile: Mechanical
[02-01-2026 13:17:10] Failed to load profile: Electrical
[02-01-2026 13:17:10] Failed to load profile: Plumbing
[02-01-2026 13:17:10] Failed to load profile: Fire Fighting
[02-01-2026 13:17:10] Total profiles added: 5
[02-01-2026 13:18:20] LoadProfileData: Checking project-specific file: C:\Users\jse2084\Documents\JSE_MEP_Profiles\profiles_Project_A263D173.xml
[02-01-2026 13:18:20] File exists: True
[02-01-2026 13:18:20] File content length: 1546
[02-01-2026 13:18:20] Found profile name: mpef
[02-01-2026 13:18:20] Found profile name: Mechanical
[02-01-2026 13:18:20] Found profile name: Electrical
[02-01-2026 13:18:20] Found profile name: Plumbing
[02-01-2026 13:18:20] Found profile name: Fire Fighting
[02-01-2026 13:18:20] Failed to load profile: mpef
[02-01-2026 13:18:20] Failed to load profile: Mechanical
[02-01-2026 13:18:20] Failed to load profile: Electrical
[02-01-2026 13:18:20] Failed to load profile: Plumbing
[02-01-2026 13:18:20] Failed to load profile: Fire Fighting
[02-01-2026 13:18:20] Total profiles added: 5
[02-01-2026 13:38:10] LoadProfileData: Checking project-specific file: C:\Users\jse2084\Desktop\Ram _ Working Folder\Scripts\13-10-2025 ( 2023 Sample file for Testing)\JSE_MEP_Profiles\profiles_Project_3862C05C.xml
[02-01-2026 13:38:10] File exists: True
[02-01-2026 13:38:10] File content length: 951679
[02-01-2026 13:38:10] Found profile name: mepf
[02-01-2026 13:38:10] Found profile name: Mechanical
[02-01-2026 13:38:10] Found profile name: Electrical
[02-01-2026 13:38:10] Found profile name: Plumbing
[02-01-2026 13:38:10] Found profile name: Fire Fighting
[02-01-2026 13:38:10] Failed to load profile: mepf
[02-01-2026 13:38:10] Failed to load profile: Mechanical
[02-01-2026 13:38:10] Failed to load profile: Electrical
[02-01-2026 13:38:10] Failed to load profile: Plumbing
[02-01-2026 13:38:10] Failed to load profile: Fire Fighting
[02-01-2026 13:38:10] Total profiles added: 5
[02-01-2026 14:32:35] LoadProfileData: Checking project-specific file: C:\Users\jse2084\Desktop\Ram _ Working Folder\Scripts\13-10-2025 ( 2023 Sample file for Testing)\JSE_MEP_Profiles\profiles_Project_3862C05C.xml
[02-01-2026 14:32:35] File exists: True
[02-01-2026 14:32:35] File content length: 951679
[02-01-2026 14:32:35] Found profile name: mepf
[02-01-2026 14:32:35] Found profile name: Mechanical
[02-01-2026 14:32:35] Found profile name: Electrical
[02-01-2026 14:32:35] Found profile name: Plumbing
[02-01-2026 14:32:35] Found profile name: Fire Fighting
[02-01-2026 14:32:36] Failed to load profile: mepf
[02-01-2026 14:32:36] Failed to load profile: Mechanical
[02-01-2026 14:32:36] Failed to load profile: Electrical
[02-01-2026 14:32:36] Failed to load profile: Plumbing
[02-01-2026 14:32:36] Failed to load profile: Fire Fighting
[02-01-2026 14:32:36] Total profiles added: 5
[02-01-2026 14:49:39] LoadProfileData: Checking project-specific file: C:\Users\jse2084\Documents\JSE_MEP_Profiles\profiles_Project_A263D173.xml
[02-01-2026 14:49:39] File exists: True
[02-01-2026 14:49:39] File content length: 1546
[02-01-2026 14:49:39] Found profile name: mpef
[02-01-2026 14:49:39] Found profile name: Mechanical
[02-01-2026 14:49:39] Found profile name: Electrical
[02-01-2026 14:49:39] Found profile name: Plumbing
[02-01-2026 14:49:39] Found profile name: Fire Fighting
[02-01-2026 14:49:39] Failed to load profile: mpef
[02-01-2026 14:49:39] Failed to load profile: Mechanical
[02-01-2026 14:49:39] Failed to load profile: Electrical
[02-01-2026 14:49:39] Failed to load profile: Plumbing
[02-01-2026 14:49:39] Failed to load profile: Fire Fighting
[02-01-2026 14:49:39] Total profiles added: 5
[02-01-2026 16:12:04] LoadProfileData: Checking project-specific file: C:\Users\jse2084\Desktop\Ram _ Working Folder\Scripts\13-10-2025 ( 2023 Sample file for Testing)\JSE_MEP_Profiles\profiles_Project_3862C05C.xml
[02-01-2026 16:12:04] File exists: True
[02-01-2026 16:12:04] File content length: 951679
[02-01-2026 16:12:04] Found profile name: mepf
[02-01-2026 16:12:04] Found profile name: Mechanical
[02-01-2026 16:12:04] Found profile name: Electrical
[02-01-2026 16:12:04] Found profile name: Plumbing
[02-01-2026 16:12:04] Found profile name: Fire Fighting
[02-01-2026 16:12:04] Failed to load profile: mepf
[02-01-2026 16:12:04] Failed to load profile: Mechanical
[02-01-2026 16:12:04] Failed to load profile: Electrical
[02-01-2026 16:12:04] Failed to load profile: Plumbing
[02-01-2026 16:12:04] Failed to load profile: Fire Fighting
[02-01-2026 16:12:04] Total profiles added: 5
[02-01-2026 16:42:47] LoadProfileData: Checking project-specific file: C:\Users\jse2084\Documents\JSE_MEP_Profiles\profiles_Project_A263D173.xml
[02-01-2026 16:42:47] File exists: True
[02-01-2026 16:42:47] File content length: 1546
[02-01-2026 16:42:47] Found profile name: mpef
[02-01-2026 16:42:47] Found profile name: Mechanical
[02-01-2026 16:42:47] Found profile name: Electrical
[02-01-2026 16:42:47] Found profile name: Plumbing
[02-01-2026 16:42:47] Found profile name: Fire Fighting
[02-01-2026 16:42:47] Failed to load profile: mpef
[02-01-2026 16:42:47] Failed to load profile: Mechanical
[02-01-2026 16:42:47] Failed to load profile: Electrical
[02-01-2026 16:42:47] Failed to load profile: Plumbing
[02-01-2026 16:42:47] Failed to load profile: Fire Fighting
[02-01-2026 16:42:47] Total profiles added: 5
[02-01-2026 16:45:27] LoadProfileData: Checking project-specific file: C:\Users\jse2084\Documents\JSE_MEP_Profiles\profiles_Project_A263D173.xml
[02-01-2026 16:45:27] File exists: True
[02-01-2026 16:45:27] File content length: 1546
[02-01-2026 16:45:27] Found profile name: mpef
[02-01-2026 16:45:27] Found profile name: Mechanical
[02-01-2026 16:45:27] Found profile name: Electrical
[02-01-2026 16:45:27] Found profile name: Plumbing
[02-01-2026 16:45:27] Found profile name: Fire Fighting
[02-01-2026 16:45:27] Failed to load profile: mpef
[02-01-2026 16:45:27] Failed to load profile: Mechanical
[02-01-2026 16:45:27] Failed to load profile: Electrical
[02-01-2026 16:45:27] Failed to load profile: Plumbing
[02-01-2026 16:45:27] Failed to load profile: Fire Fighting
[02-01-2026 16:45:27] Total profiles added: 5
[02-01-2026 17:17:35] LoadProfileData: Checking project-specific file: C:\Users\jse2084\Desktop\Ram _ Working Folder\Scripts\13-10-2025 ( 2023 Sample file for Testing)\JSE_MEP_Profiles\profiles_Project_3862C05C.xml
[02-01-2026 17:17:35] File exists: True
[02-01-2026 17:17:35] File content length: 951679
[02-01-2026 17:17:35] Found profile name: mepf
[02-01-2026 17:17:35] Found profile name: Mechanical
[02-01-2026 17:17:35] Found profile name: Electrical
[02-01-2026 17:17:35] Found profile name: Plumbing
[02-01-2026 17:17:35] Found profile name: Fire Fighting
[02-01-2026 17:17:35] Failed to load profile: mepf
[02-01-2026 17:17:35] Failed to load profile: Mechanical
[02-01-2026 17:17:35] Failed to load profile: Electrical
[02-01-2026 17:17:35] Failed to load profile: Plumbing
[02-01-2026 17:17:35] Failed to load profile: Fire Fighting
[02-01-2026 17:17:35] Total profiles added: 5
[02-01-2026 17:29:25] LoadProfileData: Checking project-specific file: C:\Users\jse2084\Desktop\Ram _ Working Folder\Scripts\13-10-2025 ( 2023 Sample file for Testing)\JSE_MEP_Profiles\profiles_Project_3862C05C.xml
[02-01-2026 17:29:25] File exists: True
[02-01-2026 17:29:25] File content length: 951679
[02-01-2026 17:29:25] Found profile name: mepf
[02-01-2026 17:29:25] Found profile name: Mechanical
[02-01-2026 17:29:25] Found profile name: Electrical
[02-01-2026 17:29:25] Found profile name: Plumbing
[02-01-2026 17:29:25] Found profile name: Fire Fighting
[02-01-2026 17:29:25] Failed to load profile: mepf
[02-01-2026 17:29:25] Failed to load profile: Mechanical
[02-01-2026 17:29:25] Failed to load profile: Electrical
[02-01-2026 17:29:25] Failed to load profile: Plumbing
[02-01-2026 17:29:25] Failed to load profile: Fire Fighting
[02-01-2026 17:29:25] Total profiles added: 5
[02-01-2026 17:46:26] LoadProfileData: Checking project-specific file: C:\Users\jse2084\Desktop\Ram _ Working Folder\Scripts\13-10-2025 ( 2023 Sample file for Testing)\JSE_MEP_Profiles\profiles_Project_3862C05C.xml
[02-01-2026 17:46:26] File exists: True
[02-01-2026 17:46:26] File content length: 951679
[02-01-2026 17:46:26] Found profile name: mepf
[02-01-2026 17:46:26] Found profile name: Mechanical
[02-01-2026 17:46:26] Found profile name: Electrical
[02-01-2026 17:46:26] Found profile name: Plumbing
[02-01-2026 17:46:26] Found profile name: Fire Fighting
[02-01-2026 17:46:26] Failed to load profile: mepf
[02-01-2026 17:46:26] Failed to load profile: Mechanical
[02-01-2026 17:46:26] Failed to load profile: Electrical
[02-01-2026 17:46:26] Failed to load profile: Plumbing
[02-01-2026 17:46:26] Failed to load profile: Fire Fighting
[02-01-2026 17:46:26] Total profiles added: 5
[02-01-2026 17:57:26] LoadProfileData: Checking project-specific file: C:\Users\jse2084\Desktop\Ram _ Working Folder\Scripts\13-10-2025 ( 2023 Sample file for Testing)\JSE_MEP_Profiles\profiles_Project_3862C05C.xml
[02-01-2026 17:57:26] File exists: True
[02-01-2026 17:57:26] File content length: 951679
[02-01-2026 17:57:26] Found profile name: mepf
[02-01-2026 17:57:26] Found profile name: Mechanical
[02-01-2026 17:57:26] Found profile name: Electrical
[02-01-2026 17:57:26] Found profile name: Plumbing
[02-01-2026 17:57:26] Found profile name: Fire Fighting
[02-01-2026 17:57:26] Failed to load profile: mepf
[02-01-2026 17:57:26] Failed to load profile: Mechanical
[02-01-2026 17:57:26] Failed to load profile: Electrical
[02-01-2026 17:57:26] Failed to load profile: Plumbing
[02-01-2026 17:57:26] Failed to load profile: Fire Fighting
[02-01-2026 17:57:26] Total profiles added: 5
[02-01-2026 19:00:16] LoadProfileData: Checking project-specific file: C:\Users\jse2084\Desktop\Ram _ Working Folder\Scripts\13-10-2025 ( 2023 Sample file for Testing)\JSE_MEP_Profiles\profiles_Project_3862C05C.xml
[02-01-2026 19:00:16] File exists: True
[02-01-2026 19:00:16] File content length: 951679
[02-01-2026 19:00:16] Found profile name: mepf
[02-01-2026 19:00:16] Found profile name: Mechanical
[02-01-2026 19:00:16] Found profile name: Electrical
[02-01-2026 19:00:16] Found profile name: Plumbing
[02-01-2026 19:00:16] Found profile name: Fire Fighting
[02-01-2026 19:00:16] Failed to load profile: mepf
[02-01-2026 19:00:16] Failed to load profile: Mechanical
[02-01-2026 19:00:16] Failed to load profile: Electrical
[02-01-2026 19:00:16] Failed to load profile: Plumbing
[02-01-2026 19:00:16] Failed to load profile: Fire Fighting
[02-01-2026 19:00:16] Total profiles added: 5
[02-01-2026 19:06:39] LoadProfileData: Checking project-specific file: C:\Users\jse2084\Desktop\Ram _ Working Folder\Scripts\13-10-2025 ( 2023 Sample file for Testing)\JSE_MEP_Profiles\profiles_Project_3862C05C.xml
[02-01-2026 19:06:39] File exists: True
[02-01-2026 19:06:39] File content length: 951679
[02-01-2026 19:06:39] Found profile name: mepf
[02-01-2026 19:06:39] Found profile name: Mechanical
[02-01-2026 19:06:39] Found profile name: Electrical
[02-01-2026 19:06:39] Found profile name: Plumbing
[02-01-2026 19:06:39] Found profile name: Fire Fighting
[02-01-2026 19:06:39] Failed to load profile: mepf
[02-01-2026 19:06:39] Failed to load profile: Mechanical
[02-01-2026 19:06:39] Failed to load profile: Electrical
[02-01-2026 19:06:39] Failed to load profile: Plumbing
[02-01-2026 19:06:39] Failed to load profile: Fire Fighting
[02-01-2026 19:06:39] Total profiles added: 5
[02-01-2026 19:08:33] LoadProfileData: Checking project-specific file: C:\Users\jse2084\Desktop\Ram _ Working Folder\Scripts\13-10-2025 ( 2023 Sample file for Testing)\JSE_MEP_Profiles\profiles_Project_3862C05C.xml
[02-01-2026 19:08:33] File exists: True
[02-01-2026 19:08:33] File content length: 951679
[02-01-2026 19:08:33] Found profile name: mepf
[02-01-2026 19:08:33] Found profile name: Mechanical
[02-01-2026 19:08:33] Found profile name: Electrical
[02-01-2026 19:08:33] Found profile name: Plumbing
[02-01-2026 19:08:33] Found profile name: Fire Fighting
[02-01-2026 19:08:33] Failed to load profile: mepf
[02-01-2026 19:08:33] Failed to load profile: Mechanical
[02-01-2026 19:08:33] Failed to load profile: Electrical
[02-01-2026 19:08:33] Failed to load profile: Plumbing
[02-01-2026 19:08:33] Failed to load profile: Fire Fighting
[02-01-2026 19:08:33] Total profiles added: 5
[02-01-2026 19:10:13] LoadProfileData: Checking project-specific file: C:\Users\jse2084\Desktop\Ram _ Working Folder\Scripts\13-10-2025 ( 2023 Sample file for Testing)\JSE_MEP_Profiles\profiles_Project_3862C05C.xml
[02-01-2026 19:10:13] File exists: True
[02-01-2026 19:10:13] File content length: 951679
[02-01-2026 19:10:13] Found profile name: mepf
[02-01-2026 19:10:13] Found profile name: Mechanical
[02-01-2026 19:10:13] Found profile name: Electrical
[02-01-2026 19:10:13] Found profile name: Plumbing
[02-01-2026 19:10:13] Found profile name: Fire Fighting
[02-01-2026 19:10:13] Failed to load profile: mepf
[02-01-2026 19:10:13] Failed to load profile: Mechanical
[02-01-2026 19:10:13] Failed to load profile: Electrical
[02-01-2026 19:10:13] Failed to load profile: Plumbing
[02-01-2026 19:10:13] Failed to load profile: Fire Fighting
[02-01-2026 19:10:13] Total profiles added: 5
[02-01-2026 19:13:33] LoadProfileData: Checking project-specific file: C:\Users\jse2084\Desktop\Ram _ Working Folder\Scripts\13-10-2025 ( 2023 Sample file for Testing)\JSE_MEP_Profiles\profiles_Project_3862C05C.xml
[02-01-2026 19:13:33] File exists: True
[02-01-2026 19:13:33] File content length: 951679
[02-01-2026 19:13:33] Found profile name: mepf
[02-01-2026 19:13:33] Found profile name: Mechanical
[02-01-2026 19:13:33] Found profile name: Electrical
[02-01-2026 19:13:33] Found profile name: Plumbing
[02-01-2026 19:13:33] Found profile name: Fire Fighting
[02-01-2026 19:13:33] Failed to load profile: mepf
[02-01-2026 19:13:33] Failed to load profile: Mechanical
[02-01-2026 19:13:33] Failed to load profile: Electrical
[02-01-2026 19:13:33] Failed to load profile: Plumbing
[02-01-2026 19:13:33] Failed to load profile: Fire Fighting
[02-01-2026 19:13:33] Total profiles added: 5
[02-01-2026 19:18:33] LoadProfileData: Checking project-specific file: C:\Users\jse2084\Desktop\Ram _ Working Folder\Scripts\13-10-2025 ( 2023 Sample file for Testing)\JSE_MEP_Profiles\profiles_Project_3862C05C.xml
[02-01-2026 19:18:33] File exists: True
[02-01-2026 19:18:33] File content length: 951679
[02-01-2026 19:18:33] Found profile name: mepf
[02-01-2026 19:18:33] Found profile name: Mechanical
[02-01-2026 19:18:33] Found profile name: Electrical
[02-01-2026 19:18:33] Found profile name: Plumbing
[02-01-2026 19:18:33] Found profile name: Fire Fighting
[02-01-2026 19:18:33] Failed to load profile: mepf
[02-01-2026 19:18:33] Failed to load profile: Mechanical
[02-01-2026 19:18:33] Failed to load profile: Electrical
[02-01-2026 19:18:33] Failed to load profile: Plumbing
[02-01-2026 19:18:33] Failed to load profile: Fire Fighting
[02-01-2026 19:18:33] Total profiles added: 5
[02-01-2026 19:19:16] LoadProfileData: Checking project-specific file: C:\Users\jse2084\Desktop\Ram _ Working Folder\Scripts\13-10-2025 ( 2023 Sample file for Testing)\JSE_MEP_Profiles\profiles_Project_3862C05C.xml
[02-01-2026 19:19:16] File exists: True
[02-01-2026 19:19:16] File content length: 951679
[02-01-2026 19:19:16] Found profile name: mepf
[02-01-2026 19:19:16] Found profile name: Mechanical
[02-01-2026 19:19:16] Found profile name: Electrical
[02-01-2026 19:19:16] Found profile name: Plumbing
[02-01-2026 19:19:16] Found profile name: Fire Fighting
[02-01-2026 19:19:16] Failed to load profile: mepf
[02-01-2026 19:19:16] Failed to load profile: Mechanical
[02-01-2026 19:19:16] Failed to load profile: Electrical
[02-01-2026 19:19:16] Failed to load profile: Plumbing
[02-01-2026 19:19:16] Failed to load profile: Fire Fighting
[02-01-2026 19:19:16] Total profiles added: 5
[02-01-2026 19:33:37] LoadProfileData: Checking project-specific file: C:\Users\jse2084\Desktop\Ram _ Working Folder\Scripts\13-10-2025 ( 2023 Sample file for Testing)\JSE_MEP_Profiles\profiles_Project_3862C05C.xml
[02-01-2026 19:33:37] File exists: True
[02-01-2026 19:33:37] File content length: 951679
[02-01-2026 19:33:37] Found profile name: mepf
[02-01-2026 19:33:37] Found profile name: Mechanical
[02-01-2026 19:33:37] Found profile name: Electrical
[02-01-2026 19:33:37] Found profile name: Plumbing
[02-01-2026 19:33:37] Found profile name: Fire Fighting
[02-01-2026 19:33:37] Failed to load profile: mepf
[02-01-2026 19:33:37] Failed to load profile: Mechanical
[02-01-2026 19:33:37] Failed to load profile: Electrical
[02-01-2026 19:33:37] Failed to load profile: Plumbing
[02-01-2026 19:33:37] Failed to load profile: Fire Fighting
[02-01-2026 19:33:37] Total profiles added: 5
[02-01-2026 19:42:31] LoadProfileData: Checking project-specific file: C:\Users\jse2084\Desktop\Ram _ Working Folder\Scripts\13-10-2025 ( 2023 Sample file for Testing)\JSE_MEP_Profiles\profiles_Project_3862C05C.xml
[02-01-2026 19:42:31] File exists: True
[02-01-2026 19:42:31] File content length: 951679
[02-01-2026 19:42:31] Found profile name: mepf
[02-01-2026 19:42:31] Found profile name: Mechanical
[02-01-2026 19:42:31] Found profile name: Electrical
[02-01-2026 19:42:31] Found profile name: Plumbing
[02-01-2026 19:42:31] Found profile name: Fire Fighting
[02-01-2026 19:42:31] Failed to load profile: mepf
[02-01-2026 19:42:31] Failed to load profile: Mechanical
[02-01-2026 19:42:31] Failed to load profile: Electrical
[02-01-2026 19:42:31] Failed to load profile: Plumbing
[02-01-2026 19:42:31] Failed to load profile: Fire Fighting
[02-01-2026 19:42:31] Total profiles added: 5
[02-01-2026 19:57:16] LoadProfileData: Checking project-specific file: C:\Users\jse2084\Desktop\Ram _ Working Folder\Scripts\13-10-2025 ( 2023 Sample file for Testing)\JSE_MEP_Profiles\profiles_Project_3862C05C.xml
[02-01-2026 19:57:16] File exists: True
[02-01-2026 19:57:16] File content length: 951679
[02-01-2026 19:57:16] Found profile name: mepf
[02-01-2026 19:57:16] Found profile name: Mechanical
[02-01-2026 19:57:16] Found profile name: Electrical
[02-01-2026 19:57:16] Found profile name: Plumbing
[02-01-2026 19:57:16] Found profile name: Fire Fighting
[02-01-2026 19:57:16] Failed to load profile: mepf
[02-01-2026 19:57:16] Failed to load profile: Mechanical
[02-01-2026 19:57:16] Failed to load profile: Electrical
[02-01-2026 19:57:16] Failed to load profile: Plumbing
[02-01-2026 19:57:16] Failed to load profile: Fire Fighting
[02-01-2026 19:57:16] Total profiles added: 5
[02-01-2026 20:11:55] LoadProfileData: Checking project-specific file: C:\Users\jse2084\Desktop\Ram _ Working Folder\Scripts\13-10-2025 ( 2023 Sample file for Testing)\JSE_MEP_Profiles\profiles_Project_3862C05C.xml
[02-01-2026 20:11:55] File exists: True
[02-01-2026 20:11:55] File content length: 951679
[02-01-2026 20:11:55] Found profile name: mepf
[02-01-2026 20:11:55] Found profile name: Mechanical
[02-01-2026 20:11:55] Found profile name: Electrical
[02-01-2026 20:11:55] Found profile name: Plumbing
[02-01-2026 20:11:55] Found profile name: Fire Fighting
[02-01-2026 20:11:55] Failed to load profile: mepf
[02-01-2026 20:11:55] Failed to load profile: Mechanical
[02-01-2026 20:11:55] Failed to load profile: Electrical
[02-01-2026 20:11:55] Failed to load profile: Plumbing
[02-01-2026 20:11:55] Failed to load profile: Fire Fighting
[02-01-2026 20:11:55] Total profiles added: 5
[02-01-2026 20:12:49] LoadProfileData: Checking project-specific file: C:\Users\jse2084\Desktop\Ram _ Working Folder\Scripts\13-10-2025 ( 2023 Sample file for Testing)\JSE_MEP_Profiles\profiles_Project_3862C05C.xml
[02-01-2026 20:12:49] File exists: True
[02-01-2026 20:12:49] File content length: 951679
[02-01-2026 20:12:49] Found profile name: mepf
[02-01-2026 20:12:49] Found profile name: Mechanical
[02-01-2026 20:12:49] Found profile name: Electrical
[02-01-2026 20:12:49] Found profile name: Plumbing
[02-01-2026 20:12:49] Found profile name: Fire Fighting
[02-01-2026 20:12:49] Failed to load profile: mepf
[02-01-2026 20:12:49] Failed to load profile: Mechanical
[02-01-2026 20:12:49] Failed to load profile: Electrical
[02-01-2026 20:12:49] Failed to load profile: Plumbing
[02-01-2026 20:12:49] Failed to load profile: Fire Fighting
[02-01-2026 20:12:49] Total profiles added: 5
[02-01-2026 20:34:49] LoadProfileData: Checking project-specific file: C:\Users\jse2084\Desktop\Ram _ Working Folder\Scripts\13-10-2025 ( 2023 Sample file for Testing)\JSE_MEP_Profiles\profiles_Project_3862C05C.xml
[02-01-2026 20:34:49] File exists: True
[02-01-2026 20:34:49] File content length: 951679
[02-01-2026 20:34:49] Found profile name: mepf
[02-01-2026 20:34:49] Found profile name: Mechanical
[02-01-2026 20:34:49] Found profile name: Electrical
[02-01-2026 20:34:49] Found profile name: Plumbing
[02-01-2026 20:34:49] Found profile name: Fire Fighting
[02-01-2026 20:34:49] Failed to load profile: mepf
[02-01-2026 20:34:49] Failed to load profile: Mechanical
[02-01-2026 20:34:49] Failed to load profile: Electrical
[02-01-2026 20:34:49] Failed to load profile: Plumbing
[02-01-2026 20:34:49] Failed to load profile: Fire Fighting
[02-01-2026 20:34:49] Total profiles added: 5
[02-01-2026 20:35:20] LoadProfileData: Checking project-specific file: C:\Users\jse2084\Desktop\Ram _ Working Folder\Scripts\13-10-2025 ( 2023 Sample file for Testing)\JSE_MEP_Profiles\profiles_Project_3862C05C.xml
[02-01-2026 20:35:20] File exists: True
[02-01-2026 20:35:20] File content length: 951679
[02-01-2026 20:35:20] Found profile name: mepf
[02-01-2026 20:35:20] Found profile name: Mechanical
[02-01-2026 20:35:20] Found profile name: Electrical
[02-01-2026 20:35:20] Found profile name: Plumbing
[02-01-2026 20:35:20] Found profile name: Fire Fighting
[02-01-2026 20:35:20] Failed to load profile: mepf
[02-01-2026 20:35:20] Failed to load profile: Mechanical
[02-01-2026 20:35:20] Failed to load profile: Electrical
[02-01-2026 20:35:20] Failed to load profile: Plumbing
[02-01-2026 20:35:20] Failed to load profile: Fire Fighting
[02-01-2026 20:35:20] Total profiles added: 5
