[2026-01-02 20:35:30.561] [02-01-2026 20:35:30] ===== REFRESH LOG STARTED =====

[2026-01-02 20:35:30.563] [02-01-2026 20:35:30] 🔨 BUILD TIMESTAMP: 2026-01-02 20:34:50 | Assembly: JSE_RevitAddin_MEP_OPENINGS.dll

[2026-01-02 20:35:30.565] [02-01-2026 20:35:30] Filters (1): Ventilation

[2026-01-02 20:35:30.567] [02-01-2026 20:35:30] MEP Categories (1): Ducts

[2026-01-02 20:35:30.569] [02-01-2026 20:35:30] Reference Files (1): ME-00001

[2026-01-02 20:35:30.570] [02-01-2026 20:35:30] Host Files (1): AR-00001

[2026-01-02 20:35:30.572] [02-01-2026 20:35:30] ============================================


[2026-01-02 20:35:30.581] [02-01-2026 20:35:30] ===== ExecuteRefreshInternal STARTED =====

[2026-01-02 20:35:30.908] [02-01-2026 20:35:30] [HIERARCHICAL-RESET] ✅ Reset flags for 0 zones

[2026-01-02 20:35:30.916] [02-01-2026 20:35:30] [SESSION-CONTEXT] ✅ Applied section box context. Marked 0 zones

[2026-01-02 20:35:30.926] [02-01-2026 20:35:30] [XML-CACHE] ⚡ OPTIMIZATION: Skipping XML cache loading (database-only mode)

[2026-01-02 20:35:30.930] [02-01-2026 20:35:30] [SQLite] [SQLite] Assembly directory: C:\Users\jse2084\AppData\Local\Temp\RevitAddins\JSE_RevitAddin_MEP_OPENINGS-Executing-20260102_203519_8819

[2026-01-02 20:35:30.932] [02-01-2026 20:35:30] [SQLite] [SQLite] ✅ Found dependency: System.Data.SQLite.dll

[2026-01-02 20:35:30.933] [02-01-2026 20:35:30] [SQLite] [SQLite] ✅ Found dependency: x64\SQLite.Interop.dll

[2026-01-02 20:35:30.935] [02-01-2026 20:35:30] [SQLite] [SQLite] Filters directory: C:\Users\jse2084\AppData\Roaming\JSE_MEP_Openings\Projects\Shared Test Model -00001\Filters

[2026-01-02 20:35:30.937] [02-01-2026 20:35:30] [SQLite] [SQLite] Database path: C:\Users\jse2084\AppData\Roaming\JSE_MEP_Openings\Projects\Shared Test Model -00001\Filters\Shared_Test_Model_-00001_SleevePersistence.db

[2026-01-02 20:35:30.941] [02-01-2026 20:35:30] [SQLite] [SQLite] ✅ Connection opened successfully

[2026-01-02 20:35:30.943] [02-01-2026 20:35:30] [SQLite] [SQLite] ⏭️ Skipping schema verification (session-cached)

[2026-01-02 20:35:30.945] [02-01-2026 20:35:30] [SQLite] [SQLite] ✅ Database ready (1916928 bytes)

[2026-01-02 20:35:30.949] [02-01-2026 20:35:30] [SECTION-BOX] Capturing section box bounds for caching...

[2026-01-02 20:35:30.954] [02-01-2026 20:35:30] [SECTION-BOX] ✅ Section box bounds captured and stored successfully

[2026-01-02 20:35:30.978] [02-01-2026 20:35:30] [INTERSECTION-PROCESSOR] Phase 1: Preparing existing zones from XML cache...

[2026-01-02 20:35:30.982] [02-01-2026 20:35:30] [CLASHZONE-CACHE] Loading data from database for reuse...

[2026-01-02 20:35:30.993] [02-01-2026 20:35:30] [CLASHZONE-CACHE] ✅ Cache loaded: 0 filters in 8ms

[2026-01-02 20:35:30.995] [02-01-2026 20:35:30] [XML-CACHE] Loaded 0 existing clash zones from cache

[2026-01-02 20:35:30.996] [02-01-2026 20:35:30] [INTERSECTION-PROCESSOR] Using 0 existing clash zones from context

[2026-01-02 20:35:31.004] [02-01-2026 20:35:31] [DB-COMBO-CHECK] Combo not found: Filter='Ventilation', Category='Ducts', Linked='ME-00001', Host='AR-00001' → not processed

[2026-01-02 20:35:31.006] [02-01-2026 20:35:31] [INTERSECTION-PROCESSOR] Decision Factors: EnableThreePointValidation=True, allCombosProcessed=False, hasUnresolvedZones=False, DeploymentMode=False

[2026-01-02 20:35:31.008] [02-01-2026 20:35:31] [INTERSECTION-PROCESSOR] ⚠️ FULL DETECTION MODE: FullDetection: DeploymentMode OFF (testing mode) - always run detection to populate database (EnableThreePointValidation=True, allCombosProcessed=False)

[2026-01-02 20:35:31.009] [02-01-2026 20:35:31] [INTERSECTION-PROCESSOR] ✅ FINAL DECISION: Mode=FullDetection, ShouldRunDetection=True, Reason='FullDetection: DeploymentMode OFF (testing mode) - always run detection to populate database (EnableThreePointValidation=True, allCombosProcessed=False)'

[2026-01-02 20:35:31.011] [02-01-2026 20:35:31] [INTERSECTION-PROCESSOR] Decision: Mode=FullDetection, ShouldRunDetection=True, Reason='FullDetection: DeploymentMode OFF (testing mode) - always run detection to populate database (EnableThreePointValidation=True, allCombosProcessed=False)'

[2026-01-02 20:35:31.014] [02-01-2026 20:35:31] [INTERSECTION-PROCESSOR] Phase 2: Running detection (Mode=FullDetection)...

[2026-01-02 20:35:31.026] [02-01-2026 20:35:31] [INTERSECTION-PROCESSOR] 🔴 Running detection with FULL collector-level multi-filter optimization...

[2026-01-02 20:35:31.032] [02-01-2026 20:35:31] [INTERSECTION-PROCESSOR] View3D: Name='{3D}', IsSectionBoxActive=True

[2026-01-02 20:35:31.035] [02-01-2026 20:35:31] [INTERSECTION-PROCESSOR] ✅ Section box outline: Min=(-28.56, -5.01, -6.67), Max=(116.34, 13.69, 43.29)

[2026-01-02 20:35:31.038] [02-01-2026 20:35:31] [INTERSECTION-PROCESSOR] Building MEP category filters for 1 categories: Ducts

[2026-01-02 20:35:31.041] [02-01-2026 20:35:31] [INTERSECTION-PROCESSOR] ✅ Added MEP category filter: Ducts -> OST_DuctCurves

[2026-01-02 20:35:31.043] [02-01-2026 20:35:31] [INTERSECTION-PROCESSOR] ✅ Built 1 MEP category filters

[2026-01-02 20:35:31.046] [02-01-2026 20:35:31] [INTERSECTION-PROCESSOR] ✅ Added host category filter: Walls -> OST_Walls

[2026-01-02 20:35:31.048] [02-01-2026 20:35:31] [INTERSECTION-PROCESSOR] ========== 5-STEP FILTER CONFIGURATION ==========

[2026-01-02 20:35:31.050] [02-01-2026 20:35:31] [5-STEP-FILTER] Filter 1 (Section Box): ✅ ACTIVE

[2026-01-02 20:35:31.051] [02-01-2026 20:35:31] [5-STEP-FILTER] Filter 2 (Reference File): 1 file(s) selected

[2026-01-02 20:35:31.053] [02-01-2026 20:35:31] [5-STEP-FILTER] Filter 3 (MEP Categories): 1 category/categories selected

[2026-01-02 20:35:31.055] [02-01-2026 20:35:31] [5-STEP-FILTER] Filter 4 (Host File): 1 file(s) selected

[2026-01-02 20:35:31.057] [02-01-2026 20:35:31] [5-STEP-FILTER] Filter 5 (Host Categories): 1 type(s) selected

[2026-01-02 20:35:31.058] [02-01-2026 20:35:31] [INTERSECTION-PROCESSOR] =================================================

[2026-01-02 20:35:31.060] [02-01-2026 20:35:31] [INTERSECTION-PROCESSOR] Collecting MEP elements with collector-level filters...

[2026-01-02 20:35:31.071] [02-01-2026 20:35:31] [INTERSECTION-PROCESSOR] ========== MEP ELEMENT COLLECTION: 5-STEP FILTER VERIFICATION ==========

[2026-01-02 20:35:31.073] [02-01-2026 20:35:31] [5-STEP-FILTER] ✅ Filter 1 (Section Box): Applied at collector level - BoundingBoxIntersectsFilter

[2026-01-02 20:35:31.075] [02-01-2026 20:35:31] [5-STEP-FILTER] ✅ Filter 3 (MEP Categories): Applied at collector level - 1 category filter(s)

[2026-01-02 20:35:31.077] [02-01-2026 20:35:31] [5-STEP-FILTER] ✅ Combined 2 filters into compound filter (LogicalAndFilter) - ALL applied at collector level BEFORE element loading

[2026-01-02 20:35:31.078] [02-01-2026 20:35:31] [INTERSECTION-PROCESSOR] Collecting MEP elements from ACTIVE document...

[2026-01-02 20:35:31.080] [02-01-2026 20:35:31] [5-STEP-FILTER] ✅ Filter 2 (Reference File): Active document - collector-level filters applied

[2026-01-02 20:35:31.084] [02-01-2026 20:35:31] [INTERSECTION-PROCESSOR] ✅ Collected 0 MEP elements from ACTIVE document (pre-filtered by Filters 1+3 at collector level)

[2026-01-02 20:35:31.086] [02-01-2026 20:35:31] [INTERSECTION-PROCESSOR] Collecting MEP elements from 1 linked files: ME-00001

[2026-01-02 20:35:31.087] [02-01-2026 20:35:31] [5-STEP-FILTER] ✅ Filter 2 (Reference File): 1 linked file(s) selected - collector-level filters applied per file

[2026-01-02 20:35:31.090] [02-01-2026 20:35:31] [INTERSECTION-PROCESSOR] Found 6 total link instances in document

[2026-01-02 20:35:31.092] [02-01-2026 20:35:31] [INTERSECTION-PROCESSOR]   Available link: Name='ME-00001.rvt : 9 : location Shared', Title='ME-00001', PathName='ME-00001'

[2026-01-02 20:35:31.094] [02-01-2026 20:35:31] [INTERSECTION-PROCESSOR]   Available link: Name='PH-00001.rvt : 12 : location Shared', Title='PH-00001', PathName='PH-00001'

[2026-01-02 20:35:31.096] [02-01-2026 20:35:31] [INTERSECTION-PROCESSOR]   Available link: Name='FP-00001.rvt : 13 : location Shared', Title='FP-00001', PathName='FP-00001'

[2026-01-02 20:35:31.098] [02-01-2026 20:35:31] [INTERSECTION-PROCESSOR]   Available link: Name='EL-00001.rvt : 14 : location Shared', Title='EL-00001', PathName='EL-00001'

[2026-01-02 20:35:31.099] [02-01-2026 20:35:31] [INTERSECTION-PROCESSOR]   Available link: Name='ST-00001.rvt : 15 : location Shared', Title='ST-00001', PathName='ST-00001'

[2026-01-02 20:35:31.101] [02-01-2026 20:35:31] [INTERSECTION-PROCESSOR]   Available link: Name='AR-00001.rvt : 17 : location <Not Shared>', Title='AR-00001', PathName='AR-00001'

[2026-01-02 20:35:31.103] [02-01-2026 20:35:31] [INTERSECTION-PROCESSOR] ✅ Matched linked file: Name='ME-00001.rvt : 9 : location Shared', Title='ME-00001'

[2026-01-02 20:35:31.106] [02-01-2026 20:35:31] [INTERSECTION-PROCESSOR] Matched 1 linked files for MEP element collection

[2026-01-02 20:35:31.108] [02-01-2026 20:35:31] [INTERSECTION-PROCESSOR] Collecting MEP elements from linked document: ME-00001

[2026-01-02 20:35:31.113] [02-01-2026 20:35:31] [INTERSECTION-PROCESSOR] ✅ Collected 54 MEP elements from linked document: ME-00001 (collector-level filters applied)

[2026-01-02 20:35:31.114] [02-01-2026 20:35:31] [5-STEP-FILTER] ========== MEP COLLECTION COMPLETE: 54 total elements (Filters 1+2+3 applied at collector level) ==========

[2026-01-02 20:35:31.116] [02-01-2026 20:35:31] [INTERSECTION-PROCESSOR] ✅ Collected 54 MEP elements (pre-filtered at collector level)

[2026-01-02 20:35:31.118] [02-01-2026 20:35:31] [INTERSECTION-PROCESSOR] Collecting host elements with collector-level filters...

[2026-01-02 20:35:31.129] [02-01-2026 20:35:31] [INTERSECTION-PROCESSOR] ========== HOST ELEMENT COLLECTION: 5-STEP FILTER VERIFICATION ==========

[2026-01-02 20:35:31.130] [02-01-2026 20:35:31] [5-STEP-FILTER] ✅ Filter 1 (Section Box): Applied at collector level - BoundingBoxIntersectsFilter

[2026-01-02 20:35:31.132] [02-01-2026 20:35:31] [5-STEP-FILTER] ✅ Filter 5 (Host Categories): Category filter applied at collector level - 1 category filter(s)

[2026-01-02 20:35:31.134] [02-01-2026 20:35:31] [5-STEP-FILTER] ⚠️ Filter 5 (Host Categories): Property filters (wall thickness, structural floors) applied AFTER collection (Revit API limitation)

[2026-01-02 20:35:31.135] [02-01-2026 20:35:31] [5-STEP-FILTER] ✅ Combined 2 filters into compound filter (LogicalAndFilter) - ALL applied at collector level BEFORE element loading

[2026-01-02 20:35:31.137] [02-01-2026 20:35:31] [INTERSECTION-PROCESSOR] Collecting host elements from 1 linked files: AR-00001

[2026-01-02 20:35:31.138] [02-01-2026 20:35:31] [INTERSECTION-PROCESSOR] ⚠️ Host elements are ALWAYS in linked documents (skipping active document)

[2026-01-02 20:35:31.140] [02-01-2026 20:35:31] [5-STEP-FILTER] ✅ Filter 4 (Host File): 1 linked file(s) selected - collector-level filters applied per file

[2026-01-02 20:35:31.144] [02-01-2026 20:35:31] [INTERSECTION-PROCESSOR] Found 6 total link instances in document

[2026-01-02 20:35:31.145] [02-01-2026 20:35:31] [INTERSECTION-PROCESSOR]   Available link: Name='ME-00001.rvt : 9 : location Shared', Title='ME-00001', PathName='ME-00001'

[2026-01-02 20:35:31.146] [02-01-2026 20:35:31] [INTERSECTION-PROCESSOR]   Available link: Name='PH-00001.rvt : 12 : location Shared', Title='PH-00001', PathName='PH-00001'

[2026-01-02 20:35:31.148] [02-01-2026 20:35:31] [INTERSECTION-PROCESSOR]   Available link: Name='FP-00001.rvt : 13 : location Shared', Title='FP-00001', PathName='FP-00001'

[2026-01-02 20:35:31.150] [02-01-2026 20:35:31] [INTERSECTION-PROCESSOR]   Available link: Name='EL-00001.rvt : 14 : location Shared', Title='EL-00001', PathName='EL-00001'

[2026-01-02 20:35:31.153] [02-01-2026 20:35:31] [INTERSECTION-PROCESSOR]   Available link: Name='ST-00001.rvt : 15 : location Shared', Title='ST-00001', PathName='ST-00001'

[2026-01-02 20:35:31.155] [02-01-2026 20:35:31] [INTERSECTION-PROCESSOR]   Available link: Name='AR-00001.rvt : 17 : location <Not Shared>', Title='AR-00001', PathName='AR-00001'

[2026-01-02 20:35:31.157] [02-01-2026 20:35:31] [INTERSECTION-PROCESSOR] ✅ Matched linked file: Name='AR-00001.rvt : 17 : location <Not Shared>', Title='AR-00001'

[2026-01-02 20:35:31.159] [02-01-2026 20:35:31] [INTERSECTION-PROCESSOR] Matched 1 linked files for host element collection

[2026-01-02 20:35:31.161] [02-01-2026 20:35:31] [INTERSECTION-PROCESSOR] Collecting host elements from linked document: AR-00001

[2026-01-02 20:35:31.165] [02-01-2026 20:35:31] [5-STEP-FILTER] ✅ Collected 3 elements from AR-00001 (pre-filtered by Filters 1+5 at collector level)

[2026-01-02 20:35:31.168] [02-01-2026 20:35:31] [PROPERTY-FILTER] MinWallThickness setting loaded: 7mm (will filter walls thinner than this)

[2026-01-02 20:35:31.171] [02-01-2026 20:35:31] [5-STEP-FILTER] ✅ Filter 5 (Property Filters): Applied post-collection - 3 elements remaining after property filters

[2026-01-02 20:35:31.173] [02-01-2026 20:35:31] [INTERSECTION-PROCESSOR] ✅ Collected 3 host elements from linked document: AR-00001

[2026-01-02 20:35:31.174] [02-01-2026 20:35:31] [5-STEP-FILTER] ========== HOST COLLECTION COMPLETE: 3 total elements (Filters 1+4+5 applied: 1+4+5(category) at collector level, 5(property) post-collection) ==========

[2026-01-02 20:35:31.176] [02-01-2026 20:35:31] [INTERSECTION-PROCESSOR] ✅ Collected 3 host elements (pre-filtered at collector level)

[2026-01-02 20:35:31.178] [02-01-2026 20:35:31] [INTERSECTION-PROCESSOR] Running intersection detection with MepIntersectionService (geometry caching enabled)...

[2026-01-02 20:35:31.388] [02-01-2026 20:35:31] [INTERSECTION-PROCESSOR] Found 28 intersections from 54 MEP + 3 host elements

[2026-01-02 20:35:31.390] [02-01-2026 20:35:31] [INTERSECTION-PROCESSOR] Applying MEP intersection filters...

[2026-01-02 20:35:31.396] [02-01-2026 20:35:31] [DUCT-DAMPER-FILTER] Starting optimized duct-damper proximity filtering...

[2026-01-02 20:35:31.414] [02-01-2026 20:35:31] [DUCT-DAMPER-FILTER] Pre-collected 21 total dampers in host + linked documents

[2026-01-02 20:35:31.417] [02-01-2026 20:35:31] [DUCT-DAMPER-FILTER] Found 28 ducts and 0 dampers in intersections

[2026-01-02 20:35:31.421] [02-01-2026 20:35:31] [DUCT-DAMPER-FILTER] ✅ Filtering complete in 23ms: Removed 5 ducts near dampers, keeping 23 ducts + 0 dampers = 23 total zones

[2026-01-02 20:35:31.423] [02-01-2026 20:35:31] [INTERSECTION-PROCESSOR] After MEP intersection filtering: 23 intersections (removed 5 elements)

[2026-01-02 20:35:31.472] [02-01-2026 20:35:31] [CLASH-ZONE-SERVICE] [SECTION-BOX] Updated DB Section Box from View: {3D}

[2026-01-02 20:35:31.474] [02-01-2026 20:35:31] [CLASH-ZONE-SERVICE] [METHOD3] DEBUG: DetectNewClashZones called with 23 intersections

[2026-01-02 20:35:31.476] [02-01-2026 20:35:31] [CLASH-ZONE-SERVICE] [PERFORMANCE] Clash Zone Creation Strategy: UseStreamlinedClashZoneCreation = True

[2026-01-02 20:35:31.478] [02-01-2026 20:35:31] [CLASH-ZONE-SERVICE] [PERFORMANCE] Executing Streamlined Clash Zone Creation (Fast Path)...

[2026-01-02 20:35:31.501] [02-01-2026 20:35:31] [CLASH-ZONE-SERVICE] [STREAMLINED] Pre-cached parameter whitelist with 21 keys

[2026-01-02 20:35:31.513] [02-01-2026 20:35:31] [CLASH-ZONE-SERVICE] [STREAMLINED] Pre-fetched 0 GUIDs from database

[2026-01-02 20:35:31.516] [02-01-2026 20:35:31] [CLASH-ZONE-SERVICE] [STREAMLINED] Collected 0 potential sleeve candidates in 1ms

[2026-01-02 20:35:31.520] [02-01-2026 20:35:31] [CLASH-ZONE-SERVICE] [STREAMLINED] Pre-indexed 0 openings for O(1) existence checks in 1ms

[2026-01-02 20:35:31.616] [02-01-2026 20:35:31] [CLASH-ZONE-SERVICE] [STREAMLINED] Batch captured parameters for 23 MEP elements and 2 host elements

[2026-01-02 20:35:31.631] [02-01-2026 20:35:31] [CLASH-ZONE-SERVICE] [STREAMLINED] Pre-calculated 23 orientations in 12ms

[2026-01-02 20:35:31.666] [02-01-2026 20:35:31] [CLASH-ZONE-SERVICE] [PROFILER] Cache lookup: 0ms

[2026-01-02 20:35:31.669] [02-01-2026 20:35:31] [CLASH-ZONE-SERVICE] [PROFILER] GetStructuralElementType: 0ms

[2026-01-02 20:35:31.680] [02-01-2026 20:35:31] [CLASH-ZONE-SERVICE] [PROFILER] GetMepElementDimensions: 9ms

[2026-01-02 20:35:31.681] [02-01-2026 20:35:31] [CLASH-ZONE-SERVICE] [PROFILER] GetMepElementOrientation (or cache): 0ms

[2026-01-02 20:35:31.684] [02-01-2026 20:35:31] [CLASH-ZONE-SERVICE] [PROFILER] WallDirectionService: 0ms

[2026-01-02 20:35:31.686] [02-01-2026 20:35:31] [CLASH-ZONE-SERVICE] [PROFILER] GetElementCategoryName: 0ms

[2026-01-02 20:35:31.687] [02-01-2026 20:35:31] [CLASH-ZONE-SERVICE] [PROFILER] GetPipeOpeningType: 0ms

[2026-01-02 20:35:31.697] [02-01-2026 20:35:31] [CLASH-ZONE-SERVICE] [PROFILER] GetMepElementLevelInfo: 7ms

[2026-01-02 20:35:31.701] [02-01-2026 20:35:31] [CLASH-ZONE-SERVICE] [CheckExistingSleeve] Checking for sleeves at EXACT placement point (49.517364489, 0.721784777, 7.946029328)

[2026-01-02 20:35:31.703] [02-01-2026 20:35:31] [CLASH-ZONE-SERVICE] [CheckExistingSleeve] No existing sleeve found at EXACT placement point (49.517364489, 0.721784777, 7.946029328)

[2026-01-02 20:35:31.711] [02-01-2026 20:35:31] [CLASH-ZONE-SERVICE] [DEBUG] Duct 740243 family name: Rectangular Duct

[2026-01-02 20:35:31.734] [02-01-2026 20:35:31] [CLASH-ZONE-SERVICE] [PARAM-SNAPSHOT] Captured 10 MEP parameters and 2 host parameters for ClashZone (MEP=740243, Host=321070)

[2026-01-02 20:35:31.771] [02-01-2026 20:35:31] [CLASH-ZONE-SERVICE] [PROFILER] Cache lookup: 0ms

[2026-01-02 20:35:31.773] [02-01-2026 20:35:31] [CLASH-ZONE-SERVICE] [PROFILER] GetStructuralElementType: 0ms

[2026-01-02 20:35:31.778] [02-01-2026 20:35:31] [CLASH-ZONE-SERVICE] [PROFILER] GetMepElementDimensions: 1ms

[2026-01-02 20:35:31.779] [02-01-2026 20:35:31] [CLASH-ZONE-SERVICE] [PROFILER] GetMepElementOrientation (or cache): 0ms

[2026-01-02 20:35:31.781] [02-01-2026 20:35:31] [CLASH-ZONE-SERVICE] [PROFILER] WallDirectionService: 0ms

[2026-01-02 20:35:31.783] [02-01-2026 20:35:31] [CLASH-ZONE-SERVICE] [PROFILER] GetElementCategoryName: 0ms

[2026-01-02 20:35:31.784] [02-01-2026 20:35:31] [CLASH-ZONE-SERVICE] [PROFILER] GetPipeOpeningType: 0ms

[2026-01-02 20:35:31.787] [02-01-2026 20:35:31] [CLASH-ZONE-SERVICE] [PROFILER] GetMepElementLevelInfo: 0ms

[2026-01-02 20:35:31.790] [02-01-2026 20:35:31] [CLASH-ZONE-SERVICE] [CheckExistingSleeve] Checking for sleeves at EXACT placement point (5.525990451, 0.721784777, 4.921259843)

[2026-01-02 20:35:31.792] [02-01-2026 20:35:31] [CLASH-ZONE-SERVICE] [CheckExistingSleeve] No existing sleeve found at EXACT placement point (5.525990451, 0.721784777, 4.921259843)

[2026-01-02 20:35:31.794] [02-01-2026 20:35:31] [CLASH-ZONE-SERVICE] [DEBUG] Duct 739979 family name: Round Duct

[2026-01-02 20:35:31.807] [02-01-2026 20:35:31] [CLASH-ZONE-SERVICE] [PARAM-SNAPSHOT] Captured 9 MEP parameters and 2 host parameters for ClashZone (MEP=739979, Host=321070)

[2026-01-02 20:35:31.817] [02-01-2026 20:35:31] [CLASH-ZONE-SERVICE] [PROFILER] Cache lookup: 0ms

[2026-01-02 20:35:31.819] [02-01-2026 20:35:31] [CLASH-ZONE-SERVICE] [PROFILER] GetStructuralElementType: 0ms

[2026-01-02 20:35:31.820] [02-01-2026 20:35:31] [CLASH-ZONE-SERVICE] [PROFILER] GetMepElementDimensions: 0ms

[2026-01-02 20:35:31.822] [02-01-2026 20:35:31] [CLASH-ZONE-SERVICE] [PROFILER] GetMepElementOrientation (or cache): 0ms

[2026-01-02 20:35:31.824] [02-01-2026 20:35:31] [CLASH-ZONE-SERVICE] [PROFILER] WallDirectionService: 0ms

[2026-01-02 20:35:31.825] [02-01-2026 20:35:31] [CLASH-ZONE-SERVICE] [PROFILER] GetElementCategoryName: 0ms

[2026-01-02 20:35:31.827] [02-01-2026 20:35:31] [CLASH-ZONE-SERVICE] [PROFILER] GetPipeOpeningType: 0ms

[2026-01-02 20:35:31.829] [02-01-2026 20:35:31] [CLASH-ZONE-SERVICE] [PROFILER] GetMepElementLevelInfo: 0ms

[2026-01-02 20:35:31.832] [02-01-2026 20:35:31] [CLASH-ZONE-SERVICE] [CheckExistingSleeve] Checking for sleeves at EXACT placement point (51.541698074, 0.721784777, 10.542495959)

[2026-01-02 20:35:31.834] [02-01-2026 20:35:31] [CLASH-ZONE-SERVICE] [CheckExistingSleeve] No existing sleeve found at EXACT placement point (51.541698074, 0.721784777, 10.542495959)

[2026-01-02 20:35:31.836] [02-01-2026 20:35:31] [CLASH-ZONE-SERVICE] [DEBUG] Duct 736453 family name: Rectangular Duct

[2026-01-02 20:35:31.850] [02-01-2026 20:35:31] [CLASH-ZONE-SERVICE] [PARAM-SNAPSHOT] Captured 10 MEP parameters and 2 host parameters for ClashZone (MEP=736453, Host=321070)

[2026-01-02 20:35:31.859] [02-01-2026 20:35:31] [CLASH-ZONE-SERVICE] [PROFILER] Cache lookup: 0ms

[2026-01-02 20:35:31.861] [02-01-2026 20:35:31] [CLASH-ZONE-SERVICE] [PROFILER] GetStructuralElementType: 0ms

[2026-01-02 20:35:31.862] [02-01-2026 20:35:31] [CLASH-ZONE-SERVICE] [PROFILER] GetMepElementDimensions: 0ms

[2026-01-02 20:35:31.864] [02-01-2026 20:35:31] [CLASH-ZONE-SERVICE] [PROFILER] GetMepElementOrientation (or cache): 0ms

[2026-01-02 20:35:31.865] [02-01-2026 20:35:31] [CLASH-ZONE-SERVICE] [PROFILER] WallDirectionService: 0ms

[2026-01-02 20:35:31.868] [02-01-2026 20:35:31] [CLASH-ZONE-SERVICE] [PROFILER] GetElementCategoryName: 0ms

[2026-01-02 20:35:31.869] [02-01-2026 20:35:31] [CLASH-ZONE-SERVICE] [PROFILER] GetPipeOpeningType: 0ms

[2026-01-02 20:35:31.872] [02-01-2026 20:35:31] [CLASH-ZONE-SERVICE] [PROFILER] GetMepElementLevelInfo: 0ms

[2026-01-02 20:35:31.877] [02-01-2026 20:35:31] [CLASH-ZONE-SERVICE] [CheckExistingSleeve] Checking for sleeves at EXACT placement point (35.252624672, 0.721784777, 4.839238845)

[2026-01-02 20:35:31.880] [02-01-2026 20:35:31] [CLASH-ZONE-SERVICE] [CheckExistingSleeve] No existing sleeve found at EXACT placement point (35.252624672, 0.721784777, 4.839238845)

[2026-01-02 20:35:31.882] [02-01-2026 20:35:31] [CLASH-ZONE-SERVICE] [DEBUG] Duct 735733 family name: Rectangular Duct

[2026-01-02 20:35:31.901] [02-01-2026 20:35:31] [CLASH-ZONE-SERVICE] [PARAM-SNAPSHOT] Captured 10 MEP parameters and 2 host parameters for ClashZone (MEP=735733, Host=321070)

[2026-01-02 20:35:31.935] [02-01-2026 20:35:31] [CLASH-ZONE-SERVICE] [PROFILER] Cache lookup: 0ms

[2026-01-02 20:35:31.937] [02-01-2026 20:35:31] [CLASH-ZONE-SERVICE] [PROFILER] GetStructuralElementType: 0ms

[2026-01-02 20:35:31.938] [02-01-2026 20:35:31] [CLASH-ZONE-SERVICE] [PROFILER] GetMepElementDimensions: 0ms

[2026-01-02 20:35:31.940] [02-01-2026 20:35:31] [CLASH-ZONE-SERVICE] [PROFILER] GetMepElementOrientation (or cache): 0ms

[2026-01-02 20:35:31.941] [02-01-2026 20:35:31] [CLASH-ZONE-SERVICE] [PROFILER] WallDirectionService: 0ms

[2026-01-02 20:35:31.944] [02-01-2026 20:35:31] [CLASH-ZONE-SERVICE] [PROFILER] GetElementCategoryName: 0ms

[2026-01-02 20:35:31.944] [02-01-2026 20:35:31] [CLASH-ZONE-SERVICE] [PROFILER] GetPipeOpeningType: 0ms

[2026-01-02 20:35:31.946] [02-01-2026 20:35:31] [CLASH-ZONE-SERVICE] [PROFILER] GetMepElementLevelInfo: 0ms

[2026-01-02 20:35:31.950] [02-01-2026 20:35:31] [CLASH-ZONE-SERVICE] [CheckExistingSleeve] Checking for sleeves at EXACT placement point (23.974408586, 0.721784777, 4.180098894)

[2026-01-02 20:35:31.952] [02-01-2026 20:35:31] [CLASH-ZONE-SERVICE] [CheckExistingSleeve] No existing sleeve found at EXACT placement point (23.974408586, 0.721784777, 4.180098894)

[2026-01-02 20:35:31.954] [02-01-2026 20:35:31] [CLASH-ZONE-SERVICE] [DEBUG] Duct 735253 family name: Rectangular Duct

[2026-01-02 20:35:31.968] [02-01-2026 20:35:31] [CLASH-ZONE-SERVICE] [PARAM-SNAPSHOT] Captured 10 MEP parameters and 2 host parameters for ClashZone (MEP=735253, Host=321070)

[2026-01-02 20:35:31.977] [02-01-2026 20:35:31] [CLASH-ZONE-SERVICE] [PROFILER] Cache lookup: 0ms

[2026-01-02 20:35:31.979] [02-01-2026 20:35:31] [CLASH-ZONE-SERVICE] [PROFILER] GetStructuralElementType: 0ms

[2026-01-02 20:35:31.982] [02-01-2026 20:35:31] [CLASH-ZONE-SERVICE] [PROFILER] GetMepElementDimensions: 1ms

[2026-01-02 20:35:31.983] [02-01-2026 20:35:31] [CLASH-ZONE-SERVICE] [PROFILER] GetMepElementOrientation (or cache): 0ms

[2026-01-02 20:35:31.986] [02-01-2026 20:35:31] [CLASH-ZONE-SERVICE] [PROFILER] WallDirectionService: 0ms

[2026-01-02 20:35:31.988] [02-01-2026 20:35:31] [CLASH-ZONE-SERVICE] [PROFILER] GetElementCategoryName: 0ms

[2026-01-02 20:35:31.990] [02-01-2026 20:35:31] [CLASH-ZONE-SERVICE] [PROFILER] GetPipeOpeningType: 0ms

[2026-01-02 20:35:31.992] [02-01-2026 20:35:31] [CLASH-ZONE-SERVICE] [PROFILER] GetMepElementLevelInfo: 0ms

[2026-01-02 20:35:31.995] [02-01-2026 20:35:31] [CLASH-ZONE-SERVICE] [CheckExistingSleeve] Checking for sleeves at EXACT placement point (11.123346291, 0.721784777, 2.441272966)

[2026-01-02 20:35:31.997] [02-01-2026 20:35:31] [CLASH-ZONE-SERVICE] [CheckExistingSleeve] No existing sleeve found at EXACT placement point (11.123346291, 0.721784777, 2.441272966)

[2026-01-02 20:35:31.999] [02-01-2026 20:35:31] [CLASH-ZONE-SERVICE] [DEBUG] Duct 740031 family name: Round Duct

[2026-01-02 20:35:32.011] [02-01-2026 20:35:32] [CLASH-ZONE-SERVICE] [PARAM-SNAPSHOT] Captured 9 MEP parameters and 2 host parameters for ClashZone (MEP=740031, Host=321070)

[2026-01-02 20:35:32.021] [02-01-2026 20:35:32] [CLASH-ZONE-SERVICE] [PROFILER] Cache lookup: 0ms

[2026-01-02 20:35:32.023] [02-01-2026 20:35:32] [CLASH-ZONE-SERVICE] [PROFILER] GetStructuralElementType: 0ms

[2026-01-02 20:35:32.024] [02-01-2026 20:35:32] [CLASH-ZONE-SERVICE] [PROFILER] GetMepElementDimensions: 0ms

[2026-01-02 20:35:32.026] [02-01-2026 20:35:32] [CLASH-ZONE-SERVICE] [PROFILER] GetMepElementOrientation (or cache): 0ms

[2026-01-02 20:35:32.028] [02-01-2026 20:35:32] [CLASH-ZONE-SERVICE] [PROFILER] WallDirectionService: 0ms

[2026-01-02 20:35:32.029] [02-01-2026 20:35:32] [CLASH-ZONE-SERVICE] [PROFILER] GetElementCategoryName: 0ms

[2026-01-02 20:35:32.031] [02-01-2026 20:35:32] [CLASH-ZONE-SERVICE] [PROFILER] GetPipeOpeningType: 0ms

[2026-01-02 20:35:32.033] [02-01-2026 20:35:32] [CLASH-ZONE-SERVICE] [PROFILER] GetMepElementLevelInfo: 0ms

[2026-01-02 20:35:32.037] [02-01-2026 20:35:32] [CLASH-ZONE-SERVICE] [CheckExistingSleeve] Checking for sleeves at EXACT placement point (53.709716912, 0.721784777, 5.207906977)

[2026-01-02 20:35:32.038] [02-01-2026 20:35:32] [CLASH-ZONE-SERVICE] [CheckExistingSleeve] No existing sleeve found at EXACT placement point (53.709716912, 0.721784777, 5.207906977)

[2026-01-02 20:35:32.040] [02-01-2026 20:35:32] [CLASH-ZONE-SERVICE] [DEBUG] Duct 736572 family name: Rectangular Duct

[2026-01-02 20:35:32.056] [02-01-2026 20:35:32] [CLASH-ZONE-SERVICE] [PARAM-SNAPSHOT] Captured 10 MEP parameters and 2 host parameters for ClashZone (MEP=736572, Host=321070)

[2026-01-02 20:35:32.067] [02-01-2026 20:35:32] [CLASH-ZONE-SERVICE] [PROFILER] Cache lookup: 0ms

[2026-01-02 20:35:32.069] [02-01-2026 20:35:32] [CLASH-ZONE-SERVICE] [PROFILER] GetStructuralElementType: 0ms

[2026-01-02 20:35:32.070] [02-01-2026 20:35:32] [CLASH-ZONE-SERVICE] [PROFILER] GetMepElementDimensions: 0ms

[2026-01-02 20:35:32.073] [02-01-2026 20:35:32] [CLASH-ZONE-SERVICE] [PROFILER] GetMepElementOrientation (or cache): 0ms

[2026-01-02 20:35:32.074] [02-01-2026 20:35:32] [CLASH-ZONE-SERVICE] [PROFILER] WallDirectionService: 0ms

[2026-01-02 20:35:32.076] [02-01-2026 20:35:32] [CLASH-ZONE-SERVICE] [PROFILER] GetElementCategoryName: 0ms

[2026-01-02 20:35:32.078] [02-01-2026 20:35:32] [CLASH-ZONE-SERVICE] [PROFILER] GetPipeOpeningType: 0ms

[2026-01-02 20:35:32.081] [02-01-2026 20:35:32] [CLASH-ZONE-SERVICE] [PROFILER] GetMepElementLevelInfo: 0ms

[2026-01-02 20:35:32.085] [02-01-2026 20:35:32] [CLASH-ZONE-SERVICE] [CheckExistingSleeve] Checking for sleeves at EXACT placement point (25.420321505, 0.721784777, 10.322622964)

[2026-01-02 20:35:32.087] [02-01-2026 20:35:32] [CLASH-ZONE-SERVICE] [CheckExistingSleeve] No existing sleeve found at EXACT placement point (25.420321505, 0.721784777, 10.322622964)

[2026-01-02 20:35:32.089] [02-01-2026 20:35:32] [CLASH-ZONE-SERVICE] [DEBUG] Duct 735391 family name: Rectangular Duct

[2026-01-02 20:35:32.104] [02-01-2026 20:35:32] [CLASH-ZONE-SERVICE] [PARAM-SNAPSHOT] Captured 10 MEP parameters and 2 host parameters for ClashZone (MEP=735391, Host=321070)

[2026-01-02 20:35:32.115] [02-01-2026 20:35:32] [CLASH-ZONE-SERVICE] [PROFILER] Cache lookup: 0ms

[2026-01-02 20:35:32.117] [02-01-2026 20:35:32] [CLASH-ZONE-SERVICE] [PROFILER] GetStructuralElementType: 0ms

[2026-01-02 20:35:32.121] [02-01-2026 20:35:32] [CLASH-ZONE-SERVICE] [PROFILER] GetMepElementDimensions: 1ms

[2026-01-02 20:35:32.123] [02-01-2026 20:35:32] [CLASH-ZONE-SERVICE] [PROFILER] GetMepElementOrientation (or cache): 0ms

[2026-01-02 20:35:32.124] [02-01-2026 20:35:32] [CLASH-ZONE-SERVICE] [PROFILER] WallDirectionService: 0ms

[2026-01-02 20:35:32.126] [02-01-2026 20:35:32] [CLASH-ZONE-SERVICE] [PROFILER] GetElementCategoryName: 0ms

[2026-01-02 20:35:32.128] [02-01-2026 20:35:32] [CLASH-ZONE-SERVICE] [PROFILER] GetPipeOpeningType: 0ms

[2026-01-02 20:35:32.130] [02-01-2026 20:35:32] [CLASH-ZONE-SERVICE] [PROFILER] GetMepElementLevelInfo: 0ms

[2026-01-02 20:35:32.133] [02-01-2026 20:35:32] [CLASH-ZONE-SERVICE] [CheckExistingSleeve] Checking for sleeves at EXACT placement point (6.913695630, 0.721784777, 8.421724333)

[2026-01-02 20:35:32.134] [02-01-2026 20:35:32] [CLASH-ZONE-SERVICE] [CheckExistingSleeve] No existing sleeve found at EXACT placement point (6.913695630, 0.721784777, 8.421724333)

[2026-01-02 20:35:32.136] [02-01-2026 20:35:32] [CLASH-ZONE-SERVICE] [DEBUG] Duct 740116 family name: Round Duct

[2026-01-02 20:35:32.151] [02-01-2026 20:35:32] [CLASH-ZONE-SERVICE] [PARAM-SNAPSHOT] Captured 9 MEP parameters and 2 host parameters for ClashZone (MEP=740116, Host=321070)

[2026-01-02 20:35:32.160] [02-01-2026 20:35:32] [CLASH-ZONE-SERVICE] [PROFILER] Cache lookup: 0ms

[2026-01-02 20:35:32.162] [02-01-2026 20:35:32] [CLASH-ZONE-SERVICE] [PROFILER] GetStructuralElementType: 0ms

[2026-01-02 20:35:32.163] [02-01-2026 20:35:32] [CLASH-ZONE-SERVICE] [PROFILER] GetMepElementDimensions: 0ms

[2026-01-02 20:35:32.165] [02-01-2026 20:35:32] [CLASH-ZONE-SERVICE] [PROFILER] GetMepElementOrientation (or cache): 0ms

[2026-01-02 20:35:32.167] [02-01-2026 20:35:32] [CLASH-ZONE-SERVICE] [PROFILER] WallDirectionService: 0ms

[2026-01-02 20:35:32.168] [02-01-2026 20:35:32] [CLASH-ZONE-SERVICE] [PROFILER] GetElementCategoryName: 0ms

[2026-01-02 20:35:32.170] [02-01-2026 20:35:32] [CLASH-ZONE-SERVICE] [PROFILER] GetPipeOpeningType: 0ms

[2026-01-02 20:35:32.172] [02-01-2026 20:35:32] [CLASH-ZONE-SERVICE] [PROFILER] GetMepElementLevelInfo: 0ms

[2026-01-02 20:35:32.175] [02-01-2026 20:35:32] [CLASH-ZONE-SERVICE] [CheckExistingSleeve] Checking for sleeves at EXACT placement point (35.252624672, 0.721784777, 10.416666667)

[2026-01-02 20:35:32.177] [02-01-2026 20:35:32] [CLASH-ZONE-SERVICE] [CheckExistingSleeve] No existing sleeve found at EXACT placement point (35.252624672, 0.721784777, 10.416666667)

[2026-01-02 20:35:32.179] [02-01-2026 20:35:32] [CLASH-ZONE-SERVICE] [DEBUG] Duct 735808 family name: Rectangular Duct

[2026-01-02 20:35:32.193] [02-01-2026 20:35:32] [CLASH-ZONE-SERVICE] [PARAM-SNAPSHOT] Captured 10 MEP parameters and 2 host parameters for ClashZone (MEP=735808, Host=321070)

[2026-01-02 20:35:32.202] [02-01-2026 20:35:32] [CLASH-ZONE-SERVICE] [PROFILER] Cache lookup: 0ms

[2026-01-02 20:35:32.204] [02-01-2026 20:35:32] [CLASH-ZONE-SERVICE] [PROFILER] GetStructuralElementType: 0ms

[2026-01-02 20:35:32.207] [02-01-2026 20:35:32] [CLASH-ZONE-SERVICE] [PROFILER] GetMepElementDimensions: 1ms

[2026-01-02 20:35:32.208] [02-01-2026 20:35:32] [CLASH-ZONE-SERVICE] [PROFILER] GetMepElementOrientation (or cache): 0ms

[2026-01-02 20:35:32.210] [02-01-2026 20:35:32] [CLASH-ZONE-SERVICE] [PROFILER] WallDirectionService: 0ms

[2026-01-02 20:35:32.212] [02-01-2026 20:35:32] [CLASH-ZONE-SERVICE] [PROFILER] GetElementCategoryName: 0ms

[2026-01-02 20:35:32.214] [02-01-2026 20:35:32] [CLASH-ZONE-SERVICE] [PROFILER] GetPipeOpeningType: 0ms

[2026-01-02 20:35:32.215] [02-01-2026 20:35:32] [CLASH-ZONE-SERVICE] [PROFILER] GetMepElementLevelInfo: 0ms

[2026-01-02 20:35:32.219] [02-01-2026 20:35:32] [CLASH-ZONE-SERVICE] [CheckExistingSleeve] Checking for sleeves at EXACT placement point (3.182414698, 0.721784777, 2.214566929)

[2026-01-02 20:35:32.221] [02-01-2026 20:35:32] [CLASH-ZONE-SERVICE] [CheckExistingSleeve] No existing sleeve found at EXACT placement point (3.182414698, 0.721784777, 2.214566929)

[2026-01-02 20:35:32.223] [02-01-2026 20:35:32] [CLASH-ZONE-SERVICE] [DEBUG] Duct 739990 family name: Round Duct

[2026-01-02 20:35:32.239] [02-01-2026 20:35:32] [CLASH-ZONE-SERVICE] [PARAM-SNAPSHOT] Captured 9 MEP parameters and 2 host parameters for ClashZone (MEP=739990, Host=321070)

[2026-01-02 20:35:32.248] [02-01-2026 20:35:32] [CLASH-ZONE-SERVICE] [PROFILER] Cache lookup: 0ms

[2026-01-02 20:35:32.250] [02-01-2026 20:35:32] [CLASH-ZONE-SERVICE] [PROFILER] GetStructuralElementType: 0ms

[2026-01-02 20:35:32.252] [02-01-2026 20:35:32] [CLASH-ZONE-SERVICE] [PROFILER] GetMepElementDimensions: 0ms

[2026-01-02 20:35:32.258] [02-01-2026 20:35:32] [CLASH-ZONE-SERVICE] [PROFILER] GetMepElementOrientation (or cache): 0ms

[2026-01-02 20:35:32.260] [02-01-2026 20:35:32] [CLASH-ZONE-SERVICE] [PROFILER] WallDirectionService: 0ms

[2026-01-02 20:35:32.262] [02-01-2026 20:35:32] [CLASH-ZONE-SERVICE] [PROFILER] GetElementCategoryName: 0ms

[2026-01-02 20:35:32.264] [02-01-2026 20:35:32] [CLASH-ZONE-SERVICE] [PROFILER] GetPipeOpeningType: 0ms

[2026-01-02 20:35:32.267] [02-01-2026 20:35:32] [CLASH-ZONE-SERVICE] [PROFILER] GetMepElementLevelInfo: 0ms

[2026-01-02 20:35:32.270] [02-01-2026 20:35:32] [CLASH-ZONE-SERVICE] [CheckExistingSleeve] Checking for sleeves at EXACT placement point (49.711806435, 0.721784777, 10.562211725)

[2026-01-02 20:35:32.272] [02-01-2026 20:35:32] [CLASH-ZONE-SERVICE] [CheckExistingSleeve] No existing sleeve found at EXACT placement point (49.711806435, 0.721784777, 10.562211725)

[2026-01-02 20:35:32.274] [02-01-2026 20:35:32] [CLASH-ZONE-SERVICE] [DEBUG] Duct 736422 family name: Rectangular Duct

[2026-01-02 20:35:32.289] [02-01-2026 20:35:32] [CLASH-ZONE-SERVICE] [PARAM-SNAPSHOT] Captured 10 MEP parameters and 2 host parameters for ClashZone (MEP=736422, Host=321070)

[2026-01-02 20:35:32.299] [02-01-2026 20:35:32] [CLASH-ZONE-SERVICE] [PROFILER] Cache lookup: 0ms

[2026-01-02 20:35:32.300] [02-01-2026 20:35:32] [CLASH-ZONE-SERVICE] [PROFILER] GetStructuralElementType: 0ms

[2026-01-02 20:35:32.302] [02-01-2026 20:35:32] [CLASH-ZONE-SERVICE] [PROFILER] GetMepElementDimensions: 0ms

[2026-01-02 20:35:32.303] [02-01-2026 20:35:32] [CLASH-ZONE-SERVICE] [PROFILER] GetMepElementOrientation (or cache): 0ms

[2026-01-02 20:35:32.305] [02-01-2026 20:35:32] [CLASH-ZONE-SERVICE] [PROFILER] WallDirectionService: 0ms

[2026-01-02 20:35:32.306] [02-01-2026 20:35:32] [CLASH-ZONE-SERVICE] [PROFILER] GetElementCategoryName: 0ms

[2026-01-02 20:35:32.308] [02-01-2026 20:35:32] [CLASH-ZONE-SERVICE] [PROFILER] GetPipeOpeningType: 0ms

[2026-01-02 20:35:32.310] [02-01-2026 20:35:32] [CLASH-ZONE-SERVICE] [PROFILER] GetMepElementLevelInfo: 0ms

[2026-01-02 20:35:32.314] [02-01-2026 20:35:32] [CLASH-ZONE-SERVICE] [CheckExistingSleeve] Checking for sleeves at EXACT placement point (30.240213224, 0.721784777, 4.216802070)

[2026-01-02 20:35:32.315] [02-01-2026 20:35:32] [CLASH-ZONE-SERVICE] [CheckExistingSleeve] No existing sleeve found at EXACT placement point (30.240213224, 0.721784777, 4.216802070)

[2026-01-02 20:35:32.317] [02-01-2026 20:35:32] [CLASH-ZONE-SERVICE] [DEBUG] Duct 735656 family name: Rectangular Duct

[2026-01-02 20:35:32.331] [02-01-2026 20:35:32] [CLASH-ZONE-SERVICE] [PARAM-SNAPSHOT] Captured 10 MEP parameters and 2 host parameters for ClashZone (MEP=735656, Host=321070)

[2026-01-02 20:35:32.340] [02-01-2026 20:35:32] [CLASH-ZONE-SERVICE] [PROFILER] Cache lookup: 0ms

[2026-01-02 20:35:32.341] [02-01-2026 20:35:32] [CLASH-ZONE-SERVICE] [PROFILER] GetStructuralElementType: 0ms

[2026-01-02 20:35:32.343] [02-01-2026 20:35:32] [CLASH-ZONE-SERVICE] [PROFILER] GetMepElementDimensions: 0ms

[2026-01-02 20:35:32.344] [02-01-2026 20:35:32] [CLASH-ZONE-SERVICE] [PROFILER] GetMepElementOrientation (or cache): 0ms

[2026-01-02 20:35:32.346] [02-01-2026 20:35:32] [CLASH-ZONE-SERVICE] [PROFILER] WallDirectionService: 0ms

[2026-01-02 20:35:32.348] [02-01-2026 20:35:32] [CLASH-ZONE-SERVICE] [PROFILER] GetElementCategoryName: 0ms

[2026-01-02 20:35:32.350] [02-01-2026 20:35:32] [CLASH-ZONE-SERVICE] [PROFILER] GetPipeOpeningType: 0ms

[2026-01-02 20:35:32.352] [02-01-2026 20:35:32] [CLASH-ZONE-SERVICE] [PROFILER] GetMepElementLevelInfo: 0ms

[2026-01-02 20:35:32.354] [02-01-2026 20:35:32] [CLASH-ZONE-SERVICE] [CheckExistingSleeve] Checking for sleeves at EXACT placement point (16.551837270, 0.721784777, 4.511154856)

[2026-01-02 20:35:32.356] [02-01-2026 20:35:32] [CLASH-ZONE-SERVICE] [CheckExistingSleeve] No existing sleeve found at EXACT placement point (16.551837270, 0.721784777, 4.511154856)

[2026-01-02 20:35:32.359] [02-01-2026 20:35:32] [CLASH-ZONE-SERVICE] [DEBUG] Duct 735155 family name: Rectangular Duct

[2026-01-02 20:35:32.372] [02-01-2026 20:35:32] [CLASH-ZONE-SERVICE] [PARAM-SNAPSHOT] Captured 10 MEP parameters and 2 host parameters for ClashZone (MEP=735155, Host=321070)

[2026-01-02 20:35:32.381] [02-01-2026 20:35:32] [CLASH-ZONE-SERVICE] [PROFILER] Cache lookup: 0ms

[2026-01-02 20:35:32.382] [02-01-2026 20:35:32] [CLASH-ZONE-SERVICE] [PROFILER] GetStructuralElementType: 0ms

[2026-01-02 20:35:32.384] [02-01-2026 20:35:32] [CLASH-ZONE-SERVICE] [PROFILER] GetMepElementDimensions: 0ms

[2026-01-02 20:35:32.386] [02-01-2026 20:35:32] [CLASH-ZONE-SERVICE] [PROFILER] GetMepElementOrientation (or cache): 0ms

[2026-01-02 20:35:32.387] [02-01-2026 20:35:32] [CLASH-ZONE-SERVICE] [PROFILER] WallDirectionService: 0ms

[2026-01-02 20:35:32.389] [02-01-2026 20:35:32] [CLASH-ZONE-SERVICE] [PROFILER] GetElementCategoryName: 0ms

[2026-01-02 20:35:32.391] [02-01-2026 20:35:32] [CLASH-ZONE-SERVICE] [PROFILER] GetPipeOpeningType: 0ms

[2026-01-02 20:35:32.393] [02-01-2026 20:35:32] [CLASH-ZONE-SERVICE] [PROFILER] GetMepElementLevelInfo: 0ms

[2026-01-02 20:35:32.397] [02-01-2026 20:35:32] [CLASH-ZONE-SERVICE] [CheckExistingSleeve] Checking for sleeves at EXACT placement point (51.347256128, 0.721784777, 7.926313561)

[2026-01-02 20:35:32.398] [02-01-2026 20:35:32] [CLASH-ZONE-SERVICE] [CheckExistingSleeve] No existing sleeve found at EXACT placement point (51.347256128, 0.721784777, 7.926313561)

[2026-01-02 20:35:32.400] [02-01-2026 20:35:32] [CLASH-ZONE-SERVICE] [DEBUG] Duct 740244 family name: Rectangular Duct

[2026-01-02 20:35:32.414] [02-01-2026 20:35:32] [CLASH-ZONE-SERVICE] [PARAM-SNAPSHOT] Captured 10 MEP parameters and 2 host parameters for ClashZone (MEP=740244, Host=321070)

[2026-01-02 20:35:32.422] [02-01-2026 20:35:32] [CLASH-ZONE-SERVICE] [PROFILER] Cache lookup: 0ms

[2026-01-02 20:35:32.424] [02-01-2026 20:35:32] [CLASH-ZONE-SERVICE] [PROFILER] GetStructuralElementType: 0ms

[2026-01-02 20:35:32.428] [02-01-2026 20:35:32] [CLASH-ZONE-SERVICE] [PROFILER] GetMepElementDimensions: 1ms

[2026-01-02 20:35:32.429] [02-01-2026 20:35:32] [CLASH-ZONE-SERVICE] [PROFILER] GetMepElementOrientation (or cache): 0ms

[2026-01-02 20:35:32.431] [02-01-2026 20:35:32] [CLASH-ZONE-SERVICE] [PROFILER] WallDirectionService: 0ms

[2026-01-02 20:35:32.432] [02-01-2026 20:35:32] [CLASH-ZONE-SERVICE] [PROFILER] GetElementCategoryName: 0ms

[2026-01-02 20:35:32.434] [02-01-2026 20:35:32] [CLASH-ZONE-SERVICE] [PROFILER] GetPipeOpeningType: 0ms

[2026-01-02 20:35:32.437] [02-01-2026 20:35:32] [CLASH-ZONE-SERVICE] [PROFILER] GetMepElementLevelInfo: 0ms

[2026-01-02 20:35:32.441] [02-01-2026 20:35:32] [CLASH-ZONE-SERVICE] [CheckExistingSleeve] Checking for sleeves at EXACT placement point (8.989160536, 0.721784777, 2.441193631)

[2026-01-02 20:35:32.443] [02-01-2026 20:35:32] [CLASH-ZONE-SERVICE] [CheckExistingSleeve] No existing sleeve found at EXACT placement point (8.989160536, 0.721784777, 2.441193631)

[2026-01-02 20:35:32.445] [02-01-2026 20:35:32] [CLASH-ZONE-SERVICE] [DEBUG] Duct 739950 family name: Round Duct

[2026-01-02 20:35:32.461] [02-01-2026 20:35:32] [CLASH-ZONE-SERVICE] [PARAM-SNAPSHOT] Captured 9 MEP parameters and 2 host parameters for ClashZone (MEP=739950, Host=321070)

[2026-01-02 20:35:32.471] [02-01-2026 20:35:32] [CLASH-ZONE-SERVICE] [PROFILER] Cache lookup: 0ms

[2026-01-02 20:35:32.473] [02-01-2026 20:35:32] [CLASH-ZONE-SERVICE] [PROFILER] GetStructuralElementType: 0ms

[2026-01-02 20:35:32.475] [02-01-2026 20:35:32] [CLASH-ZONE-SERVICE] [PROFILER] GetMepElementDimensions: 0ms

[2026-01-02 20:35:32.477] [02-01-2026 20:35:32] [CLASH-ZONE-SERVICE] [PROFILER] GetMepElementOrientation (or cache): 0ms

[2026-01-02 20:35:32.479] [02-01-2026 20:35:32] [CLASH-ZONE-SERVICE] [PROFILER] WallDirectionService: 0ms

[2026-01-02 20:35:32.481] [02-01-2026 20:35:32] [CLASH-ZONE-SERVICE] [PROFILER] GetElementCategoryName: 0ms

[2026-01-02 20:35:32.482] [02-01-2026 20:35:32] [CLASH-ZONE-SERVICE] [PROFILER] GetPipeOpeningType: 0ms

[2026-01-02 20:35:32.485] [02-01-2026 20:35:32] [CLASH-ZONE-SERVICE] [PROFILER] GetMepElementLevelInfo: 0ms

[2026-01-02 20:35:32.489] [02-01-2026 20:35:32] [CLASH-ZONE-SERVICE] [CheckExistingSleeve] Checking for sleeves at EXACT placement point (24.176611891, 0.721784777, 10.416666667)

[2026-01-02 20:35:32.490] [02-01-2026 20:35:32] [CLASH-ZONE-SERVICE] [CheckExistingSleeve] No existing sleeve found at EXACT placement point (24.176611891, 0.721784777, 10.416666667)

[2026-01-02 20:35:32.493] [02-01-2026 20:35:32] [CLASH-ZONE-SERVICE] [DEBUG] Duct 735336 family name: Rectangular Duct

[2026-01-02 20:35:32.509] [02-01-2026 20:35:32] [CLASH-ZONE-SERVICE] [PARAM-SNAPSHOT] Captured 10 MEP parameters and 2 host parameters for ClashZone (MEP=735336, Host=321070)

[2026-01-02 20:35:32.519] [02-01-2026 20:35:32] [CLASH-ZONE-SERVICE] [PROFILER] Cache lookup: 0ms

[2026-01-02 20:35:32.521] [02-01-2026 20:35:32] [CLASH-ZONE-SERVICE] [PROFILER] GetStructuralElementType: 0ms

[2026-01-02 20:35:32.525] [02-01-2026 20:35:32] [CLASH-ZONE-SERVICE] [PROFILER] GetMepElementDimensions: 2ms

[2026-01-02 20:35:32.527] [02-01-2026 20:35:32] [CLASH-ZONE-SERVICE] [PROFILER] GetMepElementOrientation (or cache): 0ms

[2026-01-02 20:35:32.528] [02-01-2026 20:35:32] [CLASH-ZONE-SERVICE] [PROFILER] WallDirectionService: 0ms

[2026-01-02 20:35:32.530] [02-01-2026 20:35:32] [CLASH-ZONE-SERVICE] [PROFILER] GetElementCategoryName: 0ms

[2026-01-02 20:35:32.532] [02-01-2026 20:35:32] [CLASH-ZONE-SERVICE] [PROFILER] GetPipeOpeningType: 0ms

[2026-01-02 20:35:32.534] [02-01-2026 20:35:32] [CLASH-ZONE-SERVICE] [PROFILER] GetMepElementLevelInfo: 0ms

[2026-01-02 20:35:32.537] [02-01-2026 20:35:32] [CLASH-ZONE-SERVICE] [CheckExistingSleeve] Checking for sleeves at EXACT placement point (13.172572178, 0.721784777, 2.441272966)

[2026-01-02 20:35:32.539] [02-01-2026 20:35:32] [CLASH-ZONE-SERVICE] [CheckExistingSleeve] No existing sleeve found at EXACT placement point (13.172572178, 0.721784777, 2.441272966)

[2026-01-02 20:35:32.541] [02-01-2026 20:35:32] [CLASH-ZONE-SERVICE] [DEBUG] Duct 740042 family name: Round Duct

[2026-01-02 20:35:32.554] [02-01-2026 20:35:32] [CLASH-ZONE-SERVICE] [PARAM-SNAPSHOT] Captured 9 MEP parameters and 2 host parameters for ClashZone (MEP=740042, Host=321070)

[2026-01-02 20:35:32.563] [02-01-2026 20:35:32] [CLASH-ZONE-SERVICE] [PROFILER] Cache lookup: 0ms

[2026-01-02 20:35:32.564] [02-01-2026 20:35:32] [CLASH-ZONE-SERVICE] [PROFILER] GetStructuralElementType: 0ms

[2026-01-02 20:35:32.566] [02-01-2026 20:35:32] [CLASH-ZONE-SERVICE] [PROFILER] GetMepElementDimensions: 0ms

[2026-01-02 20:35:32.567] [02-01-2026 20:35:32] [CLASH-ZONE-SERVICE] [PROFILER] GetMepElementOrientation (or cache): 0ms

[2026-01-02 20:35:32.569] [02-01-2026 20:35:32] [CLASH-ZONE-SERVICE] [PROFILER] WallDirectionService: 0ms

[2026-01-02 20:35:32.571] [02-01-2026 20:35:32] [CLASH-ZONE-SERVICE] [PROFILER] GetElementCategoryName: 0ms

[2026-01-02 20:35:32.572] [02-01-2026 20:35:32] [CLASH-ZONE-SERVICE] [PROFILER] GetPipeOpeningType: 0ms

[2026-01-02 20:35:32.575] [02-01-2026 20:35:32] [CLASH-ZONE-SERVICE] [PROFILER] GetMepElementLevelInfo: 0ms

[2026-01-02 20:35:32.578] [02-01-2026 20:35:32] [CLASH-ZONE-SERVICE] [CheckExistingSleeve] Checking for sleeves at EXACT placement point (0.721784777, 4.987875014, 6.848096758)

[2026-01-02 20:35:32.582] [02-01-2026 20:35:32] [CLASH-ZONE-SERVICE] [CheckExistingSleeve] No existing sleeve found at EXACT placement point (0.721784777, 4.987875014, 6.848096758)

[2026-01-02 20:35:32.585] [02-01-2026 20:35:32] [CLASH-ZONE-SERVICE] [DEBUG] Duct 730932 family name: Rectangular Duct

[2026-01-02 20:35:32.598] [02-01-2026 20:35:32] [CLASH-ZONE-SERVICE] [PARAM-SNAPSHOT] Captured 10 MEP parameters and 2 host parameters for ClashZone (MEP=730932, Host=321069)

[2026-01-02 20:35:32.607] [02-01-2026 20:35:32] [CLASH-ZONE-SERVICE] [PROFILER] Cache lookup: 0ms

[2026-01-02 20:35:32.608] [02-01-2026 20:35:32] [CLASH-ZONE-SERVICE] [PROFILER] GetStructuralElementType: 0ms

[2026-01-02 20:35:32.610] [02-01-2026 20:35:32] [CLASH-ZONE-SERVICE] [PROFILER] GetMepElementDimensions: 0ms

[2026-01-02 20:35:32.612] [02-01-2026 20:35:32] [CLASH-ZONE-SERVICE] [PROFILER] GetMepElementOrientation (or cache): 0ms

[2026-01-02 20:35:32.613] [02-01-2026 20:35:32] [CLASH-ZONE-SERVICE] [PROFILER] WallDirectionService: 0ms

[2026-01-02 20:35:32.615] [02-01-2026 20:35:32] [CLASH-ZONE-SERVICE] [PROFILER] GetElementCategoryName: 0ms

[2026-01-02 20:35:32.618] [02-01-2026 20:35:32] [CLASH-ZONE-SERVICE] [PROFILER] GetPipeOpeningType: 0ms

[2026-01-02 20:35:32.620] [02-01-2026 20:35:32] [CLASH-ZONE-SERVICE] [PROFILER] GetMepElementLevelInfo: 0ms

[2026-01-02 20:35:32.623] [02-01-2026 20:35:32] [CLASH-ZONE-SERVICE] [CheckExistingSleeve] Checking for sleeves at EXACT placement point (0.721784777, 10.237218846, 10.465879265)

[2026-01-02 20:35:32.625] [02-01-2026 20:35:32] [CLASH-ZONE-SERVICE] [CheckExistingSleeve] No existing sleeve found at EXACT placement point (0.721784777, 10.237218846, 10.465879265)

[2026-01-02 20:35:32.627] [02-01-2026 20:35:32] [CLASH-ZONE-SERVICE] [DEBUG] Duct 730902 family name: Rectangular Duct

[2026-01-02 20:35:32.639] [02-01-2026 20:35:32] [CLASH-ZONE-SERVICE] [PARAM-SNAPSHOT] Captured 10 MEP parameters and 2 host parameters for ClashZone (MEP=730902, Host=321069)

[2026-01-02 20:35:32.648] [02-01-2026 20:35:32] [CLASH-ZONE-SERVICE] [PROFILER] Cache lookup: 0ms

[2026-01-02 20:35:32.650] [02-01-2026 20:35:32] [CLASH-ZONE-SERVICE] [PROFILER] GetStructuralElementType: 0ms

[2026-01-02 20:35:32.652] [02-01-2026 20:35:32] [CLASH-ZONE-SERVICE] [PROFILER] GetMepElementDimensions: 0ms

[2026-01-02 20:35:32.653] [02-01-2026 20:35:32] [CLASH-ZONE-SERVICE] [PROFILER] GetMepElementOrientation (or cache): 0ms

[2026-01-02 20:35:32.655] [02-01-2026 20:35:32] [CLASH-ZONE-SERVICE] [PROFILER] WallDirectionService: 0ms

[2026-01-02 20:35:32.657] [02-01-2026 20:35:32] [CLASH-ZONE-SERVICE] [PROFILER] GetElementCategoryName: 0ms

[2026-01-02 20:35:32.658] [02-01-2026 20:35:32] [CLASH-ZONE-SERVICE] [PROFILER] GetPipeOpeningType: 0ms

[2026-01-02 20:35:32.661] [02-01-2026 20:35:32] [CLASH-ZONE-SERVICE] [PROFILER] GetMepElementLevelInfo: 0ms

[2026-01-02 20:35:32.664] [02-01-2026 20:35:32] [CLASH-ZONE-SERVICE] [CheckExistingSleeve] Checking for sleeves at EXACT placement point (48.935289611, 0.721784777, 5.207793307)

[2026-01-02 20:35:32.666] [02-01-2026 20:35:32] [CLASH-ZONE-SERVICE] [CheckExistingSleeve] No existing sleeve found at EXACT placement point (48.935289611, 0.721784777, 5.207793307)

[2026-01-02 20:35:32.668] [02-01-2026 20:35:32] [CLASH-ZONE-SERVICE] [DEBUG] Duct 730475 family name: Rectangular Duct

[2026-01-02 20:35:32.681] [02-01-2026 20:35:32] [CLASH-ZONE-SERVICE] [PARAM-SNAPSHOT] Captured 10 MEP parameters and 2 host parameters for ClashZone (MEP=730475, Host=321070)

[2026-01-02 20:35:32.689] [02-01-2026 20:35:32] [CLASH-ZONE-SERVICE] [PROFILER] Cache lookup: 0ms

[2026-01-02 20:35:32.691] [02-01-2026 20:35:32] [CLASH-ZONE-SERVICE] [PROFILER] GetStructuralElementType: 0ms

[2026-01-02 20:35:32.694] [02-01-2026 20:35:32] [CLASH-ZONE-SERVICE] [PROFILER] GetMepElementDimensions: 0ms

[2026-01-02 20:35:32.695] [02-01-2026 20:35:32] [CLASH-ZONE-SERVICE] [PROFILER] GetMepElementOrientation (or cache): 0ms

[2026-01-02 20:35:32.697] [02-01-2026 20:35:32] [CLASH-ZONE-SERVICE] [PROFILER] WallDirectionService: 0ms

[2026-01-02 20:35:32.698] [02-01-2026 20:35:32] [CLASH-ZONE-SERVICE] [PROFILER] GetElementCategoryName: 0ms

[2026-01-02 20:35:32.700] [02-01-2026 20:35:32] [CLASH-ZONE-SERVICE] [PROFILER] GetPipeOpeningType: 0ms

[2026-01-02 20:35:32.702] [02-01-2026 20:35:32] [CLASH-ZONE-SERVICE] [PROFILER] GetMepElementLevelInfo: 0ms

[2026-01-02 20:35:32.705] [02-01-2026 20:35:32] [CLASH-ZONE-SERVICE] [CheckExistingSleeve] Checking for sleeves at EXACT placement point (51.283181412, 0.721784777, 5.165308537)

[2026-01-02 20:35:32.707] [02-01-2026 20:35:32] [CLASH-ZONE-SERVICE] [CheckExistingSleeve] No existing sleeve found at EXACT placement point (51.283181412, 0.721784777, 5.165308537)

[2026-01-02 20:35:32.709] [02-01-2026 20:35:32] [CLASH-ZONE-SERVICE] [DEBUG] Duct 730851 family name: Rectangular Duct

[2026-01-02 20:35:32.723] [02-01-2026 20:35:32] [CLASH-ZONE-SERVICE] [PARAM-SNAPSHOT] Captured 10 MEP parameters and 2 host parameters for ClashZone (MEP=730851, Host=321070)

[2026-01-02 20:35:32.732] [02-01-2026 20:35:32] [CLASH-ZONE-SERVICE] [PROFILER] Cache lookup: 0ms

[2026-01-02 20:35:32.733] [02-01-2026 20:35:32] [CLASH-ZONE-SERVICE] [PROFILER] GetStructuralElementType: 0ms

[2026-01-02 20:35:32.735] [02-01-2026 20:35:32] [CLASH-ZONE-SERVICE] [PROFILER] GetMepElementDimensions: 0ms

[2026-01-02 20:35:32.737] [02-01-2026 20:35:32] [CLASH-ZONE-SERVICE] [PROFILER] GetMepElementOrientation (or cache): 0ms

[2026-01-02 20:35:32.739] [02-01-2026 20:35:32] [CLASH-ZONE-SERVICE] [PROFILER] WallDirectionService: 0ms

[2026-01-02 20:35:32.740] [02-01-2026 20:35:32] [CLASH-ZONE-SERVICE] [PROFILER] GetElementCategoryName: 0ms

[2026-01-02 20:35:32.742] [02-01-2026 20:35:32] [CLASH-ZONE-SERVICE] [PROFILER] GetPipeOpeningType: 0ms

[2026-01-02 20:35:32.744] [02-01-2026 20:35:32] [CLASH-ZONE-SERVICE] [PROFILER] GetMepElementLevelInfo: 0ms

[2026-01-02 20:35:32.747] [02-01-2026 20:35:32] [CLASH-ZONE-SERVICE] [CheckExistingSleeve] Checking for sleeves at EXACT placement point (0.721784777, 10.565302836, 8.366141732)

[2026-01-02 20:35:32.749] [02-01-2026 20:35:32] [CLASH-ZONE-SERVICE] [CheckExistingSleeve] No existing sleeve found at EXACT placement point (0.721784777, 10.565302836, 8.366141732)

[2026-01-02 20:35:32.751] [02-01-2026 20:35:32] [CLASH-ZONE-SERVICE] [DEBUG] Duct 730976 family name: Rectangular Duct

[2026-01-02 20:35:32.763] [02-01-2026 20:35:32] [CLASH-ZONE-SERVICE] [PARAM-SNAPSHOT] Captured 10 MEP parameters and 2 host parameters for ClashZone (MEP=730976, Host=321069)

[2026-01-02 20:35:32.771] [02-01-2026 20:35:32] [CLASH-ZONE-SERVICE] [STREAMLINED] Completed: Total=23 (New=23, Updated=0) in 1276ms

[2026-01-02 20:35:32.773] [02-01-2026 20:35:32] [INTERSECTION-PROCESSOR] ✅ Converted 23 intersections to 23 clash zones

[2026-01-02 20:35:32.778] [02-01-2026 20:35:32] [INTERSECTION-PROCESSOR] Detection complete: 23 new zones, 23 total (duct accessories handled separately)

[2026-01-02 20:35:32.780] [02-01-2026 20:35:32] [INTERSECTION-PROCESSOR] Phase 3: Post-processing results...

[2026-01-02 20:35:32.784] [02-01-2026 20:35:32] [XML-CACHE] Updated cache with 23 clash zones

[2026-01-02 20:35:32.785] [02-01-2026 20:35:32] [INTERSECTION-PROCESSOR] Post-processing complete

[2026-01-02 20:35:32.819] [02-01-2026 20:35:32] [PARAM-CAPTURE-BATCH] Starting batch parameter capture for 23 zones...

[2026-01-02 20:35:32.821] [02-01-2026 20:35:32] [PARAM-CAPTURE-BATCH] Collected 23 unique MEP elements and 2 unique host elements

[2026-01-02 20:35:32.852] [02-01-2026 20:35:32] [PARAM-CAPTURE-BATCH] Element retrieval: 28ms (25 elements)

[2026-01-02 20:35:32.934] [02-01-2026 20:35:32] [PARAM-CAPTURE-BATCH] Parameter processing: 81ms

[2026-01-02 20:35:32.938] [02-01-2026 20:35:32] [PARAM-CAPTURE-BATCH] Parameter mapping: 2ms

[2026-01-02 20:35:32.940] [02-01-2026 20:35:32] [PARAM-CAPTURE-BATCH] ✅ Batch capture complete: 23 zones in 119ms

[2026-01-02 20:35:32.942] [02-01-2026 20:35:32] [PARAM-CAPTURE-BATCH] Total params: 270 → 270 (✅ NO LOSS)

[2026-01-02 20:35:32.944] [02-01-2026 20:35:32] [PARAM-CAPTURE-BATCH] Average: 11.7 params/zone

[2026-01-02 20:35:32.945] [02-01-2026 20:35:32] [PARAM-CAPTURE-BATCH] String pool size: 59 unique strings

[2026-01-02 20:35:32.967] [02-01-2026 20:35:32] [MERGE-SAVE] Starting MergeAndSave - AllClashZones: 23, NewClashZones: 23

[2026-01-02 20:35:32.969] [02-01-2026 20:35:32] [MERGE-SAVE] Loading enabled filter from: Ventilation

[2026-01-02 20:35:33.014] [02-01-2026 20:35:33] [MERGE-SAVE] ✅ Enabled filter found: 'Ventilation'

[2026-01-02 20:35:33.018] [02-01-2026 20:35:33] [SQLite] [SQLite] Assembly directory: C:\Users\jse2084\AppData\Local\Temp\RevitAddins\JSE_RevitAddin_MEP_OPENINGS-Executing-20260102_203519_8819

[2026-01-02 20:35:33.020] [02-01-2026 20:35:33] [SQLite] [SQLite] ✅ Found dependency: System.Data.SQLite.dll

[2026-01-02 20:35:33.022] [02-01-2026 20:35:33] [SQLite] [SQLite] ✅ Found dependency: x64\SQLite.Interop.dll

[2026-01-02 20:35:33.024] [02-01-2026 20:35:33] [SQLite] [SQLite] Filters directory: C:\Users\jse2084\AppData\Roaming\JSE_MEP_Openings\Projects\Shared Test Model -00001\Filters

[2026-01-02 20:35:33.025] [02-01-2026 20:35:33] [SQLite] [SQLite] Database path: C:\Users\jse2084\AppData\Roaming\JSE_MEP_Openings\Projects\Shared Test Model -00001\Filters\Shared_Test_Model_-00001_SleevePersistence.db

[2026-01-02 20:35:33.029] [02-01-2026 20:35:33] [SQLite] [SQLite] ✅ Connection opened successfully

[2026-01-02 20:35:33.031] [02-01-2026 20:35:33] [SQLite] [SQLite] ⏭️ Skipping schema verification (session-cached)

[2026-01-02 20:35:33.033] [02-01-2026 20:35:33] [SQLite] [SQLite] ✅ Database ready (1916928 bytes)

[2026-01-02 20:35:33.034] [02-01-2026 20:35:33] [CLASH-ZONE-PERSISTENCE] ✅ SQLite dual-write enabled: C:\Users\jse2084\AppData\Roaming\JSE_MEP_Openings\Projects\Shared Test Model -00001\Filters\Shared_Test_Model_-00001_SleevePersistence.db

[2026-01-02 20:35:33.036] [02-01-2026 20:35:33] [PERSIST-NAME] Saving ALL clash zones: Raw='Ventilation', Normalized='Ventilation', TotalZones=23

[2026-01-02 20:35:33.038] [02-01-2026 20:35:33] [MERGE-SAVE] Calling SaveClashZones with 23 zones

[2026-01-02 20:35:33.049] [02-01-2026 20:35:33] [CLASH-ZONE-PERSISTENCE] SaveClashZones CALLED: Zones=23, Filter='Ventilation', TargetFilter=Ventilation, SQLiteRepo=EXISTS

[2026-01-02 20:35:33.054] [02-01-2026 20:35:33] [CLASH-ZONE-PERSISTENCE] Saving 23 clash zones across 1 categories

[2026-01-02 20:35:33.056] [02-01-2026 20:35:33] [CLASH-ZONE-PERSISTENCE] Enriched 0/23 zones with MEP orientation\n
[2026-01-02 20:35:33.060] [02-01-2026 20:35:33] [SQLite] [SQLite][BULK-OPTIMIZED] ⚡ Starting multi-category bulk save for 23 zones

[2026-01-02 20:35:33.080] [02-01-2026 20:35:33] [SQLite] [SQLite][BATCH] Extracted 1 unique file combos from 23 zones

[2026-01-02 20:35:33.083] [02-01-2026 20:35:33] [SQLite] [SQLite][BATCH] Found 0/1 existing file combos

[2026-01-02 20:35:33.084] [02-01-2026 20:35:33] [SQLite] [SQLite][BATCH-DEBUG] New combos to insert: 1

[2026-01-02 20:35:33.086] [02-01-2026 20:35:33] [SQLite] [SQLite][BATCH-DEBUG] Sample new combo: Linked='ME-00001', Host='AR-00001', Cat='Ducts'

[2026-01-02 20:35:33.089] [02-01-2026 20:35:33] [SQLite] [SQLite][BATCH-DEBUG] INSERT executed, rows affected: 1

[2026-01-02 20:35:33.090] [02-01-2026 20:35:33] [SQLite] [SQLite][BATCH] Created 1 new file combos

[2026-01-02 20:35:33.092] [02-01-2026 20:35:33] [SQLite] [SQLite][BATCH-DEBUG] Mapped 23/23 zones to ComboIds

[2026-01-02 20:35:33.094] [02-01-2026 20:35:33] [SQLite] [SQLite][BATCH] ⚡ BatchGetOrCreateFileCombos completed in 12ms for 23 zones (0.5ms per zone)

[2026-01-02 20:35:33.175] [02-01-2026 20:35:33] [SQLite] [SQLite] ✅ Bulk R-tree index updated for 23 zones

[2026-01-02 20:35:33.198] [02-01-2026 20:35:33] [SQLite] [SQLite] ⚠️ InsertOrUpdateSleeveSnapshotsInternal: No valid zones! Total=23, Null=0, NoIds=23, WithSleeveId=0, WithClusterId=0

[2026-01-02 20:35:33.200] [02-01-2026 20:35:33] [SQLite] [SQLite][BULK-OPTIMIZED] ✅ Completed multi-category save in 140ms

[2026-01-02 20:35:33.202] [02-01-2026 20:35:33] [CLASH-ZONE-PERSISTENCE] Processing category 'Ducts' (XML/Logging) with 23 zones

[2026-01-02 20:35:33.211] [02-01-2026 20:35:33] [PERSIST-DEBUG] Analyzing 23 valid zones for file combo grouping

[2026-01-02 20:35:33.241] [02-01-2026 20:35:33] [PERSIST-DEBUG]   Sample combo key: Linked='ME-00001.rvt : 9 : location Shared', Host='AR-00001.rvt : 17 : location <Not Shared>'

[2026-01-02 20:35:33.243] [02-01-2026 20:35:33] [PERSIST-DEBUG]   Sample combo key: Linked='ME-00001.rvt : 9 : location Shared', Host='AR-00001.rvt : 17 : location <Not Shared>'

[2026-01-02 20:35:33.245] [02-01-2026 20:35:33] [PERSIST-DEBUG]   Sample combo key: Linked='ME-00001.rvt : 9 : location Shared', Host='AR-00001.rvt : 17 : location <Not Shared>'

[2026-01-02 20:35:33.246] [02-01-2026 20:35:33] [PERSIST-DEBUG]   Sample combo key: Linked='ME-00001.rvt : 9 : location Shared', Host='AR-00001.rvt : 17 : location <Not Shared>'

[2026-01-02 20:35:33.248] [02-01-2026 20:35:33] [PERSIST-DEBUG]   Sample combo key: Linked='ME-00001.rvt : 9 : location Shared', Host='AR-00001.rvt : 17 : location <Not Shared>'

[2026-01-02 20:35:33.249] [02-01-2026 20:35:33] [PERSIST-DEBUG]   Sample combo key: Linked='ME-00001.rvt : 9 : location Shared', Host='AR-00001.rvt : 17 : location <Not Shared>'

[2026-01-02 20:35:33.252] [02-01-2026 20:35:33] [PERSIST-DEBUG]   Sample combo key: Linked='ME-00001.rvt : 9 : location Shared', Host='AR-00001.rvt : 17 : location <Not Shared>'

[2026-01-02 20:35:33.253] [02-01-2026 20:35:33] [PERSIST-DEBUG]   Sample combo key: Linked='ME-00001.rvt : 9 : location Shared', Host='AR-00001.rvt : 17 : location <Not Shared>'

[2026-01-02 20:35:33.254] [02-01-2026 20:35:33] [PERSIST-DEBUG]   Sample combo key: Linked='ME-00001.rvt : 9 : location Shared', Host='AR-00001.rvt : 17 : location <Not Shared>'

[2026-01-02 20:35:33.256] [02-01-2026 20:35:33] [PERSIST-DEBUG]   Sample combo key: Linked='ME-00001.rvt : 9 : location Shared', Host='AR-00001.rvt : 17 : location <Not Shared>'

[2026-01-02 20:35:33.317] [02-01-2026 20:35:33] [PERSIST-DEBUG] Valid combos to persist for 'Ducts': 1

[2026-01-02 20:35:33.319] [02-01-2026 20:35:33] [PERSIST-DEBUG]   Combo: Linked='ME-00001.rvt : 9 : location Shared', Host='AR-00001.rvt : 17 : location <Not Shared>', Zones=23

[2026-01-02 20:35:33.322] [02-01-2026 20:35:33] [MERGE-SAVE] ✅ SaveClashZones completed successfully

[2026-01-02 20:35:33.335] [02-01-2026 20:35:33] [REFRESH-REFACTORED] [FORCE-DETECTION] ⚡ Force Detection Mode enabled - resetting all flags (preserving GUIDs)

[2026-01-02 20:35:33.340] [02-01-2026 20:35:33] [REFRESH-REFACTORED] [FORCE-DETECTION] ✅ Reset all flags for 0 zones - GUIDs preserved

[2026-01-02 20:35:33.342] [02-01-2026 20:35:33] [MERGE-SAVE] ✅ SECTION BOX ACTIVE: Min=(-28.56, -5.01, -6.67), Max=(116.34, 13.69, 43.29)

[2026-01-02 20:35:33.344] 
[02-01-2026 20:35:33] ========== IsCurrentClashFlag TRACING ==========

[2026-01-02 20:35:33.345] [02-01-2026 20:35:33] UseBatchReadyForPlacementUpdate = True

[2026-01-02 20:35:33.347] [02-01-2026 20:35:33] FilterNames: [Ventilation]

[2026-01-02 20:35:33.349] [02-01-2026 20:35:33] Categories: [Ducts]

[2026-01-02 20:35:33.350] [02-01-2026 20:35:33] SectionBox: Present

[2026-01-02 20:35:33.353] [02-01-2026 20:35:33] RESULT: markedCount = 23

[2026-01-02 20:35:33.356] [02-01-2026 20:35:33] DB FLAG STATS: Total=0, IsCurrentClash=1: 0, ReadyForPlacement=1: 0, IsResolved=1: 0

[2026-01-02 20:35:33.358] [02-01-2026 20:35:33] ========== END IsCurrentClashFlag TRACING ==========


[2026-01-02 20:35:33.359] [02-01-2026 20:35:33] [MERGE-SAVE] [SECTION-BOX-FILTER] ✅ Set ReadyForPlacementFlag=1 for 23 zones

[2026-01-02 20:35:33.362] [02-01-2026 20:35:33] [MERGE-SAVE] ⚠️ XML creation disabled - skipping base filter XML save (database only mode)

