[2026-01-08 19:46:58.262] [2026-01-08 19:46:58.262] [REFRESH-MERGE] ✅ UPDATED existing zone 935ea122-7169-ac0b-1470-76f7a5e9d6d5 (Duct Accessories) with fresh connector data: HasMepConnector=True, DamperConnectorSide='+X'

[2026-01-08 19:46:58.264] [2026-01-08 19:46:58.264] [REFRESH-MERGE] ✅ UPDATED existing zone 9f1747e9-810a-73b0-1926-eb581c142a2a (Duct Accessories) with fresh connector data: HasMepConnector=True, DamperConnectorSide='+X'

[2026-01-08 19:46:58.266] [2026-01-08 19:46:58.265] [REFRESH-MERGE] ✅ UPDATED existing zone 8616a0aa-a600-a464-3ebb-8cebd6f83b6a (Duct Accessories) with fresh connector data: HasMepConnector=True, DamperConnectorSide='+X'

[2026-01-08 19:46:58.268] [2026-01-08 19:46:58.267] [REFRESH-MERGE] ✅ UPDATED existing zone 8487ee2c-d3f2-23cf-75b8-f5527727ab3d (Duct Accessories) with fresh connector data: HasMepConnector=True, DamperConnectorSide='+X'

[2026-01-08 19:46:58.269] [2026-01-08 19:46:58.269] [REFRESH-MERGE] ✅ UPDATED existing zone 2632bbf0-c167-cc8c-b3e2-e941990e41de (Duct Accessories) with fresh connector data: HasMepConnector=True, DamperConnectorSide='+X'

[2026-01-08 19:46:58.274] [2026-01-08 19:46:58.274] [REFRESH-MERGE] ✅ UPDATED existing zone 55033bc9-ee4f-b7ba-ff0e-6c7a5b521493 (Duct Accessories) with fresh connector data: HasMepConnector=True, DamperConnectorSide='+X'

[2026-01-08 19:46:58.276] [2026-01-08 19:46:58.275] [REFRESH-MERGE] ✅ UPDATED existing zone 7bf0a81d-7f23-7b16-d366-ab8b9a4b8c39 (Duct Accessories) with fresh connector data: HasMepConnector=True, DamperConnectorSide='-Y'

[2026-01-08 19:46:58.277] [2026-01-08 19:46:58.277] [REFRESH-MERGE] ✅ UPDATED existing zone df577d30-6424-a37a-4833-fe0825bb05bf (Duct Accessories) with fresh connector data: HasMepConnector=True, DamperConnectorSide='-Y'

[2026-01-08 19:46:58.279] [2026-01-08 19:46:58.278] [REFRESH-MERGE] ✅ UPDATED existing zone a3145e45-b097-445f-2065-0863c3c137b6 (Duct Accessories) with fresh connector data: HasMepConnector=True, DamperConnectorSide='-Y'

[2026-01-08 19:46:58.282] [2026-01-08 19:46:58.280] [REFRESH-MERGE] ✅ UPDATED existing zone 3cec003b-2dd2-dfb1-a929-bba6b642b2e5 (Duct Accessories) with fresh connector data: HasMepConnector=True, DamperConnectorSide='-Y'

[2026-01-08 19:46:58.286] [2026-01-08 19:46:58.284] [REFRESH-MERGE] ✅ UPDATED existing zone 7a3fc1a5-750b-23ce-c189-6dcb53feaac0 (Duct Accessories) with fresh connector data: HasMepConnector=True, DamperConnectorSide='-Y'

[2026-01-08 19:46:58.290] [2026-01-08 19:46:58.288] [REFRESH-MERGE] ✅ UPDATED existing zone 33ae96d6-7dff-e1cc-48b0-2365508afaa6 (Duct Accessories) with fresh connector data: HasMepConnector=True, DamperConnectorSide='-Y'

[2026-01-08 19:46:58.293] [2026-01-08 19:46:58.292] [REFRESH-MERGE] ✅ UPDATED existing zone b46b82d4-41cf-708b-b85c-f30fd2f0bf1d (Duct Accessories) with fresh connector data: HasMepConnector=True, DamperConnectorSide='-Y'

[2026-01-08 19:46:58.296] [2026-01-08 19:46:58.295] [REFRESH-MERGE] ✅ UPDATED existing zone cf8ae4bc-437c-d894-d4e0-2a9b22c220a2 (Duct Accessories) with fresh connector data: HasMepConnector=True, DamperConnectorSide='-Y'

[2026-01-08 19:46:58.299] [2026-01-08 19:46:58.298] [REFRESH-MERGE] ✅ UPDATED existing zone 634a2b88-42f3-169c-6829-b1f5bcc0b8c1 (Duct Accessories) with fresh connector data: HasMepConnector=True, DamperConnectorSide='+X'

[2026-01-08 19:46:58.303] [2026-01-08 19:46:58.302] [REFRESH-MERGE] ✅ UPDATED existing zone 8abcb5eb-fa43-1dd6-0735-d8cf977ff6cb (Duct Accessories) with fresh connector data: HasMepConnector=True, DamperConnectorSide='+X'

[2026-01-08 19:46:58.306] [2026-01-08 19:46:58.305] [REFRESH-MERGE] ✅ UPDATED existing zone 26272a4f-9f89-805c-3c95-a1c1e7f340b9 (Duct Accessories) with fresh connector data: HasMepConnector=True, DamperConnectorSide='-Y'

[2026-01-08 19:46:58.310] [2026-01-08 19:46:58.308] [REFRESH-MERGE] ✅ UPDATED existing zone b3515ca9-b4dd-c7fc-d6e6-133c2578ecdd (Duct Accessories) with fresh connector data: HasMepConnector=True, DamperConnectorSide='+Y'

[2026-01-08 19:46:58.311] [2026-01-08 19:46:58.311] [REFRESH-MERGE] ✅ UPDATED existing zone 6564c781-c6cb-2232-2fa0-8b701e4909d3 (Duct Accessories) with fresh connector data: HasMepConnector=True, DamperConnectorSide='+Y'

[2026-01-08 19:46:58.313] [2026-01-08 19:46:58.312] [REFRESH-MERGE] ✅ UPDATED existing zone 50e781f3-5ff7-bb4b-d74f-d42c9551aac7 (Duct Accessories) with fresh connector data: HasMepConnector=True, DamperConnectorSide='+X'

[2026-01-08 19:46:58.314] [2026-01-08 19:46:58.314] [REFRESH-MERGE] ✅ UPDATED existing zone bcf58f2f-9a96-94a2-476d-3c39f15331b6 (Duct Accessories) with fresh connector data: HasMepConnector=True, DamperConnectorSide='+X'

[2026-01-08 19:46:58.454] [BULK-INSERT] Called with 21 zones

[2026-01-08 19:46:58.468] [EXTRACT-DEBUG] Zone 935ea122-7169-ac0b-1470-76f7a5e9d6d5 has 10 params: 'System Type', 'System Name', 'System Abbreviation', 'Reference Level', 'Size', 'Service Type', 'System Classification', 'Mark', 'Level', 'Schedule of Level'

[2026-01-08 19:46:58.470] [EXTRACT-SUCCESS] Zone 935ea122-7169-ac0b-1470-76f7a5e9d6d5: System Type = 'Supply Air'

[2026-01-08 19:46:58.471] [EXTRACT-SUCCESS] Zone 935ea122-7169-ac0b-1470-76f7a5e9d6d5: Service Type = 'Supply Air'

[2026-01-08 19:46:58.473] [EXTRACT-DEBUG] Zone 9f1747e9-810a-73b0-1926-eb581c142a2a has 10 params: 'System Type', 'System Name', 'System Abbreviation', 'Reference Level', 'Size', 'Service Type', 'System Classification', 'Mark', 'Level', 'Schedule of Level'

[2026-01-08 19:46:58.475] [EXTRACT-SUCCESS] Zone 9f1747e9-810a-73b0-1926-eb581c142a2a: System Type = 'Return Air'

[2026-01-08 19:46:58.476] [EXTRACT-SUCCESS] Zone 9f1747e9-810a-73b0-1926-eb581c142a2a: Service Type = 'Return Air'

[2026-01-08 19:46:58.478] [EXTRACT-DEBUG] Zone 8616a0aa-a600-a464-3ebb-8cebd6f83b6a has 10 params: 'System Type', 'System Name', 'System Abbreviation', 'Reference Level', 'Size', 'Service Type', 'System Classification', 'Mark', 'Level', 'Schedule of Level'

[2026-01-08 19:46:58.480] [EXTRACT-SUCCESS] Zone 8616a0aa-a600-a464-3ebb-8cebd6f83b6a: System Type = 'Supply Air'

[2026-01-08 19:46:58.482] [EXTRACT-SUCCESS] Zone 8616a0aa-a600-a464-3ebb-8cebd6f83b6a: Service Type = 'Supply Air'

[2026-01-08 19:46:58.487] [EXTRACT-DEBUG] Zone 8487ee2c-d3f2-23cf-75b8-f5527727ab3d has 10 params: 'System Type', 'System Name', 'System Abbreviation', 'Reference Level', 'Size', 'Service Type', 'System Classification', 'Mark', 'Level', 'Schedule of Level'

[2026-01-08 19:46:58.491] [EXTRACT-SUCCESS] Zone 8487ee2c-d3f2-23cf-75b8-f5527727ab3d: System Type = 'Supply Air'

[2026-01-08 19:46:58.493] [EXTRACT-SUCCESS] Zone 8487ee2c-d3f2-23cf-75b8-f5527727ab3d: Service Type = 'Supply Air'

[2026-01-08 19:46:58.495] [EXTRACT-DEBUG] Zone 2632bbf0-c167-cc8c-b3e2-e941990e41de has 10 params: 'System Type', 'System Name', 'System Abbreviation', 'Reference Level', 'Size', 'Service Type', 'System Classification', 'Mark', 'Level', 'Schedule of Level'

[2026-01-08 19:46:58.497] [EXTRACT-SUCCESS] Zone 2632bbf0-c167-cc8c-b3e2-e941990e41de: System Type = 'Return Air'

[2026-01-08 19:46:58.499] [EXTRACT-SUCCESS] Zone 2632bbf0-c167-cc8c-b3e2-e941990e41de: Service Type = 'Return Air'

[2026-01-08 19:46:58.501] [EXTRACT-DEBUG] Zone 55033bc9-ee4f-b7ba-ff0e-6c7a5b521493 has 10 params: 'System Type', 'System Name', 'System Abbreviation', 'Reference Level', 'Size', 'Service Type', 'System Classification', 'Mark', 'Level', 'Schedule of Level'

[2026-01-08 19:46:58.503] [EXTRACT-SUCCESS] Zone 55033bc9-ee4f-b7ba-ff0e-6c7a5b521493: System Type = 'Exhaust Air'

[2026-01-08 19:46:58.505] [EXTRACT-SUCCESS] Zone 55033bc9-ee4f-b7ba-ff0e-6c7a5b521493: Service Type = 'Exhaust Air'

[2026-01-08 19:46:58.507] [EXTRACT-DEBUG] Zone 7bf0a81d-7f23-7b16-d366-ab8b9a4b8c39 has 10 params: 'System Type', 'System Name', 'System Abbreviation', 'Reference Level', 'Size', 'Service Type', 'System Classification', 'Mark', 'Level', 'Schedule of Level'

[2026-01-08 19:46:58.509] [EXTRACT-SUCCESS] Zone 7bf0a81d-7f23-7b16-d366-ab8b9a4b8c39: System Type = 'Supply Air'

[2026-01-08 19:46:58.511] [EXTRACT-SUCCESS] Zone 7bf0a81d-7f23-7b16-d366-ab8b9a4b8c39: Service Type = 'Supply Air'

[2026-01-08 19:46:58.512] [EXTRACT-DEBUG] Zone df577d30-6424-a37a-4833-fe0825bb05bf has 10 params: 'System Type', 'System Name', 'System Abbreviation', 'Reference Level', 'Size', 'Service Type', 'System Classification', 'Mark', 'Level', 'Schedule of Level'

[2026-01-08 19:46:58.514] [EXTRACT-SUCCESS] Zone df577d30-6424-a37a-4833-fe0825bb05bf: System Type = 'Supply Air'

[2026-01-08 19:46:58.516] [EXTRACT-SUCCESS] Zone df577d30-6424-a37a-4833-fe0825bb05bf: Service Type = 'Supply Air'

[2026-01-08 19:46:58.519] [EXTRACT-DEBUG] Zone a3145e45-b097-445f-2065-0863c3c137b6 has 10 params: 'System Type', 'System Name', 'System Abbreviation', 'Reference Level', 'Size', 'Service Type', 'System Classification', 'Mark', 'Level', 'Schedule of Level'

[2026-01-08 19:46:58.520] [EXTRACT-SUCCESS] Zone a3145e45-b097-445f-2065-0863c3c137b6: System Type = 'Return Air'

[2026-01-08 19:46:58.522] [EXTRACT-SUCCESS] Zone a3145e45-b097-445f-2065-0863c3c137b6: Service Type = 'Return Air'

[2026-01-08 19:46:58.524] [EXTRACT-DEBUG] Zone 3cec003b-2dd2-dfb1-a929-bba6b642b2e5 has 10 params: 'System Type', 'System Name', 'System Abbreviation', 'Reference Level', 'Size', 'Service Type', 'System Classification', 'Mark', 'Level', 'Schedule of Level'

[2026-01-08 19:46:58.526] [EXTRACT-SUCCESS] Zone 3cec003b-2dd2-dfb1-a929-bba6b642b2e5: System Type = 'Supply Air'

[2026-01-08 19:46:58.527] [EXTRACT-SUCCESS] Zone 3cec003b-2dd2-dfb1-a929-bba6b642b2e5: Service Type = 'Supply Air'

[2026-01-08 19:46:58.529] [EXTRACT-DEBUG] Zone 7a3fc1a5-750b-23ce-c189-6dcb53feaac0 has 10 params: 'System Type', 'System Name', 'System Abbreviation', 'Reference Level', 'Size', 'Service Type', 'System Classification', 'Mark', 'Level', 'Schedule of Level'

[2026-01-08 19:46:58.531] [EXTRACT-SUCCESS] Zone 7a3fc1a5-750b-23ce-c189-6dcb53feaac0: System Type = 'Return Air'

[2026-01-08 19:46:58.532] [EXTRACT-SUCCESS] Zone 7a3fc1a5-750b-23ce-c189-6dcb53feaac0: Service Type = 'Return Air'

[2026-01-08 19:46:58.535] [EXTRACT-DEBUG] Zone 33ae96d6-7dff-e1cc-48b0-2365508afaa6 has 10 params: 'System Type', 'System Name', 'System Abbreviation', 'Reference Level', 'Size', 'Service Type', 'System Classification', 'Mark', 'Level', 'Schedule of Level'

[2026-01-08 19:46:58.536] [EXTRACT-SUCCESS] Zone 33ae96d6-7dff-e1cc-48b0-2365508afaa6: System Type = 'Supply Air'

[2026-01-08 19:46:58.538] [EXTRACT-SUCCESS] Zone 33ae96d6-7dff-e1cc-48b0-2365508afaa6: Service Type = 'Supply Air'

[2026-01-08 19:46:58.540] [EXTRACT-DEBUG] Zone b46b82d4-41cf-708b-b85c-f30fd2f0bf1d has 12 params: 'System Type', 'System Name', 'System Abbreviation', 'Reference Level', 'Size', 'Service Type', 'Width', 'Height', 'System Classification', 'Mark', 'Level', 'Schedule of Level'

[2026-01-08 19:46:58.542] [EXTRACT-SUCCESS] Zone b46b82d4-41cf-708b-b85c-f30fd2f0bf1d: System Type = 'Return Air'

[2026-01-08 19:46:58.543] [EXTRACT-SUCCESS] Zone b46b82d4-41cf-708b-b85c-f30fd2f0bf1d: Service Type = 'Return Air'

[2026-01-08 19:46:58.545] [EXTRACT-DEBUG] Zone cf8ae4bc-437c-d894-d4e0-2a9b22c220a2 has 12 params: 'System Type', 'System Name', 'System Abbreviation', 'Reference Level', 'Size', 'Service Type', 'Width', 'Height', 'System Classification', 'Mark', 'Level', 'Schedule of Level'

[2026-01-08 19:46:58.547] [EXTRACT-SUCCESS] Zone cf8ae4bc-437c-d894-d4e0-2a9b22c220a2: System Type = 'Return Air'

[2026-01-08 19:46:58.549] [EXTRACT-SUCCESS] Zone cf8ae4bc-437c-d894-d4e0-2a9b22c220a2: Service Type = 'Return Air'

[2026-01-08 19:46:58.551] [EXTRACT-DEBUG] Zone 634a2b88-42f3-169c-6829-b1f5bcc0b8c1 has 12 params: 'System Type', 'System Name', 'System Abbreviation', 'Reference Level', 'Size', 'Service Type', 'Width', 'Height', 'System Classification', 'Mark', 'Level', 'Schedule of Level'

[2026-01-08 19:46:58.553] [EXTRACT-SUCCESS] Zone 634a2b88-42f3-169c-6829-b1f5bcc0b8c1: System Type = 'Return Air'

[2026-01-08 19:46:58.554] [EXTRACT-SUCCESS] Zone 634a2b88-42f3-169c-6829-b1f5bcc0b8c1: Service Type = 'Return Air'

[2026-01-08 19:46:58.556] [EXTRACT-DEBUG] Zone 8abcb5eb-fa43-1dd6-0735-d8cf977ff6cb has 10 params: 'System Type', 'System Name', 'System Abbreviation', 'Reference Level', 'Size', 'Service Type', 'System Classification', 'Mark', 'Level', 'Schedule of Level'

[2026-01-08 19:46:58.558] [EXTRACT-SUCCESS] Zone 8abcb5eb-fa43-1dd6-0735-d8cf977ff6cb: System Type = 'Supply Air'

[2026-01-08 19:46:58.559] [EXTRACT-SUCCESS] Zone 8abcb5eb-fa43-1dd6-0735-d8cf977ff6cb: Service Type = 'Supply Air'

[2026-01-08 19:46:58.562] [EXTRACT-DEBUG] Zone 26272a4f-9f89-805c-3c95-a1c1e7f340b9 has 10 params: 'System Type', 'System Name', 'System Abbreviation', 'Reference Level', 'Size', 'Service Type', 'System Classification', 'Mark', 'Level', 'Schedule of Level'

[2026-01-08 19:46:58.563] [EXTRACT-SUCCESS] Zone 26272a4f-9f89-805c-3c95-a1c1e7f340b9: System Type = 'Return Air'

[2026-01-08 19:46:58.565] [EXTRACT-SUCCESS] Zone 26272a4f-9f89-805c-3c95-a1c1e7f340b9: Service Type = 'Return Air'

[2026-01-08 19:46:58.568] [EXTRACT-DEBUG] Zone b3515ca9-b4dd-c7fc-d6e6-133c2578ecdd has 10 params: 'System Type', 'System Name', 'System Abbreviation', 'Reference Level', 'Size', 'Service Type', 'System Classification', 'Mark', 'Level', 'Schedule of Level'

[2026-01-08 19:46:58.569] [EXTRACT-SUCCESS] Zone b3515ca9-b4dd-c7fc-d6e6-133c2578ecdd: System Type = 'Supply Air'

[2026-01-08 19:46:58.571] [EXTRACT-SUCCESS] Zone b3515ca9-b4dd-c7fc-d6e6-133c2578ecdd: Service Type = 'Supply Air'

[2026-01-08 19:46:58.573] [EXTRACT-DEBUG] Zone 6564c781-c6cb-2232-2fa0-8b701e4909d3 has 10 params: 'System Type', 'System Name', 'System Abbreviation', 'Reference Level', 'Size', 'Service Type', 'System Classification', 'Mark', 'Level', 'Schedule of Level'

[2026-01-08 19:46:58.575] [EXTRACT-SUCCESS] Zone 6564c781-c6cb-2232-2fa0-8b701e4909d3: System Type = 'Supply Air'

[2026-01-08 19:46:58.577] [EXTRACT-SUCCESS] Zone 6564c781-c6cb-2232-2fa0-8b701e4909d3: Service Type = 'Supply Air'

[2026-01-08 19:46:58.579] [EXTRACT-DEBUG] Zone 50e781f3-5ff7-bb4b-d74f-d42c9551aac7 has 12 params: 'System Type', 'System Name', 'System Abbreviation', 'Reference Level', 'Size', 'Service Type', 'Width', 'Height', 'System Classification', 'Mark', 'Level', 'Schedule of Level'

[2026-01-08 19:46:58.580] [EXTRACT-SUCCESS] Zone 50e781f3-5ff7-bb4b-d74f-d42c9551aac7: System Type = 'Return Air'

[2026-01-08 19:46:58.582] [EXTRACT-SUCCESS] Zone 50e781f3-5ff7-bb4b-d74f-d42c9551aac7: Service Type = 'Return Air'

[2026-01-08 19:46:58.584] [EXTRACT-DEBUG] Zone bcf58f2f-9a96-94a2-476d-3c39f15331b6 has 12 params: 'System Type', 'System Name', 'System Abbreviation', 'Reference Level', 'Size', 'Service Type', 'Width', 'Height', 'System Classification', 'Mark', 'Level', 'Schedule of Level'

[2026-01-08 19:46:58.586] [EXTRACT-SUCCESS] Zone bcf58f2f-9a96-94a2-476d-3c39f15331b6: System Type = 'Return Air'

[2026-01-08 19:46:58.587] [EXTRACT-SUCCESS] Zone bcf58f2f-9a96-94a2-476d-3c39f15331b6: Service Type = 'Return Air'

