[2026-01-08 18:56:15.301] [18:56:15] 🚀 UNIFIED PLACEMENT: Starting for 4 filters

[2026-01-08 18:56:15.931] [18:56:15] 📊 UNIFIED PLACEMENT: Loaded 164 total zones from 4 filters

[2026-01-08 18:56:15.933] [18:56:15] ═══════════════════════════════════════════════════════
[18:56:15] 🔧 PHASE 2: INDIVIDUAL SLEEVE PLACEMENT (164 zones)
[18:56:15] ═══════════════════════════════════════════════════════

[2026-01-08 18:56:15.935] [18:56:15] 📊 Merged 164 zones from 4 categories

[2026-01-08 18:56:40.581] [18:56:40]   ✅ Ducts            | Placed= 32 | Skipped=  0 | Errors=  0 | 4520ms

[2026-01-08 18:56:40.583] [18:56:40]   ✅ Duct Accessories | Placed= 21 | Skipped=  0 | Errors=  0 | 3515ms

[2026-01-08 18:56:40.584] [18:56:40]   ✅ Pipes            | Placed= 77 | Skipped=  0 | Errors=  0 | 10781ms

[2026-01-08 18:56:40.586] [18:56:40]   ✅ Cable Trays      | Placed= 34 | Skipped=  0 | Errors=  0 | 5821ms

[2026-01-08 18:56:40.588] [18:56:40] 🔄 Final document regeneration...

[2026-01-08 18:56:41.923] [18:56:41] ✅ PHASE 2 COMPLETE: Placed=164, Skipped=0, Errors=0

[2026-01-08 18:56:43.034] [18:56:43] 📐 Corner extraction: 164 sleeves updated

[2026-01-08 18:56:43.036] [18:56:43] ═══════════════════════════════════════════════════════
[18:56:43] 🔗 PHASE 2: CLUSTERING (4 categories)
[18:56:43] ═══════════════════════════════════════════════════════

[2026-01-08 18:56:48.196] [18:56:48]   ✅ Ducts            | Clustered=  5 | 5157ms

[2026-01-08 18:56:51.723] [18:56:51]   ✅ Duct Accessories | Clustered=  4 | 3510ms

[2026-01-08 18:56:55.307] [18:56:55]   ✅ Cable Trays      | Clustered=  4 | 3574ms

[2026-01-08 18:57:04.407] [18:57:04]   ✅ Pipes            | Clustered= 19 | 9084ms

[2026-01-08 18:57:04.424] [18:57:04] ═══════════════════════════════════════════════════════
[18:57:04] 🎉 UNIFIED PLACEMENT COMPLETE
[18:57:04] ═══════════════════════════════════════════════════════
[18:57:04]   Individual: Placed=164, Skipped=0, Errors=0
[18:57:04]   Clusters:   32
[18:57:04]   TOTAL:      196 sleeves
[18:57:04]   Time:       49122ms (49.1s)
[18:57:04] ═══════════════════════════════════════════════════════

[2026-01-08 19:02:36.105] [19:02:36] 🚀 UNIFIED PLACEMENT: Starting for 1 filters

[2026-01-08 19:02:36.177] [19:02:36] 📊 UNIFIED PLACEMENT: Loaded 17 total zones from 1 filters

[2026-01-08 19:02:36.179] [19:02:36] ═══════════════════════════════════════════════════════
[19:02:36] 🔧 PHASE 2: INDIVIDUAL SLEEVE PLACEMENT (17 zones)
[19:02:36] ═══════════════════════════════════════════════════════

[2026-01-08 19:02:36.181] [19:02:36] 📊 Merged 17 zones from 1 categories

[2026-01-08 19:02:38.279] [19:02:38]   ✅ Pipes            | Placed= 17 | Skipped=  0 | Errors=  0 | 2089ms

[2026-01-08 19:02:38.281] [19:02:38] 🔄 Final document regeneration...

[2026-01-08 19:02:38.530] [19:02:38] ✅ PHASE 2 COMPLETE: Placed=17, Skipped=0, Errors=0

[2026-01-08 19:02:39.742] [19:02:39] 📐 Corner extraction: 97 sleeves updated

[2026-01-08 19:02:39.744] [19:02:39] ═══════════════════════════════════════════════════════
[19:02:39] 🔗 PHASE 2: CLUSTERING (1 categories)
[19:02:39] ═══════════════════════════════════════════════════════

[2026-01-08 19:02:42.980] [19:02:42]   ✅ Pipes            | Clustered=  1 | 3234ms

[2026-01-08 19:02:42.995] [19:02:42] ═══════════════════════════════════════════════════════
[19:02:42] 🎉 UNIFIED PLACEMENT COMPLETE
[19:02:42] ═══════════════════════════════════════════════════════
[19:02:42]   Individual: Placed=17, Skipped=0, Errors=0
[19:02:42]   Clusters:   1
[19:02:42]   TOTAL:      18 sleeves
[19:02:42]   Time:       6890ms (6.9s)
[19:02:42] ═══════════════════════════════════════════════════════

[2026-01-08 19:34:07.913] [19:34:07] 🚀 UNIFIED PLACEMENT: Starting for 1 filters

[2026-01-08 19:34:07.994] [19:34:07] 📊 UNIFIED PLACEMENT: Loaded 17 total zones from 1 filters

[2026-01-08 19:34:07.996] [19:34:07] ═══════════════════════════════════════════════════════
[19:34:07] 🔧 PHASE 2: INDIVIDUAL SLEEVE PLACEMENT (17 zones)
[19:34:07] ═══════════════════════════════════════════════════════

[2026-01-08 19:34:07.998] [19:34:07] 📊 Merged 17 zones from 1 categories

[2026-01-08 19:34:10.113] [19:34:10]   ✅ Pipes            | Placed= 17 | Skipped=  0 | Errors=  0 | 2107ms

[2026-01-08 19:34:10.115] [19:34:10] 🔄 Final document regeneration...

[2026-01-08 19:34:10.337] [19:34:10] ✅ PHASE 2 COMPLETE: Placed=17, Skipped=0, Errors=0

[2026-01-08 19:34:10.505] [19:34:10] 📐 Corner extraction: 17 sleeves updated

[2026-01-08 19:34:10.507] [19:34:10] ═══════════════════════════════════════════════════════
[19:34:10] 🔗 PHASE 2: CLUSTERING (1 categories)
[19:34:10] ═══════════════════════════════════════════════════════

[2026-01-08 19:34:13.216] [19:34:13]   ✅ Pipes            | Clustered=  1 | 2707ms

[2026-01-08 19:34:13.225] [19:34:13] ═══════════════════════════════════════════════════════
[19:34:13] 🎉 UNIFIED PLACEMENT COMPLETE
[19:34:13] ═══════════════════════════════════════════════════════
[19:34:13]   Individual: Placed=17, Skipped=0, Errors=0
[19:34:13]   Clusters:   1
[19:34:13]   TOTAL:      18 sleeves
[19:34:13]   Time:       5312ms (5.3s)
[19:34:13] ═══════════════════════════════════════════════════════

[2026-01-08 19:40:29.855] [19:40:29] 🚀 UNIFIED PLACEMENT: Starting for 1 filters

[2026-01-08 19:40:30.021] [19:40:30] 📊 UNIFIED PLACEMENT: Loaded 45 total zones from 1 filters

[2026-01-08 19:40:30.023] [19:40:30] ═══════════════════════════════════════════════════════
[19:40:30] 🔧 PHASE 2: INDIVIDUAL SLEEVE PLACEMENT (45 zones)
[19:40:30] ═══════════════════════════════════════════════════════

[2026-01-08 19:40:30.025] [19:40:30] 📊 Merged 45 zones from 1 categories

[2026-01-08 19:40:35.893] [19:40:35]   ✅ Cable Trays      | Placed= 45 | Skipped=  0 | Errors=  0 | 5860ms

[2026-01-08 19:40:35.894] [19:40:35] 🔄 Final document regeneration...

[2026-01-08 19:40:37.879] [19:40:37] ✅ PHASE 2 COMPLETE: Placed=45, Skipped=0, Errors=0

[2026-01-08 19:40:38.322] [19:40:38] 📐 Corner extraction: 59 sleeves updated

[2026-01-08 19:40:38.324] [19:40:38] ═══════════════════════════════════════════════════════
[19:40:38] 🔗 PHASE 2: CLUSTERING (1 categories)
[19:40:38] ═══════════════════════════════════════════════════════

[2026-01-08 19:40:45.712] [19:40:45]   ✅ Cable Trays      | Clustered=  8 | 7386ms

[2026-01-08 19:40:45.729] [19:40:45] ═══════════════════════════════════════════════════════
[19:40:45] 🎉 UNIFIED PLACEMENT COMPLETE
[19:40:45] ═══════════════════════════════════════════════════════
[19:40:45]   Individual: Placed=45, Skipped=0, Errors=0
[19:40:45]   Clusters:   8
[19:40:45]   TOTAL:      53 sleeves
[19:40:45]   Time:       15873ms (15.9s)
[19:40:45] ═══════════════════════════════════════════════════════

[2026-01-08 19:47:00.490] [19:47:00] 🚀 UNIFIED PLACEMENT: Starting for 1 filters

[2026-01-08 19:47:00.593] [19:47:00] 📊 UNIFIED PLACEMENT: Loaded 21 total zones from 1 filters

[2026-01-08 19:47:00.595] [19:47:00] ═══════════════════════════════════════════════════════
[19:47:00] 🔧 PHASE 2: INDIVIDUAL SLEEVE PLACEMENT (21 zones)
[19:47:00] ═══════════════════════════════════════════════════════

[2026-01-08 19:47:00.597] [19:47:00] 📊 Merged 21 zones from 1 categories

[2026-01-08 19:47:03.931] [19:47:03]   ✅ Duct Accessories | Placed= 21 | Skipped=  0 | Errors=  0 | 3326ms

[2026-01-08 19:47:03.933] [19:47:03] 🔄 Final document regeneration...

[2026-01-08 19:47:04.702] [19:47:04] ✅ PHASE 2 COMPLETE: Placed=21, Skipped=0, Errors=0

[2026-01-08 19:47:05.158] [19:47:05] 📐 Corner extraction: 35 sleeves updated

[2026-01-08 19:47:05.160] [19:47:05] ═══════════════════════════════════════════════════════
[19:47:05] 🔗 PHASE 2: CLUSTERING (1 categories)
[19:47:05] ═══════════════════════════════════════════════════════

[2026-01-08 19:47:09.256] [19:47:09]   ✅ Duct Accessories | Clustered=  4 | 4094ms

[2026-01-08 19:47:09.270] [19:47:09] ═══════════════════════════════════════════════════════
[19:47:09] 🎉 UNIFIED PLACEMENT COMPLETE
[19:47:09] ═══════════════════════════════════════════════════════
[19:47:09]   Individual: Placed=21, Skipped=0, Errors=0
[19:47:09]   Clusters:   4
[19:47:09]   TOTAL:      25 sleeves
[19:47:09]   Time:       8779ms (8.8s)
[19:47:09] ═══════════════════════════════════════════════════════

