[2026-01-02 10:28:02.293] [10:28:02] 🔥🔥🔥 [FlagManagerService] BatchUpdateFlagsForPlacement CALLED: isCluster=False, category=Duct Accessories, count=1

[2026-01-02 10:28:02.295] [10:28:02] 🔥 [FlagManagerService] CALLING _repository.BatchUpdateFlagsWithCurrentClash with 1 updates

[2026-01-02 10:28:02.305] [10:28:02] ✅ [FlagManagerService] BatchUpdateFlagsWithCurrentClash COMPLETED for 1 updates

[10:28:05] 🔥🔥🔥 ClusterSleeves METHOD CALLED
[10:28:05] Version: R2024, Assembly: JSE_RevitAddin_MEP_OPENINGS.dll, BuildTime: 2026-01-02 10:27:14
[10:28:05] Parameters: category=Duct Accessories, filter=Ventilation, comboId=1, filterId=1
[2026-01-02 10:28:05.477] 
========== REFACTORED CLUSTER SERVICE STARTED ==========

[2026-01-02 10:28:05.479] [10:28:05] 🔨 BUILD TIMESTAMP: 2026-01-02 10:27:14 | VERSION: R2024 | Assembly: JSE_RevitAddin_MEP_OPENINGS.dll

[2026-01-02 10:28:05.480] [10:28:05] Target category: Duct Accessories

[2026-01-02 10:28:05.482] [10:28:05] Filter name: Ventilation

[2026-01-02 10:28:05.483] [10:28:05] Path 1 Replay: False

[2026-01-02 10:28:05.485] [10:28:05] PATH 3 Validated: True, Invalidated: False, New: False

[2026-01-02 10:28:05.487] [10:28:05] ComboId: 1, FilterId: 1

[2026-01-02 10:28:05.488] [10:28:05] DeploymentMode: False

[2026-01-02 10:28:05.490] [10:28:05] ✅ DATABASE-ONLY ARCHITECTURE (No XML)

[2026-01-02 10:28:05.491] [10:28:05] ✅ PATH 3 CLUSTERING: Always recalculating clusters (ignoring existing cluster data)

[2026-01-02 10:28:05.493] [10:28:05]   → PATH 3 Validated: Nearby changes may affect cluster formation

[2026-01-02 10:28:05.494] [10:28:05] 🔍 ABOUT TO LOAD clash zones from database for category 'Duct Accessories'

[10:28:05] 🔍 ClusterDataService: About to query database for category 'Duct Accessories'
[10:28:05] ✅ DATABASE QUERY RESULT: 1 zones from database for category 'Duct Accessories'
[2026-01-02 10:28:05.514] [10:28:05] ✅ DATABASE: Loaded 1 zones from database for category 'Duct Accessories'

[10:28:05] 🔍 FILTERING: 1 total zones -> 1 with SleeveInstanceId>0 and !IsClusterResolved (after excluding inconsistent flags)
[2026-01-02 10:28:05.516] [10:28:05] ✅ DATABASE: Filtered to 1 zones with SleeveInstanceId>0 and not cluster resolved

[2026-01-02 10:28:05.518] [10:28:05] ✅ DATABASE: Returning 1 clash zones for clustering

[10:28:05] ✅ DATABASE: Loaded 1 clash zones from database for category 'Duct Accessories'
[2026-01-02 10:28:05.523] [10:28:05] ✅ DATABASE: Loaded 1 clash zones from database for category 'Duct Accessories'

[2026-01-02 10:28:05.527] [10:28:05] 🔍 FILTERING: Starting with 1 total clash zones

[2026-01-02 10:28:05.529] [TRACE-FILTER] ID 1183693: Found=False in allClashZones

[2026-01-02 10:28:05.530] [TRACE-FILTER] ID 1183702: Found=False in allClashZones

[2026-01-02 10:28:05.532] [10:28:05] 🔍 FILTERING: 1 zones with SleeveInstanceId > 0

[2026-01-02 10:28:05.534] [10:28:05] 🔍 FILTERING: 1 zones not cluster resolved (or reset for re-clustering)

[10:28:05] ✅ FILTERED: 1 clash zones ready for clustering (SleeveId>0, not cluster resolved, category='Duct Accessories')
[2026-01-02 10:28:05.548] [10:28:05] ✅ FILTERED: 1 clash zones ready for clustering (SleeveId>0, not cluster resolved, category='Duct Accessories')

[2026-01-02 10:28:05.555] [10:28:05] 📦 [GetBBox] Zone=1, SleeveId=745292: SleeveBBox=(274.852362,54.062558,21.407480) to (275.508530,55.046810,22.391732)

[2026-01-02 10:28:05.562] Prepared 1 sleeve data objects

[2026-01-02 10:28:05.587] [10:28:05] 🔍 CLUSTERING: Forming clusters with tolerance=100.0mm, 1 sleeve groups

[2026-01-02 10:28:05.617] [10:28:05] ✅ CLUSTERING: Formed 1 cluster groups, 1 total clusters, 0 clusters with >1 sleeve

[2026-01-02 10:28:05.620] [10:28:05] ✅ CLUSTERING: Marked zones in 0 multi-sleeve clusters with MarkedForClusterProcess=true

[2026-01-02 10:28:05.623] [10:28:05] 🚀 [SOLID-REFACTORING] Starting parallel pre-calculation for all clusters

[2026-01-02 10:28:05.625] [10:28:05] 📦 [SOLID-REFACTORING] Passing 1 pre-loaded ClashZones to pre-calculation (FAST - no DB queries, from 1 total zones)

[2026-01-02 10:28:05.638] [10:28:05] [PreCalculation] ⚠️ No clusters to pre-calculate (all clusters have ≤1 sleeve)

[2026-01-02 10:28:05.641] [10:28:05] ✅ [SOLID-REFACTORING] Pre-calculation complete: 0 valid, 0 invalid

[2026-01-02 10:28:05.661] [10:28:05] 🔍 PROCESSING: Group Wall/Duct Accessories/Y has 1 clusters

[2026-01-02 10:28:05.662] [10:28:05] ⏭️ SKIP: Cluster with only 1 sleeve(s) (need >1 to cluster)

[2026-01-02 10:28:05.666] [10:28:05] 🔍 PRE-CLEANUP VERIFICATION: Checking 0 cluster sleeves before cleanup...

[2026-01-02 10:28:05.667] [10:28:05] 📊 PRE-CLEANUP RESULT: 0 valid, 0 invalid out of 0 cluster sleeves

[2026-01-02 10:28:05.669] [10:28:05] ⚠️ CLEANUP: No valid cluster sleeves to protect, skipping cleanup service

[2026-01-02 10:28:05.672] [10:28:05] 🔍 POST-CLEANUP VERIFICATION: Checking 0 cluster sleeves after cleanup...

[2026-01-02 10:28:05.674] [10:28:05] 📊 POST-CLEANUP RESULT: 0 valid, 0 invalid (deleted) out of 0 cluster sleeves

[2026-01-02 10:28:05.675] [10:28:05] ⚠️ SKIPPED saving cluster data: comboId=1, filterId=1, clusters=0

[2026-01-02 10:28:05.683] [10:28:05.682] [BATCH-FLUSH] 🔍 CHECKING: UseBatchedParameterWrites=True, _deferredClusterParameters.Count=0

[2026-01-02 10:28:05.685] [10:28:05.684] [BATCH-FLUSH] ⚠️⚠️⚠️ WARNING: _deferredClusterParameters is EMPTY! No parameters to flush. This may cause cluster sleeves to be misidentified!
  ⚠️ This means parameters were NOT added to deferred dictionary, OR dictionary was cleared before flush.
  ⚠️ Cleanup service will read from Revit element parameters (may be stale if not regenerated).

[2026-01-02 10:28:05.687] [10:28:05] ✅ BATCH-FLUSH: Flushed parameters for 0 cluster sleeves

[10:28:05] 
========== REFACTORED CLUSTER SERVICE COMPLETED ==========
[10:28:05] ✅✅✅ FINAL RESULT: Placed 0 clusters, Deleted 0 individual sleeves
[2026-01-02 10:28:05.692] [10:28:05] 
========== REFACTORED CLUSTER SERVICE COMPLETED ==========

[2026-01-02 10:28:05.694] [10:28:05] ✅ Placed 0 clusters, Deleted 0 individual sleeves

[2026-01-02 10:28:05.701] [10:28:05] ExecuteClusteringForCategory completed: Status=Succeeded, Placed=0, Deleted=0

