[2025-12-31 19:33:00.502] === DATABASE SELECT ===
Table: Filters
WHERE: FilterName='Ventilation' AND Category='Duct Accessories'
---

[2025-12-31 19:33:00.505] === DATABASE OPERATION ===
Operation: INSERT
Table: Filters
Parameters:
  FilterName = Ventilation
  Category = Duct Accessories
  IsFilterComboNew = 0
Info: Creating new filter
---

[2025-12-31 19:33:00.505] === DATABASE OPERATION ===
Operation: INSERT
Table: Filters
Parameters:
  FilterName = Ventilation
  Category = Duct Accessories
  IsFilterComboNew = 0
Rows Affected: 1
Info: ✅ Created FilterId=1
---

[2025-12-31 19:33:00.530] === DATABASE OPERATION ===
Operation: UPDATE
Table: Filters
Parameters:
  FilterId = 1
  SelectedHostCategories = Walls
  AdoptToDocumentFlag = 1
Info: Saving UI state for FilterId=1
---

[2025-12-31 19:33:00.709] === DATABASE OPERATION ===
Operation: UPDATE
Table: Filters
Parameters:
  FilterId = 1
  SelectedHostCategories = Walls
  AdoptToDocumentFlag = 1
Rows Affected: 1
Info: ✅ Saved UI state - HostCategories: 1, AdoptToDocumentFlag: 1
---

[2025-12-31 19:33:06.847] === DATABASE SELECT ===
Table: Filters
WHERE: FilterName='Ventilation' AND Category='Duct Accessories'
---

[2025-12-31 19:33:06.848] === DATABASE SELECT ===
Table: Filters
WHERE: FilterName='Ventilation' AND Category='Duct Accessories'
Results: 1 row(s)
Sample Row:
  FilterId = 1
---

[2025-12-31 19:33:07.683] === DATABASE SELECT ===
Table: Filters
WHERE: FilterName='Ventilation' AND Category='Duct Accessories'
---

[2025-12-31 19:33:07.684] === DATABASE SELECT ===
Table: Filters
WHERE: FilterName='Ventilation' AND Category='Duct Accessories'
Results: 1 row(s)
Sample Row:
  FilterId = 1
---

[2025-12-31 19:33:07.744] === DATABASE SELECT ===
Table: Filters
WHERE: FilterName='Ventilation' AND Category='Duct Accessories'
---

[2025-12-31 19:33:07.745] === DATABASE SELECT ===
Table: Filters
WHERE: FilterName='Ventilation' AND Category='Duct Accessories'
Results: 1 row(s)
Sample Row:
  FilterId = 1
---

[2025-12-31 19:33:08.109] === DATABASE OPERATION ===
Operation: UPDATE
Table: ClashZones
Parameters:
  ClashZoneGuid = 0544a9a0-89b8-0e08-2188-db8554cbad72
  SleeveInstanceId = 744915
  RowExists = True
Rows Affected: 1
Info: ✅ Updated SleeveInstanceId=744915 for zone 0544a9a0-89b8-0e08-2188-db8554cbad72
---

[2025-12-31 19:33:08.157] === DATABASE OPERATION ===
Operation: UPDATE
Table: ClashZones
Parameters:
  ClashZoneGuid = 0544a9a0-89b8-0e08-2188-db8554cbad72
  SleeveInstanceId = 744915
  RowExists = True
Rows Affected: 1
Info: ✅ Updated SleeveInstanceId=744915 for zone 0544a9a0-89b8-0e08-2188-db8554cbad72
---

[2025-12-31 19:33:08.235] === DATABASE OPERATION ===
Operation: INSERT
Table: SleeveSnapshots
Parameters:
  SleeveInstanceId = 744915
  ClusterInstanceId = NULL
  SourceType = Individual
  FilterId = 1
  ComboId = 1
  MepElementIdsJson = [23630658]
  HostElementIdsJson = [1043726]
  MepParametersJson = {"System Type":"Fresh Air","System Name":"FAD 78","System Abbreviation":"FAD","Reference Level":"LEV...
  HostParametersJson = {"Fire Rating":"4hr"}
  SourceDocKeysJson = ["CMO-AFE-DS03-MOD-PTW-ZZ-MEC-GE-0002"]
  HostDocKeysJson = ["CMO-GCI-MOD-ARC-ZZ-00002-2024"]
  ClashZoneGuid = 0544A9A0-89B8-0E08-2188-DB8554CBAD72
Rows Affected: 1
Info: ✅ Inserted NEW snapshot for SleeveId=744915, ClusterId=, MEP params: 13 (System Type, System Name, System Abbreviation, Reference Level, Schedule of Level (+8 more)), Host params: 1
---

[2025-12-31 19:33:08.241] [2025-12-31 19:33:08.241] [SleevePersistenceService] ✅ Saved sleeve snapshots for 1 placed sleeves (FilterId=1)

[2025-12-31 19:33:12.471] === DATABASE OPERATION ===
Operation: UPDATE
Table: ClashZones
Parameters:
  ClashZoneGuid = 0544a9a0-89b8-0e08-2188-db8554cbad72
  SleeveInstanceId = 744915
  RowExists = True
Rows Affected: 1
Info: ✅ Updated SleeveInstanceId=744915 for zone 0544a9a0-89b8-0e08-2188-db8554cbad72
---

[2025-12-31 19:33:12.572] === DATABASE SELECT ===
Table: ClusterSleeves
WHERE: FilterId=1 AND Category='Duct Accessories'
Info: Checking for existing cluster data by FilterId+Category
---

[2025-12-31 19:33:12.573] === DATABASE SELECT ===
Table: ClusterSleeves
WHERE: FilterId=1 AND Category='Duct Accessories'
Results: 0 row(s)
---

