[2025-12-31 17:27:51.012] === PLACEMENT PERFORMANCE MONITOR STARTED ===
Timestamp: 2025-12-31 17:27:51
Log File: ClusterPlacement_Duct Accessories_2025-12-31_17-27-51.log
Start Memory: 153.50 MB


[2025-12-31 17:27:51.058] [17:27:51.058] Load Clash Zones from Database: 35ms, Memory: -4233.24 KB, Items: 21

[2025-12-31 17:27:51.061] [17:27:51.061] Populate Clash Zone Cache: 0ms, Memory: 0.00 KB, Items: 21

[2025-12-31 17:27:51.066] [17:27:51.065] Filter Clash Zones: 3ms, Memory: 72.00 KB, Items: 21

[2025-12-31 17:27:51.083] [17:27:51.082] Prepare Sleeve Data: 12ms, Memory: 328.00 KB, Items: 21

[2025-12-31 17:27:51.084] [17:27:51.084] Group Sleeves by Host/System/Orientation: 0ms, Memory: 0.00 KB, Items: 2

[2025-12-31 17:27:51.136] [17:27:51.135] Form Clusters: 50ms, Memory: 1688.02 KB, Items: 15

[2025-12-31 17:27:51.173] [17:27:51.172] Pre-Calculate Clusters (Parallel): 35ms, Memory: 2114.87 KB, Items: 4

[2025-12-31 17:27:51.507] [17:27:51.506] Place Clusters Loop: 331ms, Memory: -3089.80 KB, Items: 4

[2025-12-31 17:27:51.509] [17:27:51.508]   Place Cluster Sleeve: 284ms (avg: 71.0ms, calls: 4, items: 0)

[2025-12-31 17:27:51.511] [17:27:51.510]   Determine Rotation Angle: 0ms (avg: 0.0ms, calls: 3, items: 0)

[2025-12-31 17:27:51.513] [17:27:51.512]   Calculate Rotated Bounding Box: 0ms (avg: 0.0ms, calls: 3, items: 0)

[2025-12-31 17:27:52.884] [17:27:52.884] Cleanup Individual Sleeves: 658ms, Memory: -220.88 KB, Items: 0

[2025-12-31 17:27:53.026] === PLACEMENT PERFORMANCE REPORT ===
Generated: 2025-12-31 17:27:53
Total Time: 2015ms (00:02)
Total Individual Sleeves: 0
Total Clusters: 4

=== MEMORY USAGE ===
Start: 153.50 MB
End: 154.42 MB
Delta: 0.92 MB
Memory per Item: 235.85 KB

=== OPERATION BREAKDOWN ===
Operation                                   Calls        Total        Avg        Min        Max      Items    Items/s
--------------------------------------------------------------------------------------------------------------
Cleanup Individual Sleeves                      1          658ms     658.0ms       658ms       658ms          0         0/s
Place Clusters Loop                             1          331ms     331.0ms       331ms       331ms          4        12/s
Form Clusters                                   1           50ms      50.0ms        50ms        50ms         15       300/s
Load Clash Zones from Database                  1           35ms      35.0ms        35ms        35ms         21       600/s
Pre-Calculate Clusters (Parallel)               1           35ms      35.0ms        35ms        35ms          4       114/s
Prepare Sleeve Data                             1           12ms      12.0ms        12ms        12ms         21      1750/s
Filter Clash Zones                              1            3ms       3.0ms         3ms         3ms         21      7000/s
Populate Clash Zone Cache                       1            0ms       0.0ms         0ms         0ms         21         0/s
Group Sleeves by Host/System/Orientation        1            0ms       0.0ms         0ms         0ms          2         0/s

=== PERFORMANCE TARGETS ===
Clusters/Second: 2 (target: 10+)
Status: ⚠️ BELOW TARGET

=== END OF REPORT ===

[2025-12-31 17:27:53.033] [17:27:53.032] Save Cluster Data to Database: 106ms, Memory: 388.57 KB, Items: 4

