[2026-01-02 10:34:18.570] === PLACEMENT PERFORMANCE MONITOR STARTED ===
Timestamp: 2026-01-02 10:34:18
Log File: Placement_Ventilation_DuctAccessories_2026-01-02_10-34-18.log
Start Memory: 317.47 MB


[2026-01-02 10:34:22.673] [10:34:22.672] Individual Sleeve Placement: 4099ms, Memory: 136.80 KB, Items: 1

[2026-01-02 10:34:23.063] [10:34:23.062] Cluster Sleeve Placement: 331ms, Memory: -506.77 KB, Items: 0

[2026-01-02 10:34:23.071] === PLACEMENT PERFORMANCE REPORT ===
Generated: 2026-01-02 10:34:23
Total Time: 4500ms (00:04)
Total Individual Sleeves: 1
Total Clusters: 0

=== MEMORY USAGE ===
Start: 317.47 MB
End: 318.47 MB
Delta: 1.01 MB
Memory per Item: 1030.02 KB

=== OPERATION BREAKDOWN ===
Operation                                   Calls        Total        Avg        Min        Max      Items    Items/s
--------------------------------------------------------------------------------------------------------------
Individual Sleeve Placement                     1         4099ms    4099.0ms      4099ms      4099ms          1         0/s
Cluster Sleeve Placement                        1          331ms     331.0ms       331ms       331ms          0         0/s

=== PERFORMANCE TARGETS ===
Individual Sleeves/Second: 0 (target: 50+)
Status: ⚠️ BELOW TARGET

=== END OF REPORT ===

