[2025-12-31 19:33:07.771] === PLACEMENT PERFORMANCE MONITOR STARTED ===
Timestamp: 2025-12-31 19:33:07
Log File: NewSleevePlacer_2025-12-31_19-33-07.log
Start Memory: 333.70 MB


[2025-12-31 19:33:07.812] [19:33:07.811] Load Family Symbol: 6ms, Memory: 48.00 KB, Items: 1

[2025-12-31 19:33:07.829] [19:33:07.828] Parallel Sleeve Placement Planning: 14ms, Memory: 40.00 KB, Items: 1

[2025-12-31 19:33:07.898] [19:33:07.897] Calculate Sleeve Dimensions: 47ms, Memory: 616.16 KB, Items: 1

[2025-12-31 19:33:07.902] [19:33:07.902] Load Family Symbol: 0ms, Memory: 0.00 KB, Items: 0

[2025-12-31 19:33:07.936] [19:33:07.935] Adjust Placement Point: 28ms, Memory: 264.00 KB, Items: 1

[2025-12-31 19:33:08.008] [19:33:08.007] Place Sleeve Instance: 62ms, Memory: 8.00 KB, Items: 1

[2025-12-31 19:33:08.096] [19:33:08.096] Set Sleeve Parameters: 77ms, Memory: -5573.61 KB, Items: 0

[2025-12-31 19:33:08.306] === PLACEMENT PERFORMANCE REPORT ===
Generated: 2025-12-31 19:33:08
Total Time: 534ms (00:00)
Total Individual Sleeves: 1
Total Clusters: 0

=== MEMORY USAGE ===
Start: 333.70 MB
End: 331.10 MB
Delta: -2.60 MB
Memory per Item: -2666.34 KB

=== OPERATION BREAKDOWN ===
Operation                                   Calls        Total        Avg        Min        Max      Items    Items/s
--------------------------------------------------------------------------------------------------------------
Set Sleeve Parameters                           1           77ms      77.0ms        77ms        77ms          0         0/s
Place Sleeve Instance                           1           62ms      62.0ms        62ms        62ms          1        16/s
Calculate Sleeve Dimensions                     1           47ms      47.0ms        47ms        47ms          1        21/s
Adjust Placement Point                          1           28ms      28.0ms        28ms        28ms          1        36/s
Parallel Sleeve Placement Planning              1           14ms      14.0ms        14ms        14ms          1        71/s
Load Family Symbol                              2            6ms       3.0ms         0ms         6ms          1       167/s

=== PERFORMANCE TARGETS ===
Individual Sleeves/Second: 2 (target: 50+)
Status: ⚠️ BELOW TARGET

=== END OF REPORT ===

