[2026-01-02 18:42:12.992] === REFRESH PERFORMANCE REPORT ===
Generated: 2026-01-02 18:42:12
🔨 Build Timestamp: 2026-01-02 18:27:49 | Assembly: JSE_RevitAddin_MEP_OPENINGS.dll
Total Time: 2097ms (00:02)
Total Clash Zones: 1

=== MEMORY USAGE ===
Start: 298.50 MB
End: 290.62 MB
Delta: -7.88 MB
Memory per Zone: -8067.96 KB (target: <5 KB)

=== OPERATION BREAKDOWN ===
Operation                         Calls      Total        Avg        Min        Max      Items
----------------------------------------------------------------------------------------------------
6. Intersection Processing            1       1058ms    1058.0ms      1058ms      1058ms         1/s
Damper Processing (Total)             1        563ms     563.0ms       563ms       563ms         2/s
6b. Host Element Collection           1        345ms     345.0ms       345ms       345ms         3/s
9. Save                               1        289ms     289.0ms       289ms       289ms         3/s
Collect Walls                         1        280ms     280.0ms       280ms       280ms         4/s
9a. Database/XML Save                 1        153ms     153.0ms       153ms       153ms         7/s
Collect Dampers                       1        136ms     136.0ms       136ms       136ms         7/s
9a8. Repo Bulk Save                   1        108ms     108.0ms       108ms       108ms         9/s
9. Process Dampers (Bulk Optimized)        1        103ms     103.0ms       103ms       103ms        10/s
8. Parameter Capture                  1         62ms      62.0ms        62ms        62ms        16/s
9b. Set ReadyForPlacement Flags        1         40ms      40.0ms        40ms        40ms        25/s
PrepareExistingZones                  1         34ms      34.0ms        34ms        34ms         0/s
Batch Capture (Dampers)               1         32ms      32.0ms        32ms        32ms         0/s
3. Hierarchical Flag Reset            1         26ms      26.0ms        26ms        26ms         0/s
3. Load Existing Zones                1         19ms      19.0ms        19ms        19ms         0/s
6a. MEP Element Collection            1         13ms      13.0ms        13ms        13ms         0/s
PostProcess                           1          8ms       8.0ms         8ms         8ms         0/s
6a1. Section Box Outline              1          7ms       7.0ms         7ms         7ms         0/s
3B. Legacy Flag Sync                  1          5ms       5.0ms         5ms         5ms         0/s
9a1. Deduplicate Storage              1          3ms       3.0ms         3ms         3ms         0/s
9a7. Group File Combos                1          3ms       3.0ms         3ms         3ms         0/s
1. UI Validation                      1          2ms       2.0ms         2ms         2ms         0/s
4. Flag Sync                          1          2ms       2.0ms         2ms         2ms         0/s
Cache Levels                          1          2ms       2.0ms         2ms         2ms         0/s
2. XML Loading                        1          1ms       1.0ms         1ms         1ms         0/s
9a7. Enrich Orientation               1          1ms       1.0ms         1ms         1ms         0/s
9a6. Filter Valid Zones               1          1ms       1.0ms         1ms         1ms         0/s
9a7b. Loop Overhead                   1          1ms       1.0ms         1ms         1ms         0/s
10. Cleanup                           1          1ms       1.0ms         1ms         1ms         0/s
5. Validation                         1          0ms       0.0ms         0ms         0ms         0/s
9a01. Group By Cat                    1          0ms       0.0ms         0ms         0ms         0/s

=== PERFORMANCE TARGETS ===
Clash Zones/Second: 0 (target: 500+)
Status: ⚠️ BELOW TARGET

