[2026-01-02 10:28:01.642] === PLACEMENT PERFORMANCE MONITOR STARTED ===
Timestamp: 2026-01-02 10:28:01
Log File: Placement_Ventilation_DuctAccessories_2026-01-02_10-28-01.log
Start Memory: 317.27 MB


[2026-01-02 10:28:05.336] [10:28:05.335] Individual Sleeve Placement: 3691ms, Memory: 34.72 KB, Items: 1

[2026-01-02 10:28:05.703] [10:28:05.702] Cluster Sleeve Placement: 324ms, Memory: 40.93 KB, Items: 0

[2026-01-02 10:28:05.712] === PLACEMENT PERFORMANCE REPORT ===
Generated: 2026-01-02 10:28:05
Total Time: 4069ms (00:04)
Total Individual Sleeves: 1
Total Clusters: 0

=== MEMORY USAGE ===
Start: 317.27 MB
End: 318.70 MB
Delta: 1.43 MB
Memory per Item: 1467.65 KB

=== OPERATION BREAKDOWN ===
Operation                                   Calls        Total        Avg        Min        Max      Items    Items/s
--------------------------------------------------------------------------------------------------------------
Individual Sleeve Placement                     1         3691ms    3691.0ms      3691ms      3691ms          1         0/s
Cluster Sleeve Placement                        1          324ms     324.0ms       324ms       324ms          0         0/s

=== PERFORMANCE TARGETS ===
Individual Sleeves/Second: 0 (target: 50+)
Status: ⚠️ BELOW TARGET

=== END OF REPORT ===

