[2025-12-31 17:27:20.322] === REFRESH PERFORMANCE REPORT ===
Generated: 2025-12-31 17:27:20
🔨 Build Timestamp: 2025-12-31 17:25:21 | Assembly: JSE_RevitAddin_MEP_OPENINGS.dll
Total Time: 3978ms (00:03)
Total Clash Zones: 163

=== MEMORY USAGE ===
Start: 144.13 MB
End: 149.27 MB
Delta: 5.14 MB
Memory per Zone: 32.29 KB (target: <5 KB)

=== OPERATION BREAKDOWN ===
Operation                         Calls      Total        Avg        Min        Max      Items
----------------------------------------------------------------------------------------------------
6. Intersection Processing            1       2520ms    2520.0ms      2520ms      2520ms        65/s
6d. Clash Zone Creation               1       2001ms    2001.0ms      2001ms      2001ms         0/s
9. Save                               1        834ms     834.0ms       834ms       834ms       195/s
9a. Database/XML Save                 1        773ms     773.0ms       773ms       773ms       211/s
9a7. Group File Combos                2        437ms     218.5ms        52ms       385ms         0/s
Damper Processing (Total)             1        278ms     278.0ms       278ms       278ms        76/s
9a8. Repo Bulk Save                   1        232ms     232.0ms       232ms       232ms       703/s
8. Parameter Capture                  1        207ms     207.0ms       207ms       207ms       618/s
3. Hierarchical Flag Reset            1        199ms     199.0ms       199ms       199ms      1804/s
9. Process Dampers (Bulk Optimized)        1        137ms     137.0ms       137ms       137ms       153/s
Batch Capture (Dampers)               1         87ms      87.0ms        87ms        87ms         0/s
4. Flag Sync                          1         66ms      66.0ms        66ms        66ms         0/s
6c. Intersection Detection (Ray Casting)        1         59ms      59.0ms        59ms        59ms         0/s
3. Load Existing Zones                1         56ms      56.0ms        56ms        56ms      2768/s
Collect Dampers                       1         34ms      34.0ms        34ms        34ms       618/s
6a. MEP Element Collection            1         33ms      33.0ms        33ms        33ms      3364/s
6b. Host Element Collection           1         32ms      32.0ms        32ms        32ms       594/s
3B. Legacy Flag Sync                  1         17ms      17.0ms        17ms        17ms         0/s
9b. Set ReadyForPlacement Flags        1         17ms      17.0ms        17ms        17ms      7824/s
PrepareExistingZones                  1         15ms      15.0ms        15ms        15ms         0/s
Collect Walls                         1         14ms      14.0ms        14ms        14ms      1357/s
5. Validation                         1         10ms      10.0ms        10ms        10ms     15500/s
6a1. Section Box Outline              1          5ms       5.0ms         5ms         5ms         0/s
PostProcess                           1          4ms       4.0ms         4ms         4ms         0/s
1. UI Validation                      1          2ms       2.0ms         2ms         2ms         0/s
9a1. Deduplicate Storage              1          2ms       2.0ms         2ms         2ms         0/s
2. XML Loading                        1          1ms       1.0ms         1ms         1ms         0/s
Cache Levels                          1          1ms       1.0ms         1ms         1ms         0/s
9a6. Filter Valid Zones               2          1ms       0.5ms         0ms         1ms         0/s
9a7b. Loop Overhead                   2          1ms       0.5ms         0ms         1ms         0/s
10. Cleanup                           1          1ms       1.0ms         1ms         1ms         0/s
9a01. Group By Cat                    1          0ms       0.0ms         0ms         0ms         0/s
9a7. Enrich Orientation               1          0ms       0.0ms         0ms         0ms         0/s

=== PERFORMANCE TARGETS ===
Clash Zones/Second: 41 (target: 500+)
Status: ⚠️ BELOW TARGET

