[2025-12-31 17:26:17.240] === PLACEMENT PERFORMANCE MONITOR STARTED ===
Timestamp: 2025-12-31 17:26:17
Log File: NewSleevePlacer_2025-12-31_17-26-17.log
Start Memory: 307.43 MB


[2025-12-31 17:26:17.248] [17:26:17.247] Load Family Symbol: 3ms, Memory: 48.00 KB, Items: 1

[2025-12-31 17:26:17.251] [17:26:17.250] Parallel Sleeve Placement Planning: 1ms, Memory: 0.00 KB, Items: 1

[2025-12-31 17:26:17.343] [17:26:17.341] Calculate Sleeve Dimensions: 63ms, Memory: 752.05 KB, Items: 1

[2025-12-31 17:26:17.346] [17:26:17.345] Load Family Symbol: 0ms, Memory: 0.00 KB, Items: 0

[2025-12-31 17:26:17.390] [17:26:17.389] Adjust Placement Point: 41ms, Memory: 24.00 KB, Items: 1

[2025-12-31 17:26:17.397] [17:26:17.397] Place Sleeve Instance: 5ms, Memory: 8.00 KB, Items: 1

[2025-12-31 17:26:17.402] [17:26:17.401] Set Sleeve Parameters: 1ms, Memory: 8.00 KB, Items: 0

[2025-12-31 17:26:17.526] === PLACEMENT PERFORMANCE REPORT ===
Generated: 2025-12-31 17:26:17
Total Time: 285ms (00:00)
Total Individual Sleeves: 1
Total Clusters: 0

=== MEMORY USAGE ===
Start: 307.43 MB
End: 302.64 MB
Delta: -4.79 MB
Memory per Item: -4900.70 KB

=== OPERATION BREAKDOWN ===
Operation                                   Calls        Total        Avg        Min        Max      Items    Items/s
--------------------------------------------------------------------------------------------------------------
Calculate Sleeve Dimensions                     1           63ms      63.0ms        63ms        63ms          1        16/s
Adjust Placement Point                          1           41ms      41.0ms        41ms        41ms          1        24/s
Place Sleeve Instance                           1            5ms       5.0ms         5ms         5ms          1       200/s
Load Family Symbol                              2            3ms       1.5ms         0ms         3ms          1       333/s
Parallel Sleeve Placement Planning              1            1ms       1.0ms         1ms         1ms          1      1000/s
Set Sleeve Parameters                           1            1ms       1.0ms         1ms         1ms          0         0/s

=== PERFORMANCE TARGETS ===
Individual Sleeves/Second: 4 (target: 50+)
Status: ⚠️ BELOW TARGET

=== END OF REPORT ===

