[2025-12-31 17:27:22.364] === PLACEMENT PERFORMANCE MONITOR STARTED ===
Timestamp: 2025-12-31 17:27:22
Log File: NewSleevePlacer_2025-12-31_17-27-22.log
Start Memory: 147.20 MB


[2025-12-31 17:27:22.407] [17:27:22.406] Load Family Symbol: 5ms, Memory: 47.96 KB, Items: 1

[2025-12-31 17:27:22.430] [17:27:22.429] Parallel Sleeve Placement Planning: 20ms, Memory: 382.48 KB, Items: 110

[2025-12-31 17:27:22.461] [17:27:22.460] Calculate Sleeve Dimensions: 10ms, Memory: 24.05 KB, Items: 1

[2025-12-31 17:27:22.463] [17:27:22.463] Load Family Symbol: 0ms, Memory: 0.00 KB, Items: 0

[2025-12-31 17:27:22.518] [17:27:22.517] Adjust Placement Point: 50ms, Memory: 16.00 KB, Items: 1

[2025-12-31 17:27:22.604] [17:27:22.603] Place Sleeve Instance: 78ms, Memory: 0.00 KB, Items: 1

[2025-12-31 17:27:22.649] [17:27:22.649] Set Sleeve Parameters: 39ms, Memory: 32.00 KB, Items: 0

[2025-12-31 17:27:22.663] [17:27:22.663] Calculate Sleeve Dimensions: 0ms, Memory: 24.05 KB, Items: 1

[2025-12-31 17:27:22.666] [17:27:22.665] Load Family Symbol: 0ms, Memory: 0.00 KB, Items: 0

[2025-12-31 17:27:22.671] [17:27:22.670] Adjust Placement Point: 3ms, Memory: 8.00 KB, Items: 1

[2025-12-31 17:27:22.704] [17:27:22.703] Place Sleeve Instance: 29ms, Memory: 0.00 KB, Items: 1

[2025-12-31 17:27:22.709] [17:27:22.708] Set Sleeve Parameters: 2ms, Memory: 32.00 KB, Items: 0

[2025-12-31 17:27:22.716] [17:27:22.715] Calculate Sleeve Dimensions: 0ms, Memory: 32.00 KB, Items: 1

[2025-12-31 17:27:22.719] [17:27:22.718] Load Family Symbol: 0ms, Memory: 0.00 KB, Items: 0

[2025-12-31 17:27:22.724] [17:27:22.723] Adjust Placement Point: 3ms, Memory: 16.00 KB, Items: 1

[2025-12-31 17:27:22.757] [17:27:22.756] Place Sleeve Instance: 30ms, Memory: 8.00 KB, Items: 1

[2025-12-31 17:27:22.768] [17:27:22.767] Set Sleeve Parameters: 2ms, Memory: 55.96 KB, Items: 0

[2025-12-31 17:27:22.777] [17:27:22.776] Calculate Sleeve Dimensions: 0ms, Memory: 24.05 KB, Items: 1

[2025-12-31 17:27:22.779] [17:27:22.779] Load Family Symbol: 0ms, Memory: 0.00 KB, Items: 0

[2025-12-31 17:27:22.784] [17:27:22.784] Adjust Placement Point: 3ms, Memory: 8.00 KB, Items: 1

[2025-12-31 17:27:22.816] [17:27:22.816] Place Sleeve Instance: 30ms, Memory: 0.00 KB, Items: 1

[2025-12-31 17:27:22.821] [17:27:22.820] Set Sleeve Parameters: 2ms, Memory: 32.00 KB, Items: 0

[2025-12-31 17:27:22.829] [17:27:22.828] Calculate Sleeve Dimensions: 0ms, Memory: 24.05 KB, Items: 1

[2025-12-31 17:27:22.832] [17:27:22.831] Load Family Symbol: 0ms, Memory: 0.00 KB, Items: 0

[2025-12-31 17:27:22.837] [17:27:22.837] Adjust Placement Point: 3ms, Memory: 8.00 KB, Items: 1

[2025-12-31 17:27:22.869] [17:27:22.869] Place Sleeve Instance: 29ms, Memory: 0.00 KB, Items: 1

[2025-12-31 17:27:22.874] [17:27:22.873] Set Sleeve Parameters: 2ms, Memory: 32.00 KB, Items: 0

[2025-12-31 17:27:22.882] [17:27:22.881] Calculate Sleeve Dimensions: 0ms, Memory: 24.05 KB, Items: 1

[2025-12-31 17:27:22.884] [17:27:22.884] Load Family Symbol: 0ms, Memory: 0.00 KB, Items: 0

[2025-12-31 17:27:22.889] [17:27:22.888] Adjust Placement Point: 3ms, Memory: 16.00 KB, Items: 1

[2025-12-31 17:27:22.922] [17:27:22.921] Place Sleeve Instance: 30ms, Memory: 8.00 KB, Items: 1

[2025-12-31 17:27:22.926] [17:27:22.925] Set Sleeve Parameters: 2ms, Memory: 32.00 KB, Items: 0

[2025-12-31 17:27:22.934] [17:27:22.933] Calculate Sleeve Dimensions: 0ms, Memory: 24.05 KB, Items: 1

[2025-12-31 17:27:22.937] [17:27:22.936] Load Family Symbol: 0ms, Memory: 0.00 KB, Items: 0

[2025-12-31 17:27:22.941] [17:27:22.941] Adjust Placement Point: 3ms, Memory: 16.00 KB, Items: 1

[2025-12-31 17:27:22.974] [17:27:22.973] Place Sleeve Instance: 29ms, Memory: 8.00 KB, Items: 1

[2025-12-31 17:27:22.978] [17:27:22.977] Set Sleeve Parameters: 2ms, Memory: 32.00 KB, Items: 0

[2025-12-31 17:27:22.986] [17:27:22.985] Calculate Sleeve Dimensions: 0ms, Memory: 24.05 KB, Items: 1

[2025-12-31 17:27:22.989] [17:27:22.989] Load Family Symbol: 0ms, Memory: 0.00 KB, Items: 0

[2025-12-31 17:27:22.993] [17:27:22.993] Adjust Placement Point: 3ms, Memory: 16.00 KB, Items: 1

[2025-12-31 17:27:23.027] [17:27:23.026] Place Sleeve Instance: 30ms, Memory: 0.00 KB, Items: 1

[2025-12-31 17:27:23.031] [17:27:23.030] Set Sleeve Parameters: 2ms, Memory: 32.00 KB, Items: 0

[2025-12-31 17:27:23.039] [17:27:23.038] Calculate Sleeve Dimensions: 0ms, Memory: 24.05 KB, Items: 1

[2025-12-31 17:27:23.041] [17:27:23.041] Load Family Symbol: 0ms, Memory: 0.00 KB, Items: 0

[2025-12-31 17:27:23.046] [17:27:23.046] Adjust Placement Point: 3ms, Memory: 16.00 KB, Items: 1

[2025-12-31 17:27:23.079] [17:27:23.079] Place Sleeve Instance: 30ms, Memory: 0.00 KB, Items: 1

[2025-12-31 17:27:23.084] [17:27:23.083] Set Sleeve Parameters: 1ms, Memory: 32.00 KB, Items: 0

[2025-12-31 17:27:23.091] [17:27:23.091] Calculate Sleeve Dimensions: 0ms, Memory: 24.05 KB, Items: 1

[2025-12-31 17:27:23.094] [17:27:23.094] Load Family Symbol: 0ms, Memory: 0.00 KB, Items: 0

[2025-12-31 17:27:23.099] [17:27:23.098] Adjust Placement Point: 3ms, Memory: 8.00 KB, Items: 1

[2025-12-31 17:27:23.132] [17:27:23.131] Place Sleeve Instance: 30ms, Memory: 0.00 KB, Items: 1

[2025-12-31 17:27:23.136] [17:27:23.136] Set Sleeve Parameters: 1ms, Memory: 32.00 KB, Items: 0

[2025-12-31 17:27:23.144] [17:27:23.144] Calculate Sleeve Dimensions: 0ms, Memory: 24.05 KB, Items: 1

[2025-12-31 17:27:23.148] [17:27:23.147] Load Family Symbol: 0ms, Memory: 0.00 KB, Items: 0

[2025-12-31 17:27:23.152] [17:27:23.152] Adjust Placement Point: 3ms, Memory: 8.00 KB, Items: 1

[2025-12-31 17:27:23.186] [17:27:23.185] Place Sleeve Instance: 30ms, Memory: 0.00 KB, Items: 1

[2025-12-31 17:27:23.190] [17:27:23.190] Set Sleeve Parameters: 2ms, Memory: 32.00 KB, Items: 0

[2025-12-31 17:27:23.198] [17:27:23.197] Calculate Sleeve Dimensions: 0ms, Memory: 32.05 KB, Items: 1

[2025-12-31 17:27:23.200] [17:27:23.200] Load Family Symbol: 0ms, Memory: 0.00 KB, Items: 0

[2025-12-31 17:27:23.205] [17:27:23.205] Adjust Placement Point: 3ms, Memory: 16.00 KB, Items: 1

[2025-12-31 17:27:23.239] [17:27:23.238] Place Sleeve Instance: 30ms, Memory: 8.00 KB, Items: 1

[2025-12-31 17:27:23.243] [17:27:23.242] Set Sleeve Parameters: 2ms, Memory: 32.00 KB, Items: 0

[2025-12-31 17:27:23.251] [17:27:23.250] Calculate Sleeve Dimensions: 0ms, Memory: 24.05 KB, Items: 1

[2025-12-31 17:27:23.254] [17:27:23.253] Load Family Symbol: 0ms, Memory: 0.00 KB, Items: 0

[2025-12-31 17:27:23.259] [17:27:23.258] Adjust Placement Point: 3ms, Memory: 16.00 KB, Items: 1

[2025-12-31 17:27:23.285] [17:27:23.284] Place Sleeve Instance: 24ms, Memory: 0.00 KB, Items: 1

[2025-12-31 17:27:23.289] [17:27:23.289] Set Sleeve Parameters: 2ms, Memory: 32.00 KB, Items: 0

[2025-12-31 17:27:23.298] [17:27:23.298] Calculate Sleeve Dimensions: 0ms, Memory: 24.05 KB, Items: 1

[2025-12-31 17:27:23.301] [17:27:23.301] Load Family Symbol: 0ms, Memory: 0.00 KB, Items: 0

[2025-12-31 17:27:23.306] [17:27:23.305] Adjust Placement Point: 3ms, Memory: 8.00 KB, Items: 1

[2025-12-31 17:27:23.332] [17:27:23.332] Place Sleeve Instance: 24ms, Memory: 0.00 KB, Items: 1

[2025-12-31 17:27:23.337] [17:27:23.337] Set Sleeve Parameters: 2ms, Memory: 32.00 KB, Items: 0

[2025-12-31 17:27:23.345] [17:27:23.345] Calculate Sleeve Dimensions: 0ms, Memory: 32.00 KB, Items: 1

[2025-12-31 17:27:23.348] [17:27:23.348] Load Family Symbol: 0ms, Memory: 0.00 KB, Items: 0

[2025-12-31 17:27:23.353] [17:27:23.352] Adjust Placement Point: 3ms, Memory: 16.00 KB, Items: 1

[2025-12-31 17:27:23.380] [17:27:23.379] Place Sleeve Instance: 23ms, Memory: 8.00 KB, Items: 1

[2025-12-31 17:27:23.384] [17:27:23.384] Set Sleeve Parameters: 2ms, Memory: 32.00 KB, Items: 0

[2025-12-31 17:27:23.400] [17:27:23.391] Calculate Sleeve Dimensions: 0ms, Memory: 22.75 KB, Items: 1

[2025-12-31 17:27:23.403] [17:27:23.402] Load Family Symbol: 0ms, Memory: 0.00 KB, Items: 0

[2025-12-31 17:27:23.408] [17:27:23.407] Adjust Placement Point: 3ms, Memory: 8.00 KB, Items: 1

[2025-12-31 17:27:23.435] [17:27:23.434] Place Sleeve Instance: 24ms, Memory: 0.00 KB, Items: 1

[2025-12-31 17:27:23.440] [17:27:23.439] Set Sleeve Parameters: 2ms, Memory: 32.00 KB, Items: 0

[2025-12-31 17:27:23.448] [17:27:23.447] Calculate Sleeve Dimensions: 0ms, Memory: 24.05 KB, Items: 1

[2025-12-31 17:27:23.450] [17:27:23.450] Load Family Symbol: 0ms, Memory: 0.00 KB, Items: 0

[2025-12-31 17:27:23.455] [17:27:23.454] Adjust Placement Point: 3ms, Memory: 16.00 KB, Items: 1

[2025-12-31 17:27:23.482] [17:27:23.481] Place Sleeve Instance: 23ms, Memory: 0.00 KB, Items: 1

[2025-12-31 17:27:23.486] [17:27:23.486] Set Sleeve Parameters: 2ms, Memory: 32.00 KB, Items: 0

[2025-12-31 17:27:23.494] [17:27:23.494] Calculate Sleeve Dimensions: 0ms, Memory: 24.05 KB, Items: 1

[2025-12-31 17:27:23.497] [17:27:23.496] Load Family Symbol: 0ms, Memory: 0.00 KB, Items: 0

[2025-12-31 17:27:23.502] [17:27:23.501] Adjust Placement Point: 3ms, Memory: 16.00 KB, Items: 1

[2025-12-31 17:27:23.535] [17:27:23.535] Place Sleeve Instance: 30ms, Memory: 0.00 KB, Items: 1

[2025-12-31 17:27:23.540] [17:27:23.539] Set Sleeve Parameters: 2ms, Memory: 40.00 KB, Items: 0

[2025-12-31 17:27:23.549] [17:27:23.548] Calculate Sleeve Dimensions: 0ms, Memory: 24.05 KB, Items: 1

[2025-12-31 17:27:23.551] [17:27:23.551] Load Family Symbol: 0ms, Memory: 0.00 KB, Items: 0

[2025-12-31 17:27:23.556] [17:27:23.556] Adjust Placement Point: 3ms, Memory: 16.00 KB, Items: 1

[2025-12-31 17:27:23.590] [17:27:23.589] Place Sleeve Instance: 31ms, Memory: 0.00 KB, Items: 1

[2025-12-31 17:27:23.595] [17:27:23.594] Set Sleeve Parameters: 2ms, Memory: 32.00 KB, Items: 0

[2025-12-31 17:27:23.603] [17:27:23.602] Calculate Sleeve Dimensions: 0ms, Memory: 24.05 KB, Items: 1

[2025-12-31 17:27:23.606] [17:27:23.605] Load Family Symbol: 0ms, Memory: 0.00 KB, Items: 0

[2025-12-31 17:27:23.610] [17:27:23.610] Adjust Placement Point: 3ms, Memory: 8.00 KB, Items: 1

[2025-12-31 17:27:23.644] [17:27:23.643] Place Sleeve Instance: 31ms, Memory: 0.00 KB, Items: 1

[2025-12-31 17:27:23.648] [17:27:23.647] Set Sleeve Parameters: 2ms, Memory: 32.00 KB, Items: 0

[2025-12-31 17:27:23.656] [17:27:23.655] Calculate Sleeve Dimensions: 0ms, Memory: 24.05 KB, Items: 1

[2025-12-31 17:27:23.663] [17:27:23.661] Load Family Symbol: 0ms, Memory: 0.00 KB, Items: 0

[2025-12-31 17:27:23.673] [17:27:23.672] Adjust Placement Point: 6ms, Memory: 8.00 KB, Items: 1

[2025-12-31 17:27:23.717] [17:27:23.717] Place Sleeve Instance: 40ms, Memory: 8.00 KB, Items: 1

[2025-12-31 17:27:23.722] [17:27:23.722] Set Sleeve Parameters: 2ms, Memory: 32.00 KB, Items: 0

[2025-12-31 17:27:23.732] [17:27:23.731] Calculate Sleeve Dimensions: 0ms, Memory: 32.05 KB, Items: 1

[2025-12-31 17:27:23.735] [17:27:23.735] Load Family Symbol: 0ms, Memory: 0.00 KB, Items: 0

[2025-12-31 17:27:23.741] [17:27:23.740] Adjust Placement Point: 3ms, Memory: 16.00 KB, Items: 1

[2025-12-31 17:27:23.775] [17:27:23.774] Place Sleeve Instance: 31ms, Memory: 8.00 KB, Items: 1

[2025-12-31 17:27:23.779] [17:27:23.779] Set Sleeve Parameters: 2ms, Memory: 32.00 KB, Items: 0

[2025-12-31 17:27:23.787] [17:27:23.787] Calculate Sleeve Dimensions: 0ms, Memory: 24.05 KB, Items: 1

[2025-12-31 17:27:23.790] [17:27:23.789] Load Family Symbol: 0ms, Memory: 0.00 KB, Items: 0

[2025-12-31 17:27:23.795] [17:27:23.794] Adjust Placement Point: 3ms, Memory: 16.00 KB, Items: 1

[2025-12-31 17:27:23.828] [17:27:23.827] Place Sleeve Instance: 30ms, Memory: 0.00 KB, Items: 1

[2025-12-31 17:27:23.832] [17:27:23.831] Set Sleeve Parameters: 2ms, Memory: 32.00 KB, Items: 0

[2025-12-31 17:27:23.840] [17:27:23.839] Calculate Sleeve Dimensions: 0ms, Memory: 24.05 KB, Items: 1

[2025-12-31 17:27:23.843] [17:27:23.843] Load Family Symbol: 0ms, Memory: 0.00 KB, Items: 0

[2025-12-31 17:27:23.848] [17:27:23.847] Adjust Placement Point: 3ms, Memory: 8.00 KB, Items: 1

[2025-12-31 17:27:23.881] [17:27:23.880] Place Sleeve Instance: 31ms, Memory: 0.00 KB, Items: 1

[2025-12-31 17:27:23.886] [17:27:23.885] Set Sleeve Parameters: 2ms, Memory: 32.00 KB, Items: 0

[2025-12-31 17:27:23.894] [17:27:23.893] Calculate Sleeve Dimensions: 0ms, Memory: 24.05 KB, Items: 1

[2025-12-31 17:27:23.896] [17:27:23.896] Load Family Symbol: 0ms, Memory: 0.00 KB, Items: 0

[2025-12-31 17:27:23.901] [17:27:23.900] Adjust Placement Point: 3ms, Memory: 8.00 KB, Items: 1

[2025-12-31 17:27:23.935] [17:27:23.934] Place Sleeve Instance: 31ms, Memory: 0.00 KB, Items: 1

[2025-12-31 17:27:23.939] [17:27:23.938] Set Sleeve Parameters: 2ms, Memory: 32.00 KB, Items: 0

[2025-12-31 17:27:23.947] [17:27:23.946] Calculate Sleeve Dimensions: 0ms, Memory: 32.05 KB, Items: 1

[2025-12-31 17:27:23.949] [17:27:23.949] Load Family Symbol: 0ms, Memory: 0.00 KB, Items: 0

[2025-12-31 17:27:23.954] [17:27:23.953] Adjust Placement Point: 3ms, Memory: 16.00 KB, Items: 1

[2025-12-31 17:27:23.988] [17:27:23.988] Place Sleeve Instance: 31ms, Memory: 8.00 KB, Items: 1

[2025-12-31 17:27:23.992] [17:27:23.992] Set Sleeve Parameters: 2ms, Memory: 32.00 KB, Items: 0

[2025-12-31 17:27:24.001] [17:27:24.000] Calculate Sleeve Dimensions: 0ms, Memory: 24.05 KB, Items: 1

[2025-12-31 17:27:24.004] [17:27:24.003] Load Family Symbol: 0ms, Memory: 0.00 KB, Items: 0

[2025-12-31 17:27:24.008] [17:27:24.008] Adjust Placement Point: 3ms, Memory: 16.00 KB, Items: 1

[2025-12-31 17:27:24.042] [17:27:24.041] Place Sleeve Instance: 31ms, Memory: 0.00 KB, Items: 1

[2025-12-31 17:27:24.047] [17:27:24.046] Set Sleeve Parameters: 2ms, Memory: 32.00 KB, Items: 0

[2025-12-31 17:27:24.055] [17:27:24.054] Calculate Sleeve Dimensions: 0ms, Memory: 24.05 KB, Items: 1

[2025-12-31 17:27:24.057] [17:27:24.057] Load Family Symbol: 0ms, Memory: 0.00 KB, Items: 0

[2025-12-31 17:27:24.062] [17:27:24.061] Adjust Placement Point: 3ms, Memory: 16.00 KB, Items: 1

[2025-12-31 17:27:24.096] [17:27:24.095] Place Sleeve Instance: 32ms, Memory: 0.00 KB, Items: 1

[2025-12-31 17:27:24.102] [17:27:24.100] Set Sleeve Parameters: 1ms, Memory: 32.00 KB, Items: 0

[2025-12-31 17:27:24.110] [17:27:24.110] Calculate Sleeve Dimensions: 0ms, Memory: 32.05 KB, Items: 1

[2025-12-31 17:27:24.113] [17:27:24.112] Load Family Symbol: 0ms, Memory: 0.00 KB, Items: 0

[2025-12-31 17:27:24.118] [17:27:24.117] Adjust Placement Point: 3ms, Memory: 16.00 KB, Items: 1

[2025-12-31 17:27:24.152] [17:27:24.151] Place Sleeve Instance: 31ms, Memory: 8.00 KB, Items: 1

[2025-12-31 17:27:24.156] [17:27:24.156] Set Sleeve Parameters: 2ms, Memory: 32.00 KB, Items: 0

[2025-12-31 17:27:24.164] [17:27:24.163] Calculate Sleeve Dimensions: 0ms, Memory: 24.05 KB, Items: 1

[2025-12-31 17:27:24.167] [17:27:24.166] Load Family Symbol: 0ms, Memory: 0.00 KB, Items: 0

[2025-12-31 17:27:24.172] [17:27:24.171] Adjust Placement Point: 3ms, Memory: 16.00 KB, Items: 1

[2025-12-31 17:27:24.206] [17:27:24.205] Place Sleeve Instance: 31ms, Memory: 0.00 KB, Items: 1

[2025-12-31 17:27:24.211] [17:27:24.211] Set Sleeve Parameters: 2ms, Memory: 32.00 KB, Items: 0

[2025-12-31 17:27:24.219] [17:27:24.218] Calculate Sleeve Dimensions: 0ms, Memory: 24.05 KB, Items: 1

[2025-12-31 17:27:24.222] [17:27:24.221] Load Family Symbol: 0ms, Memory: 0.00 KB, Items: 0

[2025-12-31 17:27:24.227] [17:27:24.226] Adjust Placement Point: 3ms, Memory: 8.00 KB, Items: 1

[2025-12-31 17:27:24.261] [17:27:24.260] Place Sleeve Instance: 31ms, Memory: 0.00 KB, Items: 1

[2025-12-31 17:27:24.265] [17:27:24.264] Set Sleeve Parameters: 1ms, Memory: 32.00 KB, Items: 0

[2025-12-31 17:27:24.273] [17:27:24.272] Calculate Sleeve Dimensions: 0ms, Memory: 24.05 KB, Items: 1

[2025-12-31 17:27:24.275] [17:27:24.275] Load Family Symbol: 0ms, Memory: 0.00 KB, Items: 0

[2025-12-31 17:27:24.281] [17:27:24.280] Adjust Placement Point: 3ms, Memory: 8.00 KB, Items: 1

[2025-12-31 17:27:24.315] [17:27:24.314] Place Sleeve Instance: 32ms, Memory: 8.00 KB, Items: 1

[2025-12-31 17:27:24.319] [17:27:24.319] Set Sleeve Parameters: 1ms, Memory: 32.00 KB, Items: 0

[2025-12-31 17:27:24.327] [17:27:24.327] Calculate Sleeve Dimensions: 0ms, Memory: 32.05 KB, Items: 1

[2025-12-31 17:27:24.331] [17:27:24.329] Load Family Symbol: 0ms, Memory: 0.00 KB, Items: 0

[2025-12-31 17:27:24.335] [17:27:24.334] Adjust Placement Point: 3ms, Memory: 16.00 KB, Items: 1

[2025-12-31 17:27:24.369] [17:27:24.368] Place Sleeve Instance: 32ms, Memory: 8.00 KB, Items: 1

[2025-12-31 17:27:24.375] [17:27:24.374] Set Sleeve Parameters: 2ms, Memory: 32.00 KB, Items: 0

[2025-12-31 17:27:24.383] [17:27:24.382] Calculate Sleeve Dimensions: 0ms, Memory: 24.05 KB, Items: 1

[2025-12-31 17:27:24.385] [17:27:24.385] Load Family Symbol: 0ms, Memory: 0.00 KB, Items: 0

[2025-12-31 17:27:24.390] [17:27:24.389] Adjust Placement Point: 3ms, Memory: 16.00 KB, Items: 1

[2025-12-31 17:27:24.425] [17:27:24.424] Place Sleeve Instance: 32ms, Memory: 24.00 KB, Items: 1

[2025-12-31 17:27:24.428] [17:27:24.428] Set Sleeve Parameters: 2ms, Memory: 32.00 KB, Items: 0

[2025-12-31 17:27:24.438] [17:27:24.437] Calculate Sleeve Dimensions: 0ms, Memory: 32.05 KB, Items: 1

[2025-12-31 17:27:24.445] [17:27:24.443] Load Family Symbol: 0ms, Memory: 0.00 KB, Items: 0

[2025-12-31 17:27:24.455] [17:27:24.453] Adjust Placement Point: 6ms, Memory: 16.00 KB, Items: 1

[2025-12-31 17:27:24.500] [17:27:24.498] Place Sleeve Instance: 40ms, Memory: 8.00 KB, Items: 1

[2025-12-31 17:27:24.505] [17:27:24.504] Set Sleeve Parameters: 2ms, Memory: 32.00 KB, Items: 0

[2025-12-31 17:27:24.513] [17:27:24.512] Calculate Sleeve Dimensions: 0ms, Memory: 24.05 KB, Items: 1

[2025-12-31 17:27:24.516] [17:27:24.515] Load Family Symbol: 0ms, Memory: 0.00 KB, Items: 0

[2025-12-31 17:27:24.521] [17:27:24.520] Adjust Placement Point: 3ms, Memory: 16.00 KB, Items: 1

[2025-12-31 17:27:24.559] [17:27:24.559] Place Sleeve Instance: 36ms, Memory: 0.00 KB, Items: 1

[2025-12-31 17:27:24.564] [17:27:24.564] Set Sleeve Parameters: 2ms, Memory: 32.00 KB, Items: 0

[2025-12-31 17:27:24.572] [17:27:24.572] Calculate Sleeve Dimensions: 0ms, Memory: 24.05 KB, Items: 1

[2025-12-31 17:27:24.575] [17:27:24.575] Load Family Symbol: 0ms, Memory: 0.00 KB, Items: 0

[2025-12-31 17:27:24.580] [17:27:24.579] Adjust Placement Point: 3ms, Memory: 16.00 KB, Items: 1

[2025-12-31 17:27:24.615] [17:27:24.614] Place Sleeve Instance: 32ms, Memory: 0.00 KB, Items: 1

[2025-12-31 17:27:24.619] [17:27:24.619] Set Sleeve Parameters: 1ms, Memory: 24.00 KB, Items: 0

[2025-12-31 17:27:24.627] [17:27:24.627] Calculate Sleeve Dimensions: 0ms, Memory: 24.05 KB, Items: 1

[2025-12-31 17:27:24.630] [17:27:24.629] Load Family Symbol: 0ms, Memory: 0.00 KB, Items: 0

[2025-12-31 17:27:24.635] [17:27:24.634] Adjust Placement Point: 3ms, Memory: 8.00 KB, Items: 1

[2025-12-31 17:27:24.669] [17:27:24.668] Place Sleeve Instance: 32ms, Memory: 0.00 KB, Items: 1

[2025-12-31 17:27:24.673] [17:27:24.673] Set Sleeve Parameters: 2ms, Memory: 40.00 KB, Items: 0

[2025-12-31 17:27:24.681] [17:27:24.680] Calculate Sleeve Dimensions: 0ms, Memory: 32.05 KB, Items: 1

[2025-12-31 17:27:24.684] [17:27:24.684] Load Family Symbol: 0ms, Memory: 0.00 KB, Items: 0

[2025-12-31 17:27:24.689] [17:27:24.688] Adjust Placement Point: 3ms, Memory: 16.00 KB, Items: 1

[2025-12-31 17:27:24.724] [17:27:24.724] Place Sleeve Instance: 32ms, Memory: 8.00 KB, Items: 1

[2025-12-31 17:27:24.729] [17:27:24.728] Set Sleeve Parameters: 2ms, Memory: 32.00 KB, Items: 0

[2025-12-31 17:27:24.736] [17:27:24.736] Calculate Sleeve Dimensions: 0ms, Memory: 24.05 KB, Items: 1

[2025-12-31 17:27:24.740] [17:27:24.739] Load Family Symbol: 0ms, Memory: 0.00 KB, Items: 0

[2025-12-31 17:27:24.745] [17:27:24.744] Adjust Placement Point: 3ms, Memory: 16.00 KB, Items: 1

[2025-12-31 17:27:24.779] [17:27:24.778] Place Sleeve Instance: 32ms, Memory: 0.00 KB, Items: 1

[2025-12-31 17:27:24.784] [17:27:24.783] Set Sleeve Parameters: 2ms, Memory: 32.00 KB, Items: 0

[2025-12-31 17:27:24.794] [17:27:24.792] Calculate Sleeve Dimensions: 0ms, Memory: 24.05 KB, Items: 1

[2025-12-31 17:27:24.796] [17:27:24.796] Load Family Symbol: 0ms, Memory: 0.00 KB, Items: 0

[2025-12-31 17:27:24.802] [17:27:24.801] Adjust Placement Point: 3ms, Memory: 16.00 KB, Items: 1

[2025-12-31 17:27:24.837] [17:27:24.836] Place Sleeve Instance: 33ms, Memory: 0.00 KB, Items: 1

[2025-12-31 17:27:24.842] [17:27:24.841] Set Sleeve Parameters: 2ms, Memory: 32.00 KB, Items: 0

[2025-12-31 17:27:24.850] [17:27:24.849] Calculate Sleeve Dimensions: 0ms, Memory: 24.05 KB, Items: 1

[2025-12-31 17:27:24.853] [17:27:24.852] Load Family Symbol: 0ms, Memory: 0.00 KB, Items: 0

[2025-12-31 17:27:24.858] [17:27:24.857] Adjust Placement Point: 3ms, Memory: 8.00 KB, Items: 1

[2025-12-31 17:27:24.893] [17:27:24.892] Place Sleeve Instance: 33ms, Memory: 0.00 KB, Items: 1

[2025-12-31 17:27:24.898] [17:27:24.898] Set Sleeve Parameters: 2ms, Memory: 32.00 KB, Items: 0

[2025-12-31 17:27:24.906] [17:27:24.906] Calculate Sleeve Dimensions: 0ms, Memory: 32.05 KB, Items: 1

[2025-12-31 17:27:24.909] [17:27:24.908] Load Family Symbol: 0ms, Memory: 0.00 KB, Items: 0

[2025-12-31 17:27:24.913] [17:27:24.913] Adjust Placement Point: 3ms, Memory: 16.00 KB, Items: 1

[2025-12-31 17:27:24.948] [17:27:24.948] Place Sleeve Instance: 32ms, Memory: 8.00 KB, Items: 1

[2025-12-31 17:27:24.953] [17:27:24.952] Set Sleeve Parameters: 2ms, Memory: 32.00 KB, Items: 0

[2025-12-31 17:27:24.961] [17:27:24.961] Calculate Sleeve Dimensions: 0ms, Memory: 24.05 KB, Items: 1

[2025-12-31 17:27:24.964] [17:27:24.963] Load Family Symbol: 0ms, Memory: 0.00 KB, Items: 0

[2025-12-31 17:27:24.969] [17:27:24.968] Adjust Placement Point: 3ms, Memory: 16.00 KB, Items: 1

[2025-12-31 17:27:25.004] [17:27:25.003] Place Sleeve Instance: 33ms, Memory: 0.00 KB, Items: 1

[2025-12-31 17:27:25.009] [17:27:25.008] Set Sleeve Parameters: 2ms, Memory: 32.00 KB, Items: 0

[2025-12-31 17:27:25.018] [17:27:25.017] Calculate Sleeve Dimensions: 0ms, Memory: 24.05 KB, Items: 1

[2025-12-31 17:27:25.020] [17:27:25.020] Load Family Symbol: 0ms, Memory: 0.00 KB, Items: 0

[2025-12-31 17:27:25.025] [17:27:25.025] Adjust Placement Point: 3ms, Memory: 8.00 KB, Items: 1

[2025-12-31 17:27:25.061] [17:27:25.061] Place Sleeve Instance: 33ms, Memory: 0.00 KB, Items: 1

[2025-12-31 17:27:25.066] [17:27:25.065] Set Sleeve Parameters: 2ms, Memory: 32.00 KB, Items: 0

[2025-12-31 17:27:25.074] [17:27:25.073] Calculate Sleeve Dimensions: 0ms, Memory: 24.05 KB, Items: 1

[2025-12-31 17:27:25.077] [17:27:25.076] Load Family Symbol: 0ms, Memory: 0.00 KB, Items: 0

[2025-12-31 17:27:25.081] [17:27:25.081] Adjust Placement Point: 3ms, Memory: 8.00 KB, Items: 1

[2025-12-31 17:27:25.117] [17:27:25.116] Place Sleeve Instance: 33ms, Memory: 0.00 KB, Items: 1

[2025-12-31 17:27:25.121] [17:27:25.120] Set Sleeve Parameters: 2ms, Memory: 32.00 KB, Items: 0

[2025-12-31 17:27:25.129] [17:27:25.128] Calculate Sleeve Dimensions: 0ms, Memory: 32.05 KB, Items: 1

[2025-12-31 17:27:25.132] [17:27:25.131] Load Family Symbol: 0ms, Memory: 0.00 KB, Items: 0

[2025-12-31 17:27:25.136] [17:27:25.136] Adjust Placement Point: 3ms, Memory: 16.00 KB, Items: 1

[2025-12-31 17:27:25.172] [17:27:25.171] Place Sleeve Instance: 33ms, Memory: 8.00 KB, Items: 1

[2025-12-31 17:27:25.177] [17:27:25.176] Set Sleeve Parameters: 2ms, Memory: 32.00 KB, Items: 0

[2025-12-31 17:27:25.185] [17:27:25.184] Calculate Sleeve Dimensions: 0ms, Memory: 24.05 KB, Items: 1

[2025-12-31 17:27:25.187] [17:27:25.187] Load Family Symbol: 0ms, Memory: 0.00 KB, Items: 0

[2025-12-31 17:27:25.192] [17:27:25.191] Adjust Placement Point: 3ms, Memory: 16.00 KB, Items: 1

[2025-12-31 17:27:25.228] [17:27:25.227] Place Sleeve Instance: 33ms, Memory: 0.00 KB, Items: 1

[2025-12-31 17:27:25.232] [17:27:25.232] Set Sleeve Parameters: 2ms, Memory: 32.00 KB, Items: 0

[2025-12-31 17:27:25.240] [17:27:25.239] Calculate Sleeve Dimensions: 0ms, Memory: 24.05 KB, Items: 1

[2025-12-31 17:27:25.243] [17:27:25.242] Load Family Symbol: 0ms, Memory: 0.00 KB, Items: 0

[2025-12-31 17:27:25.248] [17:27:25.247] Adjust Placement Point: 3ms, Memory: 16.00 KB, Items: 1

[2025-12-31 17:27:25.284] [17:27:25.283] Place Sleeve Instance: 33ms, Memory: 0.00 KB, Items: 1

[2025-12-31 17:27:25.289] [17:27:25.288] Set Sleeve Parameters: 2ms, Memory: 32.00 KB, Items: 0

[2025-12-31 17:27:25.297] [17:27:25.296] Calculate Sleeve Dimensions: 0ms, Memory: 24.05 KB, Items: 1

[2025-12-31 17:27:25.300] [17:27:25.299] Load Family Symbol: 0ms, Memory: 0.00 KB, Items: 0

[2025-12-31 17:27:25.305] [17:27:25.304] Adjust Placement Point: 3ms, Memory: 8.00 KB, Items: 1

[2025-12-31 17:27:25.333] [17:27:25.333] Place Sleeve Instance: 26ms, Memory: 0.00 KB, Items: 1

[2025-12-31 17:27:25.338] [17:27:25.337] Set Sleeve Parameters: 1ms, Memory: 32.00 KB, Items: 0

[2025-12-31 17:27:25.346] [17:27:25.346] Calculate Sleeve Dimensions: 0ms, Memory: 32.05 KB, Items: 1

[2025-12-31 17:27:25.349] [17:27:25.348] Load Family Symbol: 0ms, Memory: 0.00 KB, Items: 0

[2025-12-31 17:27:25.354] [17:27:25.353] Adjust Placement Point: 3ms, Memory: 16.00 KB, Items: 1

[2025-12-31 17:27:25.383] [17:27:25.382] Place Sleeve Instance: 27ms, Memory: 8.00 KB, Items: 1

[2025-12-31 17:27:25.387] [17:27:25.387] Set Sleeve Parameters: 1ms, Memory: 32.00 KB, Items: 0

[2025-12-31 17:27:25.395] [17:27:25.395] Calculate Sleeve Dimensions: 0ms, Memory: 24.05 KB, Items: 1

[2025-12-31 17:27:25.398] [17:27:25.397] Load Family Symbol: 0ms, Memory: 0.00 KB, Items: 0

[2025-12-31 17:27:25.403] [17:27:25.402] Adjust Placement Point: 3ms, Memory: 23.97 KB, Items: 1

[2025-12-31 17:27:25.434] [17:27:25.433] Place Sleeve Instance: 27ms, Memory: 0.00 KB, Items: 1

[2025-12-31 17:27:25.438] [17:27:25.438] Set Sleeve Parameters: 1ms, Memory: 32.00 KB, Items: 0

[2025-12-31 17:27:25.446] [17:27:25.446] Calculate Sleeve Dimensions: 0ms, Memory: 24.05 KB, Items: 1

[2025-12-31 17:27:25.449] [17:27:25.448] Load Family Symbol: 0ms, Memory: 0.00 KB, Items: 0

[2025-12-31 17:27:25.454] [17:27:25.454] Adjust Placement Point: 3ms, Memory: 8.00 KB, Items: 1

[2025-12-31 17:27:25.490] [17:27:25.489] Place Sleeve Instance: 34ms, Memory: 0.00 KB, Items: 1

[2025-12-31 17:27:25.495] [17:27:25.494] Set Sleeve Parameters: 2ms, Memory: 32.00 KB, Items: 0

[2025-12-31 17:27:25.504] [17:27:25.504] Calculate Sleeve Dimensions: 0ms, Memory: 24.05 KB, Items: 1

[2025-12-31 17:27:25.507] [17:27:25.506] Load Family Symbol: 0ms, Memory: 0.00 KB, Items: 0

[2025-12-31 17:27:25.513] [17:27:25.512] Adjust Placement Point: 3ms, Memory: 16.00 KB, Items: 1

[2025-12-31 17:27:25.549] [17:27:25.548] Place Sleeve Instance: 33ms, Memory: 0.00 KB, Items: 1

[2025-12-31 17:27:25.553] [17:27:25.552] Set Sleeve Parameters: 2ms, Memory: 32.00 KB, Items: 0

[2025-12-31 17:27:25.561] [17:27:25.560] Calculate Sleeve Dimensions: 0ms, Memory: 24.05 KB, Items: 1

[2025-12-31 17:27:25.564] [17:27:25.563] Load Family Symbol: 0ms, Memory: 0.00 KB, Items: 0

[2025-12-31 17:27:25.569] [17:27:25.568] Adjust Placement Point: 3ms, Memory: 8.00 KB, Items: 1

[2025-12-31 17:27:25.599] [17:27:25.598] Place Sleeve Instance: 28ms, Memory: 0.00 KB, Items: 1

[2025-12-31 17:27:25.604] [17:27:25.603] Set Sleeve Parameters: 2ms, Memory: 32.00 KB, Items: 0

[2025-12-31 17:27:25.612] [17:27:25.612] Calculate Sleeve Dimensions: 0ms, Memory: 24.05 KB, Items: 1

[2025-12-31 17:27:25.615] [17:27:25.614] Load Family Symbol: 0ms, Memory: 0.00 KB, Items: 0

[2025-12-31 17:27:25.620] [17:27:25.619] Adjust Placement Point: 3ms, Memory: 16.00 KB, Items: 1

[2025-12-31 17:27:25.656] [17:27:25.655] Place Sleeve Instance: 33ms, Memory: 8.00 KB, Items: 1

[2025-12-31 17:27:25.660] [17:27:25.659] Set Sleeve Parameters: 1ms, Memory: 32.00 KB, Items: 0

[2025-12-31 17:27:25.668] [17:27:25.667] Calculate Sleeve Dimensions: 0ms, Memory: 24.05 KB, Items: 1

[2025-12-31 17:27:25.671] [17:27:25.670] Load Family Symbol: 0ms, Memory: 0.00 KB, Items: 0

[2025-12-31 17:27:25.675] [17:27:25.675] Adjust Placement Point: 3ms, Memory: 16.00 KB, Items: 1

[2025-12-31 17:27:25.713] [17:27:25.711] Place Sleeve Instance: 34ms, Memory: 8.00 KB, Items: 1

[2025-12-31 17:27:25.717] [17:27:25.716] Set Sleeve Parameters: 2ms, Memory: 32.00 KB, Items: 0

[2025-12-31 17:27:25.725] [17:27:25.725] Calculate Sleeve Dimensions: 0ms, Memory: 24.05 KB, Items: 1

[2025-12-31 17:27:25.728] [17:27:25.727] Load Family Symbol: 0ms, Memory: 0.00 KB, Items: 0

[2025-12-31 17:27:25.732] [17:27:25.732] Adjust Placement Point: 3ms, Memory: 16.00 KB, Items: 1

[2025-12-31 17:27:25.769] [17:27:25.768] Place Sleeve Instance: 34ms, Memory: 0.00 KB, Items: 1

[2025-12-31 17:27:25.774] [17:27:25.773] Set Sleeve Parameters: 2ms, Memory: 32.00 KB, Items: 0

[2025-12-31 17:27:25.782] [17:27:25.781] Calculate Sleeve Dimensions: 0ms, Memory: 24.05 KB, Items: 1

[2025-12-31 17:27:25.784] [17:27:25.784] Load Family Symbol: 0ms, Memory: 0.00 KB, Items: 0

[2025-12-31 17:27:25.789] [17:27:25.788] Adjust Placement Point: 3ms, Memory: 8.00 KB, Items: 1

[2025-12-31 17:27:25.826] [17:27:25.825] Place Sleeve Instance: 34ms, Memory: 0.00 KB, Items: 1

[2025-12-31 17:27:25.830] [17:27:25.829] Set Sleeve Parameters: 2ms, Memory: 32.00 KB, Items: 0

[2025-12-31 17:27:25.839] [17:27:25.838] Calculate Sleeve Dimensions: 0ms, Memory: 24.05 KB, Items: 1

[2025-12-31 17:27:25.841] [17:27:25.841] Load Family Symbol: 0ms, Memory: 0.00 KB, Items: 0

[2025-12-31 17:27:25.846] [17:27:25.845] Adjust Placement Point: 3ms, Memory: 16.00 KB, Items: 1

[2025-12-31 17:27:25.883] [17:27:25.882] Place Sleeve Instance: 34ms, Memory: 8.00 KB, Items: 1

[2025-12-31 17:27:25.887] [17:27:25.886] Set Sleeve Parameters: 2ms, Memory: 32.00 KB, Items: 0

[2025-12-31 17:27:25.895] [17:27:25.895] Calculate Sleeve Dimensions: 0ms, Memory: 32.05 KB, Items: 1

[2025-12-31 17:27:25.898] [17:27:25.897] Load Family Symbol: 0ms, Memory: 0.00 KB, Items: 0

[2025-12-31 17:27:25.903] [17:27:25.902] Adjust Placement Point: 3ms, Memory: 16.00 KB, Items: 1

[2025-12-31 17:27:25.940] [17:27:25.938] Place Sleeve Instance: 34ms, Memory: 8.00 KB, Items: 1

[2025-12-31 17:27:25.944] [17:27:25.943] Set Sleeve Parameters: 2ms, Memory: 32.00 KB, Items: 0

[2025-12-31 17:27:25.952] [17:27:25.951] Calculate Sleeve Dimensions: 0ms, Memory: 24.05 KB, Items: 1

[2025-12-31 17:27:25.954] [17:27:25.954] Load Family Symbol: 0ms, Memory: 0.00 KB, Items: 0

[2025-12-31 17:27:25.959] [17:27:25.959] Adjust Placement Point: 3ms, Memory: 16.00 KB, Items: 1

[2025-12-31 17:27:25.997] [17:27:25.996] Place Sleeve Instance: 34ms, Memory: 0.00 KB, Items: 1

[2025-12-31 17:27:26.001] [17:27:26.001] Set Sleeve Parameters: 2ms, Memory: 32.00 KB, Items: 0

[2025-12-31 17:27:26.009] [17:27:26.009] Calculate Sleeve Dimensions: 0ms, Memory: 24.05 KB, Items: 1

[2025-12-31 17:27:26.012] [17:27:26.012] Load Family Symbol: 0ms, Memory: 0.00 KB, Items: 0

[2025-12-31 17:27:26.017] [17:27:26.016] Adjust Placement Point: 3ms, Memory: 8.00 KB, Items: 1

[2025-12-31 17:27:26.054] [17:27:26.053] Place Sleeve Instance: 34ms, Memory: 0.00 KB, Items: 1

[2025-12-31 17:27:26.058] [17:27:26.057] Set Sleeve Parameters: 2ms, Memory: 32.00 KB, Items: 0

[2025-12-31 17:27:26.066] [17:27:26.066] Calculate Sleeve Dimensions: 0ms, Memory: 24.05 KB, Items: 1

[2025-12-31 17:27:26.069] [17:27:26.069] Load Family Symbol: 0ms, Memory: 0.00 KB, Items: 0

[2025-12-31 17:27:26.074] [17:27:26.073] Adjust Placement Point: 3ms, Memory: 8.00 KB, Items: 1

[2025-12-31 17:27:26.114] [17:27:26.113] Place Sleeve Instance: 37ms, Memory: 8.00 KB, Items: 1

[2025-12-31 17:27:26.118] [17:27:26.116] Set Sleeve Parameters: 2ms, Memory: 32.00 KB, Items: 0

[2025-12-31 17:27:26.125] [17:27:26.125] Calculate Sleeve Dimensions: 0ms, Memory: 32.05 KB, Items: 1

[2025-12-31 17:27:26.129] [17:27:26.128] Load Family Symbol: 0ms, Memory: 0.00 KB, Items: 0

[2025-12-31 17:27:26.134] [17:27:26.133] Adjust Placement Point: 3ms, Memory: 16.00 KB, Items: 1

[2025-12-31 17:27:26.164] [17:27:26.163] Place Sleeve Instance: 28ms, Memory: 8.00 KB, Items: 1

[2025-12-31 17:27:26.168] [17:27:26.168] Set Sleeve Parameters: 1ms, Memory: 32.00 KB, Items: 0

[2025-12-31 17:27:26.176] [17:27:26.175] Calculate Sleeve Dimensions: 0ms, Memory: 21.17 KB, Items: 1

[2025-12-31 17:27:26.180] [17:27:26.180] Load Family Symbol: 0ms, Memory: 0.00 KB, Items: 0

[2025-12-31 17:27:26.185] [17:27:26.185] Adjust Placement Point: 3ms, Memory: 16.00 KB, Items: 1

[2025-12-31 17:27:26.223] [17:27:26.222] Place Sleeve Instance: 35ms, Memory: 8.00 KB, Items: 1

[2025-12-31 17:27:26.227] [17:27:26.227] Set Sleeve Parameters: 2ms, Memory: 32.00 KB, Items: 0

[2025-12-31 17:27:26.235] [17:27:26.235] Calculate Sleeve Dimensions: 0ms, Memory: 24.05 KB, Items: 1

[2025-12-31 17:27:26.238] [17:27:26.237] Load Family Symbol: 0ms, Memory: 0.00 KB, Items: 0

[2025-12-31 17:27:26.244] [17:27:26.243] Adjust Placement Point: 3ms, Memory: 8.00 KB, Items: 1

[2025-12-31 17:27:26.281] [17:27:26.281] Place Sleeve Instance: 35ms, Memory: 0.00 KB, Items: 1

[2025-12-31 17:27:26.286] [17:27:26.286] Set Sleeve Parameters: 2ms, Memory: 32.00 KB, Items: 0

[2025-12-31 17:27:26.294] [17:27:26.293] Calculate Sleeve Dimensions: 0ms, Memory: 32.05 KB, Items: 1

[2025-12-31 17:27:26.296] [17:27:26.296] Load Family Symbol: 0ms, Memory: 0.00 KB, Items: 0

[2025-12-31 17:27:26.301] [17:27:26.301] Adjust Placement Point: 3ms, Memory: 16.00 KB, Items: 1

[2025-12-31 17:27:26.333] [17:27:26.332] Place Sleeve Instance: 28ms, Memory: 8.00 KB, Items: 1

[2025-12-31 17:27:26.337] [17:27:26.336] Set Sleeve Parameters: 2ms, Memory: 32.00 KB, Items: 0

[2025-12-31 17:27:26.345] [17:27:26.344] Calculate Sleeve Dimensions: 0ms, Memory: 24.05 KB, Items: 1

[2025-12-31 17:27:26.348] [17:27:26.347] Load Family Symbol: 0ms, Memory: 0.00 KB, Items: 0

[2025-12-31 17:27:26.353] [17:27:26.352] Adjust Placement Point: 3ms, Memory: 16.00 KB, Items: 1

[2025-12-31 17:27:26.391] [17:27:26.390] Place Sleeve Instance: 35ms, Memory: 0.00 KB, Items: 1

[2025-12-31 17:27:26.395] [17:27:26.394] Set Sleeve Parameters: 2ms, Memory: 32.00 KB, Items: 0

[2025-12-31 17:27:26.403] [17:27:26.402] Calculate Sleeve Dimensions: 0ms, Memory: 31.52 KB, Items: 1

[2025-12-31 17:27:26.405] [17:27:26.405] Load Family Symbol: 0ms, Memory: 0.00 KB, Items: 0

[2025-12-31 17:27:26.410] [17:27:26.410] Adjust Placement Point: 3ms, Memory: 16.00 KB, Items: 1

[2025-12-31 17:27:26.448] [17:27:26.447] Place Sleeve Instance: 35ms, Memory: 0.00 KB, Items: 1

[2025-12-31 17:27:26.453] [17:27:26.453] Set Sleeve Parameters: 2ms, Memory: 32.00 KB, Items: 0

[2025-12-31 17:27:26.461] [17:27:26.460] Calculate Sleeve Dimensions: 0ms, Memory: 24.05 KB, Items: 1

[2025-12-31 17:27:26.464] [17:27:26.463] Load Family Symbol: 0ms, Memory: 0.00 KB, Items: 0

[2025-12-31 17:27:26.469] [17:27:26.468] Adjust Placement Point: 3ms, Memory: 8.00 KB, Items: 1

[2025-12-31 17:27:26.507] [17:27:26.506] Place Sleeve Instance: 35ms, Memory: 0.00 KB, Items: 1

[2025-12-31 17:27:26.511] [17:27:26.511] Set Sleeve Parameters: 2ms, Memory: 32.00 KB, Items: 0

[2025-12-31 17:27:26.519] [17:27:26.519] Calculate Sleeve Dimensions: 0ms, Memory: 32.05 KB, Items: 1

[2025-12-31 17:27:26.522] [17:27:26.521] Load Family Symbol: 0ms, Memory: 0.00 KB, Items: 0

[2025-12-31 17:27:26.527] [17:27:26.527] Adjust Placement Point: 3ms, Memory: 16.00 KB, Items: 1

[2025-12-31 17:27:26.567] [17:27:26.566] Place Sleeve Instance: 37ms, Memory: 8.00 KB, Items: 1

[2025-12-31 17:27:26.571] [17:27:26.570] Set Sleeve Parameters: 2ms, Memory: 32.00 KB, Items: 0

[2025-12-31 17:27:26.580] [17:27:26.579] Calculate Sleeve Dimensions: 0ms, Memory: 24.05 KB, Items: 1

[2025-12-31 17:27:26.582] [17:27:26.581] Load Family Symbol: 0ms, Memory: 0.00 KB, Items: 0

[2025-12-31 17:27:26.587] [17:27:26.586] Adjust Placement Point: 3ms, Memory: 16.00 KB, Items: 1

[2025-12-31 17:27:26.625] [17:27:26.624] Place Sleeve Instance: 36ms, Memory: 8.00 KB, Items: 1

[2025-12-31 17:27:26.630] [17:27:26.629] Set Sleeve Parameters: 2ms, Memory: 32.00 KB, Items: 0

[2025-12-31 17:27:26.639] [17:27:26.638] Calculate Sleeve Dimensions: 0ms, Memory: 24.05 KB, Items: 1

[2025-12-31 17:27:26.641] [17:27:26.641] Load Family Symbol: 0ms, Memory: 0.00 KB, Items: 0

[2025-12-31 17:27:26.646] [17:27:26.645] Adjust Placement Point: 3ms, Memory: 16.00 KB, Items: 1

[2025-12-31 17:27:26.685] [17:27:26.684] Place Sleeve Instance: 35ms, Memory: 0.00 KB, Items: 1

[2025-12-31 17:27:26.689] [17:27:26.689] Set Sleeve Parameters: 2ms, Memory: 32.00 KB, Items: 0

[2025-12-31 17:27:26.697] [17:27:26.697] Calculate Sleeve Dimensions: 0ms, Memory: 24.05 KB, Items: 1

[2025-12-31 17:27:26.700] [17:27:26.699] Load Family Symbol: 0ms, Memory: 0.00 KB, Items: 0

[2025-12-31 17:27:26.705] [17:27:26.704] Adjust Placement Point: 3ms, Memory: 8.00 KB, Items: 1

[2025-12-31 17:27:26.736] [17:27:26.735] Place Sleeve Instance: 28ms, Memory: 0.00 KB, Items: 1

[2025-12-31 17:27:26.741] [17:27:26.740] Set Sleeve Parameters: 1ms, Memory: 32.00 KB, Items: 0

[2025-12-31 17:27:26.748] [17:27:26.747] Calculate Sleeve Dimensions: 0ms, Memory: 32.05 KB, Items: 1

[2025-12-31 17:27:26.751] [17:27:26.750] Load Family Symbol: 0ms, Memory: 0.00 KB, Items: 0

[2025-12-31 17:27:26.756] [17:27:26.756] Adjust Placement Point: 3ms, Memory: 16.00 KB, Items: 1

[2025-12-31 17:27:26.788] [17:27:26.787] Place Sleeve Instance: 29ms, Memory: 8.00 KB, Items: 1

[2025-12-31 17:27:26.792] [17:27:26.791] Set Sleeve Parameters: 1ms, Memory: 32.00 KB, Items: 0

[2025-12-31 17:27:26.801] [17:27:26.799] Calculate Sleeve Dimensions: 0ms, Memory: 24.05 KB, Items: 1

[2025-12-31 17:27:26.804] [17:27:26.802] Load Family Symbol: 0ms, Memory: 0.00 KB, Items: 0

[2025-12-31 17:27:26.808] [17:27:26.808] Adjust Placement Point: 3ms, Memory: 16.00 KB, Items: 1

[2025-12-31 17:27:26.839] [17:27:26.839] Place Sleeve Instance: 28ms, Memory: 0.00 KB, Items: 1

[2025-12-31 17:27:26.843] [17:27:26.843] Set Sleeve Parameters: 2ms, Memory: 32.00 KB, Items: 0

[2025-12-31 17:27:26.851] [17:27:26.851] Calculate Sleeve Dimensions: 0ms, Memory: 24.05 KB, Items: 1

[2025-12-31 17:27:26.854] [17:27:26.854] Load Family Symbol: 0ms, Memory: 0.00 KB, Items: 0

[2025-12-31 17:27:26.859] [17:27:26.858] Adjust Placement Point: 3ms, Memory: 8.00 KB, Items: 1

[2025-12-31 17:27:26.891] [17:27:26.890] Place Sleeve Instance: 28ms, Memory: 0.00 KB, Items: 1

[2025-12-31 17:27:26.895] [17:27:26.894] Set Sleeve Parameters: 2ms, Memory: 37.59 KB, Items: 0

[2025-12-31 17:27:26.904] [17:27:26.904] Calculate Sleeve Dimensions: 0ms, Memory: 24.05 KB, Items: 1

[2025-12-31 17:27:26.907] [17:27:26.906] Load Family Symbol: 0ms, Memory: 0.00 KB, Items: 0

[2025-12-31 17:27:26.913] [17:27:26.912] Adjust Placement Point: 3ms, Memory: 16.00 KB, Items: 1

[2025-12-31 17:27:26.950] [17:27:26.950] Place Sleeve Instance: 35ms, Memory: 0.00 KB, Items: 1

[2025-12-31 17:27:26.955] [17:27:26.955] Set Sleeve Parameters: 2ms, Memory: 32.00 KB, Items: 0

[2025-12-31 17:27:26.963] [17:27:26.962] Calculate Sleeve Dimensions: 0ms, Memory: 24.05 KB, Items: 1

[2025-12-31 17:27:26.966] [17:27:26.965] Load Family Symbol: 0ms, Memory: 0.00 KB, Items: 0

[2025-12-31 17:27:26.971] [17:27:26.970] Adjust Placement Point: 3ms, Memory: 16.00 KB, Items: 1

[2025-12-31 17:27:27.009] [17:27:27.008] Place Sleeve Instance: 36ms, Memory: 0.00 KB, Items: 1

[2025-12-31 17:27:27.014] [17:27:27.014] Set Sleeve Parameters: 2ms, Memory: 32.00 KB, Items: 0

[2025-12-31 17:27:27.022] [17:27:27.021] Calculate Sleeve Dimensions: 0ms, Memory: 24.05 KB, Items: 1

[2025-12-31 17:27:27.025] [17:27:27.025] Load Family Symbol: 0ms, Memory: 0.00 KB, Items: 0

[2025-12-31 17:27:27.029] [17:27:27.029] Adjust Placement Point: 3ms, Memory: 8.00 KB, Items: 1

[2025-12-31 17:27:27.068] [17:27:27.067] Place Sleeve Instance: 36ms, Memory: 0.00 KB, Items: 1

[2025-12-31 17:27:27.073] [17:27:27.072] Set Sleeve Parameters: 2ms, Memory: 32.00 KB, Items: 0

[2025-12-31 17:27:27.081] [17:27:27.080] Calculate Sleeve Dimensions: 0ms, Memory: 32.05 KB, Items: 1

[2025-12-31 17:27:27.084] [17:27:27.083] Load Family Symbol: 0ms, Memory: 0.00 KB, Items: 0

[2025-12-31 17:27:27.088] [17:27:27.087] Adjust Placement Point: 3ms, Memory: 16.00 KB, Items: 1

[2025-12-31 17:27:27.120] [17:27:27.119] Place Sleeve Instance: 29ms, Memory: 8.00 KB, Items: 1

[2025-12-31 17:27:27.125] [17:27:27.124] Set Sleeve Parameters: 2ms, Memory: 32.00 KB, Items: 0

[2025-12-31 17:27:27.133] [17:27:27.132] Calculate Sleeve Dimensions: 0ms, Memory: 24.05 KB, Items: 1

[2025-12-31 17:27:27.136] [17:27:27.135] Load Family Symbol: 0ms, Memory: 0.00 KB, Items: 0

[2025-12-31 17:27:27.140] [17:27:27.140] Adjust Placement Point: 3ms, Memory: 16.00 KB, Items: 1

[2025-12-31 17:27:27.173] [17:27:27.172] Place Sleeve Instance: 29ms, Memory: 0.00 KB, Items: 1

[2025-12-31 17:27:27.177] [17:27:27.176] Set Sleeve Parameters: 2ms, Memory: 32.00 KB, Items: 0

[2025-12-31 17:27:27.185] [17:27:27.184] Calculate Sleeve Dimensions: 0ms, Memory: 24.05 KB, Items: 1

[2025-12-31 17:27:27.188] [17:27:27.187] Load Family Symbol: 0ms, Memory: 0.00 KB, Items: 0

[2025-12-31 17:27:27.193] [17:27:27.192] Adjust Placement Point: 3ms, Memory: 8.00 KB, Items: 1

[2025-12-31 17:27:27.226] [17:27:27.225] Place Sleeve Instance: 29ms, Memory: 0.00 KB, Items: 1

[2025-12-31 17:27:27.231] [17:27:27.231] Set Sleeve Parameters: 2ms, Memory: 32.00 KB, Items: 0

[2025-12-31 17:27:27.240] [17:27:27.239] Calculate Sleeve Dimensions: 0ms, Memory: 32.05 KB, Items: 1

[2025-12-31 17:27:27.242] [17:27:27.241] Load Family Symbol: 0ms, Memory: 0.00 KB, Items: 0

[2025-12-31 17:27:27.247] [17:27:27.246] Adjust Placement Point: 3ms, Memory: 16.00 KB, Items: 1

[2025-12-31 17:27:27.279] [17:27:27.279] Place Sleeve Instance: 30ms, Memory: 8.00 KB, Items: 1

[2025-12-31 17:27:27.290] [17:27:27.288] Set Sleeve Parameters: 7ms, Memory: 32.00 KB, Items: 0

[2025-12-31 17:27:27.297] [17:27:27.297] Calculate Sleeve Dimensions: 0ms, Memory: 24.05 KB, Items: 1

[2025-12-31 17:27:27.299] [17:27:27.299] Load Family Symbol: 0ms, Memory: 0.00 KB, Items: 0

[2025-12-31 17:27:27.304] [17:27:27.303] Adjust Placement Point: 3ms, Memory: 16.00 KB, Items: 1

[2025-12-31 17:27:27.343] [17:27:27.343] Place Sleeve Instance: 36ms, Memory: 0.00 KB, Items: 1

[2025-12-31 17:27:27.348] [17:27:27.347] Set Sleeve Parameters: 2ms, Memory: 32.00 KB, Items: 0

[2025-12-31 17:27:27.355] [17:27:27.355] Calculate Sleeve Dimensions: 0ms, Memory: 24.05 KB, Items: 1

[2025-12-31 17:27:27.358] [17:27:27.358] Load Family Symbol: 0ms, Memory: 0.00 KB, Items: 0

[2025-12-31 17:27:27.364] [17:27:27.363] Adjust Placement Point: 3ms, Memory: 8.00 KB, Items: 1

[2025-12-31 17:27:27.403] [17:27:27.402] Place Sleeve Instance: 36ms, Memory: 0.00 KB, Items: 1

[2025-12-31 17:27:27.408] [17:27:27.407] Set Sleeve Parameters: 2ms, Memory: 32.00 KB, Items: 0

[2025-12-31 17:27:27.415] [17:27:27.415] Calculate Sleeve Dimensions: 0ms, Memory: 24.05 KB, Items: 1

[2025-12-31 17:27:27.418] [17:27:27.418] Load Family Symbol: 0ms, Memory: 0.00 KB, Items: 0

[2025-12-31 17:27:27.424] [17:27:27.422] Adjust Placement Point: 3ms, Memory: 8.00 KB, Items: 1

[2025-12-31 17:27:27.463] [17:27:27.462] Place Sleeve Instance: 37ms, Memory: 0.00 KB, Items: 1

[2025-12-31 17:27:27.467] [17:27:27.466] Set Sleeve Parameters: 2ms, Memory: 32.00 KB, Items: 0

[2025-12-31 17:27:27.475] [17:27:27.474] Calculate Sleeve Dimensions: 0ms, Memory: 24.05 KB, Items: 1

[2025-12-31 17:27:27.479] [17:27:27.478] Load Family Symbol: 0ms, Memory: 0.00 KB, Items: 0

[2025-12-31 17:27:27.483] [17:27:27.483] Adjust Placement Point: 3ms, Memory: 8.00 KB, Items: 1

[2025-12-31 17:27:27.516] [17:27:27.515] Place Sleeve Instance: 30ms, Memory: 8.00 KB, Items: 1

[2025-12-31 17:27:27.521] [17:27:27.520] Set Sleeve Parameters: 2ms, Memory: 32.00 KB, Items: 0

[2025-12-31 17:27:27.530] [17:27:27.530] Calculate Sleeve Dimensions: 0ms, Memory: 24.05 KB, Items: 1

[2025-12-31 17:27:27.534] [17:27:27.533] Load Family Symbol: 0ms, Memory: 0.00 KB, Items: 0

[2025-12-31 17:27:27.539] [17:27:27.539] Adjust Placement Point: 3ms, Memory: 16.00 KB, Items: 1

[2025-12-31 17:27:27.578] [17:27:27.577] Place Sleeve Instance: 35ms, Memory: 0.00 KB, Items: 1

[2025-12-31 17:27:27.582] [17:27:27.582] Set Sleeve Parameters: 2ms, Memory: 40.00 KB, Items: 0

[2025-12-31 17:27:27.590] [17:27:27.589] Calculate Sleeve Dimensions: 0ms, Memory: 24.05 KB, Items: 1

[2025-12-31 17:27:27.593] [17:27:27.593] Load Family Symbol: 0ms, Memory: 0.00 KB, Items: 0

[2025-12-31 17:27:27.600] [17:27:27.599] Adjust Placement Point: 4ms, Memory: -6085.09 KB, Items: 1

[2025-12-31 17:27:27.632] [17:27:27.632] Place Sleeve Instance: 29ms, Memory: 8.00 KB, Items: 1

[2025-12-31 17:27:27.637] [17:27:27.636] Set Sleeve Parameters: 1ms, Memory: 32.00 KB, Items: 0

[2025-12-31 17:27:27.645] [17:27:27.644] Calculate Sleeve Dimensions: 0ms, Memory: 24.05 KB, Items: 1

[2025-12-31 17:27:27.648] [17:27:27.647] Load Family Symbol: 0ms, Memory: 0.00 KB, Items: 0

[2025-12-31 17:27:27.652] [17:27:27.652] Adjust Placement Point: 3ms, Memory: 8.00 KB, Items: 1

[2025-12-31 17:27:27.693] [17:27:27.692] Place Sleeve Instance: 37ms, Memory: 0.00 KB, Items: 1

[2025-12-31 17:27:27.696] [17:27:27.696] Set Sleeve Parameters: 2ms, Memory: 32.00 KB, Items: 0

[2025-12-31 17:27:27.705] [17:27:27.705] Calculate Sleeve Dimensions: 0ms, Memory: 32.05 KB, Items: 1

[2025-12-31 17:27:27.708] [17:27:27.707] Load Family Symbol: 0ms, Memory: 0.00 KB, Items: 0

[2025-12-31 17:27:27.713] [17:27:27.713] Adjust Placement Point: 3ms, Memory: 16.00 KB, Items: 1

[2025-12-31 17:27:27.754] [17:27:27.753] Place Sleeve Instance: 38ms, Memory: 8.00 KB, Items: 1

[2025-12-31 17:27:27.759] [17:27:27.758] Set Sleeve Parameters: 2ms, Memory: 32.00 KB, Items: 0

[2025-12-31 17:27:27.766] [17:27:27.765] Calculate Sleeve Dimensions: 0ms, Memory: 24.05 KB, Items: 1

[2025-12-31 17:27:27.769] [17:27:27.768] Load Family Symbol: 0ms, Memory: 8.00 KB, Items: 0

[2025-12-31 17:27:27.774] [17:27:27.773] Adjust Placement Point: 3ms, Memory: 16.00 KB, Items: 1

[2025-12-31 17:27:27.814] [17:27:27.813] Place Sleeve Instance: 37ms, Memory: 8.00 KB, Items: 1

[2025-12-31 17:27:27.818] [17:27:27.817] Set Sleeve Parameters: 2ms, Memory: 32.00 KB, Items: 0

[2025-12-31 17:27:27.826] [17:27:27.825] Calculate Sleeve Dimensions: 0ms, Memory: 24.05 KB, Items: 1

[2025-12-31 17:27:27.829] [17:27:27.828] Load Family Symbol: 0ms, Memory: 0.00 KB, Items: 0

[2025-12-31 17:27:27.834] [17:27:27.833] Adjust Placement Point: 3ms, Memory: 16.00 KB, Items: 1

[2025-12-31 17:27:27.867] [17:27:27.867] Place Sleeve Instance: 30ms, Memory: 0.00 KB, Items: 1

[2025-12-31 17:27:27.872] [17:27:27.871] Set Sleeve Parameters: 1ms, Memory: 32.00 KB, Items: 0

[2025-12-31 17:27:27.879] [17:27:27.878] Calculate Sleeve Dimensions: 0ms, Memory: 24.05 KB, Items: 1

[2025-12-31 17:27:27.882] [17:27:27.881] Load Family Symbol: 0ms, Memory: 0.00 KB, Items: 0

[2025-12-31 17:27:27.887] [17:27:27.887] Adjust Placement Point: 3ms, Memory: 8.00 KB, Items: 1

[2025-12-31 17:27:27.928] [17:27:27.927] Place Sleeve Instance: 38ms, Memory: 0.00 KB, Items: 1

[2025-12-31 17:27:27.932] [17:27:27.931] Set Sleeve Parameters: 2ms, Memory: 32.00 KB, Items: 0

[2025-12-31 17:27:27.940] [17:27:27.940] Calculate Sleeve Dimensions: 0ms, Memory: 32.05 KB, Items: 1

[2025-12-31 17:27:27.943] [17:27:27.942] Load Family Symbol: 0ms, Memory: 0.00 KB, Items: 0

[2025-12-31 17:27:27.948] [17:27:27.947] Adjust Placement Point: 3ms, Memory: 16.00 KB, Items: 1

[2025-12-31 17:27:27.988] [17:27:27.988] Place Sleeve Instance: 37ms, Memory: 8.00 KB, Items: 1

[2025-12-31 17:27:27.992] [17:27:27.992] Set Sleeve Parameters: 2ms, Memory: 32.00 KB, Items: 0

[2025-12-31 17:27:28.001] [17:27:28.000] Calculate Sleeve Dimensions: 0ms, Memory: 24.05 KB, Items: 1

[2025-12-31 17:27:28.003] [17:27:28.003] Load Family Symbol: 0ms, Memory: 0.00 KB, Items: 0

[2025-12-31 17:27:28.009] [17:27:28.008] Adjust Placement Point: 3ms, Memory: 16.00 KB, Items: 1

[2025-12-31 17:27:28.042] [17:27:28.041] Place Sleeve Instance: 31ms, Memory: 0.00 KB, Items: 1

[2025-12-31 17:27:28.047] [17:27:28.047] Set Sleeve Parameters: 2ms, Memory: 32.00 KB, Items: 0

[2025-12-31 17:27:28.055] [17:27:28.055] Calculate Sleeve Dimensions: 0ms, Memory: 24.05 KB, Items: 1

[2025-12-31 17:27:28.058] [17:27:28.058] Load Family Symbol: 0ms, Memory: 0.00 KB, Items: 0

[2025-12-31 17:27:28.063] [17:27:28.062] Adjust Placement Point: 3ms, Memory: 8.00 KB, Items: 1

[2025-12-31 17:27:28.098] [17:27:28.097] Place Sleeve Instance: 32ms, Memory: 0.00 KB, Items: 1

[2025-12-31 17:27:28.102] [17:27:28.101] Set Sleeve Parameters: 2ms, Memory: 32.00 KB, Items: 0

[2025-12-31 17:27:28.111] [17:27:28.110] Calculate Sleeve Dimensions: 0ms, Memory: 24.05 KB, Items: 1

[2025-12-31 17:27:28.113] [17:27:28.113] Load Family Symbol: 0ms, Memory: 0.00 KB, Items: 0

[2025-12-31 17:27:28.117] [17:27:28.117] Adjust Placement Point: 3ms, Memory: 16.00 KB, Items: 1

[2025-12-31 17:27:28.158] [17:27:28.157] Place Sleeve Instance: 37ms, Memory: 8.00 KB, Items: 1

[2025-12-31 17:27:28.163] [17:27:28.162] Set Sleeve Parameters: 2ms, Memory: 32.00 KB, Items: 0

[2025-12-31 17:27:28.171] [17:27:28.170] Calculate Sleeve Dimensions: 0ms, Memory: 24.05 KB, Items: 1

[2025-12-31 17:27:28.174] [17:27:28.173] Load Family Symbol: 0ms, Memory: 0.00 KB, Items: 0

[2025-12-31 17:27:28.179] [17:27:28.178] Adjust Placement Point: 3ms, Memory: 16.00 KB, Items: 1

[2025-12-31 17:27:28.219] [17:27:28.219] Place Sleeve Instance: 38ms, Memory: 8.00 KB, Items: 1

[2025-12-31 17:27:28.224] [17:27:28.223] Set Sleeve Parameters: 2ms, Memory: 32.00 KB, Items: 0

[2025-12-31 17:27:28.232] [17:27:28.232] Calculate Sleeve Dimensions: 0ms, Memory: 24.05 KB, Items: 1

[2025-12-31 17:27:28.235] [17:27:28.234] Load Family Symbol: 0ms, Memory: 0.00 KB, Items: 0

[2025-12-31 17:27:28.239] [17:27:28.238] Adjust Placement Point: 3ms, Memory: 16.00 KB, Items: 1

[2025-12-31 17:27:28.280] [17:27:28.279] Place Sleeve Instance: 38ms, Memory: 0.00 KB, Items: 1

[2025-12-31 17:27:28.284] [17:27:28.284] Set Sleeve Parameters: 1ms, Memory: 32.00 KB, Items: 0

[2025-12-31 17:27:28.293] [17:27:28.292] Calculate Sleeve Dimensions: 0ms, Memory: 24.05 KB, Items: 1

[2025-12-31 17:27:28.296] [17:27:28.295] Load Family Symbol: 0ms, Memory: 0.00 KB, Items: 0

[2025-12-31 17:27:28.300] [17:27:28.299] Adjust Placement Point: 3ms, Memory: 8.00 KB, Items: 1

[2025-12-31 17:27:28.341] [17:27:28.340] Place Sleeve Instance: 38ms, Memory: 0.00 KB, Items: 1

[2025-12-31 17:27:28.346] [17:27:28.345] Set Sleeve Parameters: 2ms, Memory: 32.00 KB, Items: 0

[2025-12-31 17:27:28.355] [17:27:28.354] Calculate Sleeve Dimensions: 0ms, Memory: 24.05 KB, Items: 1

[2025-12-31 17:27:28.358] [17:27:28.357] Load Family Symbol: 0ms, Memory: 0.00 KB, Items: 0

[2025-12-31 17:27:28.363] [17:27:28.363] Adjust Placement Point: 3ms, Memory: 8.00 KB, Items: 1

[2025-12-31 17:27:28.404] [17:27:28.403] Place Sleeve Instance: 38ms, Memory: 8.00 KB, Items: 1

[2025-12-31 17:27:28.408] [17:27:28.408] Set Sleeve Parameters: 2ms, Memory: 32.00 KB, Items: 0

[2025-12-31 17:27:28.416] [17:27:28.416] Calculate Sleeve Dimensions: 0ms, Memory: 24.05 KB, Items: 1

[2025-12-31 17:27:28.419] [17:27:28.419] Load Family Symbol: 0ms, Memory: 0.00 KB, Items: 0

[2025-12-31 17:27:28.424] [17:27:28.423] Adjust Placement Point: 3ms, Memory: 16.00 KB, Items: 1

[2025-12-31 17:27:28.466] [17:27:28.465] Place Sleeve Instance: 38ms, Memory: 0.00 KB, Items: 1

[2025-12-31 17:27:28.470] [17:27:28.469] Set Sleeve Parameters: 2ms, Memory: 32.00 KB, Items: 0

[2025-12-31 17:27:28.478] [17:27:28.477] Calculate Sleeve Dimensions: 0ms, Memory: 24.05 KB, Items: 1

[2025-12-31 17:27:28.481] [17:27:28.480] Load Family Symbol: 0ms, Memory: 0.00 KB, Items: 0

[2025-12-31 17:27:28.485] [17:27:28.485] Adjust Placement Point: 3ms, Memory: 8.00 KB, Items: 1

[2025-12-31 17:27:28.527] [17:27:28.526] Place Sleeve Instance: 38ms, Memory: 0.00 KB, Items: 1

[2025-12-31 17:27:28.531] [17:27:28.530] Set Sleeve Parameters: 2ms, Memory: 32.00 KB, Items: 0

[2025-12-31 17:27:28.539] [17:27:28.538] Calculate Sleeve Dimensions: 0ms, Memory: 32.05 KB, Items: 1

[2025-12-31 17:27:28.543] [17:27:28.542] Load Family Symbol: 0ms, Memory: 0.00 KB, Items: 0

[2025-12-31 17:27:28.548] [17:27:28.547] Adjust Placement Point: 3ms, Memory: 16.00 KB, Items: 1

[2025-12-31 17:27:28.590] [17:27:28.590] Place Sleeve Instance: 39ms, Memory: 8.00 KB, Items: 1

[2025-12-31 17:27:28.595] [17:27:28.594] Set Sleeve Parameters: 2ms, Memory: 32.00 KB, Items: 0

[2025-12-31 17:27:28.603] [17:27:28.602] Calculate Sleeve Dimensions: 0ms, Memory: 24.05 KB, Items: 1

[2025-12-31 17:27:28.606] [17:27:28.605] Load Family Symbol: 0ms, Memory: 8.00 KB, Items: 0

[2025-12-31 17:27:28.610] [17:27:28.610] Adjust Placement Point: 3ms, Memory: 16.00 KB, Items: 1

[2025-12-31 17:27:28.652] [17:27:28.651] Place Sleeve Instance: 39ms, Memory: 8.00 KB, Items: 1

[2025-12-31 17:27:28.657] [17:27:28.656] Set Sleeve Parameters: 2ms, Memory: 32.00 KB, Items: 0

[2025-12-31 17:27:28.666] [17:27:28.665] Calculate Sleeve Dimensions: 0ms, Memory: 24.05 KB, Items: 1

[2025-12-31 17:27:28.668] [17:27:28.668] Load Family Symbol: 0ms, Memory: 0.00 KB, Items: 0

[2025-12-31 17:27:28.673] [17:27:28.672] Adjust Placement Point: 3ms, Memory: 16.00 KB, Items: 1

[2025-12-31 17:27:28.715] [17:27:28.714] Place Sleeve Instance: 39ms, Memory: 0.00 KB, Items: 1

[2025-12-31 17:27:28.719] [17:27:28.719] Set Sleeve Parameters: 2ms, Memory: 24.00 KB, Items: 0

[2025-12-31 17:27:28.728] [17:27:28.726] Calculate Sleeve Dimensions: 0ms, Memory: 24.05 KB, Items: 1

[2025-12-31 17:27:28.730] [17:27:28.730] Load Family Symbol: 0ms, Memory: 0.00 KB, Items: 0

[2025-12-31 17:27:28.735] [17:27:28.735] Adjust Placement Point: 3ms, Memory: 8.00 KB, Items: 1

[2025-12-31 17:27:28.775] [17:27:28.775] Place Sleeve Instance: 38ms, Memory: 0.00 KB, Items: 1

[2025-12-31 17:27:28.780] [17:27:28.779] Set Sleeve Parameters: 2ms, Memory: 32.00 KB, Items: 0

[2025-12-31 17:27:30.069] === PLACEMENT PERFORMANCE REPORT ===
Generated: 2025-12-31 17:27:30
Total Time: 7703ms (00:07)
Total Individual Sleeves: 110
Total Clusters: 0

=== MEMORY USAGE ===
Start: 147.20 MB
End: 147.25 MB
Delta: 0.05 MB
Memory per Item: 0.46 KB

=== OPERATION BREAKDOWN ===
Operation                                   Calls        Total        Avg        Min        Max      Items    Items/s
--------------------------------------------------------------------------------------------------------------
Place Sleeve Instance                         110         3623ms      32.9ms        23ms        78ms        110        30/s
Adjust Placement Point                        110          384ms       3.5ms         3ms        50ms        110       286/s
Set Sleeve Parameters                         110          246ms       2.2ms         1ms        39ms          0         0/s
Parallel Sleeve Placement Planning              1           20ms      20.0ms        20ms        20ms        110      5500/s
Calculate Sleeve Dimensions                   110           10ms       0.1ms         0ms        10ms        110     11000/s
Load Family Symbol                            111            5ms       0.0ms         0ms         5ms          1       200/s

=== PERFORMANCE TARGETS ===
Individual Sleeves/Second: 14 (target: 50+)
Status: ⚠️ BELOW TARGET

=== END OF REPORT ===

