[2026-01-02 10:34:18.749] === PLACEMENT PERFORMANCE MONITOR STARTED ===
Timestamp: 2026-01-02 10:34:18
Log File: NewSleevePlacer_2026-01-02_10-34-18.log
Start Memory: 319.65 MB


[2026-01-02 10:34:18.788] [10:34:18.787] Load Family Symbol: 5ms, Memory: 48.00 KB, Items: 1

[2026-01-02 10:34:18.805] [10:34:18.804] Parallel Sleeve Placement Planning: 15ms, Memory: 40.00 KB, Items: 1

[2026-01-02 10:34:18.874] [10:34:18.874] Calculate Sleeve Dimensions: 45ms, Memory: 528.16 KB, Items: 1

[2026-01-02 10:34:18.880] [10:34:18.879] Load Family Symbol: 0ms, Memory: 0.00 KB, Items: 0

[2026-01-02 10:34:18.912] [10:34:18.912] Adjust Placement Point: 28ms, Memory: 344.00 KB, Items: 1

[2026-01-02 10:34:18.979] [10:34:18.978] Place Sleeve Instance: 59ms, Memory: 0.00 KB, Items: 1

[2026-01-02 10:34:19.040] [10:34:19.039] Set Sleeve Parameters: 53ms, Memory: 416.00 KB, Items: 0

[2026-01-02 10:34:19.250] === PLACEMENT PERFORMANCE REPORT ===
Generated: 2026-01-02 10:34:19
Total Time: 501ms (00:00)
Total Individual Sleeves: 1
Total Clusters: 0

=== MEMORY USAGE ===
Start: 319.65 MB
End: 322.84 MB
Delta: 3.18 MB
Memory per Item: 3261.12 KB

=== OPERATION BREAKDOWN ===
Operation                                   Calls        Total        Avg        Min        Max      Items    Items/s
--------------------------------------------------------------------------------------------------------------
Place Sleeve Instance                           1           59ms      59.0ms        59ms        59ms          1        17/s
Set Sleeve Parameters                           1           53ms      53.0ms        53ms        53ms          0         0/s
Calculate Sleeve Dimensions                     1           45ms      45.0ms        45ms        45ms          1        22/s
Adjust Placement Point                          1           28ms      28.0ms        28ms        28ms          1        36/s
Parallel Sleeve Placement Planning              1           15ms      15.0ms        15ms        15ms          1        67/s
Load Family Symbol                              2            5ms       2.5ms         0ms         5ms          1       200/s

=== PERFORMANCE TARGETS ===
Individual Sleeves/Second: 2 (target: 50+)
Status: ⚠️ BELOW TARGET

=== END OF REPORT ===

