[2026-01-02 17:54:47.209] === PLACEMENT PERFORMANCE MONITOR STARTED ===
Timestamp: 2026-01-02 17:54:47
Log File: Placement_Ventilation_DuctAccessories_2026-01-02_17-54-47.log
Start Memory: 290.44 MB


[2026-01-02 17:54:50.010] [17:54:50.009] Individual Sleeve Placement: 2798ms, Memory: 808.59 KB, Items: 1

[2026-01-02 17:54:50.431] [17:54:50.430] Cluster Sleeve Placement: 350ms, Memory: 4821.51 KB, Items: 0

[2026-01-02 17:54:50.439] === PLACEMENT PERFORMANCE REPORT ===
Generated: 2026-01-02 17:54:50
Total Time: 3230ms (00:03)
Total Individual Sleeves: 1
Total Clusters: 0

=== MEMORY USAGE ===
Start: 290.44 MB
End: 292.14 MB
Delta: 1.70 MB
Memory per Item: 1742.80 KB

=== OPERATION BREAKDOWN ===
Operation                                   Calls        Total        Avg        Min        Max      Items    Items/s
--------------------------------------------------------------------------------------------------------------
Individual Sleeve Placement                     1         2798ms    2798.0ms      2798ms      2798ms          1         0/s
Cluster Sleeve Placement                        1          350ms     350.0ms       350ms       350ms          0         0/s

=== PERFORMANCE TARGETS ===
Individual Sleeves/Second: 0 (target: 50+)
Status: ⚠️ BELOW TARGET

=== END OF REPORT ===

