[2026-01-02 10:28:01.827] === PLACEMENT PERFORMANCE MONITOR STARTED ===
Timestamp: 2026-01-02 10:28:01
Log File: NewSleevePlacer_2026-01-02_10-28-01.log
Start Memory: 319.46 MB


[2026-01-02 10:28:01.871] [10:28:01.870] Load Family Symbol: 6ms, Memory: 48.00 KB, Items: 1

[2026-01-02 10:28:01.892] [10:28:01.891] Parallel Sleeve Placement Planning: 17ms, Memory: 40.00 KB, Items: 1

[2026-01-02 10:28:01.969] [10:28:01.969] Calculate Sleeve Dimensions: 53ms, Memory: 656.16 KB, Items: 1

[2026-01-02 10:28:01.974] [10:28:01.974] Load Family Symbol: 0ms, Memory: 0.00 KB, Items: 0

[2026-01-02 10:28:02.007] [10:28:02.006] Adjust Placement Point: 28ms, Memory: 344.00 KB, Items: 1

[2026-01-02 10:28:02.076] [10:28:02.076] Place Sleeve Instance: 59ms, Memory: 8.00 KB, Items: 1

[2026-01-02 10:28:02.137] [10:28:02.136] Set Sleeve Parameters: 53ms, Memory: 416.00 KB, Items: 0

[2026-01-02 10:28:02.342] === PLACEMENT PERFORMANCE REPORT ===
Generated: 2026-01-02 10:28:02
Total Time: 515ms (00:00)
Total Individual Sleeves: 1
Total Clusters: 0

=== MEMORY USAGE ===
Start: 319.46 MB
End: 316.94 MB
Delta: -2.51 MB
Memory per Item: -2572.39 KB

=== OPERATION BREAKDOWN ===
Operation                                   Calls        Total        Avg        Min        Max      Items    Items/s
--------------------------------------------------------------------------------------------------------------
Place Sleeve Instance                           1           59ms      59.0ms        59ms        59ms          1        17/s
Calculate Sleeve Dimensions                     1           53ms      53.0ms        53ms        53ms          1        19/s
Set Sleeve Parameters                           1           53ms      53.0ms        53ms        53ms          0         0/s
Adjust Placement Point                          1           28ms      28.0ms        28ms        28ms          1        36/s
Parallel Sleeve Placement Planning              1           17ms      17.0ms        17ms        17ms          1        59/s
Load Family Symbol                              2            6ms       3.0ms         0ms         6ms          1       167/s

=== PERFORMANCE TARGETS ===
Individual Sleeves/Second: 2 (target: 50+)
Status: ⚠️ BELOW TARGET

=== END OF REPORT ===

