[2025-12-31 17:27:34.902] === PLACEMENT PERFORMANCE MONITOR STARTED ===
Timestamp: 2025-12-31 17:27:34
Log File: ClusterPlacement_Ducts_2025-12-31_17-27-34.log
Start Memory: 147.91 MB


[2025-12-31 17:27:34.942] [17:27:34.942] Load Clash Zones from Database: 30ms, Memory: -2504.91 KB, Items: 132

[2025-12-31 17:27:34.946] [17:27:34.946] Populate Clash Zone Cache: 1ms, Memory: 16.00 KB, Items: 132

[2025-12-31 17:27:34.952] [17:27:34.951] Filter Clash Zones: 3ms, Memory: 80.00 KB, Items: 132

[2025-12-31 17:27:35.038] [17:27:35.038] Prepare Sleeve Data: 83ms, Memory: 2744.00 KB, Items: 132

[2025-12-31 17:27:35.062] [17:27:35.061] Group Sleeves by Host/System/Orientation: 18ms, Memory: 376.00 KB, Items: 3

[2025-12-31 17:27:35.928] [17:27:35.927] Form Clusters: 864ms, Memory: -2744.58 KB, Items: 98

[2025-12-31 17:27:36.227] [17:27:36.227] Pre-Calculate Clusters (Parallel): 297ms, Memory: 1394.13 KB, Items: 23

[2025-12-31 17:27:38.070] [17:27:38.070] Place Clusters Loop: 1841ms, Memory: 2874.73 KB, Items: 23

[2025-12-31 17:27:38.072] [17:27:38.072]   Place Cluster Sleeve: 1641ms (avg: 71.3ms, calls: 23, items: 0)

[2025-12-31 17:27:38.074] [17:27:38.073]   Determine Rotation Angle: 0ms (avg: 0.0ms, calls: 21, items: 0)

[2025-12-31 17:27:38.076] [17:27:38.075]   Calculate Rotated Bounding Box: 0ms (avg: 0.0ms, calls: 21, items: 0)

[2025-12-31 17:27:44.232] [17:27:44.231] Cleanup Individual Sleeves: 1994ms, Memory: -1808.30 KB, Items: 14

[2025-12-31 17:27:44.777] === PLACEMENT PERFORMANCE REPORT ===
Generated: 2025-12-31 17:27:44
Total Time: 9874ms (00:09)
Total Individual Sleeves: 0
Total Clusters: 23

=== MEMORY USAGE ===
Start: 147.91 MB
End: 149.51 MB
Delta: 1.60 MB
Memory per Item: 71.14 KB

=== OPERATION BREAKDOWN ===
Operation                                   Calls        Total        Avg        Min        Max      Items    Items/s
--------------------------------------------------------------------------------------------------------------
Cleanup Individual Sleeves                      1         1994ms    1994.0ms      1994ms      1994ms         14         7/s
Place Clusters Loop                             1         1841ms    1841.0ms      1841ms      1841ms         23        12/s
Form Clusters                                   1          864ms     864.0ms       864ms       864ms         98       113/s
Pre-Calculate Clusters (Parallel)               1          297ms     297.0ms       297ms       297ms         23        77/s
Prepare Sleeve Data                             1           83ms      83.0ms        83ms        83ms        132      1590/s
Load Clash Zones from Database                  1           30ms      30.0ms        30ms        30ms        132      4400/s
Group Sleeves by Host/System/Orientation        1           18ms      18.0ms        18ms        18ms          3       167/s
Filter Clash Zones                              1            3ms       3.0ms         3ms         3ms        132     44000/s
Populate Clash Zone Cache                       1            1ms       1.0ms         1ms         1ms        132    132000/s

=== PERFORMANCE TARGETS ===
Clusters/Second: 2 (target: 10+)
Status: ⚠️ BELOW TARGET

=== END OF REPORT ===

[2025-12-31 17:27:44.797] [17:27:44.796] Save Cluster Data to Database: 358ms, Memory: 2479.20 KB, Items: 23

