[2025-12-31 17:26:21.034] === PLACEMENT PERFORMANCE MONITOR STARTED ===
Timestamp: 2025-12-31 17:26:21
Log File: ClusterPlacement_Pipes_2025-12-31_17-26-21.log
Start Memory: 302.53 MB


[2025-12-31 17:26:21.067] [17:26:21.066] Load Clash Zones from Database: 18ms, Memory: 744.00 KB, Items: 1

[2025-12-31 17:26:21.070] [17:26:21.069] Populate Clash Zone Cache: 0ms, Memory: 0.00 KB, Items: 1

[2025-12-31 17:26:21.075] [17:26:21.074] Filter Clash Zones: 3ms, Memory: 64.00 KB, Items: 1

[2025-12-31 17:26:21.080] [17:26:21.079] Prepare Sleeve Data: 0ms, Memory: 8.00 KB, Items: 1

[2025-12-31 17:26:21.082] [17:26:21.081] Group Sleeves by Host/System/Orientation: 0ms, Memory: 0.00 KB, Items: 1

[2025-12-31 17:26:21.086] [17:26:21.085] Form Clusters: 2ms, Memory: 40.00 KB, Items: 1

[2025-12-31 17:26:21.089] [17:26:21.089] Pre-Calculate Clusters (Parallel): 1ms, Memory: 40.00 KB, Items: 0

[2025-12-31 17:26:21.097] [17:26:21.096] Place Clusters Loop: 5ms, Memory: 112.00 KB, Items: 0

[2025-12-31 17:26:21.101] [17:26:21.100] Cleanup Individual Sleeves: 0ms, Memory: 16.00 KB, Items: 0

[2025-12-31 17:26:21.106] === PLACEMENT PERFORMANCE REPORT ===
Generated: 2025-12-31 17:26:21
Total Time: 71ms (00:00)
Total Individual Sleeves: 0
Total Clusters: 0

=== MEMORY USAGE ===
Start: 302.53 MB
End: 304.27 MB
Delta: 1.73 MB

=== OPERATION BREAKDOWN ===
Operation                                   Calls        Total        Avg        Min        Max      Items    Items/s
--------------------------------------------------------------------------------------------------------------
Load Clash Zones from Database                  1           18ms      18.0ms        18ms        18ms          1        56/s
Place Clusters Loop                             1            5ms       5.0ms         5ms         5ms          0         0/s
Filter Clash Zones                              1            3ms       3.0ms         3ms         3ms          1       333/s
Form Clusters                                   1            2ms       2.0ms         2ms         2ms          1       500/s
Pre-Calculate Clusters (Parallel)               1            1ms       1.0ms         1ms         1ms          0         0/s
Populate Clash Zone Cache                       1            0ms       0.0ms         0ms         0ms          1         0/s
Prepare Sleeve Data                             1            0ms       0.0ms         0ms         0ms          1         0/s
Group Sleeves by Host/System/Orientation        1            0ms       0.0ms         0ms         0ms          1         0/s
Cleanup Individual Sleeves                      1            0ms       0.0ms         0ms         0ms          0         0/s

=== PERFORMANCE TARGETS ===

=== END OF REPORT ===

[2025-12-31 17:26:21.111] [17:26:21.109] Save Cluster Data to Database: 6ms, Memory: 152.00 KB, Items: 0

