[2025-12-31 17:26:17.170] === PLACEMENT PERFORMANCE MONITOR STARTED ===
Timestamp: 2025-12-31 17:26:17
Log File: Placement_Ventilation_Pipes_2025-12-31_17-26-17.log
Start Memory: 305.75 MB


[2025-12-31 17:26:20.968] [17:26:20.967] Individual Sleeve Placement: 3796ms, Memory: 734.78 KB, Items: 1

[2025-12-31 17:26:21.115] [17:26:21.114] Cluster Sleeve Placement: 102ms, Memory: 2296.05 KB, Items: 0

[2025-12-31 17:26:21.122] === PLACEMENT PERFORMANCE REPORT ===
Generated: 2025-12-31 17:26:21
Total Time: 3952ms (00:03)
Total Individual Sleeves: 1
Total Clusters: 0

=== MEMORY USAGE ===
Start: 305.75 MB
End: 304.60 MB
Delta: -1.15 MB
Memory per Item: -1177.12 KB

=== OPERATION BREAKDOWN ===
Operation                                   Calls        Total        Avg        Min        Max      Items    Items/s
--------------------------------------------------------------------------------------------------------------
Individual Sleeve Placement                     1         3796ms    3796.0ms      3796ms      3796ms          1         0/s
Cluster Sleeve Placement                        1          102ms     102.0ms       102ms       102ms          0         0/s

=== PERFORMANCE TARGETS ===
Individual Sleeves/Second: 0 (target: 50+)
Status: ⚠️ BELOW TARGET

=== END OF REPORT ===

