[2026-01-02 18:42:14.639] === PLACEMENT PERFORMANCE MONITOR STARTED ===
Timestamp: 2026-01-02 18:42:14
Log File: NewSleevePlacer_2026-01-02_18-42-14.log
Start Memory: 293.44 MB


[2026-01-02 18:42:14.678] [18:42:14.677] Load Family Symbol: 5ms, Memory: 40.00 KB, Items: 1

[2026-01-02 18:42:14.696] [18:42:14.695] Parallel Sleeve Placement Planning: 14ms, Memory: 47.95 KB, Items: 1

[2026-01-02 18:42:14.772] [18:42:14.772] Calculate Sleeve Dimensions: 55ms, Memory: -5341.09 KB, Items: 1

[2026-01-02 18:42:14.778] [18:42:14.777] Load Family Symbol: 0ms, Memory: 0.00 KB, Items: 0

[2026-01-02 18:42:14.810] [18:42:14.809] Adjust Placement Point: 28ms, Memory: 336.00 KB, Items: 1

[2026-01-02 18:42:14.881] [18:42:14.881] Place Sleeve Instance: 63ms, Memory: 8.00 KB, Items: 1

[2026-01-02 18:42:14.953] [18:42:14.953] Set Sleeve Parameters: 65ms, Memory: 552.00 KB, Items: 0

[2026-01-02 18:42:15.155] === PLACEMENT PERFORMANCE REPORT ===
Generated: 2026-01-02 18:42:15
Total Time: 515ms (00:00)
Total Individual Sleeves: 1
Total Clusters: 0

=== MEMORY USAGE ===
Start: 293.44 MB
End: 291.12 MB
Delta: -2.33 MB
Memory per Item: -2381.09 KB

=== OPERATION BREAKDOWN ===
Operation                                   Calls        Total        Avg        Min        Max      Items    Items/s
--------------------------------------------------------------------------------------------------------------
Set Sleeve Parameters                           1           65ms      65.0ms        65ms        65ms          0         0/s
Place Sleeve Instance                           1           63ms      63.0ms        63ms        63ms          1        16/s
Calculate Sleeve Dimensions                     1           55ms      55.0ms        55ms        55ms          1        18/s
Adjust Placement Point                          1           28ms      28.0ms        28ms        28ms          1        36/s
Parallel Sleeve Placement Planning              1           14ms      14.0ms        14ms        14ms          1        71/s
Load Family Symbol                              2            5ms       2.5ms         0ms         5ms          1       200/s

=== PERFORMANCE TARGETS ===
Individual Sleeves/Second: 2 (target: 50+)
Status: ⚠️ BELOW TARGET

=== END OF REPORT ===

