[2025-12-31 18:53:19.976] === PLACEMENT PERFORMANCE MONITOR STARTED ===
Timestamp: 2025-12-31 18:53:19
Log File: Placement_Ventilation_DuctAccessories_2025-12-31_18-53-19.log
Start Memory: 149.94 MB


[2025-12-31 18:53:31.829] [18:53:31.829] Individual Sleeve Placement: 11850ms, Memory: -345.95 KB, Items: 21

[2025-12-31 18:53:37.542] [18:53:37.541] Cluster Sleeve Placement: 5501ms, Memory: 2024.56 KB, Items: 4

[2025-12-31 18:53:37.562] === PLACEMENT PERFORMANCE REPORT ===
Generated: 2025-12-31 18:53:37
Total Time: 17585ms (00:17)
Total Individual Sleeves: 21
Total Clusters: 4

=== MEMORY USAGE ===
Start: 149.94 MB
End: 150.95 MB
Delta: 1.00 MB
Memory per Item: 41.16 KB

=== OPERATION BREAKDOWN ===
Operation                                   Calls        Total        Avg        Min        Max      Items    Items/s
--------------------------------------------------------------------------------------------------------------
Individual Sleeve Placement                     1        11850ms   11850.0ms     11850ms     11850ms         21         2/s
Cluster Sleeve Placement                        1         5501ms    5501.0ms      5501ms      5501ms          4         1/s

=== PERFORMANCE TARGETS ===
Individual Sleeves/Second: 1 (target: 50+)
Status: ⚠️ BELOW TARGET
Clusters/Second: 0 (target: 10+)
Status: ⚠️ BELOW TARGET

=== END OF REPORT ===

