[2025-12-31 19:33:05.193] === REFRESH PERFORMANCE REPORT ===
Generated: 2025-12-31 19:33:05
🔨 Build Timestamp: 2025-12-31 19:32:09 | Assembly: JSE_RevitAddin_MEP_OPENINGS.dll
Total Time: 1808ms (00:01)
Total Clash Zones: 1

=== MEMORY USAGE ===
Start: 330.46 MB
End: 328.51 MB
Delta: -1.95 MB
Memory per Zone: -1996.48 KB (target: <5 KB)

=== OPERATION BREAKDOWN ===
Operation                         Calls      Total        Avg        Min        Max      Items
----------------------------------------------------------------------------------------------------
6. Intersection Processing            1       1283ms    1283.0ms      1283ms      1283ms         1/s
Damper Processing (Total)             1        794ms     794.0ms       794ms       794ms         1/s
Collect Walls                         1        432ms     432.0ms       432ms       432ms         2/s
6b. Host Element Collection           1        340ms     340.0ms       340ms       340ms         3/s
9. Save                               1        292ms     292.0ms       292ms       292ms         3/s
Collect Dampers                       1        183ms     183.0ms       183ms       183ms         5/s
9a. Database/XML Save                 1        154ms     154.0ms       154ms       154ms         6/s
9. Process Dampers (Bulk Optimized)        1        133ms     133.0ms       133ms       133ms         8/s
9a8. Repo Bulk Save                   1        103ms     103.0ms       103ms       103ms        10/s
8. Parameter Capture                  1         80ms      80.0ms        80ms        80ms        13/s
9b. Set ReadyForPlacement Flags        1         43ms      43.0ms        43ms        43ms        23/s
PrepareExistingZones                  1         39ms      39.0ms        39ms        39ms         0/s
Batch Capture (Dampers)               1         35ms      35.0ms        35ms        35ms         0/s
3. Hierarchical Flag Reset            1         26ms      26.0ms        26ms        26ms         0/s
3. Load Existing Zones                1         19ms      19.0ms        19ms        19ms         0/s
6a. MEP Element Collection            1         13ms      13.0ms        13ms        13ms         0/s
6a1. Section Box Outline              1          7ms       7.0ms         7ms         7ms         0/s
PostProcess                           1          7ms       7.0ms         7ms         7ms         0/s
3B. Legacy Flag Sync                  1          5ms       5.0ms         5ms         5ms         0/s
4. Flag Sync                          1          5ms       5.0ms         5ms         5ms         0/s
9a7b. Loop Overhead                   1          5ms       5.0ms         5ms         5ms         0/s
Cache Levels                          1          3ms       3.0ms         3ms         3ms         0/s
9a1. Deduplicate Storage              1          3ms       3.0ms         3ms         3ms         0/s
9a7. Group File Combos                1          3ms       3.0ms         3ms         3ms         0/s
1. UI Validation                      1          2ms       2.0ms         2ms         2ms         0/s
2. XML Loading                        1          1ms       1.0ms         1ms         1ms         0/s
9a7. Enrich Orientation               1          1ms       1.0ms         1ms         1ms         0/s
9a6. Filter Valid Zones               1          1ms       1.0ms         1ms         1ms         0/s
10. Cleanup                           1          1ms       1.0ms         1ms         1ms         0/s
5. Validation                         1          0ms       0.0ms         0ms         0ms         0/s
9a01. Group By Cat                    1          0ms       0.0ms         0ms         0ms         0/s

=== PERFORMANCE TARGETS ===
Clash Zones/Second: 1 (target: 500+)
Status: ⚠️ BELOW TARGET

