[2026-01-02 18:42:14.467] === PLACEMENT PERFORMANCE MONITOR STARTED ===
Timestamp: 2026-01-02 18:42:14
Log File: Placement_Ventilation_DuctAccessories_2026-01-02_18-42-14.log
Start Memory: 291.25 MB


[2026-01-02 18:42:16.785] [18:42:16.784] Individual Sleeve Placement: 2316ms, Memory: 1227.28 KB, Items: 1

[2026-01-02 18:42:17.180] [18:42:17.179] Cluster Sleeve Placement: 347ms, Memory: -91.91 KB, Items: 0

[2026-01-02 18:42:17.188] === PLACEMENT PERFORMANCE REPORT ===
Generated: 2026-01-02 18:42:17
Total Time: 2722ms (00:02)
Total Individual Sleeves: 1
Total Clusters: 0

=== MEMORY USAGE ===
Start: 291.25 MB
End: 293.72 MB
Delta: 2.47 MB
Memory per Item: 2527.37 KB

=== OPERATION BREAKDOWN ===
Operation                                   Calls        Total        Avg        Min        Max      Items    Items/s
--------------------------------------------------------------------------------------------------------------
Individual Sleeve Placement                     1         2316ms    2316.0ms      2316ms      2316ms          1         0/s
Cluster Sleeve Placement                        1          347ms     347.0ms       347ms       347ms          0         0/s

=== PERFORMANCE TARGETS ===
Individual Sleeves/Second: 0 (target: 50+)
Status: ⚠️ BELOW TARGET

=== END OF REPORT ===

