[2025-12-31 17:27:45.511] === PLACEMENT PERFORMANCE MONITOR STARTED ===
Timestamp: 2025-12-31 17:27:45
Log File: NewSleevePlacer_2025-12-31_17-27-45.log
Start Memory: 154.16 MB


[2025-12-31 17:27:45.518] [17:27:45.517] Load Family Symbol: 2ms, Memory: 40.00 KB, Items: 1

[2025-12-31 17:27:45.547] [17:27:45.545] Parallel Sleeve Placement Planning: 25ms, Memory: 183.36 KB, Items: 21

[2025-12-31 17:27:45.582] [17:27:45.581] Calculate Sleeve Dimensions: 29ms, Memory: 208.05 KB, Items: 1

[2025-12-31 17:27:45.585] [17:27:45.584] Load Family Symbol: 0ms, Memory: 0.00 KB, Items: 0

[2025-12-31 17:27:45.591] [17:27:45.591] Adjust Placement Point: 3ms, Memory: 0.00 KB, Items: 1

[2025-12-31 17:27:45.653] [17:27:45.652] Place Sleeve Instance: 59ms, Memory: 0.00 KB, Items: 1

[2025-12-31 17:27:45.659] [17:27:45.658] Set Sleeve Parameters: 3ms, Memory: 32.00 KB, Items: 0

[2025-12-31 17:27:45.675] [17:27:45.674] Calculate Sleeve Dimensions: 5ms, Memory: 208.16 KB, Items: 1

[2025-12-31 17:27:45.678] [17:27:45.677] Load Family Symbol: 0ms, Memory: 0.00 KB, Items: 0

[2025-12-31 17:27:45.679] [17:27:45.679] Adjust Placement Point: 0ms, Memory: 0.00 KB, Items: 1

[2025-12-31 17:27:45.713] [17:27:45.713] Place Sleeve Instance: 31ms, Memory: 0.00 KB, Items: 1

[2025-12-31 17:27:45.718] [17:27:45.717] Set Sleeve Parameters: 2ms, Memory: 32.00 KB, Items: 0

[2025-12-31 17:27:45.731] [17:27:45.730] Calculate Sleeve Dimensions: 5ms, Memory: 208.16 KB, Items: 1

[2025-12-31 17:27:45.734] [17:27:45.733] Load Family Symbol: 0ms, Memory: 0.00 KB, Items: 0

[2025-12-31 17:27:45.735] [17:27:45.735] Adjust Placement Point: 0ms, Memory: 0.00 KB, Items: 1

[2025-12-31 17:27:45.762] [17:27:45.761] Place Sleeve Instance: 24ms, Memory: 0.00 KB, Items: 1

[2025-12-31 17:27:45.766] [17:27:45.766] Set Sleeve Parameters: 2ms, Memory: 40.00 KB, Items: 0

[2025-12-31 17:27:45.779] [17:27:45.778] Calculate Sleeve Dimensions: 5ms, Memory: 200.16 KB, Items: 1

[2025-12-31 17:27:45.781] [17:27:45.781] Load Family Symbol: 0ms, Memory: 0.00 KB, Items: 0

[2025-12-31 17:27:45.783] [17:27:45.782] Adjust Placement Point: 0ms, Memory: 0.00 KB, Items: 1

[2025-12-31 17:27:45.812] [17:27:45.811] Place Sleeve Instance: 25ms, Memory: 8.00 KB, Items: 1

[2025-12-31 17:27:45.817] [17:27:45.816] Set Sleeve Parameters: 2ms, Memory: 32.00 KB, Items: 0

[2025-12-31 17:27:45.829] [17:27:45.828] Calculate Sleeve Dimensions: 5ms, Memory: 208.16 KB, Items: 1

[2025-12-31 17:27:45.832] [17:27:45.831] Load Family Symbol: 0ms, Memory: 0.00 KB, Items: 0

[2025-12-31 17:27:45.833] [17:27:45.832] Adjust Placement Point: 0ms, Memory: 0.00 KB, Items: 1

[2025-12-31 17:27:45.867] [17:27:45.867] Place Sleeve Instance: 31ms, Memory: 0.00 KB, Items: 1

[2025-12-31 17:27:45.872] [17:27:45.871] Set Sleeve Parameters: 2ms, Memory: 32.00 KB, Items: 0

[2025-12-31 17:27:45.885] [17:27:45.885] Calculate Sleeve Dimensions: 5ms, Memory: 208.16 KB, Items: 1

[2025-12-31 17:27:45.888] [17:27:45.887] Load Family Symbol: 0ms, Memory: 0.00 KB, Items: 0

[2025-12-31 17:27:45.889] [17:27:45.889] Adjust Placement Point: 0ms, Memory: 0.00 KB, Items: 1

[2025-12-31 17:27:45.918] [17:27:45.916] Place Sleeve Instance: 25ms, Memory: 8.00 KB, Items: 1

[2025-12-31 17:27:45.922] [17:27:45.921] Set Sleeve Parameters: 2ms, Memory: 32.00 KB, Items: 0

[2025-12-31 17:27:45.935] [17:27:45.934] Calculate Sleeve Dimensions: 5ms, Memory: 208.16 KB, Items: 1

[2025-12-31 17:27:45.938] [17:27:45.937] Load Family Symbol: 0ms, Memory: 0.00 KB, Items: 0

[2025-12-31 17:27:45.938] [17:27:45.938] Adjust Placement Point: 0ms, Memory: 0.00 KB, Items: 1

[2025-12-31 17:27:45.967] [17:27:45.966] Place Sleeve Instance: 25ms, Memory: 0.00 KB, Items: 1

[2025-12-31 17:27:45.971] [17:27:45.971] Set Sleeve Parameters: 2ms, Memory: 32.00 KB, Items: 0

[2025-12-31 17:27:45.984] [17:27:45.984] Calculate Sleeve Dimensions: 5ms, Memory: 208.16 KB, Items: 1

[2025-12-31 17:27:45.987] [17:27:45.986] Load Family Symbol: 0ms, Memory: 0.00 KB, Items: 0

[2025-12-31 17:27:45.988] [17:27:45.988] Adjust Placement Point: 0ms, Memory: 0.00 KB, Items: 1

[2025-12-31 17:27:46.025] [17:27:46.024] Place Sleeve Instance: 33ms, Memory: 0.00 KB, Items: 1

[2025-12-31 17:27:46.029] [17:27:46.029] Set Sleeve Parameters: 2ms, Memory: 32.00 KB, Items: 0

[2025-12-31 17:27:46.042] [17:27:46.042] Calculate Sleeve Dimensions: 5ms, Memory: 200.16 KB, Items: 1

[2025-12-31 17:27:46.045] [17:27:46.044] Load Family Symbol: 0ms, Memory: 0.00 KB, Items: 0

[2025-12-31 17:27:46.047] [17:27:46.046] Adjust Placement Point: 0ms, Memory: 0.00 KB, Items: 1

[2025-12-31 17:27:46.080] [17:27:46.080] Place Sleeve Instance: 31ms, Memory: 8.00 KB, Items: 1

[2025-12-31 17:27:46.085] [17:27:46.084] Set Sleeve Parameters: 2ms, Memory: 32.00 KB, Items: 0

[2025-12-31 17:27:46.099] [17:27:46.098] Calculate Sleeve Dimensions: 5ms, Memory: 208.16 KB, Items: 1

[2025-12-31 17:27:46.101] [17:27:46.101] Load Family Symbol: 0ms, Memory: 0.00 KB, Items: 0

[2025-12-31 17:27:46.103] [17:27:46.102] Adjust Placement Point: 0ms, Memory: 0.00 KB, Items: 1

[2025-12-31 17:27:46.131] [17:27:46.130] Place Sleeve Instance: 25ms, Memory: 0.00 KB, Items: 1

[2025-12-31 17:27:46.135] [17:27:46.134] Set Sleeve Parameters: 2ms, Memory: 32.00 KB, Items: 0

[2025-12-31 17:27:46.150] [17:27:46.149] Calculate Sleeve Dimensions: 7ms, Memory: -5914.80 KB, Items: 1

[2025-12-31 17:27:46.153] [17:27:46.152] Load Family Symbol: 0ms, Memory: 0.00 KB, Items: 0

[2025-12-31 17:27:46.156] [17:27:46.155] Adjust Placement Point: 0ms, Memory: 0.00 KB, Items: 1

[2025-12-31 17:27:46.190] [17:27:46.190] Place Sleeve Instance: 32ms, Memory: 0.00 KB, Items: 1

[2025-12-31 17:27:46.195] [17:27:46.194] Set Sleeve Parameters: 2ms, Memory: 32.00 KB, Items: 0

[2025-12-31 17:27:46.208] [17:27:46.207] Calculate Sleeve Dimensions: 5ms, Memory: 208.16 KB, Items: 1

[2025-12-31 17:27:46.211] [17:27:46.210] Load Family Symbol: 0ms, Memory: 0.00 KB, Items: 0

[2025-12-31 17:27:46.211] [17:27:46.211] Adjust Placement Point: 0ms, Memory: 0.00 KB, Items: 1

[2025-12-31 17:27:46.247] [17:27:46.246] Place Sleeve Instance: 32ms, Memory: 0.00 KB, Items: 1

[2025-12-31 17:27:46.252] [17:27:46.251] Set Sleeve Parameters: 2ms, Memory: 32.00 KB, Items: 0

[2025-12-31 17:27:46.264] [17:27:46.263] Calculate Sleeve Dimensions: 5ms, Memory: 208.16 KB, Items: 1

[2025-12-31 17:27:46.267] [17:27:46.266] Load Family Symbol: 0ms, Memory: 0.00 KB, Items: 0

[2025-12-31 17:27:46.268] [17:27:46.268] Adjust Placement Point: 0ms, Memory: 0.00 KB, Items: 1

[2025-12-31 17:27:46.297] [17:27:46.296] Place Sleeve Instance: 25ms, Memory: 0.00 KB, Items: 1

[2025-12-31 17:27:46.302] [17:27:46.301] Set Sleeve Parameters: 2ms, Memory: 40.00 KB, Items: 0

[2025-12-31 17:27:46.315] [17:27:46.314] Calculate Sleeve Dimensions: 5ms, Memory: 200.16 KB, Items: 1

[2025-12-31 17:27:46.318] [17:27:46.317] Load Family Symbol: 0ms, Memory: 0.00 KB, Items: 0

[2025-12-31 17:27:46.319] [17:27:46.319] Adjust Placement Point: 0ms, Memory: 0.00 KB, Items: 1

[2025-12-31 17:27:46.353] [17:27:46.353] Place Sleeve Instance: 32ms, Memory: 0.00 KB, Items: 1

[2025-12-31 17:27:46.358] [17:27:46.357] Set Sleeve Parameters: 2ms, Memory: 32.00 KB, Items: 0

[2025-12-31 17:27:46.371] [17:27:46.371] Calculate Sleeve Dimensions: 5ms, Memory: 208.16 KB, Items: 1

[2025-12-31 17:27:46.374] [17:27:46.374] Load Family Symbol: 0ms, Memory: 0.00 KB, Items: 0

[2025-12-31 17:27:46.376] [17:27:46.375] Adjust Placement Point: 0ms, Memory: 0.00 KB, Items: 1

[2025-12-31 17:27:46.405] [17:27:46.404] Place Sleeve Instance: 25ms, Memory: 0.00 KB, Items: 1

[2025-12-31 17:27:46.409] [17:27:46.408] Set Sleeve Parameters: 2ms, Memory: 40.00 KB, Items: 0

[2025-12-31 17:27:46.422] [17:27:46.421] Calculate Sleeve Dimensions: 5ms, Memory: 200.16 KB, Items: 1

[2025-12-31 17:27:46.424] [17:27:46.424] Load Family Symbol: 0ms, Memory: 0.00 KB, Items: 0

[2025-12-31 17:27:46.426] [17:27:46.425] Adjust Placement Point: 0ms, Memory: 0.00 KB, Items: 1

[2025-12-31 17:27:46.461] [17:27:46.459] Place Sleeve Instance: 32ms, Memory: 8.00 KB, Items: 1

[2025-12-31 17:27:46.466] [17:27:46.465] Set Sleeve Parameters: 2ms, Memory: 32.00 KB, Items: 0

[2025-12-31 17:27:46.479] [17:27:46.478] Calculate Sleeve Dimensions: 5ms, Memory: 208.16 KB, Items: 1

[2025-12-31 17:27:46.482] [17:27:46.481] Load Family Symbol: 0ms, Memory: 0.00 KB, Items: 0

[2025-12-31 17:27:46.483] [17:27:46.482] Adjust Placement Point: 0ms, Memory: 0.00 KB, Items: 1

[2025-12-31 17:27:46.511] [17:27:46.510] Place Sleeve Instance: 25ms, Memory: 0.00 KB, Items: 1

[2025-12-31 17:27:46.516] [17:27:46.515] Set Sleeve Parameters: 2ms, Memory: 32.00 KB, Items: 0

[2025-12-31 17:27:46.529] [17:27:46.528] Calculate Sleeve Dimensions: 5ms, Memory: 208.16 KB, Items: 1

[2025-12-31 17:27:46.531] [17:27:46.531] Load Family Symbol: 0ms, Memory: 0.00 KB, Items: 0

[2025-12-31 17:27:46.533] [17:27:46.532] Adjust Placement Point: 0ms, Memory: 0.00 KB, Items: 1

[2025-12-31 17:27:46.571] [17:27:46.570] Place Sleeve Instance: 35ms, Memory: 0.00 KB, Items: 1

[2025-12-31 17:27:46.575] [17:27:46.575] Set Sleeve Parameters: 2ms, Memory: 32.00 KB, Items: 0

[2025-12-31 17:27:46.588] [17:27:46.587] Calculate Sleeve Dimensions: 5ms, Memory: 208.16 KB, Items: 1

[2025-12-31 17:27:46.591] [17:27:46.590] Load Family Symbol: 0ms, Memory: 0.00 KB, Items: 0

[2025-12-31 17:27:46.593] [17:27:46.592] Adjust Placement Point: 0ms, Memory: 0.00 KB, Items: 1

[2025-12-31 17:27:46.623] [17:27:46.622] Place Sleeve Instance: 26ms, Memory: 0.00 KB, Items: 1

[2025-12-31 17:27:46.627] [17:27:46.626] Set Sleeve Parameters: 2ms, Memory: 32.00 KB, Items: 0

[2025-12-31 17:27:46.639] [17:27:46.639] Calculate Sleeve Dimensions: 5ms, Memory: 200.16 KB, Items: 1

[2025-12-31 17:27:46.642] [17:27:46.641] Load Family Symbol: 0ms, Memory: 0.00 KB, Items: 0

[2025-12-31 17:27:46.644] [17:27:46.643] Adjust Placement Point: 0ms, Memory: 0.00 KB, Items: 1

[2025-12-31 17:27:46.680] [17:27:46.679] Place Sleeve Instance: 32ms, Memory: 8.00 KB, Items: 1

[2025-12-31 17:27:46.686] [17:27:46.686] Set Sleeve Parameters: 4ms, Memory: -6106.09 KB, Items: 0

[2025-12-31 17:27:46.699] [17:27:46.698] Calculate Sleeve Dimensions: 5ms, Memory: 208.16 KB, Items: 1

[2025-12-31 17:27:46.702] [17:27:46.701] Load Family Symbol: 0ms, Memory: 0.00 KB, Items: 0

[2025-12-31 17:27:46.703] [17:27:46.703] Adjust Placement Point: 0ms, Memory: 0.00 KB, Items: 1

[2025-12-31 17:27:46.732] [17:27:46.731] Place Sleeve Instance: 26ms, Memory: 0.00 KB, Items: 1

[2025-12-31 17:27:46.737] [17:27:46.736] Set Sleeve Parameters: 2ms, Memory: 32.00 KB, Items: 0

[2025-12-31 17:27:46.961] === PLACEMENT PERFORMANCE REPORT ===
Generated: 2025-12-31 17:27:46
Total Time: 1449ms (00:01)
Total Individual Sleeves: 21
Total Clusters: 0

=== MEMORY USAGE ===
Start: 154.16 MB
End: 154.93 MB
Delta: 0.77 MB
Memory per Item: 37.78 KB

=== OPERATION BREAKDOWN ===
Operation                                   Calls        Total        Avg        Min        Max      Items    Items/s
--------------------------------------------------------------------------------------------------------------
Place Sleeve Instance                          21          631ms      30.0ms        24ms        59ms         21        33/s
Calculate Sleeve Dimensions                    21          131ms       6.2ms         5ms        29ms         21       160/s
Set Sleeve Parameters                          21           45ms       2.1ms         2ms         4ms          0         0/s
Parallel Sleeve Placement Planning              1           25ms      25.0ms        25ms        25ms         21       840/s
Adjust Placement Point                         21            3ms       0.1ms         0ms         3ms         21      7000/s
Load Family Symbol                             22            2ms       0.1ms         0ms         2ms          1       500/s

=== PERFORMANCE TARGETS ===
Individual Sleeves/Second: 14 (target: 50+)
Status: ⚠️ BELOW TARGET

=== END OF REPORT ===

