[15:20:40] STEP 9.5: Categories count: 2, Categories: Ducts, Cable Trays
[15:20:40] STEP 13.5: Filter names: COMBINED
[15:20:40] 🔥 BEFORE orchestrator.ExecuteMultipleFilters() - filters count: 1
[15:20:44] 🔥 AFTER orchestrator.ExecuteMultipleFilters() - returned successfully
[15:21:24] STEP 9.5: Categories count: 2, Categories: Duct Accessories, Cable Trays
[15:21:24] STEP 13.5: Filter names: COMBINED
[15:21:24] 🔥 BEFORE orchestrator.ExecuteMultipleFilters() - filters count: 1
[15:21:28] 🔥 AFTER orchestrator.ExecuteMultipleFilters() - returned successfully
[16:42:38] STEP 9.5: Categories count: 4, Categories: Ducts, Duct Accessories, Cable Trays, Pipes
[16:42:38] STEP 13.5: Filter names: COMBINED, COMBINED, COMBINED, COMBINED
[16:42:38] 🔥 BEFORE orchestrator.ExecuteMultipleFilters() - filters count: 4
[16:43:23] 🔥 AFTER orchestrator.ExecuteMultipleFilters() - returned successfully
[17:04:10] STEP 9.5: Categories count: 2, Categories: Duct Accessories, Cable Trays
[17:04:10] STEP 13.5: Filter names: COMBINED, COMBINED
[17:04:10] 🔥 BEFORE orchestrator.ExecuteMultipleFilters() - filters count: 2
[17:04:19] 🔥 AFTER orchestrator.ExecuteMultipleFilters() - returned successfully
[16:25:47] STEP 9.5: Categories count: 1, Categories: Pipes
[16:25:47] STEP 13.5: Filter names: Plumbing
[16:25:47] 🔥 BEFORE orchestrator.ExecuteMultipleFilters() - filters count: 1
[16:26:06] 🔥 AFTER orchestrator.ExecuteMultipleFilters() - returned successfully
[16:33:42] STEP 9.5: Categories count: 2, Categories: Ducts, Pipes
[16:33:42] STEP 13.5: Filter names: Ventilation, Ventilation
[16:33:42] 🔥 BEFORE orchestrator.ExecuteMultipleFilters() - filters count: 2
[16:34:01] 🔥 AFTER orchestrator.ExecuteMultipleFilters() - returned successfully
[16:37:12] STEP 9.5: Categories count: 1, Categories: Ducts
[16:37:12] STEP 13.5: Filter names: Ventilation
[16:37:12] 🔥 BEFORE orchestrator.ExecuteMultipleFilters() - filters count: 1
[16:37:15] 🔥 AFTER orchestrator.ExecuteMultipleFilters() - returned successfully
[16:40:11] STEP 9.5: Categories count: 2, Categories: Ducts, Pipes
[16:40:11] STEP 13.5: Filter names: Ventilation
[16:40:11] 🔥 BEFORE orchestrator.ExecuteMultipleFilters() - filters count: 1
[16:40:16] 🔥 AFTER orchestrator.ExecuteMultipleFilters() - returned successfully
[16:40:38] STEP 9.5: Categories count: 2, Categories: Ducts, Duct Accessories
[16:40:38] STEP 13.5: Filter names: Ventilation
[16:40:38] 🔥 BEFORE orchestrator.ExecuteMultipleFilters() - filters count: 1
[16:40:42] 🔥 AFTER orchestrator.ExecuteMultipleFilters() - returned successfully
[16:42:17] STEP 9.5: Categories count: 2, Categories: Ducts, Duct Accessories
[16:42:17] 🔥 BEFORE orchestrator.ExecuteMultipleFilters() - filters count: 0
[16:42:17] 🔥 AFTER orchestrator.ExecuteMultipleFilters() - returned successfully
[17:26:13] STEP 9.5: Categories count: 3, Categories: Ducts, Duct Accessories, Pipes
[17:26:13] STEP 13.5: Filter names: Ventilation, Ventilation
[17:26:13] 🔥 BEFORE orchestrator.ExecuteMultipleFilters() - filters count: 2
[17:26:21] 🔥 AFTER orchestrator.ExecuteMultipleFilters() - returned successfully
[17:27:22] STEP 9.5: Categories count: 2, Categories: Ducts, Duct Accessories
[17:27:22] STEP 13.5: Filter names: Ventilation, Ventilation
[17:27:22] 🔥 BEFORE orchestrator.ExecuteMultipleFilters() - filters count: 2
[17:27:53] 🔥 AFTER orchestrator.ExecuteMultipleFilters() - returned successfully
