[31-12-2025 17:27:22] [PLACEMENT-ELIGIBILITY] Total=110, IsResolved=0, IsClusterResolved=0, Eligible=110
  CZ 6e697f6d-042f-c458-485c-d3b176849c2e Flags: IsResolved=False, IsClusterResolved=False, SleeveId=-1, ClusterSleeveId=-1
  CZ 47d9fa28-719b-21a9-bb06-e9459b8cacd6 Flags: IsResolved=False, IsClusterResolved=False, SleeveId=-1, ClusterSleeveId=-1
  CZ c73b1e03-424a-1d03-03ea-54fff8d8d6bb Flags: IsResolved=False, IsClusterResolved=False, SleeveId=-1, ClusterSleeveId=-1
  CZ 545fa43f-db32-ff05-3217-0551771aa8e6 Flags: IsResolved=False, IsClusterResolved=False, SleeveId=-1, ClusterSleeveId=-1
  CZ a093ee53-789e-d4a6-5175-7f3c19ca3956 Flags: IsResolved=False, IsClusterResolved=False, SleeveId=-1, ClusterSleeveId=-1
  CZ 310c96e1-37a7-b1b0-fbe3-cc1af93d9dc2 Flags: IsResolved=False, IsClusterResolved=False, SleeveId=-1, ClusterSleeveId=-1
  CZ 73eafd01-ee23-84f5-84a3-8538fadb0119 Flags: IsResolved=False, IsClusterResolved=False, SleeveId=-1, ClusterSleeveId=-1
  CZ 402f84ba-eb31-39bb-8192-5460c70cbe28 Flags: IsResolved=False, IsClusterResolved=False, SleeveId=-1, ClusterSleeveId=-1
  CZ 3adac230-4b0a-d618-6924-c27ba75cf87f Flags: IsResolved=False, IsClusterResolved=False, SleeveId=-1, ClusterSleeveId=-1
  CZ 82b7978e-651d-0526-7b27-25f3c47a895d Flags: IsResolved=False, IsClusterResolved=False, SleeveId=-1, ClusterSleeveId=-1
  CZ bbdcf9e8-a07f-7ef1-43bf-fa3633deca91 Flags: IsResolved=False, IsClusterResolved=False, SleeveId=-1, ClusterSleeveId=-1
  CZ 703e861d-e9f7-20a5-ea4f-8c3ed0869a15 Flags: IsResolved=False, IsClusterResolved=False, SleeveId=-1, ClusterSleeveId=-1
  CZ eb1fe43d-562d-691a-8e67-c8e5b517162b Flags: IsResolved=False, IsClusterResolved=False, SleeveId=-1, ClusterSleeveId=-1
  CZ 4821ce3e-ad21-f116-d8f0-d54ddcbe9b6e Flags: IsResolved=False, IsClusterResolved=False, SleeveId=-1, ClusterSleeveId=-1
  CZ 30808e2b-18c0-40db-60c3-4208b93ac49e Flags: IsResolved=False, IsClusterResolved=False, SleeveId=-1, ClusterSleeveId=-1
  CZ 5d5e61f6-9429-9187-dfac-6c0f72bd303d Flags: IsResolved=False, IsClusterResolved=False, SleeveId=-1, ClusterSleeveId=-1
  CZ 4e2a2091-05c6-f6b9-a214-936c5b333b20 Flags: IsResolved=False, IsClusterResolved=False, SleeveId=-1, ClusterSleeveId=-1
  CZ 6c8919ef-e5a7-bb03-804e-7efc809efd31 Flags: IsResolved=False, IsClusterResolved=False, SleeveId=-1, ClusterSleeveId=-1
  CZ 7dcd5bef-fa66-176c-abae-26673f192191 Flags: IsResolved=False, IsClusterResolved=False, SleeveId=-1, ClusterSleeveId=-1
  CZ cdb8dc03-52b7-9355-ea0e-a4c12099682e Flags: IsResolved=False, IsClusterResolved=False, SleeveId=-1, ClusterSleeveId=-1
  CZ db86329e-1010-2021-a4c3-2b9e3e98021a Flags: IsResolved=False, IsClusterResolved=False, SleeveId=-1, ClusterSleeveId=-1
  CZ 8944f75d-3f46-c2a4-42f6-65cd7862a549 Flags: IsResolved=False, IsClusterResolved=False, SleeveId=-1, ClusterSleeveId=-1
  CZ 810e8a7d-9fd9-798d-b7e1-edd1358fafa0 Flags: IsResolved=False, IsClusterResolved=False, SleeveId=-1, ClusterSleeveId=-1
  CZ babc5699-926a-92f4-e8fe-8bb653a8de79 Flags: IsResolved=False, IsClusterResolved=False, SleeveId=-1, ClusterSleeveId=-1
  CZ 32a329f1-d3c8-0cbf-b01b-f3ae940fafaf Flags: IsResolved=False, IsClusterResolved=False, SleeveId=-1, ClusterSleeveId=-1
  CZ 3674d177-7325-2b17-7e42-c79460bffd18 Flags: IsResolved=False, IsClusterResolved=False, SleeveId=-1, ClusterSleeveId=-1
  CZ 5e86a332-2ae7-f6e0-bfe0-bc1d89575f68 Flags: IsResolved=False, IsClusterResolved=False, SleeveId=-1, ClusterSleeveId=-1
  CZ 57564c22-bbfc-e1e9-78b0-2607183b154e Flags: IsResolved=False, IsClusterResolved=False, SleeveId=-1, ClusterSleeveId=-1
  CZ 9e6e1fba-0839-f4f5-b5fd-d7437141308d Flags: IsResolved=False, IsClusterResolved=False, SleeveId=-1, ClusterSleeveId=-1
  CZ 048179e4-d918-5ee7-d67b-ecafc1ce9edf Flags: IsResolved=False, IsClusterResolved=False, SleeveId=-1, ClusterSleeveId=-1
  CZ f2188a17-644e-a203-c7df-5373b326f519 Flags: IsResolved=False, IsClusterResolved=False, SleeveId=-1, ClusterSleeveId=-1
  CZ fbbd6b24-c2a8-5238-b66e-46b113ea4e0f Flags: IsResolved=False, IsClusterResolved=False, SleeveId=-1, ClusterSleeveId=-1
  CZ 23970e7f-c4be-e0c0-13ca-aa5427283ab4 Flags: IsResolved=False, IsClusterResolved=False, SleeveId=-1, ClusterSleeveId=-1
  CZ f1d50fa7-3af2-efcc-9ae4-c2e2a7fccc96 Flags: IsResolved=False, IsClusterResolved=False, SleeveId=-1, ClusterSleeveId=-1
  CZ ac96472c-f698-973d-48d8-7c79fbbd60ba Flags: IsResolved=False, IsClusterResolved=False, SleeveId=-1, ClusterSleeveId=-1
  CZ 87175218-6724-dba3-4843-c996d8e1cd70 Flags: IsResolved=False, IsClusterResolved=False, SleeveId=-1, ClusterSleeveId=-1
  CZ b281b7b7-e160-dcdf-05e5-4822e1ecf8f7 Flags: IsResolved=False, IsClusterResolved=False, SleeveId=-1, ClusterSleeveId=-1
  CZ 88b61e64-aaf1-9ac8-21b3-88f0bb370dbe Flags: IsResolved=False, IsClusterResolved=False, SleeveId=-1, ClusterSleeveId=-1
  CZ 53dce294-1f4e-8973-5ec4-3f5dc078dc82 Flags: IsResolved=False, IsClusterResolved=False, SleeveId=-1, ClusterSleeveId=-1
  CZ 81944024-a8fa-f280-5d76-c2363cc47aa5 Flags: IsResolved=False, IsClusterResolved=False, SleeveId=-1, ClusterSleeveId=-1
  CZ b34f5ad0-c7f8-990f-fb71-bdb439438474 Flags: IsResolved=False, IsClusterResolved=False, SleeveId=-1, ClusterSleeveId=-1
  CZ e4acd5d5-d0d6-c55d-c4b4-755102d906de Flags: IsResolved=False, IsClusterResolved=False, SleeveId=-1, ClusterSleeveId=-1
  CZ 72168f4b-f144-3fef-4f0e-a09d7462dfe9 Flags: IsResolved=False, IsClusterResolved=False, SleeveId=-1, ClusterSleeveId=-1
  CZ f4af7b7d-76e2-e8c6-f9c1-92a6dbf21ed7 Flags: IsResolved=False, IsClusterResolved=False, SleeveId=-1, ClusterSleeveId=-1
  CZ 22a5d186-baac-d2c5-3963-ff73e9bd9086 Flags: IsResolved=False, IsClusterResolved=False, SleeveId=-1, ClusterSleeveId=-1
  CZ c18280f7-87d6-8686-f0af-9ff5a2685efe Flags: IsResolved=False, IsClusterResolved=False, SleeveId=-1, ClusterSleeveId=-1
  CZ 76bd1243-42ca-67b7-4707-f3269a9e33ba Flags: IsResolved=False, IsClusterResolved=False, SleeveId=-1, ClusterSleeveId=-1
  CZ b761d7d0-a807-5c38-74df-459054da6474 Flags: IsResolved=False, IsClusterResolved=False, SleeveId=-1, ClusterSleeveId=-1
  CZ 0d5bc810-bfb7-4bbb-2444-fa26b583ed82 Flags: IsResolved=False, IsClusterResolved=False, SleeveId=-1, ClusterSleeveId=-1
  CZ 67fbd655-e0da-b7e4-0f9c-d66525047478 Flags: IsResolved=False, IsClusterResolved=False, SleeveId=-1, ClusterSleeveId=-1
[31-12-2025 17:27:45] [PLACEMENT-ELIGIBILITY] Total=21, IsResolved=0, IsClusterResolved=0, Eligible=21
  CZ 935ea122-7169-ac0b-1470-76f7a5e9d6d5 Flags: IsResolved=False, IsClusterResolved=False, SleeveId=-1, ClusterSleeveId=-1
  CZ 9f1747e9-810a-73b0-1926-eb581c142a2a Flags: IsResolved=False, IsClusterResolved=False, SleeveId=-1, ClusterSleeveId=-1
  CZ 8616a0aa-a600-a464-3ebb-8cebd6f83b6a Flags: IsResolved=False, IsClusterResolved=False, SleeveId=-1, ClusterSleeveId=-1
  CZ 8487ee2c-d3f2-23cf-75b8-f5527727ab3d Flags: IsResolved=False, IsClusterResolved=False, SleeveId=-1, ClusterSleeveId=-1
  CZ 2632bbf0-c167-cc8c-b3e2-e941990e41de Flags: IsResolved=False, IsClusterResolved=False, SleeveId=-1, ClusterSleeveId=-1
  CZ 55033bc9-ee4f-b7ba-ff0e-6c7a5b521493 Flags: IsResolved=False, IsClusterResolved=False, SleeveId=-1, ClusterSleeveId=-1
  CZ 7bf0a81d-7f23-7b16-d366-ab8b9a4b8c39 Flags: IsResolved=False, IsClusterResolved=False, SleeveId=-1, ClusterSleeveId=-1
  CZ df577d30-6424-a37a-4833-fe0825bb05bf Flags: IsResolved=False, IsClusterResolved=False, SleeveId=-1, ClusterSleeveId=-1
  CZ a3145e45-b097-445f-2065-0863c3c137b6 Flags: IsResolved=False, IsClusterResolved=False, SleeveId=-1, ClusterSleeveId=-1
  CZ 3cec003b-2dd2-dfb1-a929-bba6b642b2e5 Flags: IsResolved=False, IsClusterResolved=False, SleeveId=-1, ClusterSleeveId=-1
  CZ 7a3fc1a5-750b-23ce-c189-6dcb53feaac0 Flags: IsResolved=False, IsClusterResolved=False, SleeveId=-1, ClusterSleeveId=-1
  CZ 33ae96d6-7dff-e1cc-48b0-2365508afaa6 Flags: IsResolved=False, IsClusterResolved=False, SleeveId=-1, ClusterSleeveId=-1
  CZ b46b82d4-41cf-708b-b85c-f30fd2f0bf1d Flags: IsResolved=False, IsClusterResolved=False, SleeveId=-1, ClusterSleeveId=-1
  CZ cf8ae4bc-437c-d894-d4e0-2a9b22c220a2 Flags: IsResolved=False, IsClusterResolved=False, SleeveId=-1, ClusterSleeveId=-1
  CZ 634a2b88-42f3-169c-6829-b1f5bcc0b8c1 Flags: IsResolved=False, IsClusterResolved=False, SleeveId=-1, ClusterSleeveId=-1
  CZ 8abcb5eb-fa43-1dd6-0735-d8cf977ff6cb Flags: IsResolved=False, IsClusterResolved=False, SleeveId=-1, ClusterSleeveId=-1
  CZ 26272a4f-9f89-805c-3c95-a1c1e7f340b9 Flags: IsResolved=False, IsClusterResolved=False, SleeveId=-1, ClusterSleeveId=-1
  CZ b3515ca9-b4dd-c7fc-d6e6-133c2578ecdd Flags: IsResolved=False, IsClusterResolved=False, SleeveId=-1, ClusterSleeveId=-1
  CZ 6564c781-c6cb-2232-2fa0-8b701e4909d3 Flags: IsResolved=False, IsClusterResolved=False, SleeveId=-1, ClusterSleeveId=-1
  CZ 50e781f3-5ff7-bb4b-d74f-d42c9551aac7 Flags: IsResolved=False, IsClusterResolved=False, SleeveId=-1, ClusterSleeveId=-1
  CZ bcf58f2f-9a96-94a2-476d-3c39f15331b6 Flags: IsResolved=False, IsClusterResolved=False, SleeveId=-1, ClusterSleeveId=-1
