[2025-12-31 18:04:44.718] [2025-12-31 18:04:44] Performance report written to: C:\Users\jse2084\AppData\Roaming\JSE_MEP_Openings\Logs\R2024\performance_NewSleevePlacer_2025-12-31_18-04-44.log

[2025-12-31 18:04:47.031] [2025-12-31 18:04:47] Performance report written to: C:\Users\jse2084\AppData\Roaming\JSE_MEP_Openings\Logs\R2024\performance_ClusterPlacement_Duct Accessories_2025-12-31_18-04-46.log

[2025-12-31 18:04:47.058] [2025-12-31 18:04:47] Performance report written to: C:\Users\jse2084\AppData\Roaming\JSE_MEP_Openings\Logs\R2024\performance_Placement_Ventilation_DuctAccessories_2025-12-31_18-04-44.log

[2025-12-31 18:08:16.808] [2025-12-31 18:08:16] Performance report written to: C:\Users\jse2084\AppData\Roaming\JSE_MEP_Openings\Logs\R2024\performance_NewSleevePlacer_2025-12-31_18-08-16.log

[2025-12-31 18:08:22.489] [2025-12-31 18:08:22] Performance report written to: C:\Users\jse2084\AppData\Roaming\JSE_MEP_Openings\Logs\R2024\performance_ClusterPlacement_Duct Accessories_2025-12-31_18-08-22.log

[2025-12-31 18:08:22.523] [2025-12-31 18:08:22] Performance report written to: C:\Users\jse2084\AppData\Roaming\JSE_MEP_Openings\Logs\R2024\performance_Placement_Ventilation_DuctAccessories_2025-12-31_18-08-16.log

[2025-12-31 18:11:11.071] [2025-12-31 18:11:11] Performance report written to: C:\Users\jse2084\AppData\Roaming\JSE_MEP_Openings\Logs\R2024\performance_NewSleevePlacer_2025-12-31_18-11-10.log

[2025-12-31 18:11:14.252] [2025-12-31 18:11:14] Performance report written to: C:\Users\jse2084\AppData\Roaming\JSE_MEP_Openings\Logs\R2024\performance_ClusterPlacement_Duct Accessories_2025-12-31_18-11-14.log

[2025-12-31 18:11:14.276] [2025-12-31 18:11:14] Performance report written to: C:\Users\jse2084\AppData\Roaming\JSE_MEP_Openings\Logs\R2024\performance_Placement_Ventilation_DuctAccessories_2025-12-31_18-11-10.log

[2025-12-31 18:35:21.718] [2025-12-31 18:35:21] Performance report written to: C:\Users\jse2084\AppData\Roaming\JSE_MEP_Openings\Logs\R2024\performance_NewSleevePlacer_2025-12-31_18-35-21.log

[2025-12-31 18:35:24.258] [2025-12-31 18:35:24] Performance report written to: C:\Users\jse2084\AppData\Roaming\JSE_MEP_Openings\Logs\R2024\performance_ClusterPlacement_Duct Accessories_2025-12-31_18-35-24.log

[2025-12-31 18:35:24.284] [2025-12-31 18:35:24] Performance report written to: C:\Users\jse2084\AppData\Roaming\JSE_MEP_Openings\Logs\R2024\performance_Placement_Ventilation_DuctAccessories_2025-12-31_18-35-21.log

[2025-12-31 18:43:36.208] [2025-12-31 18:43:36] Performance report written to: C:\Users\jse2084\AppData\Roaming\JSE_MEP_Openings\Logs\R2024\performance_NewSleevePlacer_2025-12-31_18-43-35.log

[2025-12-31 18:43:38.867] [2025-12-31 18:43:38] Performance report written to: C:\Users\jse2084\AppData\Roaming\JSE_MEP_Openings\Logs\R2024\performance_ClusterPlacement_Duct Accessories_2025-12-31_18-43-38.log

[2025-12-31 18:43:38.891] [2025-12-31 18:43:38] Performance report written to: C:\Users\jse2084\AppData\Roaming\JSE_MEP_Openings\Logs\R2024\performance_Placement_Ventilation_DuctAccessories_2025-12-31_18-43-35.log

[2025-12-31 18:46:44.201] [2025-12-31 18:46:44] Performance report written to: C:\Users\jse2084\AppData\Roaming\JSE_MEP_Openings\Logs\R2024\performance_NewSleevePlacer_2025-12-31_18-46-40.log

[2025-12-31 18:46:52.020] [2025-12-31 18:46:52] Performance report written to: C:\Users\jse2084\AppData\Roaming\JSE_MEP_Openings\Logs\R2024\performance_ClusterPlacement_Duct Accessories_2025-12-31_18-46-51.log

[2025-12-31 18:46:52.046] [2025-12-31 18:46:52] Performance report written to: C:\Users\jse2084\AppData\Roaming\JSE_MEP_Openings\Logs\R2024\performance_Placement_Ventilation_DuctAccessories_2025-12-31_18-46-40.log

[2025-12-31 18:50:34.326] [2025-12-31 18:50:34] Performance report written to: C:\Users\jse2084\AppData\Roaming\JSE_MEP_Openings\Logs\R2024\performance_NewSleevePlacer_2025-12-31_18-50-33.log

[2025-12-31 18:50:40.088] [2025-12-31 18:50:40] Performance report written to: C:\Users\jse2084\AppData\Roaming\JSE_MEP_Openings\Logs\R2024\performance_ClusterPlacement_Duct Accessories_2025-12-31_18-50-37.log

[2025-12-31 18:50:40.508] [2025-12-31 18:50:40] Performance report written to: C:\Users\jse2084\AppData\Roaming\JSE_MEP_Openings\Logs\R2024\performance_Placement_Ventilation_DuctAccessories_2025-12-31_18-50-33.log

[2025-12-31 18:51:28.216] [2025-12-31 18:51:28] Performance report written to: C:\Users\jse2084\AppData\Roaming\JSE_MEP_Openings\Logs\R2024\performance_NewSleevePlacer_2025-12-31_18-51-24.log

[2025-12-31 18:51:36.687] [2025-12-31 18:51:36] Performance report written to: C:\Users\jse2084\AppData\Roaming\JSE_MEP_Openings\Logs\R2024\performance_ClusterPlacement_Duct Accessories_2025-12-31_18-51-31.log

[2025-12-31 18:51:37.123] [2025-12-31 18:51:37] Performance report written to: C:\Users\jse2084\AppData\Roaming\JSE_MEP_Openings\Logs\R2024\performance_Placement_Ventilation_DuctAccessories_2025-12-31_18-51-24.log

[2025-12-31 18:53:23.982] [2025-12-31 18:53:23] Performance report written to: C:\Users\jse2084\AppData\Roaming\JSE_MEP_Openings\Logs\R2024\performance_NewSleevePlacer_2025-12-31_18-53-20.log

[2025-12-31 18:53:37.136] [2025-12-31 18:53:37] Performance report written to: C:\Users\jse2084\AppData\Roaming\JSE_MEP_Openings\Logs\R2024\performance_ClusterPlacement_Duct Accessories_2025-12-31_18-53-32.log

[2025-12-31 18:53:37.566] [2025-12-31 18:53:37] Performance report written to: C:\Users\jse2084\AppData\Roaming\JSE_MEP_Openings\Logs\R2024\performance_Placement_Ventilation_DuctAccessories_2025-12-31_18-53-19.log

[2025-12-31 19:33:08.308] [2025-12-31 19:33:08] Performance report written to: C:\Users\jse2084\AppData\Roaming\JSE_MEP_Openings\Logs\R2024\performance_NewSleevePlacer_2025-12-31_19-33-07.log

[2025-12-31 19:33:12.862] [2025-12-31 19:33:12] Performance report written to: C:\Users\jse2084\AppData\Roaming\JSE_MEP_Openings\Logs\R2024\performance_ClusterPlacement_Duct Accessories_2025-12-31_19-33-12.log

[2025-12-31 19:33:12.885] [2025-12-31 19:33:12] Performance report written to: C:\Users\jse2084\AppData\Roaming\JSE_MEP_Openings\Logs\R2024\performance_Placement_Ventilation_DuctAccessories_2025-12-31_19-33-07.log

[2026-01-02 09:37:08.114] [2026-01-02 09:37:08] Performance report written to: C:\Users\jse2084\AppData\Roaming\JSE_MEP_Openings\Logs\R2024\performance_ClusterPlacement_Duct Accessories_2026-01-02_09-37-07.log

[2026-01-02 09:37:08.139] [2026-01-02 09:37:08] Performance report written to: C:\Users\jse2084\AppData\Roaming\JSE_MEP_Openings\Logs\R2024\performance_Placement_Ventilation_DuctAccessories_2026-01-02_09-37-04.log

[2026-01-02 09:38:17.995] [2026-01-02 09:38:17] Performance report written to: C:\Users\jse2084\AppData\Roaming\JSE_MEP_Openings\Logs\R2024\performance_ClusterPlacement_Duct Accessories_2026-01-02_09-38-17.log

[2026-01-02 09:38:18.018] [2026-01-02 09:38:18] Performance report written to: C:\Users\jse2084\AppData\Roaming\JSE_MEP_Openings\Logs\R2024\performance_Placement_Ventilation_DuctAccessories_2026-01-02_09-38-13.log

[2026-01-02 09:39:10.718] [2026-01-02 09:39:10] Performance report written to: C:\Users\jse2084\AppData\Roaming\JSE_MEP_Openings\Logs\R2024\performance_ClusterPlacement_Duct Accessories_2026-01-02_09-39-10.log

[2026-01-02 09:39:10.742] [2026-01-02 09:39:10] Performance report written to: C:\Users\jse2084\AppData\Roaming\JSE_MEP_Openings\Logs\R2024\performance_Placement_Ventilation_DuctAccessories_2026-01-02_09-39-02.log

[2026-01-02 09:49:03.521] [2026-01-02 09:49:03] Performance report written to: C:\Users\jse2084\AppData\Roaming\JSE_MEP_Openings\Logs\R2024\performance_NewSleevePlacer_2026-01-02_09-49-02.log

[2026-01-02 09:49:07.623] [2026-01-02 09:49:07] Performance report written to: C:\Users\jse2084\AppData\Roaming\JSE_MEP_Openings\Logs\R2024\performance_ClusterPlacement_Duct Accessories_2026-01-02_09-49-07.log

[2026-01-02 09:49:07.648] [2026-01-02 09:49:07] Performance report written to: C:\Users\jse2084\AppData\Roaming\JSE_MEP_Openings\Logs\R2024\performance_Placement_Ventilation_DuctAccessories_2026-01-02_09-49-02.log

[2026-01-02 09:59:07.852] [2026-01-02 09:59:07] Performance report written to: C:\Users\jse2084\AppData\Roaming\JSE_MEP_Openings\Logs\R2024\performance_NewSleevePlacer_2026-01-02_09-59-07.log

[2026-01-02 09:59:12.949] [2026-01-02 09:59:12] Performance report written to: C:\Users\jse2084\AppData\Roaming\JSE_MEP_Openings\Logs\R2024\performance_ClusterPlacement_Duct Accessories_2026-01-02_09-59-12.log

[2026-01-02 09:59:12.972] [2026-01-02 09:59:12] Performance report written to: C:\Users\jse2084\AppData\Roaming\JSE_MEP_Openings\Logs\R2024\performance_Placement_Ventilation_DuctAccessories_2026-01-02_09-59-07.log

[2026-01-02 09:59:40.845] [2026-01-02 09:59:40] Performance report written to: C:\Users\jse2084\AppData\Roaming\JSE_MEP_Openings\Logs\R2024\performance_NewSleevePlacer_2026-01-02_09-59-40.log

[2026-01-02 09:59:45.610] [2026-01-02 09:59:45] Performance report written to: C:\Users\jse2084\AppData\Roaming\JSE_MEP_Openings\Logs\R2024\performance_ClusterPlacement_Duct Accessories_2026-01-02_09-59-45.log

[2026-01-02 09:59:45.634] [2026-01-02 09:59:45] Performance report written to: C:\Users\jse2084\AppData\Roaming\JSE_MEP_Openings\Logs\R2024\performance_Placement_Ventilation_DuctAccessories_2026-01-02_09-59-40.log

[2026-01-02 10:05:30.758] [2026-01-02 10:05:30] Performance report written to: C:\Users\jse2084\AppData\Roaming\JSE_MEP_Openings\Logs\R2024\performance_NewSleevePlacer_2026-01-02_10-05-30.log

[2026-01-02 10:05:36.274] [2026-01-02 10:05:36] Performance report written to: C:\Users\jse2084\AppData\Roaming\JSE_MEP_Openings\Logs\R2024\performance_ClusterPlacement_Duct Accessories_2026-01-02_10-05-36.log

[2026-01-02 10:05:36.300] [2026-01-02 10:05:36] Performance report written to: C:\Users\jse2084\AppData\Roaming\JSE_MEP_Openings\Logs\R2024\performance_Placement_Ventilation_DuctAccessories_2026-01-02_10-05-30.log

[2026-01-02 10:17:08.842] [2026-01-02 10:17:08] Performance report written to: C:\Users\jse2084\AppData\Roaming\JSE_MEP_Openings\Logs\R2024\performance_NewSleevePlacer_2026-01-02_10-17-08.log

[2026-01-02 10:17:12.045] [2026-01-02 10:17:12] Performance report written to: C:\Users\jse2084\AppData\Roaming\JSE_MEP_Openings\Logs\R2024\performance_ClusterPlacement_Duct Accessories_2026-01-02_10-17-11.log

[2026-01-02 10:17:12.068] [2026-01-02 10:17:12] Performance report written to: C:\Users\jse2084\AppData\Roaming\JSE_MEP_Openings\Logs\R2024\performance_Placement_Ventilation_DuctAccessories_2026-01-02_10-17-08.log

[2026-01-02 10:17:43.471] [2026-01-02 10:17:43] Performance report written to: C:\Users\jse2084\AppData\Roaming\JSE_MEP_Openings\Logs\R2024\performance_NewSleevePlacer_2026-01-02_10-17-42.log

[2026-01-02 10:17:46.442] [2026-01-02 10:17:46] Performance report written to: C:\Users\jse2084\AppData\Roaming\JSE_MEP_Openings\Logs\R2024\performance_ClusterPlacement_Duct Accessories_2026-01-02_10-17-46.log

[2026-01-02 10:17:46.468] [2026-01-02 10:17:46] Performance report written to: C:\Users\jse2084\AppData\Roaming\JSE_MEP_Openings\Logs\R2024\performance_Placement_Ventilation_DuctAccessories_2026-01-02_10-17-42.log

[2026-01-02 10:21:45.809] [2026-01-02 10:21:45] Performance report written to: C:\Users\jse2084\AppData\Roaming\JSE_MEP_Openings\Logs\R2024\performance_NewSleevePlacer_2026-01-02_10-21-45.log

[2026-01-02 10:21:49.789] [2026-01-02 10:21:49] Performance report written to: C:\Users\jse2084\AppData\Roaming\JSE_MEP_Openings\Logs\R2024\performance_ClusterPlacement_Duct Accessories_2026-01-02_10-21-49.log

[2026-01-02 10:21:49.812] [2026-01-02 10:21:49] Performance report written to: C:\Users\jse2084\AppData\Roaming\JSE_MEP_Openings\Logs\R2024\performance_Placement_Ventilation_DuctAccessories_2026-01-02_10-21-45.log

[2026-01-02 10:22:53.303] [2026-01-02 10:22:53] Performance report written to: C:\Users\jse2084\AppData\Roaming\JSE_MEP_Openings\Logs\R2024\performance_NewSleevePlacer_2026-01-02_10-22-52.log

[2026-01-02 10:22:57.554] [2026-01-02 10:22:57] Performance report written to: C:\Users\jse2084\AppData\Roaming\JSE_MEP_Openings\Logs\R2024\performance_ClusterPlacement_Duct Accessories_2026-01-02_10-22-57.log

[2026-01-02 10:22:57.588] [2026-01-02 10:22:57] Performance report written to: C:\Users\jse2084\AppData\Roaming\JSE_MEP_Openings\Logs\R2024\performance_Placement_Ventilation_DuctAccessories_2026-01-02_10-22-52.log

[2026-01-02 10:23:35.377] [2026-01-02 10:23:35] Performance report written to: C:\Users\jse2084\AppData\Roaming\JSE_MEP_Openings\Logs\R2024\performance_NewSleevePlacer_2026-01-02_10-23-34.log

[2026-01-02 10:23:38.521] [2026-01-02 10:23:38] Performance report written to: C:\Users\jse2084\AppData\Roaming\JSE_MEP_Openings\Logs\R2024\performance_ClusterPlacement_Duct Accessories_2026-01-02_10-23-38.log

[2026-01-02 10:23:38.546] [2026-01-02 10:23:38] Performance report written to: C:\Users\jse2084\AppData\Roaming\JSE_MEP_Openings\Logs\R2024\performance_Placement_Ventilation_DuctAccessories_2026-01-02_10-23-34.log

[2026-01-02 10:28:02.344] [2026-01-02 10:28:02] Performance report written to: C:\Users\jse2084\AppData\Roaming\JSE_MEP_Openings\Logs\R2024\performance_NewSleevePlacer_2026-01-02_10-28-01.log

[2026-01-02 10:28:05.690] [2026-01-02 10:28:05] Performance report written to: C:\Users\jse2084\AppData\Roaming\JSE_MEP_Openings\Logs\R2024\performance_ClusterPlacement_Duct Accessories_2026-01-02_10-28-05.log

[2026-01-02 10:28:05.714] [2026-01-02 10:28:05] Performance report written to: C:\Users\jse2084\AppData\Roaming\JSE_MEP_Openings\Logs\R2024\performance_Placement_Ventilation_DuctAccessories_2026-01-02_10-28-01.log

[2026-01-02 10:34:19.252] [2026-01-02 10:34:19] Performance report written to: C:\Users\jse2084\AppData\Roaming\JSE_MEP_Openings\Logs\R2024\performance_NewSleevePlacer_2026-01-02_10-34-18.log

[2026-01-02 10:34:23.050] [2026-01-02 10:34:23] Performance report written to: C:\Users\jse2084\AppData\Roaming\JSE_MEP_Openings\Logs\R2024\performance_ClusterPlacement_Duct Accessories_2026-01-02_10-34-22.log

[2026-01-02 10:34:23.073] [2026-01-02 10:34:23] Performance report written to: C:\Users\jse2084\AppData\Roaming\JSE_MEP_Openings\Logs\R2024\performance_Placement_Ventilation_DuctAccessories_2026-01-02_10-34-18.log

[2026-01-02 14:50:30.112] [2026-01-02 14:50:30] Performance report written to: C:\Users\jse2084\AppData\Roaming\JSE_MEP_Openings\Logs\R2024\performance_NewSleevePlacer_2026-01-02_14-50-29.log

[2026-01-02 14:50:32.327] [2026-01-02 14:50:32] Performance report written to: C:\Users\jse2084\AppData\Roaming\JSE_MEP_Openings\Logs\R2024\performance_ClusterPlacement_Duct Accessories_2026-01-02_14-50-32.log

[2026-01-02 14:50:32.364] [2026-01-02 14:50:32] Performance report written to: C:\Users\jse2084\AppData\Roaming\JSE_MEP_Openings\Logs\R2024\performance_Placement_Ventilation_DuctAccessories_2026-01-02_14-50-29.log

[2026-01-02 15:07:34.281] [2026-01-02 15:07:34] Performance report written to: C:\Users\jse2084\AppData\Roaming\JSE_MEP_Openings\Logs\R2024\performance_NewSleevePlacer_2026-01-02_15-07-33.log

[2026-01-02 15:07:36.307] [2026-01-02 15:07:36] Performance report written to: C:\Users\jse2084\AppData\Roaming\JSE_MEP_Openings\Logs\R2024\performance_ClusterPlacement_Duct Accessories_2026-01-02_15-07-36.log

[2026-01-02 15:07:36.329] [2026-01-02 15:07:36] Performance report written to: C:\Users\jse2084\AppData\Roaming\JSE_MEP_Openings\Logs\R2024\performance_Placement_Ventilation_DuctAccessories_2026-01-02_15-07-33.log

[2026-01-02 15:08:25.515] [2026-01-02 15:08:25] Performance report written to: C:\Users\jse2084\AppData\Roaming\JSE_MEP_Openings\Logs\R2024\performance_NewSleevePlacer_2026-01-02_15-08-25.log

[2026-01-02 15:08:27.773] [2026-01-02 15:08:27] Performance report written to: C:\Users\jse2084\AppData\Roaming\JSE_MEP_Openings\Logs\R2024\performance_ClusterPlacement_Duct Accessories_2026-01-02_15-08-27.log

[2026-01-02 15:08:27.800] [2026-01-02 15:08:27] Performance report written to: C:\Users\jse2084\AppData\Roaming\JSE_MEP_Openings\Logs\R2024\performance_Placement_Ventilation_DuctAccessories_2026-01-02_15-08-24.log

[2026-01-02 15:23:45.273] [2026-01-02 15:23:45] Performance report written to: C:\Users\jse2084\AppData\Roaming\JSE_MEP_Openings\Logs\R2024\performance_NewSleevePlacer_2026-01-02_15-23-44.log

[2026-01-02 15:23:47.856] [2026-01-02 15:23:47] Performance report written to: C:\Users\jse2084\AppData\Roaming\JSE_MEP_Openings\Logs\R2024\performance_ClusterPlacement_Duct Accessories_2026-01-02_15-23-47.log

[2026-01-02 15:23:47.881] [2026-01-02 15:23:47] Performance report written to: C:\Users\jse2084\AppData\Roaming\JSE_MEP_Openings\Logs\R2024\performance_Placement_Ventilation_DuctAccessories_2026-01-02_15-23-44.log

[2026-01-02 15:30:06.505] [2026-01-02 15:30:06] Performance report written to: C:\Users\jse2084\AppData\Roaming\JSE_MEP_Openings\Logs\R2024\performance_NewSleevePlacer_2026-01-02_15-30-05.log

[2026-01-02 15:30:08.854] [2026-01-02 15:30:08] Performance report written to: C:\Users\jse2084\AppData\Roaming\JSE_MEP_Openings\Logs\R2024\performance_ClusterPlacement_Duct Accessories_2026-01-02_15-30-08.log

[2026-01-02 15:30:08.877] [2026-01-02 15:30:08] Performance report written to: C:\Users\jse2084\AppData\Roaming\JSE_MEP_Openings\Logs\R2024\performance_Placement_Ventilation_DuctAccessories_2026-01-02_15-30-05.log

[2026-01-02 15:39:53.637] [2026-01-02 15:39:53] Performance report written to: C:\Users\jse2084\AppData\Roaming\JSE_MEP_Openings\Logs\R2024\performance_NewSleevePlacer_2026-01-02_15-39-36.log

[2026-01-02 15:40:18.758] [2026-01-02 15:40:18] Performance report written to: C:\Users\jse2084\AppData\Roaming\JSE_MEP_Openings\Logs\R2024\performance_ClusterPlacement_Ducts_2026-01-02_15-40-02.log

[2026-01-02 15:40:20.256] [2026-01-02 15:40:20] Performance report written to: C:\Users\jse2084\AppData\Roaming\JSE_MEP_Openings\Logs\R2024\performance_Placement_Ventilation_Ducts_2026-01-02_15-39-35.log

[2026-01-02 15:40:24.287] [2026-01-02 15:40:24] Performance report written to: C:\Users\jse2084\AppData\Roaming\JSE_MEP_Openings\Logs\R2024\performance_NewSleevePlacer_2026-01-02_15-40-20.log

[2026-01-02 15:40:37.584] [2026-01-02 15:40:37] Performance report written to: C:\Users\jse2084\AppData\Roaming\JSE_MEP_Openings\Logs\R2024\performance_ClusterPlacement_Duct Accessories_2026-01-02_15-40-34.log

[2026-01-02 15:40:38.043] [2026-01-02 15:40:38] Performance report written to: C:\Users\jse2084\AppData\Roaming\JSE_MEP_Openings\Logs\R2024\performance_Placement_Ventilation_DuctAccessories_2026-01-02_15-40-20.log

[2026-01-02 15:40:42.578] [2026-01-02 15:40:42] Performance report written to: C:\Users\jse2084\AppData\Roaming\JSE_MEP_Openings\Logs\R2024\performance_Placement_Ventilation_CableTrays_2026-01-02_15-40-38.log

[2026-01-02 15:40:49.554] [2026-01-02 15:40:49] Performance report written to: C:\Users\jse2084\AppData\Roaming\JSE_MEP_Openings\Logs\R2024\performance_NewSleevePlacer_2026-01-02_15-40-44.log

[2026-01-02 15:41:14.779] [2026-01-02 15:41:14] Performance report written to: C:\Users\jse2084\AppData\Roaming\JSE_MEP_Openings\Logs\R2024\performance_ClusterPlacement_Pipes_2026-01-02_15-41-06.log

[2026-01-02 15:41:16.470] [2026-01-02 15:41:16] Performance report written to: C:\Users\jse2084\AppData\Roaming\JSE_MEP_Openings\Logs\R2024\performance_Placement_Ventilation_Pipes_2026-01-02_15-40-42.log

[2026-01-02 15:48:15.188] [2026-01-02 15:48:15] Performance report written to: C:\Users\jse2084\AppData\Roaming\JSE_MEP_Openings\Logs\R2024\performance_NewSleevePlacer_2026-01-02_15-48-09.log

[2026-01-02 15:48:24.052] [2026-01-02 15:48:24] Performance report written to: C:\Users\jse2084\AppData\Roaming\JSE_MEP_Openings\Logs\R2024\performance_ClusterPlacement_Ducts_2026-01-02_15-48-19.log

[2026-01-02 15:48:24.578] [2026-01-02 15:48:24] Performance report written to: C:\Users\jse2084\AppData\Roaming\JSE_MEP_Openings\Logs\R2024\performance_Placement_Ventilation_Ducts_2026-01-02_15-48-09.log

[2026-01-02 15:55:03.754] [2026-01-02 15:55:03] Performance report written to: C:\Users\jse2084\AppData\Roaming\JSE_MEP_Openings\Logs\R2024\performance_NewSleevePlacer_2026-01-02_15-55-03.log

[2026-01-02 15:55:06.240] [2026-01-02 15:55:06] Performance report written to: C:\Users\jse2084\AppData\Roaming\JSE_MEP_Openings\Logs\R2024\performance_ClusterPlacement_Duct Accessories_2026-01-02_15-55-06.log

[2026-01-02 15:55:06.263] [2026-01-02 15:55:06] Performance report written to: C:\Users\jse2084\AppData\Roaming\JSE_MEP_Openings\Logs\R2024\performance_Placement_Ventilation_DuctAccessories_2026-01-02_15-55-03.log

[2026-01-02 15:56:41.480] [2026-01-02 15:56:41] Performance report written to: C:\Users\jse2084\AppData\Roaming\JSE_MEP_Openings\Logs\R2024\performance_NewSleevePlacer_2026-01-02_15-56-40.log

[2026-01-02 15:56:44.369] [2026-01-02 15:56:44] Performance report written to: C:\Users\jse2084\AppData\Roaming\JSE_MEP_Openings\Logs\R2024\performance_ClusterPlacement_Duct Accessories_2026-01-02_15-56-44.log

[2026-01-02 15:56:44.392] [2026-01-02 15:56:44] Performance report written to: C:\Users\jse2084\AppData\Roaming\JSE_MEP_Openings\Logs\R2024\performance_Placement_Ventilation_DuctAccessories_2026-01-02_15-56-40.log

[2026-01-02 16:08:06.403] [2026-01-02 16:08:06] Performance report written to: C:\Users\jse2084\AppData\Roaming\JSE_MEP_Openings\Logs\R2024\performance_NewSleevePlacer_2026-01-02_16-08-05.log

[2026-01-02 16:08:08.455] [2026-01-02 16:08:08] Performance report written to: C:\Users\jse2084\AppData\Roaming\JSE_MEP_Openings\Logs\R2024\performance_ClusterPlacement_Duct Accessories_2026-01-02_16-08-08.log

[2026-01-02 16:08:08.482] [2026-01-02 16:08:08] Performance report written to: C:\Users\jse2084\AppData\Roaming\JSE_MEP_Openings\Logs\R2024\performance_Placement_Ventilation_DuctAccessories_2026-01-02_16-08-05.log

[2026-01-02 16:51:21.509] [2026-01-02 16:51:21] Performance report written to: C:\Users\jse2084\AppData\Roaming\JSE_MEP_Openings\Logs\R2024\performance_NewSleevePlacer_2026-01-02_16-51-20.log

[2026-01-02 16:51:23.513] [2026-01-02 16:51:23] Performance report written to: C:\Users\jse2084\AppData\Roaming\JSE_MEP_Openings\Logs\R2024\performance_ClusterPlacement_Duct Accessories_2026-01-02_16-51-23.log

[2026-01-02 16:51:23.536] [2026-01-02 16:51:23] Performance report written to: C:\Users\jse2084\AppData\Roaming\JSE_MEP_Openings\Logs\R2024\performance_Placement_Ventilation_DuctAccessories_2026-01-02_16-51-20.log

[2026-01-02 16:56:07.427] [2026-01-02 16:56:07] Performance report written to: C:\Users\jse2084\AppData\Roaming\JSE_MEP_Openings\Logs\R2024\performance_NewSleevePlacer_2026-01-02_16-56-06.log

[2026-01-02 16:56:09.782] [2026-01-02 16:56:09] Performance report written to: C:\Users\jse2084\AppData\Roaming\JSE_MEP_Openings\Logs\R2024\performance_ClusterPlacement_Duct Accessories_2026-01-02_16-56-09.log

[2026-01-02 16:56:09.805] [2026-01-02 16:56:09] Performance report written to: C:\Users\jse2084\AppData\Roaming\JSE_MEP_Openings\Logs\R2024\performance_Placement_Ventilation_DuctAccessories_2026-01-02_16-56-06.log

[2026-01-02 16:59:59.161] [2026-01-02 16:59:59] Performance report written to: C:\Users\jse2084\AppData\Roaming\JSE_MEP_Openings\Logs\R2024\performance_NewSleevePlacer_2026-01-02_16-59-58.log

[2026-01-02 17:00:01.062] [2026-01-02 17:00:01] Performance report written to: C:\Users\jse2084\AppData\Roaming\JSE_MEP_Openings\Logs\R2024\performance_ClusterPlacement_Duct Accessories_2026-01-02_17-00-00.log

[2026-01-02 17:00:01.085] [2026-01-02 17:00:01] Performance report written to: C:\Users\jse2084\AppData\Roaming\JSE_MEP_Openings\Logs\R2024\performance_Placement_Ventilation_DuctAccessories_2026-01-02_16-59-58.log

[2026-01-02 17:02:23.596] [2026-01-02 17:02:23] Performance report written to: C:\Users\jse2084\AppData\Roaming\JSE_MEP_Openings\Logs\R2024\performance_NewSleevePlacer_2026-01-02_17-02-23.log

[2026-01-02 17:02:25.595] [2026-01-02 17:02:25] Performance report written to: C:\Users\jse2084\AppData\Roaming\JSE_MEP_Openings\Logs\R2024\performance_ClusterPlacement_Duct Accessories_2026-01-02_17-02-25.log

[2026-01-02 17:02:25.625] [2026-01-02 17:02:25] Performance report written to: C:\Users\jse2084\AppData\Roaming\JSE_MEP_Openings\Logs\R2024\performance_Placement_Ventilation_DuctAccessories_2026-01-02_17-02-22.log

[2026-01-02 17:14:19.205] [2026-01-02 17:14:19] Performance report written to: C:\Users\jse2084\AppData\Roaming\JSE_MEP_Openings\Logs\R2024\performance_NewSleevePlacer_2026-01-02_17-14-18.log

[2026-01-02 17:14:22.011] [2026-01-02 17:14:22] Performance report written to: C:\Users\jse2084\AppData\Roaming\JSE_MEP_Openings\Logs\R2024\performance_ClusterPlacement_Duct Accessories_2026-01-02_17-14-21.log

[2026-01-02 17:14:22.035] [2026-01-02 17:14:22] Performance report written to: C:\Users\jse2084\AppData\Roaming\JSE_MEP_Openings\Logs\R2024\performance_Placement_Ventilation_DuctAccessories_2026-01-02_17-14-18.log

[2026-01-02 17:54:48.151] [2026-01-02 17:54:48] Performance report written to: C:\Users\jse2084\AppData\Roaming\JSE_MEP_Openings\Logs\R2024\performance_NewSleevePlacer_2026-01-02_17-54-47.log

[2026-01-02 17:54:50.416] [2026-01-02 17:54:50] Performance report written to: C:\Users\jse2084\AppData\Roaming\JSE_MEP_Openings\Logs\R2024\performance_ClusterPlacement_Duct Accessories_2026-01-02_17-54-50.log

[2026-01-02 17:54:50.443] [2026-01-02 17:54:50] Performance report written to: C:\Users\jse2084\AppData\Roaming\JSE_MEP_Openings\Logs\R2024\performance_Placement_Ventilation_DuctAccessories_2026-01-02_17-54-47.log

[2026-01-02 18:42:15.157] [2026-01-02 18:42:15] Performance report written to: C:\Users\jse2084\AppData\Roaming\JSE_MEP_Openings\Logs\R2024\performance_NewSleevePlacer_2026-01-02_18-42-14.log

[2026-01-02 18:42:17.167] [2026-01-02 18:42:17] Performance report written to: C:\Users\jse2084\AppData\Roaming\JSE_MEP_Openings\Logs\R2024\performance_ClusterPlacement_Duct Accessories_2026-01-02_18-42-16.log

[2026-01-02 18:42:17.193] [2026-01-02 18:42:17] Performance report written to: C:\Users\jse2084\AppData\Roaming\JSE_MEP_Openings\Logs\R2024\performance_Placement_Ventilation_DuctAccessories_2026-01-02_18-42-14.log

