[31-12-2025 18:04:08] Checking project-specific profiles
[31-12-2025 18:04:08] ProfileService.ProfileFilePath: C:\Users\jse2084\Documents\JSE_MEP_Profiles\profiles_Project_A263D173.xml
[31-12-2025 18:04:08] Available profiles count: 1
[31-12-2025 18:04:08] Current profile: mpef
[31-12-2025 18:04:08] Has profiles: True
[31-12-2025 18:04:08] Available profiles count: 1
[31-12-2025 18:04:08] Current profile: mpef
[31-12-2025 18:04:08] IsProfileSetupRequired: False
[31-12-2025 18:04:08] Checking project-specific profiles
[31-12-2025 18:04:08] ProfileService.ProfileFilePath: C:\Users\jse2084\Documents\JSE_MEP_Profiles\profiles_Project_A263D173.xml
[31-12-2025 18:04:08] Available profiles count: 1
[31-12-2025 18:04:08] Current profile: mpef
[31-12-2025 18:04:08] Has profiles: True
[31-12-2025 18:04:08] Available profiles count: 1
[31-12-2025 18:04:08] Current profile: mpef
[31-12-2025 18:04:08] IsProfileSetupRequired: False
[31-12-2025 18:07:02] Checking project-specific profiles
[31-12-2025 18:07:02] ProfileService.ProfileFilePath: C:\Users\jse2084\Documents\JSE_MEP_Profiles\profiles_Project_A263D173.xml
[31-12-2025 18:07:02] Available profiles count: 1
[31-12-2025 18:07:02] Current profile: mpef
[31-12-2025 18:07:02] Has profiles: True
[31-12-2025 18:07:02] Available profiles count: 1
[31-12-2025 18:07:02] Current profile: mpef
[31-12-2025 18:07:02] IsProfileSetupRequired: False
[31-12-2025 18:07:02] Checking project-specific profiles
[31-12-2025 18:07:02] ProfileService.ProfileFilePath: C:\Users\jse2084\Documents\JSE_MEP_Profiles\profiles_Project_A263D173.xml
[31-12-2025 18:07:02] Available profiles count: 1
[31-12-2025 18:07:02] Current profile: mpef
[31-12-2025 18:07:02] Has profiles: True
[31-12-2025 18:07:02] Available profiles count: 1
[31-12-2025 18:07:02] Current profile: mpef
[31-12-2025 18:07:02] IsProfileSetupRequired: False
[31-12-2025 18:10:55] Checking project-specific profiles
[31-12-2025 18:10:55] ProfileService.ProfileFilePath: C:\Users\jse2084\Documents\JSE_MEP_Profiles\profiles_Project_A263D173.xml
[31-12-2025 18:10:55] Available profiles count: 1
[31-12-2025 18:10:55] Current profile: mpef
[31-12-2025 18:10:55] Has profiles: True
[31-12-2025 18:10:55] Available profiles count: 1
[31-12-2025 18:10:55] Current profile: mpef
[31-12-2025 18:10:55] IsProfileSetupRequired: False
[31-12-2025 18:10:55] Checking project-specific profiles
[31-12-2025 18:10:55] ProfileService.ProfileFilePath: C:\Users\jse2084\Documents\JSE_MEP_Profiles\profiles_Project_A263D173.xml
[31-12-2025 18:10:55] Available profiles count: 1
[31-12-2025 18:10:55] Current profile: mpef
[31-12-2025 18:10:55] Has profiles: True
[31-12-2025 18:10:55] Available profiles count: 1
[31-12-2025 18:10:55] Current profile: mpef
[31-12-2025 18:10:55] IsProfileSetupRequired: False
[31-12-2025 18:35:06] Checking project-specific profiles
[31-12-2025 18:35:06] ProfileService.ProfileFilePath: C:\Users\jse2084\Documents\JSE_MEP_Profiles\profiles_Project_A263D173.xml
[31-12-2025 18:35:06] Available profiles count: 1
[31-12-2025 18:35:06] Current profile: mpef
[31-12-2025 18:35:06] Has profiles: True
[31-12-2025 18:35:06] Available profiles count: 1
[31-12-2025 18:35:06] Current profile: mpef
[31-12-2025 18:35:06] IsProfileSetupRequired: False
[31-12-2025 18:35:06] Checking project-specific profiles
[31-12-2025 18:35:06] ProfileService.ProfileFilePath: C:\Users\jse2084\Documents\JSE_MEP_Profiles\profiles_Project_A263D173.xml
[31-12-2025 18:35:06] Available profiles count: 1
[31-12-2025 18:35:06] Current profile: mpef
[31-12-2025 18:35:06] Has profiles: True
[31-12-2025 18:35:06] Available profiles count: 1
[31-12-2025 18:35:06] Current profile: mpef
[31-12-2025 18:35:06] IsProfileSetupRequired: False
[31-12-2025 18:43:23] Checking project-specific profiles
[31-12-2025 18:43:23] ProfileService.ProfileFilePath: C:\Users\jse2084\Documents\JSE_MEP_Profiles\profiles_Project_A263D173.xml
[31-12-2025 18:43:23] Available profiles count: 1
[31-12-2025 18:43:23] Current profile: mpef
[31-12-2025 18:43:23] Has profiles: True
[31-12-2025 18:43:23] Available profiles count: 1
[31-12-2025 18:43:23] Current profile: mpef
[31-12-2025 18:43:23] IsProfileSetupRequired: False
[31-12-2025 18:43:23] Checking project-specific profiles
[31-12-2025 18:43:23] ProfileService.ProfileFilePath: C:\Users\jse2084\Documents\JSE_MEP_Profiles\profiles_Project_A263D173.xml
[31-12-2025 18:43:23] Available profiles count: 1
[31-12-2025 18:43:23] Current profile: mpef
[31-12-2025 18:43:23] Has profiles: True
[31-12-2025 18:43:23] Available profiles count: 1
[31-12-2025 18:43:23] Current profile: mpef
[31-12-2025 18:43:23] IsProfileSetupRequired: False
[31-12-2025 18:46:28] Checking project-specific profiles
[31-12-2025 18:46:28] ProfileService.ProfileFilePath: C:\Users\jse2084\Documents\JSE_MEP_Profiles\profiles_Project_A263D173.xml
[31-12-2025 18:46:28] Available profiles count: 1
[31-12-2025 18:46:28] Current profile: mpef
[31-12-2025 18:46:28] Has profiles: True
[31-12-2025 18:46:28] Available profiles count: 1
[31-12-2025 18:46:28] Current profile: mpef
[31-12-2025 18:46:28] IsProfileSetupRequired: False
[31-12-2025 18:46:28] Checking project-specific profiles
[31-12-2025 18:46:28] ProfileService.ProfileFilePath: C:\Users\jse2084\Documents\JSE_MEP_Profiles\profiles_Project_A263D173.xml
[31-12-2025 18:46:28] Available profiles count: 1
[31-12-2025 18:46:28] Current profile: mpef
[31-12-2025 18:46:28] Has profiles: True
[31-12-2025 18:46:28] Available profiles count: 1
[31-12-2025 18:46:28] Current profile: mpef
[31-12-2025 18:46:28] IsProfileSetupRequired: False
[31-12-2025 18:50:17] Checking project-specific profiles
[31-12-2025 18:50:17] ProfileService.ProfileFilePath: C:\Users\jse2084\Desktop\Ram _ Working Folder\Scripts\13-10-2025 ( 2023 Sample file for Testing)\JSE_MEP_Profiles\profiles_Project_3862C05C.xml
[31-12-2025 18:50:17] Available profiles count: 1
[31-12-2025 18:50:17] Current profile: mepf
[31-12-2025 18:50:17] Has profiles: True
[31-12-2025 18:50:17] Available profiles count: 1
[31-12-2025 18:50:17] Current profile: mepf
[31-12-2025 18:50:17] IsProfileSetupRequired: False
[31-12-2025 18:50:17] Checking project-specific profiles
[31-12-2025 18:50:17] ProfileService.ProfileFilePath: C:\Users\jse2084\Desktop\Ram _ Working Folder\Scripts\13-10-2025 ( 2023 Sample file for Testing)\JSE_MEP_Profiles\profiles_Project_3862C05C.xml
[31-12-2025 18:50:17] Available profiles count: 1
[31-12-2025 18:50:17] Current profile: mepf
[31-12-2025 18:50:17] Has profiles: True
[31-12-2025 18:50:17] Available profiles count: 1
[31-12-2025 18:50:17] Current profile: mepf
[31-12-2025 18:50:17] IsProfileSetupRequired: False
[31-12-2025 18:50:58] Checking project-specific profiles
[31-12-2025 18:50:58] ProfileService.ProfileFilePath: C:\Users\jse2084\Desktop\Ram _ Working Folder\Scripts\13-10-2025 ( 2023 Sample file for Testing)\JSE_MEP_Profiles\profiles_Project_3862C05C.xml
[31-12-2025 18:50:58] Available profiles count: 1
[31-12-2025 18:50:58] Current profile: mepf
[31-12-2025 18:50:58] Has profiles: True
[31-12-2025 18:50:58] Available profiles count: 1
[31-12-2025 18:50:58] Current profile: mepf
[31-12-2025 18:50:58] IsProfileSetupRequired: False
[31-12-2025 18:50:58] Checking project-specific profiles
[31-12-2025 18:50:58] ProfileService.ProfileFilePath: C:\Users\jse2084\Desktop\Ram _ Working Folder\Scripts\13-10-2025 ( 2023 Sample file for Testing)\JSE_MEP_Profiles\profiles_Project_3862C05C.xml
[31-12-2025 18:50:58] Available profiles count: 1
[31-12-2025 18:50:58] Current profile: mepf
[31-12-2025 18:50:58] Has profiles: True
[31-12-2025 18:50:58] Available profiles count: 1
[31-12-2025 18:50:58] Current profile: mepf
[31-12-2025 18:50:58] IsProfileSetupRequired: False
[31-12-2025 18:53:02] Checking project-specific profiles
[31-12-2025 18:53:02] ProfileService.ProfileFilePath: C:\Users\jse2084\Desktop\Ram _ Working Folder\Scripts\13-10-2025 ( 2023 Sample file for Testing)\JSE_MEP_Profiles\profiles_Project_3862C05C.xml
[31-12-2025 18:53:02] Available profiles count: 1
[31-12-2025 18:53:02] Current profile: mepf
[31-12-2025 18:53:02] Has profiles: True
[31-12-2025 18:53:02] Available profiles count: 1
[31-12-2025 18:53:02] Current profile: mepf
[31-12-2025 18:53:02] IsProfileSetupRequired: False
[31-12-2025 18:53:02] Checking project-specific profiles
[31-12-2025 18:53:02] ProfileService.ProfileFilePath: C:\Users\jse2084\Desktop\Ram _ Working Folder\Scripts\13-10-2025 ( 2023 Sample file for Testing)\JSE_MEP_Profiles\profiles_Project_3862C05C.xml
[31-12-2025 18:53:02] Available profiles count: 1
[31-12-2025 18:53:02] Current profile: mepf
[31-12-2025 18:53:02] Has profiles: True
[31-12-2025 18:53:02] Available profiles count: 1
[31-12-2025 18:53:02] Current profile: mepf
[31-12-2025 18:53:02] IsProfileSetupRequired: False
[31-12-2025 19:32:50] Checking project-specific profiles
[31-12-2025 19:32:50] ProfileService.ProfileFilePath: C:\Users\jse2084\Documents\JSE_MEP_Profiles\profiles_Project_A263D173.xml
[31-12-2025 19:32:50] Available profiles count: 1
[31-12-2025 19:32:50] Current profile: mpef
[31-12-2025 19:32:50] Has profiles: True
[31-12-2025 19:32:50] Available profiles count: 1
[31-12-2025 19:32:50] Current profile: mpef
[31-12-2025 19:32:50] IsProfileSetupRequired: False
[31-12-2025 19:32:50] Checking project-specific profiles
[31-12-2025 19:32:50] ProfileService.ProfileFilePath: C:\Users\jse2084\Documents\JSE_MEP_Profiles\profiles_Project_A263D173.xml
[31-12-2025 19:32:50] Available profiles count: 1
[31-12-2025 19:32:50] Current profile: mpef
[31-12-2025 19:32:50] Has profiles: True
[31-12-2025 19:32:50] Available profiles count: 1
[31-12-2025 19:32:50] Current profile: mpef
[31-12-2025 19:32:50] IsProfileSetupRequired: False
[02-01-2026 09:36:51] Checking project-specific profiles
[02-01-2026 09:36:51] ProfileService.ProfileFilePath: C:\Users\jse2084\Desktop\Ram _ Working Folder\Scripts\13-10-2025 ( 2023 Sample file for Testing)\JSE_MEP_Profiles\profiles_Project_3862C05C.xml
[02-01-2026 09:36:51] Available profiles count: 1
[02-01-2026 09:36:51] Current profile: mepf
[02-01-2026 09:36:51] Has profiles: True
[02-01-2026 09:36:51] Available profiles count: 1
[02-01-2026 09:36:51] Current profile: mepf
[02-01-2026 09:36:51] IsProfileSetupRequired: False
[02-01-2026 09:36:51] Checking project-specific profiles
[02-01-2026 09:36:51] ProfileService.ProfileFilePath: C:\Users\jse2084\Desktop\Ram _ Working Folder\Scripts\13-10-2025 ( 2023 Sample file for Testing)\JSE_MEP_Profiles\profiles_Project_3862C05C.xml
[02-01-2026 09:36:51] Available profiles count: 1
[02-01-2026 09:36:51] Current profile: mepf
[02-01-2026 09:36:51] Has profiles: True
[02-01-2026 09:36:51] Available profiles count: 1
[02-01-2026 09:36:51] Current profile: mepf
[02-01-2026 09:36:51] IsProfileSetupRequired: False
[02-01-2026 09:38:03] Checking project-specific profiles
[02-01-2026 09:38:03] ProfileService.ProfileFilePath: C:\Users\jse2084\Desktop\Ram _ Working Folder\Scripts\13-10-2025 ( 2023 Sample file for Testing)\JSE_MEP_Profiles\profiles_Project_3862C05C.xml
[02-01-2026 09:38:03] Available profiles count: 1
[02-01-2026 09:38:03] Current profile: mepf
[02-01-2026 09:38:03] Has profiles: True
[02-01-2026 09:38:03] Available profiles count: 1
[02-01-2026 09:38:03] Current profile: mepf
[02-01-2026 09:38:03] IsProfileSetupRequired: False
[02-01-2026 09:38:03] Checking project-specific profiles
[02-01-2026 09:38:03] ProfileService.ProfileFilePath: C:\Users\jse2084\Desktop\Ram _ Working Folder\Scripts\13-10-2025 ( 2023 Sample file for Testing)\JSE_MEP_Profiles\profiles_Project_3862C05C.xml
[02-01-2026 09:38:03] Available profiles count: 1
[02-01-2026 09:38:03] Current profile: mepf
[02-01-2026 09:38:03] Has profiles: True
[02-01-2026 09:38:03] Available profiles count: 1
[02-01-2026 09:38:03] Current profile: mepf
[02-01-2026 09:38:03] IsProfileSetupRequired: False
[02-01-2026 09:38:51] Checking project-specific profiles
[02-01-2026 09:38:51] ProfileService.ProfileFilePath: C:\Users\jse2084\Desktop\Ram _ Working Folder\Scripts\13-10-2025 ( 2023 Sample file for Testing)\JSE_MEP_Profiles\profiles_Project_3862C05C.xml
[02-01-2026 09:38:51] Available profiles count: 1
[02-01-2026 09:38:51] Current profile: mepf
[02-01-2026 09:38:51] Has profiles: True
[02-01-2026 09:38:51] Available profiles count: 1
[02-01-2026 09:38:51] Current profile: mepf
[02-01-2026 09:38:51] IsProfileSetupRequired: False
[02-01-2026 09:38:51] Checking project-specific profiles
[02-01-2026 09:38:51] ProfileService.ProfileFilePath: C:\Users\jse2084\Desktop\Ram _ Working Folder\Scripts\13-10-2025 ( 2023 Sample file for Testing)\JSE_MEP_Profiles\profiles_Project_3862C05C.xml
[02-01-2026 09:38:51] Available profiles count: 1
[02-01-2026 09:38:51] Current profile: mepf
[02-01-2026 09:38:51] Has profiles: True
[02-01-2026 09:38:51] Available profiles count: 1
[02-01-2026 09:38:51] Current profile: mepf
[02-01-2026 09:38:51] IsProfileSetupRequired: False
[02-01-2026 09:41:57] Checking project-specific profiles
[02-01-2026 09:41:57] ProfileService.ProfileFilePath: C:\Users\jse2084\Desktop\Ram _ Working Folder\Scripts\13-10-2025 ( 2023 Sample file for Testing)\JSE_MEP_Profiles\profiles_Project_3862C05C.xml
[02-01-2026 09:41:57] Available profiles count: 1
[02-01-2026 09:41:57] Current profile: mepf
[02-01-2026 09:41:57] Has profiles: True
[02-01-2026 09:41:57] Available profiles count: 1
[02-01-2026 09:41:57] Current profile: mepf
[02-01-2026 09:41:57] IsProfileSetupRequired: False
[02-01-2026 09:41:57] Checking project-specific profiles
[02-01-2026 09:41:57] ProfileService.ProfileFilePath: C:\Users\jse2084\Desktop\Ram _ Working Folder\Scripts\13-10-2025 ( 2023 Sample file for Testing)\JSE_MEP_Profiles\profiles_Project_3862C05C.xml
[02-01-2026 09:41:57] Available profiles count: 1
[02-01-2026 09:41:57] Current profile: mepf
[02-01-2026 09:41:57] Has profiles: True
[02-01-2026 09:41:57] Available profiles count: 1
[02-01-2026 09:41:57] Current profile: mepf
[02-01-2026 09:41:57] IsProfileSetupRequired: False
[02-01-2026 09:48:48] Checking project-specific profiles
[02-01-2026 09:48:48] ProfileService.ProfileFilePath: C:\Users\jse2084\Documents\JSE_MEP_Profiles\profiles_Project_A263D173.xml
[02-01-2026 09:48:48] Available profiles count: 1
[02-01-2026 09:48:48] Current profile: mpef
[02-01-2026 09:48:48] Has profiles: True
[02-01-2026 09:48:48] Available profiles count: 1
[02-01-2026 09:48:48] Current profile: mpef
[02-01-2026 09:48:48] IsProfileSetupRequired: False
[02-01-2026 09:48:48] Checking project-specific profiles
[02-01-2026 09:48:48] ProfileService.ProfileFilePath: C:\Users\jse2084\Documents\JSE_MEP_Profiles\profiles_Project_A263D173.xml
[02-01-2026 09:48:48] Available profiles count: 1
[02-01-2026 09:48:48] Current profile: mpef
[02-01-2026 09:48:48] Has profiles: True
[02-01-2026 09:48:48] Available profiles count: 1
[02-01-2026 09:48:48] Current profile: mpef
[02-01-2026 09:48:48] IsProfileSetupRequired: False
[02-01-2026 09:58:56] Checking project-specific profiles
[02-01-2026 09:58:56] ProfileService.ProfileFilePath: C:\Users\jse2084\Documents\JSE_MEP_Profiles\profiles_Project_A263D173.xml
[02-01-2026 09:58:56] Available profiles count: 1
[02-01-2026 09:58:56] Current profile: mpef
[02-01-2026 09:58:56] Has profiles: True
[02-01-2026 09:58:56] Available profiles count: 1
[02-01-2026 09:58:56] Current profile: mpef
[02-01-2026 09:58:56] IsProfileSetupRequired: False
[02-01-2026 09:58:56] Checking project-specific profiles
[02-01-2026 09:58:56] ProfileService.ProfileFilePath: C:\Users\jse2084\Documents\JSE_MEP_Profiles\profiles_Project_A263D173.xml
[02-01-2026 09:58:56] Available profiles count: 1
[02-01-2026 09:58:56] Current profile: mpef
[02-01-2026 09:58:56] Has profiles: True
[02-01-2026 09:58:56] Available profiles count: 1
[02-01-2026 09:58:56] Current profile: mpef
[02-01-2026 09:58:56] IsProfileSetupRequired: False
[02-01-2026 09:59:26] Checking project-specific profiles
[02-01-2026 09:59:26] ProfileService.ProfileFilePath: C:\Users\jse2084\Documents\JSE_MEP_Profiles\profiles_Project_A263D173.xml
[02-01-2026 09:59:26] Available profiles count: 1
[02-01-2026 09:59:26] Current profile: mpef
[02-01-2026 09:59:26] Has profiles: True
[02-01-2026 09:59:26] Available profiles count: 1
[02-01-2026 09:59:26] Current profile: mpef
[02-01-2026 09:59:26] IsProfileSetupRequired: False
[02-01-2026 09:59:26] Checking project-specific profiles
[02-01-2026 09:59:26] ProfileService.ProfileFilePath: C:\Users\jse2084\Documents\JSE_MEP_Profiles\profiles_Project_A263D173.xml
[02-01-2026 09:59:26] Available profiles count: 1
[02-01-2026 09:59:26] Current profile: mpef
[02-01-2026 09:59:26] Has profiles: True
[02-01-2026 09:59:26] Available profiles count: 1
[02-01-2026 09:59:26] Current profile: mpef
[02-01-2026 09:59:26] IsProfileSetupRequired: False
[02-01-2026 10:05:18] Checking project-specific profiles
[02-01-2026 10:05:18] ProfileService.ProfileFilePath: C:\Users\jse2084\Documents\JSE_MEP_Profiles\profiles_Project_A263D173.xml
[02-01-2026 10:05:18] Available profiles count: 1
[02-01-2026 10:05:18] Current profile: mpef
[02-01-2026 10:05:18] Has profiles: True
[02-01-2026 10:05:18] Available profiles count: 1
[02-01-2026 10:05:18] Current profile: mpef
[02-01-2026 10:05:18] IsProfileSetupRequired: False
[02-01-2026 10:05:18] Checking project-specific profiles
[02-01-2026 10:05:18] ProfileService.ProfileFilePath: C:\Users\jse2084\Documents\JSE_MEP_Profiles\profiles_Project_A263D173.xml
[02-01-2026 10:05:18] Available profiles count: 1
[02-01-2026 10:05:18] Current profile: mpef
[02-01-2026 10:05:18] Has profiles: True
[02-01-2026 10:05:18] Available profiles count: 1
[02-01-2026 10:05:18] Current profile: mpef
[02-01-2026 10:05:18] IsProfileSetupRequired: False
[02-01-2026 10:16:56] Checking project-specific profiles
[02-01-2026 10:16:56] ProfileService.ProfileFilePath: C:\Users\jse2084\Documents\JSE_MEP_Profiles\profiles_Project_A263D173.xml
[02-01-2026 10:16:56] Available profiles count: 1
[02-01-2026 10:16:56] Current profile: mpef
[02-01-2026 10:16:56] Has profiles: True
[02-01-2026 10:16:56] Available profiles count: 1
[02-01-2026 10:16:56] Current profile: mpef
[02-01-2026 10:16:56] IsProfileSetupRequired: False
[02-01-2026 10:16:56] Checking project-specific profiles
[02-01-2026 10:16:57] ProfileService.ProfileFilePath: C:\Users\jse2084\Documents\JSE_MEP_Profiles\profiles_Project_A263D173.xml
[02-01-2026 10:16:57] Available profiles count: 1
[02-01-2026 10:16:57] Current profile: mpef
[02-01-2026 10:16:57] Has profiles: True
[02-01-2026 10:16:57] Available profiles count: 1
[02-01-2026 10:16:57] Current profile: mpef
[02-01-2026 10:16:57] IsProfileSetupRequired: False
[02-01-2026 10:17:33] Checking project-specific profiles
[02-01-2026 10:17:33] ProfileService.ProfileFilePath: C:\Users\jse2084\Documents\JSE_MEP_Profiles\profiles_Project_A263D173.xml
[02-01-2026 10:17:33] Available profiles count: 1
[02-01-2026 10:17:33] Current profile: mpef
[02-01-2026 10:17:33] Has profiles: True
[02-01-2026 10:17:33] Available profiles count: 1
[02-01-2026 10:17:33] Current profile: mpef
[02-01-2026 10:17:33] IsProfileSetupRequired: False
[02-01-2026 10:17:33] Checking project-specific profiles
[02-01-2026 10:17:33] ProfileService.ProfileFilePath: C:\Users\jse2084\Documents\JSE_MEP_Profiles\profiles_Project_A263D173.xml
[02-01-2026 10:17:33] Available profiles count: 1
[02-01-2026 10:17:33] Current profile: mpef
[02-01-2026 10:17:33] Has profiles: True
[02-01-2026 10:17:33] Available profiles count: 1
[02-01-2026 10:17:33] Current profile: mpef
[02-01-2026 10:17:33] IsProfileSetupRequired: False
[02-01-2026 10:21:34] Checking project-specific profiles
[02-01-2026 10:21:34] ProfileService.ProfileFilePath: C:\Users\jse2084\Documents\JSE_MEP_Profiles\profiles_Project_A263D173.xml
[02-01-2026 10:21:34] Available profiles count: 1
[02-01-2026 10:21:34] Current profile: mpef
[02-01-2026 10:21:34] Has profiles: True
[02-01-2026 10:21:34] Available profiles count: 1
[02-01-2026 10:21:34] Current profile: mpef
[02-01-2026 10:21:34] IsProfileSetupRequired: False
[02-01-2026 10:21:34] Checking project-specific profiles
[02-01-2026 10:21:34] ProfileService.ProfileFilePath: C:\Users\jse2084\Documents\JSE_MEP_Profiles\profiles_Project_A263D173.xml
[02-01-2026 10:21:34] Available profiles count: 1
[02-01-2026 10:21:34] Current profile: mpef
[02-01-2026 10:21:34] Has profiles: True
[02-01-2026 10:21:34] Available profiles count: 1
[02-01-2026 10:21:34] Current profile: mpef
[02-01-2026 10:21:34] IsProfileSetupRequired: False
[02-01-2026 10:22:39] Checking project-specific profiles
[02-01-2026 10:22:39] ProfileService.ProfileFilePath: C:\Users\jse2084\Documents\JSE_MEP_Profiles\profiles_Project_A263D173.xml
[02-01-2026 10:22:39] Available profiles count: 1
[02-01-2026 10:22:39] Current profile: mpef
[02-01-2026 10:22:39] Has profiles: True
[02-01-2026 10:22:39] Available profiles count: 1
[02-01-2026 10:22:39] Current profile: mpef
[02-01-2026 10:22:39] IsProfileSetupRequired: False
[02-01-2026 10:22:39] Checking project-specific profiles
[02-01-2026 10:22:39] ProfileService.ProfileFilePath: C:\Users\jse2084\Documents\JSE_MEP_Profiles\profiles_Project_A263D173.xml
[02-01-2026 10:22:39] Available profiles count: 1
[02-01-2026 10:22:39] Current profile: mpef
[02-01-2026 10:22:39] Has profiles: True
[02-01-2026 10:22:39] Available profiles count: 1
[02-01-2026 10:22:39] Current profile: mpef
[02-01-2026 10:22:39] IsProfileSetupRequired: False
[02-01-2026 10:23:22] Checking project-specific profiles
[02-01-2026 10:23:22] ProfileService.ProfileFilePath: C:\Users\jse2084\Documents\JSE_MEP_Profiles\profiles_Project_A263D173.xml
[02-01-2026 10:23:22] Available profiles count: 1
[02-01-2026 10:23:22] Current profile: mpef
[02-01-2026 10:23:22] Has profiles: True
[02-01-2026 10:23:22] Available profiles count: 1
[02-01-2026 10:23:22] Current profile: mpef
[02-01-2026 10:23:22] IsProfileSetupRequired: False
[02-01-2026 10:23:22] Checking project-specific profiles
[02-01-2026 10:23:22] ProfileService.ProfileFilePath: C:\Users\jse2084\Documents\JSE_MEP_Profiles\profiles_Project_A263D173.xml
[02-01-2026 10:23:22] Available profiles count: 1
[02-01-2026 10:23:22] Current profile: mpef
[02-01-2026 10:23:22] Has profiles: True
[02-01-2026 10:23:22] Available profiles count: 1
[02-01-2026 10:23:22] Current profile: mpef
[02-01-2026 10:23:22] IsProfileSetupRequired: False
[02-01-2026 10:27:50] Checking project-specific profiles
[02-01-2026 10:27:50] ProfileService.ProfileFilePath: C:\Users\jse2084\Documents\JSE_MEP_Profiles\profiles_Project_A263D173.xml
[02-01-2026 10:27:50] Available profiles count: 1
[02-01-2026 10:27:50] Current profile: mpef
[02-01-2026 10:27:50] Has profiles: True
[02-01-2026 10:27:50] Available profiles count: 1
[02-01-2026 10:27:50] Current profile: mpef
[02-01-2026 10:27:50] IsProfileSetupRequired: False
[02-01-2026 10:27:50] Checking project-specific profiles
[02-01-2026 10:27:50] ProfileService.ProfileFilePath: C:\Users\jse2084\Documents\JSE_MEP_Profiles\profiles_Project_A263D173.xml
[02-01-2026 10:27:50] Available profiles count: 1
[02-01-2026 10:27:50] Current profile: mpef
[02-01-2026 10:27:50] Has profiles: True
[02-01-2026 10:27:50] Available profiles count: 1
[02-01-2026 10:27:50] Current profile: mpef
[02-01-2026 10:27:50] IsProfileSetupRequired: False
[02-01-2026 10:34:06] Checking project-specific profiles
[02-01-2026 10:34:06] ProfileService.ProfileFilePath: C:\Users\jse2084\Documents\JSE_MEP_Profiles\profiles_Project_A263D173.xml
[02-01-2026 10:34:06] Available profiles count: 1
[02-01-2026 10:34:06] Current profile: mpef
[02-01-2026 10:34:06] Has profiles: True
[02-01-2026 10:34:06] Available profiles count: 1
[02-01-2026 10:34:06] Current profile: mpef
[02-01-2026 10:34:06] IsProfileSetupRequired: False
[02-01-2026 10:34:06] Checking project-specific profiles
[02-01-2026 10:34:06] ProfileService.ProfileFilePath: C:\Users\jse2084\Documents\JSE_MEP_Profiles\profiles_Project_A263D173.xml
[02-01-2026 10:34:06] Available profiles count: 1
[02-01-2026 10:34:06] Current profile: mpef
[02-01-2026 10:34:06] Has profiles: True
[02-01-2026 10:34:06] Available profiles count: 1
[02-01-2026 10:34:06] Current profile: mpef
[02-01-2026 10:34:06] IsProfileSetupRequired: False
[02-01-2026 14:50:14] Checking project-specific profiles
[02-01-2026 14:50:14] ProfileService.ProfileFilePath: C:\Users\jse2084\Documents\JSE_MEP_Profiles\profiles_Project_A263D173.xml
[02-01-2026 14:50:14] Available profiles count: 1
[02-01-2026 14:50:14] Current profile: mpef
[02-01-2026 14:50:14] Has profiles: True
[02-01-2026 14:50:14] Available profiles count: 1
[02-01-2026 14:50:14] Current profile: mpef
[02-01-2026 14:50:14] IsProfileSetupRequired: False
[02-01-2026 14:50:14] Checking project-specific profiles
[02-01-2026 14:50:14] ProfileService.ProfileFilePath: C:\Users\jse2084\Documents\JSE_MEP_Profiles\profiles_Project_A263D173.xml
[02-01-2026 14:50:14] Available profiles count: 1
[02-01-2026 14:50:14] Current profile: mpef
[02-01-2026 14:50:14] Has profiles: True
[02-01-2026 14:50:14] Available profiles count: 1
[02-01-2026 14:50:14] Current profile: mpef
[02-01-2026 14:50:14] IsProfileSetupRequired: False
[02-01-2026 15:07:23] Checking project-specific profiles
[02-01-2026 15:07:23] ProfileService.ProfileFilePath: C:\Users\jse2084\Documents\JSE_MEP_Profiles\profiles_Project_A263D173.xml
[02-01-2026 15:07:23] Available profiles count: 1
[02-01-2026 15:07:23] Current profile: mpef
[02-01-2026 15:07:23] Has profiles: True
[02-01-2026 15:07:23] Available profiles count: 1
[02-01-2026 15:07:23] Current profile: mpef
[02-01-2026 15:07:23] IsProfileSetupRequired: False
[02-01-2026 15:07:23] Checking project-specific profiles
[02-01-2026 15:07:23] ProfileService.ProfileFilePath: C:\Users\jse2084\Documents\JSE_MEP_Profiles\profiles_Project_A263D173.xml
[02-01-2026 15:07:23] Available profiles count: 1
[02-01-2026 15:07:23] Current profile: mpef
[02-01-2026 15:07:23] Has profiles: True
[02-01-2026 15:07:23] Available profiles count: 1
[02-01-2026 15:07:23] Current profile: mpef
[02-01-2026 15:07:23] IsProfileSetupRequired: False
[02-01-2026 15:08:12] Checking project-specific profiles
[02-01-2026 15:08:12] ProfileService.ProfileFilePath: C:\Users\jse2084\Documents\JSE_MEP_Profiles\profiles_Project_A263D173.xml
[02-01-2026 15:08:12] Available profiles count: 1
[02-01-2026 15:08:12] Current profile: mpef
[02-01-2026 15:08:12] Has profiles: True
[02-01-2026 15:08:12] Available profiles count: 1
[02-01-2026 15:08:12] Current profile: mpef
[02-01-2026 15:08:12] IsProfileSetupRequired: False
[02-01-2026 15:08:12] Checking project-specific profiles
[02-01-2026 15:08:12] ProfileService.ProfileFilePath: C:\Users\jse2084\Documents\JSE_MEP_Profiles\profiles_Project_A263D173.xml
[02-01-2026 15:08:12] Available profiles count: 1
[02-01-2026 15:08:12] Current profile: mpef
[02-01-2026 15:08:12] Has profiles: True
[02-01-2026 15:08:12] Available profiles count: 1
[02-01-2026 15:08:12] Current profile: mpef
[02-01-2026 15:08:12] IsProfileSetupRequired: False
[02-01-2026 15:23:32] Checking project-specific profiles
[02-01-2026 15:23:32] ProfileService.ProfileFilePath: C:\Users\jse2084\Documents\JSE_MEP_Profiles\profiles_Project_A263D173.xml
[02-01-2026 15:23:32] Available profiles count: 1
[02-01-2026 15:23:32] Current profile: mpef
[02-01-2026 15:23:32] Has profiles: True
[02-01-2026 15:23:32] Available profiles count: 1
[02-01-2026 15:23:32] Current profile: mpef
[02-01-2026 15:23:32] IsProfileSetupRequired: False
[02-01-2026 15:23:32] Checking project-specific profiles
[02-01-2026 15:23:32] ProfileService.ProfileFilePath: C:\Users\jse2084\Documents\JSE_MEP_Profiles\profiles_Project_A263D173.xml
[02-01-2026 15:23:32] Available profiles count: 1
[02-01-2026 15:23:32] Current profile: mpef
[02-01-2026 15:23:32] Has profiles: True
[02-01-2026 15:23:32] Available profiles count: 1
[02-01-2026 15:23:32] Current profile: mpef
[02-01-2026 15:23:32] IsProfileSetupRequired: False
[02-01-2026 15:29:50] Checking project-specific profiles
[02-01-2026 15:29:50] ProfileService.ProfileFilePath: C:\Users\jse2084\Documents\JSE_MEP_Profiles\profiles_Project_A263D173.xml
[02-01-2026 15:29:50] Available profiles count: 1
[02-01-2026 15:29:50] Current profile: mpef
[02-01-2026 15:29:50] Has profiles: True
[02-01-2026 15:29:50] Available profiles count: 1
[02-01-2026 15:29:50] Current profile: mpef
[02-01-2026 15:29:50] IsProfileSetupRequired: False
[02-01-2026 15:29:50] Checking project-specific profiles
[02-01-2026 15:29:50] ProfileService.ProfileFilePath: C:\Users\jse2084\Documents\JSE_MEP_Profiles\profiles_Project_A263D173.xml
[02-01-2026 15:29:50] Available profiles count: 1
[02-01-2026 15:29:50] Current profile: mpef
[02-01-2026 15:29:50] Has profiles: True
[02-01-2026 15:29:50] Available profiles count: 1
[02-01-2026 15:29:50] Current profile: mpef
[02-01-2026 15:29:50] IsProfileSetupRequired: False
[02-01-2026 15:38:52] Checking project-specific profiles
[02-01-2026 15:38:52] ProfileService.ProfileFilePath: C:\Users\jse2084\Desktop\Ram _ Working Folder\Scripts\13-10-2025 ( 2023 Sample file for Testing)\JSE_MEP_Profiles\profiles_Project_3862C05C.xml
[02-01-2026 15:38:52] Available profiles count: 1
[02-01-2026 15:38:52] Current profile: mepf
[02-01-2026 15:38:52] Has profiles: True
[02-01-2026 15:38:52] Available profiles count: 1
[02-01-2026 15:38:52] Current profile: mepf
[02-01-2026 15:38:52] IsProfileSetupRequired: False
[02-01-2026 15:38:52] Checking project-specific profiles
[02-01-2026 15:38:52] ProfileService.ProfileFilePath: C:\Users\jse2084\Desktop\Ram _ Working Folder\Scripts\13-10-2025 ( 2023 Sample file for Testing)\JSE_MEP_Profiles\profiles_Project_3862C05C.xml
[02-01-2026 15:38:52] Available profiles count: 1
[02-01-2026 15:38:52] Current profile: mepf
[02-01-2026 15:38:52] Has profiles: True
[02-01-2026 15:38:52] Available profiles count: 1
[02-01-2026 15:38:52] Current profile: mepf
[02-01-2026 15:38:52] IsProfileSetupRequired: False
[02-01-2026 15:47:43] Checking project-specific profiles
[02-01-2026 15:47:43] ProfileService.ProfileFilePath: C:\Users\jse2084\Desktop\Ram _ Working Folder\Scripts\13-10-2025 ( 2023 Sample file for Testing)\JSE_MEP_Profiles\profiles_Project_3862C05C.xml
[02-01-2026 15:47:43] Available profiles count: 1
[02-01-2026 15:47:43] Current profile: mepf
[02-01-2026 15:47:43] Has profiles: True
[02-01-2026 15:47:43] Available profiles count: 1
[02-01-2026 15:47:43] Current profile: mepf
[02-01-2026 15:47:43] IsProfileSetupRequired: False
[02-01-2026 15:47:43] Checking project-specific profiles
[02-01-2026 15:47:43] ProfileService.ProfileFilePath: C:\Users\jse2084\Desktop\Ram _ Working Folder\Scripts\13-10-2025 ( 2023 Sample file for Testing)\JSE_MEP_Profiles\profiles_Project_3862C05C.xml
[02-01-2026 15:47:43] Available profiles count: 1
[02-01-2026 15:47:43] Current profile: mepf
[02-01-2026 15:47:43] Has profiles: True
[02-01-2026 15:47:43] Available profiles count: 1
[02-01-2026 15:47:43] Current profile: mepf
[02-01-2026 15:47:43] IsProfileSetupRequired: False
[02-01-2026 15:54:46] Checking project-specific profiles
[02-01-2026 15:54:46] ProfileService.ProfileFilePath: C:\Users\jse2084\Documents\JSE_MEP_Profiles\profiles_Project_A263D173.xml
[02-01-2026 15:54:46] Available profiles count: 1
[02-01-2026 15:54:46] Current profile: mpef
[02-01-2026 15:54:46] Has profiles: True
[02-01-2026 15:54:46] Available profiles count: 1
[02-01-2026 15:54:46] Current profile: mpef
[02-01-2026 15:54:46] IsProfileSetupRequired: False
[02-01-2026 15:54:46] Checking project-specific profiles
[02-01-2026 15:54:46] ProfileService.ProfileFilePath: C:\Users\jse2084\Documents\JSE_MEP_Profiles\profiles_Project_A263D173.xml
[02-01-2026 15:54:46] Available profiles count: 1
[02-01-2026 15:54:46] Current profile: mpef
[02-01-2026 15:54:46] Has profiles: True
[02-01-2026 15:54:46] Available profiles count: 1
[02-01-2026 15:54:46] Current profile: mpef
[02-01-2026 15:54:46] IsProfileSetupRequired: False
[02-01-2026 15:56:10] Checking project-specific profiles
[02-01-2026 15:56:10] ProfileService.ProfileFilePath: C:\Users\jse2084\Documents\JSE_MEP_Profiles\profiles_Project_A263D173.xml
[02-01-2026 15:56:10] Available profiles count: 1
[02-01-2026 15:56:10] Current profile: mpef
[02-01-2026 15:56:10] Has profiles: True
[02-01-2026 15:56:10] Available profiles count: 1
[02-01-2026 15:56:10] Current profile: mpef
[02-01-2026 15:56:10] IsProfileSetupRequired: False
[02-01-2026 15:56:10] Checking project-specific profiles
[02-01-2026 15:56:10] ProfileService.ProfileFilePath: C:\Users\jse2084\Documents\JSE_MEP_Profiles\profiles_Project_A263D173.xml
[02-01-2026 15:56:10] Available profiles count: 1
[02-01-2026 15:56:10] Current profile: mpef
[02-01-2026 15:56:10] Has profiles: True
[02-01-2026 15:56:10] Available profiles count: 1
[02-01-2026 15:56:10] Current profile: mpef
[02-01-2026 15:56:10] IsProfileSetupRequired: False
[02-01-2026 15:56:27] Checking project-specific profiles
[02-01-2026 15:56:27] ProfileService.ProfileFilePath: C:\Users\jse2084\Documents\JSE_MEP_Profiles\profiles_Project_A263D173.xml
[02-01-2026 15:56:27] Available profiles count: 1
[02-01-2026 15:56:27] Current profile: mpef
[02-01-2026 15:56:27] Has profiles: True
[02-01-2026 15:56:27] Available profiles count: 1
[02-01-2026 15:56:27] Current profile: mpef
[02-01-2026 15:56:27] IsProfileSetupRequired: False
[02-01-2026 15:56:27] Checking project-specific profiles
[02-01-2026 15:56:27] ProfileService.ProfileFilePath: C:\Users\jse2084\Documents\JSE_MEP_Profiles\profiles_Project_A263D173.xml
[02-01-2026 15:56:27] Available profiles count: 1
[02-01-2026 15:56:27] Current profile: mpef
[02-01-2026 15:56:27] Has profiles: True
[02-01-2026 15:56:27] Available profiles count: 1
[02-01-2026 15:56:27] Current profile: mpef
[02-01-2026 15:56:27] IsProfileSetupRequired: False
[02-01-2026 16:07:52] Checking project-specific profiles
[02-01-2026 16:07:52] ProfileService.ProfileFilePath: C:\Users\jse2084\Documents\JSE_MEP_Profiles\profiles_Project_A263D173.xml
[02-01-2026 16:07:52] Available profiles count: 1
[02-01-2026 16:07:52] Current profile: mpef
[02-01-2026 16:07:52] Has profiles: True
[02-01-2026 16:07:52] Available profiles count: 1
[02-01-2026 16:07:52] Current profile: mpef
[02-01-2026 16:07:52] IsProfileSetupRequired: False
[02-01-2026 16:07:52] Checking project-specific profiles
[02-01-2026 16:07:52] ProfileService.ProfileFilePath: C:\Users\jse2084\Documents\JSE_MEP_Profiles\profiles_Project_A263D173.xml
[02-01-2026 16:07:52] Available profiles count: 1
[02-01-2026 16:07:52] Current profile: mpef
[02-01-2026 16:07:52] Has profiles: True
[02-01-2026 16:07:52] Available profiles count: 1
[02-01-2026 16:07:52] Current profile: mpef
[02-01-2026 16:07:52] IsProfileSetupRequired: False
[02-01-2026 16:51:09] Checking project-specific profiles
[02-01-2026 16:51:09] ProfileService.ProfileFilePath: C:\Users\jse2084\Documents\JSE_MEP_Profiles\profiles_Project_A263D173.xml
[02-01-2026 16:51:09] Available profiles count: 1
[02-01-2026 16:51:09] Current profile: mpef
[02-01-2026 16:51:09] Has profiles: True
[02-01-2026 16:51:09] Available profiles count: 1
[02-01-2026 16:51:09] Current profile: mpef
[02-01-2026 16:51:09] IsProfileSetupRequired: False
[02-01-2026 16:51:09] Checking project-specific profiles
[02-01-2026 16:51:09] ProfileService.ProfileFilePath: C:\Users\jse2084\Documents\JSE_MEP_Profiles\profiles_Project_A263D173.xml
[02-01-2026 16:51:09] Available profiles count: 1
[02-01-2026 16:51:09] Current profile: mpef
[02-01-2026 16:51:09] Has profiles: True
[02-01-2026 16:51:09] Available profiles count: 1
[02-01-2026 16:51:09] Current profile: mpef
[02-01-2026 16:51:09] IsProfileSetupRequired: False
[02-01-2026 16:55:56] Checking project-specific profiles
[02-01-2026 16:55:56] ProfileService.ProfileFilePath: C:\Users\jse2084\Documents\JSE_MEP_Profiles\profiles_Project_A263D173.xml
[02-01-2026 16:55:56] Available profiles count: 1
[02-01-2026 16:55:56] Current profile: mpef
[02-01-2026 16:55:56] Has profiles: True
[02-01-2026 16:55:56] Available profiles count: 1
[02-01-2026 16:55:56] Current profile: mpef
[02-01-2026 16:55:56] IsProfileSetupRequired: False
[02-01-2026 16:55:56] Checking project-specific profiles
[02-01-2026 16:55:56] ProfileService.ProfileFilePath: C:\Users\jse2084\Documents\JSE_MEP_Profiles\profiles_Project_A263D173.xml
[02-01-2026 16:55:56] Available profiles count: 1
[02-01-2026 16:55:56] Current profile: mpef
[02-01-2026 16:55:56] Has profiles: True
[02-01-2026 16:55:56] Available profiles count: 1
[02-01-2026 16:55:56] Current profile: mpef
[02-01-2026 16:55:56] IsProfileSetupRequired: False
[02-01-2026 16:59:48] Checking project-specific profiles
[02-01-2026 16:59:48] ProfileService.ProfileFilePath: C:\Users\jse2084\Documents\JSE_MEP_Profiles\profiles_Project_A263D173.xml
[02-01-2026 16:59:48] Available profiles count: 1
[02-01-2026 16:59:48] Current profile: mpef
[02-01-2026 16:59:48] Has profiles: True
[02-01-2026 16:59:48] Available profiles count: 1
[02-01-2026 16:59:48] Current profile: mpef
[02-01-2026 16:59:48] IsProfileSetupRequired: False
[02-01-2026 16:59:48] Checking project-specific profiles
[02-01-2026 16:59:48] ProfileService.ProfileFilePath: C:\Users\jse2084\Documents\JSE_MEP_Profiles\profiles_Project_A263D173.xml
[02-01-2026 16:59:48] Available profiles count: 1
[02-01-2026 16:59:48] Current profile: mpef
[02-01-2026 16:59:48] Has profiles: True
[02-01-2026 16:59:48] Available profiles count: 1
[02-01-2026 16:59:48] Current profile: mpef
[02-01-2026 16:59:48] IsProfileSetupRequired: False
[02-01-2026 17:02:10] Checking project-specific profiles
[02-01-2026 17:02:10] ProfileService.ProfileFilePath: C:\Users\jse2084\Documents\JSE_MEP_Profiles\profiles_Project_A263D173.xml
[02-01-2026 17:02:10] Available profiles count: 1
[02-01-2026 17:02:10] Current profile: mpef
[02-01-2026 17:02:10] Has profiles: True
[02-01-2026 17:02:10] Available profiles count: 1
[02-01-2026 17:02:10] Current profile: mpef
[02-01-2026 17:02:10] IsProfileSetupRequired: False
[02-01-2026 17:02:10] Checking project-specific profiles
[02-01-2026 17:02:10] ProfileService.ProfileFilePath: C:\Users\jse2084\Documents\JSE_MEP_Profiles\profiles_Project_A263D173.xml
[02-01-2026 17:02:10] Available profiles count: 1
[02-01-2026 17:02:10] Current profile: mpef
[02-01-2026 17:02:10] Has profiles: True
[02-01-2026 17:02:10] Available profiles count: 1
[02-01-2026 17:02:10] Current profile: mpef
[02-01-2026 17:02:10] IsProfileSetupRequired: False
[02-01-2026 17:14:06] Checking project-specific profiles
[02-01-2026 17:14:06] ProfileService.ProfileFilePath: C:\Users\jse2084\Documents\JSE_MEP_Profiles\profiles_Project_A263D173.xml
[02-01-2026 17:14:06] Available profiles count: 1
[02-01-2026 17:14:06] Current profile: mpef
[02-01-2026 17:14:06] Has profiles: True
[02-01-2026 17:14:06] Available profiles count: 1
[02-01-2026 17:14:06] Current profile: mpef
[02-01-2026 17:14:06] IsProfileSetupRequired: False
[02-01-2026 17:14:06] Checking project-specific profiles
[02-01-2026 17:14:06] ProfileService.ProfileFilePath: C:\Users\jse2084\Documents\JSE_MEP_Profiles\profiles_Project_A263D173.xml
[02-01-2026 17:14:06] Available profiles count: 1
[02-01-2026 17:14:06] Current profile: mpef
[02-01-2026 17:14:06] Has profiles: True
[02-01-2026 17:14:06] Available profiles count: 1
[02-01-2026 17:14:06] Current profile: mpef
[02-01-2026 17:14:06] IsProfileSetupRequired: False
[02-01-2026 17:54:31] Checking project-specific profiles
[02-01-2026 17:54:31] ProfileService.ProfileFilePath: C:\Users\jse2084\Documents\JSE_MEP_Profiles\profiles_Project_A263D173.xml
[02-01-2026 17:54:31] Available profiles count: 1
[02-01-2026 17:54:31] Current profile: mpef
[02-01-2026 17:54:31] Has profiles: True
[02-01-2026 17:54:31] Available profiles count: 1
[02-01-2026 17:54:31] Current profile: mpef
[02-01-2026 17:54:31] IsProfileSetupRequired: False
[02-01-2026 17:54:31] Checking project-specific profiles
[02-01-2026 17:54:31] ProfileService.ProfileFilePath: C:\Users\jse2084\Documents\JSE_MEP_Profiles\profiles_Project_A263D173.xml
[02-01-2026 17:54:31] Available profiles count: 1
[02-01-2026 17:54:31] Current profile: mpef
[02-01-2026 17:54:31] Has profiles: True
[02-01-2026 17:54:31] Available profiles count: 1
[02-01-2026 17:54:31] Current profile: mpef
[02-01-2026 17:54:31] IsProfileSetupRequired: False
[02-01-2026 18:41:59] Checking project-specific profiles
[02-01-2026 18:41:59] ProfileService.ProfileFilePath: C:\Users\jse2084\Documents\JSE_MEP_Profiles\profiles_Project_A263D173.xml
[02-01-2026 18:41:59] Available profiles count: 1
[02-01-2026 18:41:59] Current profile: mpef
[02-01-2026 18:41:59] Has profiles: True
[02-01-2026 18:41:59] Available profiles count: 1
[02-01-2026 18:41:59] Current profile: mpef
[02-01-2026 18:41:59] IsProfileSetupRequired: False
[02-01-2026 18:41:59] Checking project-specific profiles
[02-01-2026 18:41:59] ProfileService.ProfileFilePath: C:\Users\jse2084\Documents\JSE_MEP_Profiles\profiles_Project_A263D173.xml
[02-01-2026 18:41:59] Available profiles count: 1
[02-01-2026 18:41:59] Current profile: mpef
[02-01-2026 18:41:59] Has profiles: True
[02-01-2026 18:41:59] Available profiles count: 1
[02-01-2026 18:41:59] Current profile: mpef
[02-01-2026 18:41:59] IsProfileSetupRequired: False
