[31-12-2025 18:04:08] LoadProfileData: Checking project-specific file: C:\Users\jse2084\Documents\JSE_MEP_Profiles\profiles_Project_A263D173.xml
[31-12-2025 18:04:08] File exists: True
[31-12-2025 18:04:08] File content length: 1546
[31-12-2025 18:04:08] Found profile name: mpef
[31-12-2025 18:04:08] Found profile name: Mechanical
[31-12-2025 18:04:08] Found profile name: Electrical
[31-12-2025 18:04:08] Found profile name: Plumbing
[31-12-2025 18:04:08] Found profile name: Fire Fighting
[31-12-2025 18:04:08] Failed to load profile: mpef
[31-12-2025 18:04:08] Failed to load profile: Mechanical
[31-12-2025 18:04:08] Failed to load profile: Electrical
[31-12-2025 18:04:08] Failed to load profile: Plumbing
[31-12-2025 18:04:08] Failed to load profile: Fire Fighting
[31-12-2025 18:04:08] Total profiles added: 5
[31-12-2025 18:07:02] LoadProfileData: Checking project-specific file: C:\Users\jse2084\Documents\JSE_MEP_Profiles\profiles_Project_A263D173.xml
[31-12-2025 18:07:02] File exists: True
[31-12-2025 18:07:02] File content length: 1546
[31-12-2025 18:07:02] Found profile name: mpef
[31-12-2025 18:07:02] Found profile name: Mechanical
[31-12-2025 18:07:02] Found profile name: Electrical
[31-12-2025 18:07:02] Found profile name: Plumbing
[31-12-2025 18:07:02] Found profile name: Fire Fighting
[31-12-2025 18:07:02] Failed to load profile: mpef
[31-12-2025 18:07:02] Failed to load profile: Mechanical
[31-12-2025 18:07:02] Failed to load profile: Electrical
[31-12-2025 18:07:02] Failed to load profile: Plumbing
[31-12-2025 18:07:02] Failed to load profile: Fire Fighting
[31-12-2025 18:07:02] Total profiles added: 5
[31-12-2025 18:10:56] LoadProfileData: Checking project-specific file: C:\Users\jse2084\Documents\JSE_MEP_Profiles\profiles_Project_A263D173.xml
[31-12-2025 18:10:56] File exists: True
[31-12-2025 18:10:56] File content length: 1546
[31-12-2025 18:10:56] Found profile name: mpef
[31-12-2025 18:10:56] Found profile name: Mechanical
[31-12-2025 18:10:56] Found profile name: Electrical
[31-12-2025 18:10:56] Found profile name: Plumbing
[31-12-2025 18:10:56] Found profile name: Fire Fighting
[31-12-2025 18:10:56] Failed to load profile: mpef
[31-12-2025 18:10:56] Failed to load profile: Mechanical
[31-12-2025 18:10:56] Failed to load profile: Electrical
[31-12-2025 18:10:56] Failed to load profile: Plumbing
[31-12-2025 18:10:56] Failed to load profile: Fire Fighting
[31-12-2025 18:10:56] Total profiles added: 5
[31-12-2025 18:35:06] LoadProfileData: Checking project-specific file: C:\Users\jse2084\Documents\JSE_MEP_Profiles\profiles_Project_A263D173.xml
[31-12-2025 18:35:06] File exists: True
[31-12-2025 18:35:06] File content length: 1546
[31-12-2025 18:35:06] Found profile name: mpef
[31-12-2025 18:35:06] Found profile name: Mechanical
[31-12-2025 18:35:06] Found profile name: Electrical
[31-12-2025 18:35:06] Found profile name: Plumbing
[31-12-2025 18:35:06] Found profile name: Fire Fighting
[31-12-2025 18:35:06] Failed to load profile: mpef
[31-12-2025 18:35:06] Failed to load profile: Mechanical
[31-12-2025 18:35:06] Failed to load profile: Electrical
[31-12-2025 18:35:06] Failed to load profile: Plumbing
[31-12-2025 18:35:06] Failed to load profile: Fire Fighting
[31-12-2025 18:35:06] Total profiles added: 5
[31-12-2025 18:43:23] LoadProfileData: Checking project-specific file: C:\Users\jse2084\Documents\JSE_MEP_Profiles\profiles_Project_A263D173.xml
[31-12-2025 18:43:23] File exists: True
[31-12-2025 18:43:23] File content length: 1546
[31-12-2025 18:43:23] Found profile name: mpef
[31-12-2025 18:43:23] Found profile name: Mechanical
[31-12-2025 18:43:23] Found profile name: Electrical
[31-12-2025 18:43:23] Found profile name: Plumbing
[31-12-2025 18:43:23] Found profile name: Fire Fighting
[31-12-2025 18:43:23] Failed to load profile: mpef
[31-12-2025 18:43:23] Failed to load profile: Mechanical
[31-12-2025 18:43:23] Failed to load profile: Electrical
[31-12-2025 18:43:23] Failed to load profile: Plumbing
[31-12-2025 18:43:23] Failed to load profile: Fire Fighting
[31-12-2025 18:43:23] Total profiles added: 5
[31-12-2025 18:46:28] LoadProfileData: Checking project-specific file: C:\Users\jse2084\Documents\JSE_MEP_Profiles\profiles_Project_A263D173.xml
[31-12-2025 18:46:28] File exists: True
[31-12-2025 18:46:28] File content length: 1546
[31-12-2025 18:46:28] Found profile name: mpef
[31-12-2025 18:46:28] Found profile name: Mechanical
[31-12-2025 18:46:28] Found profile name: Electrical
[31-12-2025 18:46:28] Found profile name: Plumbing
[31-12-2025 18:46:28] Found profile name: Fire Fighting
[31-12-2025 18:46:28] Failed to load profile: mpef
[31-12-2025 18:46:28] Failed to load profile: Mechanical
[31-12-2025 18:46:28] Failed to load profile: Electrical
[31-12-2025 18:46:28] Failed to load profile: Plumbing
[31-12-2025 18:46:28] Failed to load profile: Fire Fighting
[31-12-2025 18:46:28] Total profiles added: 5
[31-12-2025 18:50:17] LoadProfileData: Checking project-specific file: C:\Users\jse2084\Desktop\Ram _ Working Folder\Scripts\13-10-2025 ( 2023 Sample file for Testing)\JSE_MEP_Profiles\profiles_Project_3862C05C.xml
[31-12-2025 18:50:17] File exists: True
[31-12-2025 18:50:17] File content length: 951679
[31-12-2025 18:50:17] Found profile name: mepf
[31-12-2025 18:50:17] Found profile name: Mechanical
[31-12-2025 18:50:17] Found profile name: Electrical
[31-12-2025 18:50:17] Found profile name: Plumbing
[31-12-2025 18:50:17] Found profile name: Fire Fighting
[31-12-2025 18:50:17] Failed to load profile: mepf
[31-12-2025 18:50:17] Failed to load profile: Mechanical
[31-12-2025 18:50:17] Failed to load profile: Electrical
[31-12-2025 18:50:17] Failed to load profile: Plumbing
[31-12-2025 18:50:17] Failed to load profile: Fire Fighting
[31-12-2025 18:50:17] Total profiles added: 5
[31-12-2025 18:50:58] LoadProfileData: Checking project-specific file: C:\Users\jse2084\Desktop\Ram _ Working Folder\Scripts\13-10-2025 ( 2023 Sample file for Testing)\JSE_MEP_Profiles\profiles_Project_3862C05C.xml
[31-12-2025 18:50:58] File exists: True
[31-12-2025 18:50:58] File content length: 951679
[31-12-2025 18:50:58] Found profile name: mepf
[31-12-2025 18:50:58] Found profile name: Mechanical
[31-12-2025 18:50:58] Found profile name: Electrical
[31-12-2025 18:50:58] Found profile name: Plumbing
[31-12-2025 18:50:58] Found profile name: Fire Fighting
[31-12-2025 18:50:58] Failed to load profile: mepf
[31-12-2025 18:50:58] Failed to load profile: Mechanical
[31-12-2025 18:50:58] Failed to load profile: Electrical
[31-12-2025 18:50:58] Failed to load profile: Plumbing
[31-12-2025 18:50:58] Failed to load profile: Fire Fighting
[31-12-2025 18:50:58] Total profiles added: 5
[31-12-2025 18:53:02] LoadProfileData: Checking project-specific file: C:\Users\jse2084\Desktop\Ram _ Working Folder\Scripts\13-10-2025 ( 2023 Sample file for Testing)\JSE_MEP_Profiles\profiles_Project_3862C05C.xml
[31-12-2025 18:53:02] File exists: True
[31-12-2025 18:53:02] File content length: 951679
[31-12-2025 18:53:02] Found profile name: mepf
[31-12-2025 18:53:02] Found profile name: Mechanical
[31-12-2025 18:53:02] Found profile name: Electrical
[31-12-2025 18:53:02] Found profile name: Plumbing
[31-12-2025 18:53:02] Found profile name: Fire Fighting
[31-12-2025 18:53:02] Failed to load profile: mepf
[31-12-2025 18:53:02] Failed to load profile: Mechanical
[31-12-2025 18:53:02] Failed to load profile: Electrical
[31-12-2025 18:53:02] Failed to load profile: Plumbing
[31-12-2025 18:53:02] Failed to load profile: Fire Fighting
[31-12-2025 18:53:02] Total profiles added: 5
[31-12-2025 19:32:50] LoadProfileData: Checking project-specific file: C:\Users\jse2084\Documents\JSE_MEP_Profiles\profiles_Project_A263D173.xml
[31-12-2025 19:32:50] File exists: True
[31-12-2025 19:32:50] File content length: 1546
[31-12-2025 19:32:50] Found profile name: mpef
[31-12-2025 19:32:50] Found profile name: Mechanical
[31-12-2025 19:32:50] Found profile name: Electrical
[31-12-2025 19:32:50] Found profile name: Plumbing
[31-12-2025 19:32:50] Found profile name: Fire Fighting
[31-12-2025 19:32:50] Failed to load profile: mpef
[31-12-2025 19:32:50] Failed to load profile: Mechanical
[31-12-2025 19:32:50] Failed to load profile: Electrical
[31-12-2025 19:32:50] Failed to load profile: Plumbing
[31-12-2025 19:32:50] Failed to load profile: Fire Fighting
[31-12-2025 19:32:50] Total profiles added: 5
