[2025-12-31 19:33:03.387] [31-12-2025 19:33:03] ===== REFRESH LOG STARTED =====

[2025-12-31 19:33:03.389] [31-12-2025 19:33:03] 🔨 BUILD TIMESTAMP: 2025-12-31 19:32:09 | Assembly: JSE_RevitAddin_MEP_OPENINGS.dll

[2025-12-31 19:33:03.391] [31-12-2025 19:33:03] Filters (1): Ventilation

[2025-12-31 19:33:03.392] [31-12-2025 19:33:03] MEP Categories (1): Duct Accessories

[2025-12-31 19:33:03.394] [31-12-2025 19:33:03] Reference Files (1): CMO-AFE-DS03-MOD-PTW-ZZ-MEC-GE-0002

[2025-12-31 19:33:03.395] [31-12-2025 19:33:03] Host Files (1): CMO-GCI-MOD-ARC-ZZ-00002-2024

[2025-12-31 19:33:03.401] [31-12-2025 19:33:03] ============================================


[2025-12-31 19:33:03.405] [31-12-2025 19:33:03] ===== ExecuteRefreshInternal STARTED =====

[2025-12-31 19:33:03.436] [31-12-2025 19:33:03] [HIERARCHICAL-RESET] ✅ Reset flags for 0 zones

[2025-12-31 19:33:03.444] [31-12-2025 19:33:03] [SESSION-CONTEXT] ✅ Applied section box context. Marked 0 zones

[2025-12-31 19:33:03.454] [31-12-2025 19:33:03] [XML-CACHE] ⚡ OPTIMIZATION: Skipping XML cache loading (database-only mode)

[2025-12-31 19:33:03.460] [31-12-2025 19:33:03] [SQLite] [SQLite] Assembly directory: C:\Users\jse2084\AppData\Local\Temp\RevitAddins\JSE_RevitAddin_MEP_OPENINGS-Executing-20251231_193249_6499

[2025-12-31 19:33:03.461] [31-12-2025 19:33:03] [SQLite] [SQLite] ✅ Found dependency: System.Data.SQLite.dll

[2025-12-31 19:33:03.463] [31-12-2025 19:33:03] [SQLite] [SQLite] ✅ Found dependency: x64\SQLite.Interop.dll

[2025-12-31 19:33:03.465] [31-12-2025 19:33:03] [SQLite] [SQLite] Filters directory: C:\Users\jse2084\AppData\Roaming\JSE_MEP_Openings\Projects\Shared Test Model COMO_aakashvP9A2H\Filters

[2025-12-31 19:33:03.466] [31-12-2025 19:33:03] [SQLite] [SQLite] Database path: C:\Users\jse2084\AppData\Roaming\JSE_MEP_Openings\Projects\Shared Test Model COMO_aakashvP9A2H\Filters\Shared_Test_Model_COMO_aakashvP9A2H_SleevePersistence.db

[2025-12-31 19:33:03.470] [31-12-2025 19:33:03] [SQLite] [SQLite] ✅ Connection opened successfully

[2025-12-31 19:33:03.472] [31-12-2025 19:33:03] [SQLite] [SQLite] ⏭️ Skipping schema verification (session-cached)

[2025-12-31 19:33:03.474] [31-12-2025 19:33:03] [SQLite] [SQLite] ✅ Database ready (286720 bytes)

[2025-12-31 19:33:03.478] [31-12-2025 19:33:03] [SECTION-BOX] Capturing section box bounds for caching...

[2025-12-31 19:33:03.489] [31-12-2025 19:33:03] [SECTION-BOX] ✅ Section box bounds captured and stored successfully

[2025-12-31 19:33:03.519] [31-12-2025 19:33:03] [INTERSECTION-PROCESSOR] Phase 1: Preparing existing zones from XML cache...

[2025-12-31 19:33:03.525] [31-12-2025 19:33:03] [CLASHZONE-CACHE] Loading data from database for reuse...

[2025-12-31 19:33:03.535] [31-12-2025 19:33:03] [CLASHZONE-CACHE] ✅ Cache loaded: 0 filters in 8ms

[2025-12-31 19:33:03.537] [31-12-2025 19:33:03] [XML-CACHE] Loaded 0 existing clash zones from cache

[2025-12-31 19:33:03.539] [31-12-2025 19:33:03] [INTERSECTION-PROCESSOR] Using 0 existing clash zones from context

[2025-12-31 19:33:03.548] [31-12-2025 19:33:03] [DB-COMBO-CHECK] Combo not found: Filter='Ventilation', Category='Duct Accessories', Linked='CMO-AFE-DS03-MOD-PTW-ZZ-MEC-GE-0002', Host='CMO-GCI-MOD-ARC-ZZ-00002-2024' → not processed

[2025-12-31 19:33:03.551] [31-12-2025 19:33:03] [INTERSECTION-PROCESSOR] Decision Factors: EnableThreePointValidation=True, allCombosProcessed=False, hasUnresolvedZones=False, DeploymentMode=False

[2025-12-31 19:33:03.553] [31-12-2025 19:33:03] [INTERSECTION-PROCESSOR] ⚠️ FULL DETECTION MODE: FullDetection: DeploymentMode OFF (testing mode) - always run detection to populate database (EnableThreePointValidation=True, allCombosProcessed=False)

[2025-12-31 19:33:03.554] [31-12-2025 19:33:03] [INTERSECTION-PROCESSOR] ✅ FINAL DECISION: Mode=FullDetection, ShouldRunDetection=True, Reason='FullDetection: DeploymentMode OFF (testing mode) - always run detection to populate database (EnableThreePointValidation=True, allCombosProcessed=False)'

[2025-12-31 19:33:03.557] [31-12-2025 19:33:03] [INTERSECTION-PROCESSOR] Decision: Mode=FullDetection, ShouldRunDetection=True, Reason='FullDetection: DeploymentMode OFF (testing mode) - always run detection to populate database (EnableThreePointValidation=True, allCombosProcessed=False)'

[2025-12-31 19:33:03.558] [31-12-2025 19:33:03] [REFRESH-REFACTORED] ✅ Duct Accessories category selected → Routing to DamperProcessingService

[2025-12-31 19:33:03.577] [31-12-2025 19:33:03] [DamperProcessing] Starting separate damper processing...

[2025-12-31 19:33:03.585] [31-12-2025 19:33:03] [DamperProcessing] Found 2 total link instances in document

[2025-12-31 19:33:03.587] [31-12-2025 19:33:03] [DamperProcessing] ✅ Matched linked file: Name='CMO-AFE-DS03-MOD-PTW-ZZ-MEC-GE-0002.rvt : 4 : location Shared', Title='CMO-AFE-DS03-MOD-PTW-ZZ-MEC-GE-0002', PathName='CMO-AFE-DS03-MOD-PTW-ZZ-MEC-GE-0002'

[2025-12-31 19:33:03.589] [31-12-2025 19:33:03] [DamperProcessing] Matched 1 linked files for damper collection

[2025-12-31 19:33:03.592] [31-12-2025 19:33:03] [DamperProcessing] Collecting dampers from linked document: CMO-AFE-DS03-MOD-PTW-ZZ-MEC-GE-0002

[2025-12-31 19:33:03.597] [31-12-2025 19:33:03] [DamperProcessing] ✅ Applied section box filter at collector level for document: CMO-AFE-DS03-MOD-PTW-ZZ-MEC-GE-0002

[2025-12-31 19:33:03.749] [31-12-2025 19:33:03] [DamperProcessing] Found 2 total Duct Accessories in document: CMO-AFE-DS03-MOD-PTW-ZZ-MEC-GE-0002 (before damper filter)

[2025-12-31 19:33:03.753] [31-12-2025 19:33:03] [DamperProcessing] ⏭️ SKIP: Damper 22573788 - FamilyName='AFE_DuctAccessory_VCD-Volume Control Damper - Rectangular', TypeName='AFE_Standard' contains VCD/VOLUME

[2025-12-31 19:33:03.754] [31-12-2025 19:33:03] [DamperProcessing] ✅ PROCESS: Damper 23630658 - FamilyName='AFE_DuctAccessory_FD-Fire Damper - Rectangular', TypeName='AFE_Fire Damper - Rectangular'

[2025-12-31 19:33:03.756] [31-12-2025 19:33:03] [DamperProcessing] ✅ Filtered to 1 Standard/Motorized dampers in document: CMO-AFE-DS03-MOD-PTW-ZZ-MEC-GE-0002 (after damper type filter)

[2025-12-31 19:33:03.758] [31-12-2025 19:33:03] [DamperProcessing] ✅ Collected 1 dampers from linked document: CMO-AFE-DS03-MOD-PTW-ZZ-MEC-GE-0002

[2025-12-31 19:33:03.760] [31-12-2025 19:33:03] [DamperProcessing] ========== DAMPER COLLECTION COMPLETE: 1 total dampers ==========

[2025-12-31 19:33:03.762] [31-12-2025 19:33:03] [DamperProcessing] ✅ Collected 1 dampers from selected reference files (VCD/VOLUME excluded)

[2025-12-31 19:33:04.195] [31-12-2025 19:33:04] [DamperProcessing] ✅ Collected 1 walls for intersection checking

[2025-12-31 19:33:04.251] [31-12-2025 19:33:04] [DamperProcessing] ✅ Found HOST wall 1043726 for damper 23630658 - placement point is INSIDE wall bbox

[2025-12-31 19:33:04.254] [31-12-2025 19:33:04] [DamperProcessing] ✅ Captured 'Fire Rating'='4hr' for Host element 1043726

[2025-12-31 19:33:04.287] [31-12-2025 19:33:04] [DamperProcessing] ✅ Transformed wall 1043726 bounding box to host coordinates

[2025-12-31 19:33:04.293] [31-12-2025 19:33:04] [DamperProcessing] 🔍 GetStructuralElementType: Element=1043726, Type=Wall, Category=Walls, CategoryId=-2000011

[2025-12-31 19:33:04.297] [31-12-2025 19:33:04] [DamperProcessing] ✅ Element 1043726 is Wall - returning 'Wall'

[2025-12-31 19:33:04.317] [31-12-2025 19:33:04] [DamperProcessing] ✅ Calculated Wall/Framing Centerline Point: (275.180, 54.719, 21.941) for damper 23630658, wall 1043726

[2025-12-31 19:33:04.320] [31-12-2025 19:33:04] [DamperProcessing] 🔍 StructuralElementType for wall 1043726: 'Wall' (Wall type: Wall, Category: Walls)

[2025-12-31 19:33:04.322] [31-12-2025 19:33:04] [DamperProcessing] 🔍 HostOrientation: 'Y', MepElementOrientationDirection: 'Y'

[2025-12-31 19:33:04.324] [31-12-2025 19:33:04] [DamperProcessing] ✅ Calculated Sleeve Placement Point: (275.180, 54.719, 21.941) for damper 23630658, wall 1043726, orientation 'Y'

[2025-12-31 19:33:04.326] [31-12-2025 19:33:04] [DamperProcessing]   - Damper Placement Point: (275.177, 54.719, 21.941)

[2025-12-31 19:33:04.328] [31-12-2025 19:33:04] [DamperProcessing]   - Wall Centerline Point: (275.180, 54.719, 21.941)

[2025-12-31 19:33:04.330] [31-12-2025 19:33:04] [DamperProcessing] ✅ Extracted damper type/family: TypeName='AFE_Fire Damper - Rectangular', FamilyName='AFE_DuctAccessory_FD-Fire Damper - Rectangular' for damper 23630658

[2025-12-31 19:33:04.347] [31-12-2025 19:33:04] [DamperProcessing] ✅ Damper 23630658 has MEP connector: HasMepConnector=true, DamperConnectorSide='+Y' - will use asymmetric clearance

[2025-12-31 19:33:04.359] [31-12-2025 19:33:04] [DamperProcessing] ✅ Generated deterministic GUID 0544a9a0-89b8-0e08-2188-db8554cbad72 for MEP=23630658, Host=1043726, PlacementPoint=(275.177,54.719,21.941), Tolerance=30.5mm (using damper centroid, stable)

[2025-12-31 19:33:04.361] [31-12-2025 19:33:04] [DAMPER-PERF] CreateClashZoneForDamper called with 1 opening keys

[2025-12-31 19:33:04.367] [31-12-2025 19:33:04] [DamperProcessing] ✅ GetSizeParameterValue: Found 'Size'='100x100-100x100'

[2025-12-31 19:33:04.372] [31-12-2025 19:33:04] [DamperProcessing] ✅ Bulk processing complete: 1 ClashZones created from 1 dampers

[2025-12-31 19:33:04.374] [31-12-2025 19:33:04] [REFRESH-REFACTORED] ✅ Damper processing complete: 1 ClashZones created

[2025-12-31 19:33:04.377] [31-12-2025 19:33:04] [INTERSECTION-PROCESSOR] Phase 2: Running detection (Mode=FullDetection)...

[2025-12-31 19:33:04.390] [31-12-2025 19:33:04] [INTERSECTION-PROCESSOR] 🔴 Running detection with FULL collector-level multi-filter optimization...

[2025-12-31 19:33:04.395] [31-12-2025 19:33:04] [INTERSECTION-PROCESSOR] View3D: Name='Test Area 1 small', IsSectionBoxActive=True

[2025-12-31 19:33:04.396] [31-12-2025 19:33:04] [INTERSECTION-PROCESSOR] ✅ Section box outline: Min=(274.55, 52.03, 21.46), Max=(276.60, 55.42, 23.30)

[2025-12-31 19:33:04.400] [31-12-2025 19:33:04] [INTERSECTION-PROCESSOR] Building MEP category filters for 1 categories: Duct Accessories

[2025-12-31 19:33:04.402] [31-12-2025 19:33:04] [INTERSECTION-PROCESSOR] ⏭️ Skipping Duct Accessories category - handled separately by DamperProcessingService

[2025-12-31 19:33:04.403] [31-12-2025 19:33:04] [INTERSECTION-PROCESSOR] ⚠️ No valid MEP category filters built - check category names

[2025-12-31 19:33:04.407] [31-12-2025 19:33:04] [INTERSECTION-PROCESSOR] ✅ Added host category filter: Walls -> OST_Walls

[2025-12-31 19:33:04.408] [31-12-2025 19:33:04] [INTERSECTION-PROCESSOR] ========== 5-STEP FILTER CONFIGURATION ==========

[2025-12-31 19:33:04.410] [31-12-2025 19:33:04] [5-STEP-FILTER] Filter 1 (Section Box): ✅ ACTIVE

[2025-12-31 19:33:04.411] [31-12-2025 19:33:04] [5-STEP-FILTER] Filter 2 (Reference File): 1 file(s) selected

[2025-12-31 19:33:04.413] [31-12-2025 19:33:04] [5-STEP-FILTER] Filter 3 (MEP Categories): 1 category/categories selected

[2025-12-31 19:33:04.415] [31-12-2025 19:33:04] [5-STEP-FILTER] Filter 4 (Host File): 1 file(s) selected

[2025-12-31 19:33:04.417] [31-12-2025 19:33:04] [5-STEP-FILTER] Filter 5 (Host Categories): 1 type(s) selected

[2025-12-31 19:33:04.418] [31-12-2025 19:33:04] [INTERSECTION-PROCESSOR] =================================================

[2025-12-31 19:33:04.420] [31-12-2025 19:33:04] [INTERSECTION-PROCESSOR] Collecting MEP elements with collector-level filters...

[2025-12-31 19:33:04.430] [31-12-2025 19:33:04] [INTERSECTION-PROCESSOR] ========== MEP ELEMENT COLLECTION: 5-STEP FILTER VERIFICATION ==========

[2025-12-31 19:33:04.432] [31-12-2025 19:33:04] [5-STEP-FILTER] ✅ Filter 1 (Section Box): Applied at collector level - BoundingBoxIntersectsFilter

[2025-12-31 19:33:04.434] [31-12-2025 19:33:04] [INTERSECTION-PROCESSOR] ⚠️ No MEP category filters provided - returning empty list

[2025-12-31 19:33:04.436] [31-12-2025 19:33:04] [INTERSECTION-PROCESSOR] ✅ Collected 0 MEP elements (pre-filtered at collector level)

[2025-12-31 19:33:04.437] [31-12-2025 19:33:04] [INTERSECTION-PROCESSOR] Collecting host elements with collector-level filters...

[2025-12-31 19:33:04.448] [31-12-2025 19:33:04] [INTERSECTION-PROCESSOR] ========== HOST ELEMENT COLLECTION: 5-STEP FILTER VERIFICATION ==========

[2025-12-31 19:33:04.449] [31-12-2025 19:33:04] [5-STEP-FILTER] ✅ Filter 1 (Section Box): Applied at collector level - BoundingBoxIntersectsFilter

[2025-12-31 19:33:04.451] [31-12-2025 19:33:04] [5-STEP-FILTER] ✅ Filter 5 (Host Categories): Category filter applied at collector level - 1 category filter(s)

[2025-12-31 19:33:04.453] [31-12-2025 19:33:04] [5-STEP-FILTER] ⚠️ Filter 5 (Host Categories): Property filters (wall thickness, structural floors) applied AFTER collection (Revit API limitation)

[2025-12-31 19:33:04.455] [31-12-2025 19:33:04] [5-STEP-FILTER] ✅ Combined 2 filters into compound filter (LogicalAndFilter) - ALL applied at collector level BEFORE element loading

[2025-12-31 19:33:04.456] [31-12-2025 19:33:04] [INTERSECTION-PROCESSOR] Collecting host elements from 1 linked files: CMO-GCI-MOD-ARC-ZZ-00002-2024

[2025-12-31 19:33:04.458] [31-12-2025 19:33:04] [INTERSECTION-PROCESSOR] ⚠️ Host elements are ALWAYS in linked documents (skipping active document)

[2025-12-31 19:33:04.459] [31-12-2025 19:33:04] [5-STEP-FILTER] ✅ Filter 4 (Host File): 1 linked file(s) selected - collector-level filters applied per file

[2025-12-31 19:33:04.463] [31-12-2025 19:33:04] [INTERSECTION-PROCESSOR] Found 2 total link instances in document

[2025-12-31 19:33:04.465] [31-12-2025 19:33:04] [INTERSECTION-PROCESSOR]   Available link: Name='CMO-GCI-MOD-ARC-ZZ-00002-2024.rvt : 1 : location Shared', Title='CMO-GCI-MOD-ARC-ZZ-00002-2024', PathName='CMO-GCI-MOD-ARC-ZZ-00002-2024'

[2025-12-31 19:33:04.467] [31-12-2025 19:33:04] [INTERSECTION-PROCESSOR]   Available link: Name='CMO-AFE-DS03-MOD-PTW-ZZ-MEC-GE-0002.rvt : 4 : location Shared', Title='CMO-AFE-DS03-MOD-PTW-ZZ-MEC-GE-0002', PathName='CMO-AFE-DS03-MOD-PTW-ZZ-MEC-GE-0002'

[2025-12-31 19:33:04.469] [31-12-2025 19:33:04] [INTERSECTION-PROCESSOR] ✅ Matched linked file: Name='CMO-GCI-MOD-ARC-ZZ-00002-2024.rvt : 1 : location Shared', Title='CMO-GCI-MOD-ARC-ZZ-00002-2024'

[2025-12-31 19:33:04.471] [31-12-2025 19:33:04] [INTERSECTION-PROCESSOR] Matched 1 linked files for host element collection

[2025-12-31 19:33:04.472] [31-12-2025 19:33:04] [INTERSECTION-PROCESSOR] Collecting host elements from linked document: CMO-GCI-MOD-ARC-ZZ-00002-2024

[2025-12-31 19:33:04.767] [31-12-2025 19:33:04] [5-STEP-FILTER] ✅ Collected 1 elements from CMO-GCI-MOD-ARC-ZZ-00002-2024 (pre-filtered by Filters 1+5 at collector level)

[2025-12-31 19:33:04.770] [31-12-2025 19:33:04] [PROPERTY-FILTER] MinWallThickness setting loaded: 7mm (will filter walls thinner than this)

[2025-12-31 19:33:04.774] [31-12-2025 19:33:04] [5-STEP-FILTER] ✅ Filter 5 (Property Filters): Applied post-collection - 1 elements remaining after property filters

[2025-12-31 19:33:04.775] [31-12-2025 19:33:04] [INTERSECTION-PROCESSOR] ✅ Collected 1 host elements from linked document: CMO-GCI-MOD-ARC-ZZ-00002-2024

[2025-12-31 19:33:04.777] [31-12-2025 19:33:04] [5-STEP-FILTER] ========== HOST COLLECTION COMPLETE: 1 total elements (Filters 1+4+5 applied: 1+4+5(category) at collector level, 5(property) post-collection) ==========

[2025-12-31 19:33:04.779] [31-12-2025 19:33:04] [INTERSECTION-PROCESSOR] ✅ Collected 1 host elements (pre-filtered at collector level)

[2025-12-31 19:33:04.780] [31-12-2025 19:33:04] [INTERSECTION-PROCESSOR] ⚠️ No elements collected - returning empty list

[2025-12-31 19:33:04.784] [31-12-2025 19:33:04] [INTERSECTION-PROCESSOR] Detection complete: 0 new zones, 0 total (duct accessories handled separately)

[2025-12-31 19:33:04.786] [31-12-2025 19:33:04] [REFRESH-REFACTORED] ✅ Merged results: 0 from intersections + 1 from dampers = 1 total

[2025-12-31 19:33:04.788] [31-12-2025 19:33:04] [INTERSECTION-PROCESSOR] Phase 3: Post-processing results...

[2025-12-31 19:33:04.793] [31-12-2025 19:33:04] [XML-CACHE] Updated cache with 1 clash zones

[2025-12-31 19:33:04.794] [31-12-2025 19:33:04] [INTERSECTION-PROCESSOR] Post-processing complete

[2025-12-31 19:33:04.839] [31-12-2025 19:33:04] [PARAM-CAPTURE-BATCH] Starting batch parameter capture for 1 zones...

[2025-12-31 19:33:04.841] [31-12-2025 19:33:04] [PARAM-CAPTURE-BATCH] Collected 1 unique MEP elements and 1 unique host elements

[2025-12-31 19:33:04.850] [31-12-2025 19:33:04] [PARAM-CAPTURE-BATCH] Element retrieval: 7ms (2 elements)

[2025-12-31 19:33:04.870] [31-12-2025 19:33:04] [PARAM-CAPTURE-BATCH] Parameter processing: 18ms

[2025-12-31 19:33:04.875] [31-12-2025 19:33:04] [PARAM-CAPTURE-BATCH] Parameter mapping: 2ms

[2025-12-31 19:33:04.877] [31-12-2025 19:33:04] [PARAM-CAPTURE-BATCH] ✅ Batch capture complete: 1 zones in 37ms

[2025-12-31 19:33:04.879] [31-12-2025 19:33:04] [PARAM-CAPTURE-BATCH] Total params: 11 → 12 (✅ NO LOSS)

[2025-12-31 19:33:04.881] [31-12-2025 19:33:04] [PARAM-CAPTURE-BATCH] Average: 12.0 params/zone

[2025-12-31 19:33:04.883] [31-12-2025 19:33:04] [PARAM-CAPTURE-BATCH] String pool size: 14 unique strings

[2025-12-31 19:33:04.908] [31-12-2025 19:33:04] [MERGE-SAVE] Starting MergeAndSave - AllClashZones: 1, NewClashZones: 1

[2025-12-31 19:33:04.910] [31-12-2025 19:33:04] [MERGE-SAVE] Loading enabled filter from: Ventilation

[2025-12-31 19:33:04.953] [31-12-2025 19:33:04] [MERGE-SAVE] ✅ Enabled filter found: 'Ventilation'

[2025-12-31 19:33:04.957] [31-12-2025 19:33:04] [SQLite] [SQLite] Assembly directory: C:\Users\jse2084\AppData\Local\Temp\RevitAddins\JSE_RevitAddin_MEP_OPENINGS-Executing-20251231_193249_6499

[2025-12-31 19:33:04.958] [31-12-2025 19:33:04] [SQLite] [SQLite] ✅ Found dependency: System.Data.SQLite.dll

[2025-12-31 19:33:04.960] [31-12-2025 19:33:04] [SQLite] [SQLite] ✅ Found dependency: x64\SQLite.Interop.dll

[2025-12-31 19:33:04.962] [31-12-2025 19:33:04] [SQLite] [SQLite] Filters directory: C:\Users\jse2084\AppData\Roaming\JSE_MEP_Openings\Projects\Shared Test Model COMO_aakashvP9A2H\Filters

[2025-12-31 19:33:04.963] [31-12-2025 19:33:04] [SQLite] [SQLite] Database path: C:\Users\jse2084\AppData\Roaming\JSE_MEP_Openings\Projects\Shared Test Model COMO_aakashvP9A2H\Filters\Shared_Test_Model_COMO_aakashvP9A2H_SleevePersistence.db

[2025-12-31 19:33:04.967] [31-12-2025 19:33:04] [SQLite] [SQLite] ✅ Connection opened successfully

[2025-12-31 19:33:04.969] [31-12-2025 19:33:04] [SQLite] [SQLite] ⏭️ Skipping schema verification (session-cached)

[2025-12-31 19:33:04.971] [31-12-2025 19:33:04] [SQLite] [SQLite] ✅ Database ready (286720 bytes)

[2025-12-31 19:33:04.973] [31-12-2025 19:33:04] [CLASH-ZONE-PERSISTENCE] ✅ SQLite dual-write enabled: C:\Users\jse2084\AppData\Roaming\JSE_MEP_Openings\Projects\Shared Test Model COMO_aakashvP9A2H\Filters\Shared_Test_Model_COMO_aakashvP9A2H_SleevePersistence.db

[2025-12-31 19:33:04.974] [31-12-2025 19:33:04] [PERSIST-NAME] Saving ALL clash zones: Raw='Ventilation', Normalized='Ventilation', TotalZones=1

[2025-12-31 19:33:04.976] [31-12-2025 19:33:04] [MERGE-SAVE] Calling SaveClashZones with 1 zones

[2025-12-31 19:33:04.987] [31-12-2025 19:33:04] [CLASH-ZONE-PERSISTENCE] SaveClashZones CALLED: Zones=1, Filter='Ventilation', TargetFilter=Ventilation, SQLiteRepo=EXISTS

[2025-12-31 19:33:04.996] [31-12-2025 19:33:04] [CLASH-ZONE-PERSISTENCE] Saving 1 clash zones across 1 categories

[2025-12-31 19:33:04.997] [31-12-2025 19:33:04] [CLASH-ZONE-PERSISTENCE] Enriched 0/1 zones with MEP orientation\n
[2025-12-31 19:33:05.001] [31-12-2025 19:33:05] [SQLite] [SQLite][BULK-OPTIMIZED] ⚡ Starting multi-category bulk save for 1 zones

[2025-12-31 19:33:05.023] [31-12-2025 19:33:05] [SQLite] [SQLite][BATCH] Extracted 1 unique file combos from 1 zones

[2025-12-31 19:33:05.025] [31-12-2025 19:33:05] [SQLite] [SQLite][BATCH] Found 0/1 existing file combos

[2025-12-31 19:33:05.027] [31-12-2025 19:33:05] [SQLite] [SQLite][BATCH-DEBUG] New combos to insert: 1

[2025-12-31 19:33:05.028] [31-12-2025 19:33:05] [SQLite] [SQLite][BATCH-DEBUG] Sample new combo: Linked='CMO-AFE-DS03-MOD-PTW-ZZ-MEC-GE-0002', Host='CMO-GCI-MOD-ARC-ZZ-00002-2024', Cat='Duct Accessories'

[2025-12-31 19:33:05.030] [31-12-2025 19:33:05] [SQLite] [SQLite][BATCH-DEBUG] INSERT executed, rows affected: 1

[2025-12-31 19:33:05.032] [31-12-2025 19:33:05] [SQLite] [SQLite][BATCH] Created 1 new file combos

[2025-12-31 19:33:05.033] [31-12-2025 19:33:05] [SQLite] [SQLite][BATCH-DEBUG] Mapped 1/1 zones to ComboIds

[2025-12-31 19:33:05.035] [31-12-2025 19:33:05] [SQLite] [SQLite][BATCH] ⚡ BatchGetOrCreateFileCombos completed in 10ms for 1 zones (10.0ms per zone)

[2025-12-31 19:33:05.074] [31-12-2025 19:33:05] [SQLite] [SQLite] ✅ Bulk R-tree index updated for 1 zones

[2025-12-31 19:33:05.097] [31-12-2025 19:33:05] [SQLite] [SQLite] ⚠️ InsertOrUpdateSleeveSnapshotsInternal: No valid zones! Total=1, Null=0, NoIds=1, WithSleeveId=0, WithClusterId=0

[2025-12-31 19:33:05.099] [31-12-2025 19:33:05] [SQLite] [SQLite][BULK-OPTIMIZED] ✅ Completed multi-category save in 98ms

[2025-12-31 19:33:05.101] [31-12-2025 19:33:05] [CLASH-ZONE-PERSISTENCE] Processing category 'Duct Accessories' (XML/Logging) with 1 zones

[2025-12-31 19:33:05.111] [31-12-2025 19:33:05] [PERSIST-DEBUG] Analyzing 1 valid zones for file combo grouping

[2025-12-31 19:33:05.119] [31-12-2025 19:33:05] [PERSIST-DEBUG]   Sample combo key: Linked='CMO-AFE-DS03-MOD-PTW-ZZ-MEC-GE-0002.rvt : 4 : location Shared', Host='CMO-GCI-MOD-ARC-ZZ-00002-2024.rvt : 1 : location Shared'

[2025-12-31 19:33:05.124] [31-12-2025 19:33:05] [PERSIST-DEBUG] Valid combos to persist for 'Duct Accessories': 1

[2025-12-31 19:33:05.126] [31-12-2025 19:33:05] [PERSIST-DEBUG]   Combo: Linked='CMO-AFE-DS03-MOD-PTW-ZZ-MEC-GE-0002.rvt : 4 : location Shared', Host='CMO-GCI-MOD-ARC-ZZ-00002-2024.rvt : 1 : location Shared', Zones=1

[2025-12-31 19:33:05.132] [31-12-2025 19:33:05] [MERGE-SAVE] ✅ SaveClashZones completed successfully

[2025-12-31 19:33:05.153] [31-12-2025 19:33:05] [REFRESH-REFACTORED] [FORCE-DETECTION] ⚡ Force Detection Mode enabled - resetting all flags (preserving GUIDs)

[2025-12-31 19:33:05.158] [31-12-2025 19:33:05] [REFRESH-REFACTORED] [FORCE-DETECTION] ✅ Reset all flags for 0 zones - GUIDs preserved

[2025-12-31 19:33:05.159] [31-12-2025 19:33:05] [MERGE-SAVE] ✅ SECTION BOX ACTIVE: Min=(274.55, 52.03, 21.46), Max=(276.60, 55.42, 23.30)

[2025-12-31 19:33:05.161] 
[31-12-2025 19:33:05] ========== IsCurrentClashFlag TRACING ==========

[2025-12-31 19:33:05.163] [31-12-2025 19:33:05] UseBatchReadyForPlacementUpdate = True

[2025-12-31 19:33:05.164] [31-12-2025 19:33:05] FilterNames: [Ventilation]

[2025-12-31 19:33:05.166] [31-12-2025 19:33:05] Categories: [Duct Accessories]

[2025-12-31 19:33:05.167] [31-12-2025 19:33:05] SectionBox: Present

[2025-12-31 19:33:05.169] [31-12-2025 19:33:05] RESULT: markedCount = 1

[2025-12-31 19:33:05.173] [31-12-2025 19:33:05] DB FLAG STATS: Total=0, IsCurrentClash=1: 0, ReadyForPlacement=1: 0, IsResolved=1: 0

[2025-12-31 19:33:05.175] [31-12-2025 19:33:05] ========== END IsCurrentClashFlag TRACING ==========


[2025-12-31 19:33:05.176] [31-12-2025 19:33:05] [MERGE-SAVE] [SECTION-BOX-FILTER] ✅ Set ReadyForPlacementFlag=1 for 1 zones

[2025-12-31 19:33:05.179] [31-12-2025 19:33:05] [MERGE-SAVE] ⚠️ XML creation disabled - skipping base filter XML save (database only mode)

