[2026-01-02 10:27:58.224] [02-01-2026 10:27:58] ===== REFRESH LOG STARTED =====

[2026-01-02 10:27:58.226] [02-01-2026 10:27:58] 🔨 BUILD TIMESTAMP: 2026-01-02 10:27:14 | Assembly: JSE_RevitAddin_MEP_OPENINGS.dll

[2026-01-02 10:27:58.228] [02-01-2026 10:27:58] Filters (1): Ventilation

[2026-01-02 10:27:58.230] [02-01-2026 10:27:58] MEP Categories (1): Duct Accessories

[2026-01-02 10:27:58.232] [02-01-2026 10:27:58] Reference Files (1): CMO-AFE-DS03-MOD-PTW-ZZ-MEC-GE-0002

[2026-01-02 10:27:58.233] [02-01-2026 10:27:58] Host Files (1): CMO-GCI-MOD-ARC-ZZ-00002-2024

[2026-01-02 10:27:58.239] [02-01-2026 10:27:58] ============================================


[2026-01-02 10:27:58.242] [02-01-2026 10:27:58] ===== ExecuteRefreshInternal STARTED =====

[2026-01-02 10:27:58.273] [02-01-2026 10:27:58] [HIERARCHICAL-RESET] ✅ Reset flags for 0 zones

[2026-01-02 10:27:58.281] [02-01-2026 10:27:58] [SESSION-CONTEXT] ✅ Applied section box context. Marked 0 zones

[2026-01-02 10:27:58.292] [02-01-2026 10:27:58] [XML-CACHE] ⚡ OPTIMIZATION: Skipping XML cache loading (database-only mode)

[2026-01-02 10:27:58.296] [02-01-2026 10:27:58] [SQLite] [SQLite] Assembly directory: C:\Users\jse2084\AppData\Local\Temp\RevitAddins\JSE_RevitAddin_MEP_OPENINGS-Executing-20260102_102750_1241

[2026-01-02 10:27:58.298] [02-01-2026 10:27:58] [SQLite] [SQLite] ✅ Found dependency: System.Data.SQLite.dll

[2026-01-02 10:27:58.300] [02-01-2026 10:27:58] [SQLite] [SQLite] ✅ Found dependency: x64\SQLite.Interop.dll

[2026-01-02 10:27:58.301] [02-01-2026 10:27:58] [SQLite] [SQLite] Filters directory: C:\Users\jse2084\AppData\Roaming\JSE_MEP_Openings\Projects\Shared Test Model COMO_aakashvP9A2H\Filters

[2026-01-02 10:27:58.303] [02-01-2026 10:27:58] [SQLite] [SQLite] Database path: C:\Users\jse2084\AppData\Roaming\JSE_MEP_Openings\Projects\Shared Test Model COMO_aakashvP9A2H\Filters\Shared_Test_Model_COMO_aakashvP9A2H_SleevePersistence.db

[2026-01-02 10:27:58.307] [02-01-2026 10:27:58] [SQLite] [SQLite] ✅ Connection opened successfully

[2026-01-02 10:27:58.308] [02-01-2026 10:27:58] [SQLite] [SQLite] ⏭️ Skipping schema verification (session-cached)

[2026-01-02 10:27:58.310] [02-01-2026 10:27:58] [SQLite] [SQLite] ✅ Database ready (286720 bytes)

[2026-01-02 10:27:58.314] [02-01-2026 10:27:58] [SECTION-BOX] Capturing section box bounds for caching...

[2026-01-02 10:27:58.320] [02-01-2026 10:27:58] [SECTION-BOX] ✅ Section box bounds captured and stored successfully

[2026-01-02 10:27:58.342] [02-01-2026 10:27:58] [INTERSECTION-PROCESSOR] Phase 1: Preparing existing zones from XML cache...

[2026-01-02 10:27:58.347] [02-01-2026 10:27:58] [CLASHZONE-CACHE] Loading data from database for reuse...

[2026-01-02 10:27:58.355] [02-01-2026 10:27:58] [CLASHZONE-CACHE] ✅ Cache loaded: 0 filters in 6ms

[2026-01-02 10:27:58.357] [02-01-2026 10:27:58] [XML-CACHE] Loaded 0 existing clash zones from cache

[2026-01-02 10:27:58.359] [02-01-2026 10:27:58] [INTERSECTION-PROCESSOR] Using 0 existing clash zones from context

[2026-01-02 10:27:58.367] [02-01-2026 10:27:58] [DB-COMBO-CHECK] Combo not found: Filter='Ventilation', Category='Duct Accessories', Linked='CMO-AFE-DS03-MOD-PTW-ZZ-MEC-GE-0002', Host='CMO-GCI-MOD-ARC-ZZ-00002-2024' → not processed

[2026-01-02 10:27:58.369] [02-01-2026 10:27:58] [INTERSECTION-PROCESSOR] Decision Factors: EnableThreePointValidation=True, allCombosProcessed=False, hasUnresolvedZones=False, DeploymentMode=False

[2026-01-02 10:27:58.370] [02-01-2026 10:27:58] [INTERSECTION-PROCESSOR] ⚠️ FULL DETECTION MODE: FullDetection: DeploymentMode OFF (testing mode) - always run detection to populate database (EnableThreePointValidation=True, allCombosProcessed=False)

[2026-01-02 10:27:58.373] [02-01-2026 10:27:58] [INTERSECTION-PROCESSOR] ✅ FINAL DECISION: Mode=FullDetection, ShouldRunDetection=True, Reason='FullDetection: DeploymentMode OFF (testing mode) - always run detection to populate database (EnableThreePointValidation=True, allCombosProcessed=False)'

[2026-01-02 10:27:58.374] [02-01-2026 10:27:58] [INTERSECTION-PROCESSOR] Decision: Mode=FullDetection, ShouldRunDetection=True, Reason='FullDetection: DeploymentMode OFF (testing mode) - always run detection to populate database (EnableThreePointValidation=True, allCombosProcessed=False)'

[2026-01-02 10:27:58.376] [02-01-2026 10:27:58] [REFRESH-REFACTORED] ✅ Duct Accessories category selected → Routing to DamperProcessingService

[2026-01-02 10:27:58.391] [02-01-2026 10:27:58] [DamperProcessing] Starting separate damper processing...

[2026-01-02 10:27:58.399] [02-01-2026 10:27:58] [DamperProcessing] Found 2 total link instances in document

[2026-01-02 10:27:58.401] [02-01-2026 10:27:58] [DamperProcessing] ✅ Matched linked file: Name='CMO-AFE-DS03-MOD-PTW-ZZ-MEC-GE-0002.rvt : 8 : location <Not Shared>', Title='CMO-AFE-DS03-MOD-PTW-ZZ-MEC-GE-0002', PathName='CMO-AFE-DS03-MOD-PTW-ZZ-MEC-GE-0002'

[2026-01-02 10:27:58.402] [02-01-2026 10:27:58] [DamperProcessing] Matched 1 linked files for damper collection

[2026-01-02 10:27:58.404] [02-01-2026 10:27:58] [DamperProcessing] Collecting dampers from linked document: CMO-AFE-DS03-MOD-PTW-ZZ-MEC-GE-0002

[2026-01-02 10:27:58.410] [02-01-2026 10:27:58] [DamperProcessing] ✅ Applied section box filter at collector level for document: CMO-AFE-DS03-MOD-PTW-ZZ-MEC-GE-0002

[2026-01-02 10:27:58.529] [02-01-2026 10:27:58] [DamperProcessing] Found 2 total Duct Accessories in document: CMO-AFE-DS03-MOD-PTW-ZZ-MEC-GE-0002 (before damper filter)

[2026-01-02 10:27:58.533] [02-01-2026 10:27:58] [DamperProcessing] ⏭️ SKIP: Damper 22573788 - FamilyName='AFE_DuctAccessory_VCD-Volume Control Damper - Rectangular', TypeName='AFE_Standard' contains VCD/VOLUME

[2026-01-02 10:27:58.534] [02-01-2026 10:27:58] [DamperProcessing] ✅ PROCESS: Damper 23630658 - FamilyName='AFE_DuctAccessory_FD-Fire Damper - Rectangular', TypeName='AFE_Fire Damper - Rectangular'

[2026-01-02 10:27:58.536] [02-01-2026 10:27:58] [DamperProcessing] ✅ Filtered to 1 Standard/Motorized dampers in document: CMO-AFE-DS03-MOD-PTW-ZZ-MEC-GE-0002 (after damper type filter)

[2026-01-02 10:27:58.538] [02-01-2026 10:27:58] [DamperProcessing] ✅ Collected 1 dampers from linked document: CMO-AFE-DS03-MOD-PTW-ZZ-MEC-GE-0002

[2026-01-02 10:27:58.540] [02-01-2026 10:27:58] [DamperProcessing] ========== DAMPER COLLECTION COMPLETE: 1 total dampers ==========

[2026-01-02 10:27:58.542] [02-01-2026 10:27:58] [DamperProcessing] ✅ Collected 1 dampers from selected reference files (VCD/VOLUME excluded)

[2026-01-02 10:27:58.888] [02-01-2026 10:27:58] [DamperProcessing] ✅ Collected 1 walls for intersection checking

[2026-01-02 10:27:58.933] [02-01-2026 10:27:58] [DamperProcessing] ✅ Found HOST wall 1043726 for damper 23630658 - placement point is INSIDE wall bbox

[2026-01-02 10:27:58.936] [02-01-2026 10:27:58] [DamperProcessing] ✅ Captured 'Fire Rating'='4hr' for Host element 1043726

[2026-01-02 10:27:58.962] [02-01-2026 10:27:58] [DamperProcessing] ✅ Transformed wall 1043726 bounding box to host coordinates

[2026-01-02 10:27:58.965] [02-01-2026 10:27:58] [DamperProcessing] ✅ Extracted damper dimensions: Width=150.0mm (from 'Dimensions_Width'), Height=175.0mm (from 'Dimensions_Height') for damper 23630658

[2026-01-02 10:27:58.970] [02-01-2026 10:27:58] [DamperProcessing] 🔍 GetStructuralElementType: Element=1043726, Type=Wall, Category=Walls, CategoryId=-2000011

[2026-01-02 10:27:58.971] [02-01-2026 10:27:58] [DamperProcessing] ✅ Element 1043726 is Wall - returning 'Wall'

[2026-01-02 10:27:58.984] [02-01-2026 10:27:58] [DamperProcessing] ✅ Calculated Wall/Framing Centerline Point: (275.180, 54.719, 21.941) for damper 23630658, wall 1043726

[2026-01-02 10:27:58.986] [02-01-2026 10:27:58] [DamperProcessing] 🔍 StructuralElementType for wall 1043726: 'Wall' (Wall type: Wall, Category: Walls)

[2026-01-02 10:27:58.987] [02-01-2026 10:27:58] [DamperProcessing] 🔍 HostOrientation: 'Y', MepElementOrientationDirection: 'Y'

[2026-01-02 10:27:58.989] [02-01-2026 10:27:58] [DamperProcessing] ✅ Calculated Sleeve Placement Point: (275.180, 54.719, 21.941) for damper 23630658, wall 1043726, orientation 'Y'

[2026-01-02 10:27:58.990] [02-01-2026 10:27:58] [DamperProcessing]   - Damper Placement Point: (275.177, 54.719, 21.941)

[2026-01-02 10:27:58.992] [02-01-2026 10:27:58] [DamperProcessing]   - Wall Centerline Point: (275.180, 54.719, 21.941)

[2026-01-02 10:27:58.994] [02-01-2026 10:27:58] [DamperProcessing] ✅ Extracted damper type/family: TypeName='AFE_Fire Damper - Rectangular', FamilyName='AFE_DuctAccessory_FD-Fire Damper - Rectangular' for damper 23630658

[2026-01-02 10:27:59.011] [02-01-2026 10:27:59] [DamperProcessing] ✅ Damper 23630658 has CONNECTED MEP connector: HasMepConnector=true, DamperConnectorSide='+Y' - will use asymmetric clearance

[2026-01-02 10:27:59.021] [02-01-2026 10:27:59] [DamperProcessing] ✅ Generated deterministic GUID 0544a9a0-89b8-0e08-2188-db8554cbad72 for MEP=23630658, Host=1043726, PlacementPoint=(275.177,54.719,21.941), Tolerance=30.5mm (using damper centroid, stable)

[2026-01-02 10:27:59.023] [02-01-2026 10:27:59] [DAMPER-PERF] CreateClashZoneForDamper called with 1 opening keys

[2026-01-02 10:27:59.029] [02-01-2026 10:27:59] [DamperProcessing] ✅ GetSizeParameterValue: Found 'Size'='100x100-100x100'

[2026-01-02 10:27:59.033] [02-01-2026 10:27:59] [DamperProcessing] ✅ Bulk processing complete: 1 ClashZones created from 1 dampers

[2026-01-02 10:27:59.035] [02-01-2026 10:27:59] [REFRESH-REFACTORED] ✅ Damper processing complete: 1 ClashZones created

[2026-01-02 10:27:59.038] [02-01-2026 10:27:59] [INTERSECTION-PROCESSOR] Phase 2: Running detection (Mode=FullDetection)...

[2026-01-02 10:27:59.051] [02-01-2026 10:27:59] [INTERSECTION-PROCESSOR] 🔴 Running detection with FULL collector-level multi-filter optimization...

[2026-01-02 10:27:59.056] [02-01-2026 10:27:59] [INTERSECTION-PROCESSOR] View3D: Name='Test Area 1 small', IsSectionBoxActive=True

[2026-01-02 10:27:59.058] [02-01-2026 10:27:59] [INTERSECTION-PROCESSOR] ✅ Section box outline: Min=(274.55, 52.03, 21.46), Max=(276.60, 55.42, 23.30)

[2026-01-02 10:27:59.061] [02-01-2026 10:27:59] [INTERSECTION-PROCESSOR] Building MEP category filters for 1 categories: Duct Accessories

[2026-01-02 10:27:59.063] [02-01-2026 10:27:59] [INTERSECTION-PROCESSOR] ⏭️ Skipping Duct Accessories category - handled separately by DamperProcessingService

[2026-01-02 10:27:59.064] [02-01-2026 10:27:59] [INTERSECTION-PROCESSOR] ⚠️ No valid MEP category filters built - check category names

[2026-01-02 10:27:59.068] [02-01-2026 10:27:59] [INTERSECTION-PROCESSOR] ✅ Added host category filter: Walls -> OST_Walls

[2026-01-02 10:27:59.070] [02-01-2026 10:27:59] [INTERSECTION-PROCESSOR] ========== 5-STEP FILTER CONFIGURATION ==========

[2026-01-02 10:27:59.071] [02-01-2026 10:27:59] [5-STEP-FILTER] Filter 1 (Section Box): ✅ ACTIVE

[2026-01-02 10:27:59.073] [02-01-2026 10:27:59] [5-STEP-FILTER] Filter 2 (Reference File): 1 file(s) selected

[2026-01-02 10:27:59.074] [02-01-2026 10:27:59] [5-STEP-FILTER] Filter 3 (MEP Categories): 1 category/categories selected

[2026-01-02 10:27:59.076] [02-01-2026 10:27:59] [5-STEP-FILTER] Filter 4 (Host File): 1 file(s) selected

[2026-01-02 10:27:59.077] [02-01-2026 10:27:59] [5-STEP-FILTER] Filter 5 (Host Categories): 1 type(s) selected

[2026-01-02 10:27:59.079] [02-01-2026 10:27:59] [INTERSECTION-PROCESSOR] =================================================

[2026-01-02 10:27:59.081] [02-01-2026 10:27:59] [INTERSECTION-PROCESSOR] Collecting MEP elements with collector-level filters...

[2026-01-02 10:27:59.091] [02-01-2026 10:27:59] [INTERSECTION-PROCESSOR] ========== MEP ELEMENT COLLECTION: 5-STEP FILTER VERIFICATION ==========

[2026-01-02 10:27:59.092] [02-01-2026 10:27:59] [5-STEP-FILTER] ✅ Filter 1 (Section Box): Applied at collector level - BoundingBoxIntersectsFilter

[2026-01-02 10:27:59.094] [02-01-2026 10:27:59] [INTERSECTION-PROCESSOR] ⚠️ No MEP category filters provided - returning empty list

[2026-01-02 10:27:59.096] [02-01-2026 10:27:59] [INTERSECTION-PROCESSOR] ✅ Collected 0 MEP elements (pre-filtered at collector level)

[2026-01-02 10:27:59.098] [02-01-2026 10:27:59] [INTERSECTION-PROCESSOR] Collecting host elements with collector-level filters...

[2026-01-02 10:27:59.107] [02-01-2026 10:27:59] [INTERSECTION-PROCESSOR] ========== HOST ELEMENT COLLECTION: 5-STEP FILTER VERIFICATION ==========

[2026-01-02 10:27:59.109] [02-01-2026 10:27:59] [5-STEP-FILTER] ✅ Filter 1 (Section Box): Applied at collector level - BoundingBoxIntersectsFilter

[2026-01-02 10:27:59.111] [02-01-2026 10:27:59] [5-STEP-FILTER] ✅ Filter 5 (Host Categories): Category filter applied at collector level - 1 category filter(s)

[2026-01-02 10:27:59.113] [02-01-2026 10:27:59] [5-STEP-FILTER] ⚠️ Filter 5 (Host Categories): Property filters (wall thickness, structural floors) applied AFTER collection (Revit API limitation)

[2026-01-02 10:27:59.115] [02-01-2026 10:27:59] [5-STEP-FILTER] ✅ Combined 2 filters into compound filter (LogicalAndFilter) - ALL applied at collector level BEFORE element loading

[2026-01-02 10:27:59.116] [02-01-2026 10:27:59] [INTERSECTION-PROCESSOR] Collecting host elements from 1 linked files: CMO-GCI-MOD-ARC-ZZ-00002-2024

[2026-01-02 10:27:59.118] [02-01-2026 10:27:59] [INTERSECTION-PROCESSOR] ⚠️ Host elements are ALWAYS in linked documents (skipping active document)

[2026-01-02 10:27:59.119] [02-01-2026 10:27:59] [5-STEP-FILTER] ✅ Filter 4 (Host File): 1 linked file(s) selected - collector-level filters applied per file

[2026-01-02 10:27:59.123] [02-01-2026 10:27:59] [INTERSECTION-PROCESSOR] Found 2 total link instances in document

[2026-01-02 10:27:59.125] [02-01-2026 10:27:59] [INTERSECTION-PROCESSOR]   Available link: Name='CMO-GCI-MOD-ARC-ZZ-00002-2024.rvt : 1 : location Shared', Title='CMO-GCI-MOD-ARC-ZZ-00002-2024', PathName='CMO-GCI-MOD-ARC-ZZ-00002-2024'

[2026-01-02 10:27:59.127] [02-01-2026 10:27:59] [INTERSECTION-PROCESSOR]   Available link: Name='CMO-AFE-DS03-MOD-PTW-ZZ-MEC-GE-0002.rvt : 8 : location <Not Shared>', Title='CMO-AFE-DS03-MOD-PTW-ZZ-MEC-GE-0002', PathName='CMO-AFE-DS03-MOD-PTW-ZZ-MEC-GE-0002'

[2026-01-02 10:27:59.129] [02-01-2026 10:27:59] [INTERSECTION-PROCESSOR] ✅ Matched linked file: Name='CMO-GCI-MOD-ARC-ZZ-00002-2024.rvt : 1 : location Shared', Title='CMO-GCI-MOD-ARC-ZZ-00002-2024'

[2026-01-02 10:27:59.130] [02-01-2026 10:27:59] [INTERSECTION-PROCESSOR] Matched 1 linked files for host element collection

[2026-01-02 10:27:59.132] [02-01-2026 10:27:59] [INTERSECTION-PROCESSOR] Collecting host elements from linked document: CMO-GCI-MOD-ARC-ZZ-00002-2024

[2026-01-02 10:27:59.368] [02-01-2026 10:27:59] [5-STEP-FILTER] ✅ Collected 1 elements from CMO-GCI-MOD-ARC-ZZ-00002-2024 (pre-filtered by Filters 1+5 at collector level)

[2026-01-02 10:27:59.372] [02-01-2026 10:27:59] [PROPERTY-FILTER] MinWallThickness setting loaded: 7mm (will filter walls thinner than this)

[2026-01-02 10:27:59.375] [02-01-2026 10:27:59] [5-STEP-FILTER] ✅ Filter 5 (Property Filters): Applied post-collection - 1 elements remaining after property filters

[2026-01-02 10:27:59.377] [02-01-2026 10:27:59] [INTERSECTION-PROCESSOR] ✅ Collected 1 host elements from linked document: CMO-GCI-MOD-ARC-ZZ-00002-2024

[2026-01-02 10:27:59.378] [02-01-2026 10:27:59] [5-STEP-FILTER] ========== HOST COLLECTION COMPLETE: 1 total elements (Filters 1+4+5 applied: 1+4+5(category) at collector level, 5(property) post-collection) ==========

[2026-01-02 10:27:59.380] [02-01-2026 10:27:59] [INTERSECTION-PROCESSOR] ✅ Collected 1 host elements (pre-filtered at collector level)

[2026-01-02 10:27:59.381] [02-01-2026 10:27:59] [INTERSECTION-PROCESSOR] ⚠️ No elements collected - returning empty list

[2026-01-02 10:27:59.385] [02-01-2026 10:27:59] [INTERSECTION-PROCESSOR] Detection complete: 0 new zones, 0 total (duct accessories handled separately)

[2026-01-02 10:27:59.387] [02-01-2026 10:27:59] [REFRESH-REFACTORED] ✅ Merged results: 0 from intersections + 1 from dampers = 1 total

[2026-01-02 10:27:59.389] [02-01-2026 10:27:59] [INTERSECTION-PROCESSOR] Phase 3: Post-processing results...

[2026-01-02 10:27:59.394] [02-01-2026 10:27:59] [XML-CACHE] Updated cache with 1 clash zones

[2026-01-02 10:27:59.395] [02-01-2026 10:27:59] [INTERSECTION-PROCESSOR] Post-processing complete

[2026-01-02 10:27:59.428] [02-01-2026 10:27:59] [PARAM-CAPTURE-BATCH] Starting batch parameter capture for 1 zones...

[2026-01-02 10:27:59.430] [02-01-2026 10:27:59] [PARAM-CAPTURE-BATCH] Collected 1 unique MEP elements and 1 unique host elements

[2026-01-02 10:27:59.438] [02-01-2026 10:27:59] [PARAM-CAPTURE-BATCH] Element retrieval: 6ms (2 elements)

[2026-01-02 10:27:59.455] [02-01-2026 10:27:59] [PARAM-CAPTURE-BATCH] Parameter processing: 15ms

[2026-01-02 10:27:59.459] [02-01-2026 10:27:59] [PARAM-CAPTURE-BATCH] Parameter mapping: 2ms

[2026-01-02 10:27:59.461] [02-01-2026 10:27:59] [PARAM-CAPTURE-BATCH] ✅ Batch capture complete: 1 zones in 31ms

[2026-01-02 10:27:59.462] [02-01-2026 10:27:59] [PARAM-CAPTURE-BATCH] Total params: 11 → 12 (✅ NO LOSS)

[2026-01-02 10:27:59.463] [02-01-2026 10:27:59] [PARAM-CAPTURE-BATCH] Average: 12.0 params/zone

[2026-01-02 10:27:59.465] [02-01-2026 10:27:59] [PARAM-CAPTURE-BATCH] String pool size: 14 unique strings

[2026-01-02 10:27:59.489] [02-01-2026 10:27:59] [MERGE-SAVE] Starting MergeAndSave - AllClashZones: 1, NewClashZones: 1

[2026-01-02 10:27:59.491] [02-01-2026 10:27:59] [MERGE-SAVE] Loading enabled filter from: Ventilation

[2026-01-02 10:27:59.535] [02-01-2026 10:27:59] [MERGE-SAVE] ✅ Enabled filter found: 'Ventilation'

[2026-01-02 10:27:59.537] [02-01-2026 10:27:59] [SQLite] [SQLite] Assembly directory: C:\Users\jse2084\AppData\Local\Temp\RevitAddins\JSE_RevitAddin_MEP_OPENINGS-Executing-20260102_102750_1241

[2026-01-02 10:27:59.540] [02-01-2026 10:27:59] [SQLite] [SQLite] ✅ Found dependency: System.Data.SQLite.dll

[2026-01-02 10:27:59.541] [02-01-2026 10:27:59] [SQLite] [SQLite] ✅ Found dependency: x64\SQLite.Interop.dll

[2026-01-02 10:27:59.542] [02-01-2026 10:27:59] [SQLite] [SQLite] Filters directory: C:\Users\jse2084\AppData\Roaming\JSE_MEP_Openings\Projects\Shared Test Model COMO_aakashvP9A2H\Filters

[2026-01-02 10:27:59.544] [02-01-2026 10:27:59] [SQLite] [SQLite] Database path: C:\Users\jse2084\AppData\Roaming\JSE_MEP_Openings\Projects\Shared Test Model COMO_aakashvP9A2H\Filters\Shared_Test_Model_COMO_aakashvP9A2H_SleevePersistence.db

[2026-01-02 10:27:59.549] [02-01-2026 10:27:59] [SQLite] [SQLite] ✅ Connection opened successfully

[2026-01-02 10:27:59.550] [02-01-2026 10:27:59] [SQLite] [SQLite] ⏭️ Skipping schema verification (session-cached)

[2026-01-02 10:27:59.552] [02-01-2026 10:27:59] [SQLite] [SQLite] ✅ Database ready (286720 bytes)

[2026-01-02 10:27:59.554] [02-01-2026 10:27:59] [CLASH-ZONE-PERSISTENCE] ✅ SQLite dual-write enabled: C:\Users\jse2084\AppData\Roaming\JSE_MEP_Openings\Projects\Shared Test Model COMO_aakashvP9A2H\Filters\Shared_Test_Model_COMO_aakashvP9A2H_SleevePersistence.db

[2026-01-02 10:27:59.555] [02-01-2026 10:27:59] [PERSIST-NAME] Saving ALL clash zones: Raw='Ventilation', Normalized='Ventilation', TotalZones=1

[2026-01-02 10:27:59.557] [02-01-2026 10:27:59] [MERGE-SAVE] Calling SaveClashZones with 1 zones

[2026-01-02 10:27:59.568] [02-01-2026 10:27:59] [CLASH-ZONE-PERSISTENCE] SaveClashZones CALLED: Zones=1, Filter='Ventilation', TargetFilter=Ventilation, SQLiteRepo=EXISTS

[2026-01-02 10:27:59.579] [02-01-2026 10:27:59] [CLASH-ZONE-PERSISTENCE] Saving 1 clash zones across 1 categories

[2026-01-02 10:27:59.581] [02-01-2026 10:27:59] [CLASH-ZONE-PERSISTENCE] Enriched 0/1 zones with MEP orientation\n
[2026-01-02 10:27:59.586] [02-01-2026 10:27:59] [SQLite] [SQLite][BULK-OPTIMIZED] ⚡ Starting multi-category bulk save for 1 zones

[2026-01-02 10:27:59.606] [02-01-2026 10:27:59] [SQLite] [SQLite][BATCH] Extracted 1 unique file combos from 1 zones

[2026-01-02 10:27:59.612] [02-01-2026 10:27:59] [SQLite] [SQLite][BATCH] Found 0/1 existing file combos

[2026-01-02 10:27:59.614] [02-01-2026 10:27:59] [SQLite] [SQLite][BATCH-DEBUG] New combos to insert: 1

[2026-01-02 10:27:59.616] [02-01-2026 10:27:59] [SQLite] [SQLite][BATCH-DEBUG] Sample new combo: Linked='CMO-AFE-DS03-MOD-PTW-ZZ-MEC-GE-0002', Host='CMO-GCI-MOD-ARC-ZZ-00002-2024', Cat='Duct Accessories'

[2026-01-02 10:27:59.617] [02-01-2026 10:27:59] [SQLite] [SQLite][BATCH-DEBUG] INSERT executed, rows affected: 1

[2026-01-02 10:27:59.619] [02-01-2026 10:27:59] [SQLite] [SQLite][BATCH] Created 1 new file combos

[2026-01-02 10:27:59.621] [02-01-2026 10:27:59] [SQLite] [SQLite][BATCH-DEBUG] Mapped 1/1 zones to ComboIds

[2026-01-02 10:27:59.622] [02-01-2026 10:27:59] [SQLite] [SQLite][BATCH] ⚡ BatchGetOrCreateFileCombos completed in 14ms for 1 zones (14.0ms per zone)

[2026-01-02 10:27:59.661] [02-01-2026 10:27:59] [SQLite] [SQLite] ✅ Bulk R-tree index updated for 1 zones

[2026-01-02 10:27:59.685] [02-01-2026 10:27:59] [SQLite] [SQLite] ⚠️ InsertOrUpdateSleeveSnapshotsInternal: No valid zones! Total=1, Null=0, NoIds=1, WithSleeveId=0, WithClusterId=0

[2026-01-02 10:27:59.687] [02-01-2026 10:27:59] [SQLite] [SQLite][BULK-OPTIMIZED] ✅ Completed multi-category save in 102ms

[2026-01-02 10:27:59.689] [02-01-2026 10:27:59] [CLASH-ZONE-PERSISTENCE] Processing category 'Duct Accessories' (XML/Logging) with 1 zones

[2026-01-02 10:27:59.699] [02-01-2026 10:27:59] [PERSIST-DEBUG] Analyzing 1 valid zones for file combo grouping

[2026-01-02 10:27:59.706] [02-01-2026 10:27:59] [PERSIST-DEBUG]   Sample combo key: Linked='CMO-AFE-DS03-MOD-PTW-ZZ-MEC-GE-0002.rvt : 8 : location <Not Shared>', Host='CMO-GCI-MOD-ARC-ZZ-00002-2024.rvt : 1 : location Shared'

[2026-01-02 10:27:59.713] [02-01-2026 10:27:59] [PERSIST-DEBUG] Valid combos to persist for 'Duct Accessories': 1

[2026-01-02 10:27:59.714] [02-01-2026 10:27:59] [PERSIST-DEBUG]   Combo: Linked='CMO-AFE-DS03-MOD-PTW-ZZ-MEC-GE-0002.rvt : 8 : location <Not Shared>', Host='CMO-GCI-MOD-ARC-ZZ-00002-2024.rvt : 1 : location Shared', Zones=1

[2026-01-02 10:27:59.716] [02-01-2026 10:27:59] [MERGE-SAVE] ✅ SaveClashZones completed successfully

[2026-01-02 10:27:59.730] [02-01-2026 10:27:59] [REFRESH-REFACTORED] [FORCE-DETECTION] ⚡ Force Detection Mode enabled - resetting all flags (preserving GUIDs)

[2026-01-02 10:27:59.735] [02-01-2026 10:27:59] [REFRESH-REFACTORED] [FORCE-DETECTION] ✅ Reset all flags for 0 zones - GUIDs preserved

[2026-01-02 10:27:59.736] [02-01-2026 10:27:59] [MERGE-SAVE] ✅ SECTION BOX ACTIVE: Min=(274.55, 52.03, 21.46), Max=(276.60, 55.42, 23.30)

[2026-01-02 10:27:59.738] 
[02-01-2026 10:27:59] ========== IsCurrentClashFlag TRACING ==========

[2026-01-02 10:27:59.740] [02-01-2026 10:27:59] UseBatchReadyForPlacementUpdate = True

[2026-01-02 10:27:59.741] [02-01-2026 10:27:59] FilterNames: [Ventilation]

[2026-01-02 10:27:59.743] [02-01-2026 10:27:59] Categories: [Duct Accessories]

[2026-01-02 10:27:59.745] [02-01-2026 10:27:59] SectionBox: Present

[2026-01-02 10:27:59.747] [02-01-2026 10:27:59] RESULT: markedCount = 1

[2026-01-02 10:27:59.750] [02-01-2026 10:27:59] DB FLAG STATS: Total=0, IsCurrentClash=1: 0, ReadyForPlacement=1: 0, IsResolved=1: 0

[2026-01-02 10:27:59.752] [02-01-2026 10:27:59] ========== END IsCurrentClashFlag TRACING ==========


[2026-01-02 10:27:59.754] [02-01-2026 10:27:59] [MERGE-SAVE] [SECTION-BOX-FILTER] ✅ Set ReadyForPlacementFlag=1 for 1 zones

[2026-01-02 10:27:59.756] [02-01-2026 10:27:59] [MERGE-SAVE] ⚠️ XML creation disabled - skipping base filter XML save (database only mode)

