[31-12-2025 18:04:08] UpdateForCurrentDocument: Creating new ProfileManagementService for path: C:\Users\jse2084\Documents\Shared Test Model COMO_aakashvP9A2H.rvt
[31-12-2025 18:04:08] UpdateForCurrentDocument: Different project - cleared current profile
[31-12-2025 18:04:08] UpdateForCurrentDocument: Found saved profile name: mpef
[31-12-2025 18:04:08] UpdateForCurrentDocument: Successfully loaded saved profile: mpef
[31-12-2025 18:07:02] UpdateForCurrentDocument: Creating new ProfileManagementService for path: C:\Users\jse2084\Documents\Shared Test Model COMO_aakashvP9A2H.rvt
[31-12-2025 18:07:02] UpdateForCurrentDocument: Different project - cleared current profile
[31-12-2025 18:07:02] UpdateForCurrentDocument: Found saved profile name: mpef
[31-12-2025 18:07:02] UpdateForCurrentDocument: Successfully loaded saved profile: mpef
[31-12-2025 18:10:55] UpdateForCurrentDocument: Creating new ProfileManagementService for path: C:\Users\jse2084\Documents\Shared Test Model COMO_aakashvP9A2H.rvt
[31-12-2025 18:10:55] UpdateForCurrentDocument: Different project - cleared current profile
[31-12-2025 18:10:55] UpdateForCurrentDocument: Found saved profile name: mpef
[31-12-2025 18:10:55] UpdateForCurrentDocument: Successfully loaded saved profile: mpef
[31-12-2025 18:35:06] UpdateForCurrentDocument: Creating new ProfileManagementService for path: C:\Users\jse2084\Documents\Shared Test Model COMO_aakashvP9A2H.rvt
[31-12-2025 18:35:06] UpdateForCurrentDocument: Different project - cleared current profile
[31-12-2025 18:35:06] UpdateForCurrentDocument: Found saved profile name: mpef
[31-12-2025 18:35:06] UpdateForCurrentDocument: Successfully loaded saved profile: mpef
[31-12-2025 18:43:22] UpdateForCurrentDocument: Creating new ProfileManagementService for path: C:\Users\jse2084\Documents\Shared Test Model COMO_aakashvP9A2H.rvt
[31-12-2025 18:43:23] UpdateForCurrentDocument: Different project - cleared current profile
[31-12-2025 18:43:23] UpdateForCurrentDocument: Found saved profile name: mpef
[31-12-2025 18:43:23] UpdateForCurrentDocument: Successfully loaded saved profile: mpef
[31-12-2025 18:46:27] UpdateForCurrentDocument: Creating new ProfileManagementService for path: C:\Users\jse2084\Documents\Shared Test Model COMO_aakashvP9A2H.rvt
[31-12-2025 18:46:28] UpdateForCurrentDocument: Different project - cleared current profile
[31-12-2025 18:46:28] UpdateForCurrentDocument: Found saved profile name: mpef
[31-12-2025 18:46:28] UpdateForCurrentDocument: Successfully loaded saved profile: mpef
[31-12-2025 18:50:17] UpdateForCurrentDocument: Creating new ProfileManagementService for path: C:\Users\jse2084\Desktop\Ram _ Working Folder\Scripts\13-10-2025 ( 2023 Sample file for Testing)\Shared Test Model -00001.rvt
[31-12-2025 18:50:17] UpdateForCurrentDocument: Different project - cleared current profile
[31-12-2025 18:50:17] UpdateForCurrentDocument: Found saved profile name: mepf
[31-12-2025 18:50:17] UpdateForCurrentDocument: Successfully loaded saved profile: mepf
[31-12-2025 18:50:58] UpdateForCurrentDocument: Creating new ProfileManagementService for path: C:\Users\jse2084\Desktop\Ram _ Working Folder\Scripts\13-10-2025 ( 2023 Sample file for Testing)\Shared Test Model -00001.rvt
[31-12-2025 18:50:58] UpdateForCurrentDocument: Different project - cleared current profile
[31-12-2025 18:50:58] UpdateForCurrentDocument: Found saved profile name: mepf
[31-12-2025 18:50:58] UpdateForCurrentDocument: Successfully loaded saved profile: mepf
[31-12-2025 18:53:02] UpdateForCurrentDocument: Creating new ProfileManagementService for path: C:\Users\jse2084\Desktop\Ram _ Working Folder\Scripts\13-10-2025 ( 2023 Sample file for Testing)\Shared Test Model -00001.rvt
[31-12-2025 18:53:02] UpdateForCurrentDocument: Different project - cleared current profile
[31-12-2025 18:53:02] UpdateForCurrentDocument: Found saved profile name: mepf
[31-12-2025 18:53:02] UpdateForCurrentDocument: Successfully loaded saved profile: mepf
[31-12-2025 19:32:50] UpdateForCurrentDocument: Creating new ProfileManagementService for path: C:\Users\jse2084\Documents\Shared Test Model COMO_aakashvP9A2H.rvt
[31-12-2025 19:32:50] UpdateForCurrentDocument: Different project - cleared current profile
[31-12-2025 19:32:50] UpdateForCurrentDocument: Found saved profile name: mpef
[31-12-2025 19:32:50] UpdateForCurrentDocument: Successfully loaded saved profile: mpef
